Archive member included to satisfy reference by file (symbol)

c:/users/jasper/desktop/vhdl/quartuslitefiles/nios2eds/bin/gnu/h-x86_64-mingw32/bin/../lib/gcc/nios2-elf/5.3.0/../../../../../H-x86_64-mingw32/nios2-elf/lib\libc.a(lib_a-printf.o)
                              obj/default/hello_world.o (printf)
c:/users/jasper/desktop/vhdl/quartuslitefiles/nios2eds/bin/gnu/h-x86_64-mingw32/bin/../lib/gcc/nios2-elf/5.3.0/../../../../../H-x86_64-mingw32/nios2-elf/lib\libc.a(lib_a-puts.o)
                              obj/default/hello_world.o (puts)
c:/users/jasper/desktop/vhdl/quartuslitefiles/nios2eds/bin/gnu/h-x86_64-mingw32/bin/../lib/gcc/nios2-elf/5.3.0/../../../../../H-x86_64-mingw32/nios2-elf/lib\libc.a(lib_a-strlen.o)
                              c:/users/jasper/desktop/vhdl/quartuslitefiles/nios2eds/bin/gnu/h-x86_64-mingw32/bin/../lib/gcc/nios2-elf/5.3.0/../../../../../H-x86_64-mingw32/nios2-elf/lib\libc.a(lib_a-puts.o) (strlen)
c:/users/jasper/desktop/vhdl/quartuslitefiles/nios2eds/bin/gnu/h-x86_64-mingw32/bin/../lib/gcc/nios2-elf/5.3.0/../../../../../H-x86_64-mingw32/nios2-elf/lib\libc.a(lib_a-vfprintf.o)
                              c:/users/jasper/desktop/vhdl/quartuslitefiles/nios2eds/bin/gnu/h-x86_64-mingw32/bin/../lib/gcc/nios2-elf/5.3.0/../../../../../H-x86_64-mingw32/nios2-elf/lib\libc.a(lib_a-printf.o) (___vfprintf_internal_r)
c:/users/jasper/desktop/vhdl/quartuslitefiles/nios2eds/bin/gnu/h-x86_64-mingw32/bin/../lib/gcc/nios2-elf/5.3.0/../../../../../H-x86_64-mingw32/nios2-elf/lib\libc.a(lib_a-wsetup.o)
                              c:/users/jasper/desktop/vhdl/quartuslitefiles/nios2eds/bin/gnu/h-x86_64-mingw32/bin/../lib/gcc/nios2-elf/5.3.0/../../../../../H-x86_64-mingw32/nios2-elf/lib\libc.a(lib_a-vfprintf.o) (__swsetup_r)
c:/users/jasper/desktop/vhdl/quartuslitefiles/nios2eds/bin/gnu/h-x86_64-mingw32/bin/../lib/gcc/nios2-elf/5.3.0/../../../../../H-x86_64-mingw32/nios2-elf/lib\libc.a(lib_a-dtoa.o)
                              c:/users/jasper/desktop/vhdl/quartuslitefiles/nios2eds/bin/gnu/h-x86_64-mingw32/bin/../lib/gcc/nios2-elf/5.3.0/../../../../../H-x86_64-mingw32/nios2-elf/lib\libc.a(lib_a-vfprintf.o) (_dtoa_r)
c:/users/jasper/desktop/vhdl/quartuslitefiles/nios2eds/bin/gnu/h-x86_64-mingw32/bin/../lib/gcc/nios2-elf/5.3.0/../../../../../H-x86_64-mingw32/nios2-elf/lib\libc.a(lib_a-fflush.o)
                              c:/users/jasper/desktop/vhdl/quartuslitefiles/nios2eds/bin/gnu/h-x86_64-mingw32/bin/../lib/gcc/nios2-elf/5.3.0/../../../../../H-x86_64-mingw32/nios2-elf/lib\libc.a(lib_a-vfprintf.o) (_fflush_r)
c:/users/jasper/desktop/vhdl/quartuslitefiles/nios2eds/bin/gnu/h-x86_64-mingw32/bin/../lib/gcc/nios2-elf/5.3.0/../../../../../H-x86_64-mingw32/nios2-elf/lib\libc.a(lib_a-findfp.o)
                              c:/users/jasper/desktop/vhdl/quartuslitefiles/nios2eds/bin/gnu/h-x86_64-mingw32/bin/../lib/gcc/nios2-elf/5.3.0/../../../../../H-x86_64-mingw32/nios2-elf/lib\libc.a(lib_a-puts.o) (__sinit)
c:/users/jasper/desktop/vhdl/quartuslitefiles/nios2eds/bin/gnu/h-x86_64-mingw32/bin/../lib/gcc/nios2-elf/5.3.0/../../../../../H-x86_64-mingw32/nios2-elf/lib\libc.a(lib_a-freer.o)
                              c:/users/jasper/desktop/vhdl/quartuslitefiles/nios2eds/bin/gnu/h-x86_64-mingw32/bin/../lib/gcc/nios2-elf/5.3.0/../../../../../H-x86_64-mingw32/nios2-elf/lib\libc.a(lib_a-wsetup.o) (_free_r)
c:/users/jasper/desktop/vhdl/quartuslitefiles/nios2eds/bin/gnu/h-x86_64-mingw32/bin/../lib/gcc/nios2-elf/5.3.0/../../../../../H-x86_64-mingw32/nios2-elf/lib\libc.a(lib_a-fvwrite.o)
                              c:/users/jasper/desktop/vhdl/quartuslitefiles/nios2eds/bin/gnu/h-x86_64-mingw32/bin/../lib/gcc/nios2-elf/5.3.0/../../../../../H-x86_64-mingw32/nios2-elf/lib\libc.a(lib_a-puts.o) (__sfvwrite_r)
c:/users/jasper/desktop/vhdl/quartuslitefiles/nios2eds/bin/gnu/h-x86_64-mingw32/bin/../lib/gcc/nios2-elf/5.3.0/../../../../../H-x86_64-mingw32/nios2-elf/lib\libc.a(lib_a-fwalk.o)
                              c:/users/jasper/desktop/vhdl/quartuslitefiles/nios2eds/bin/gnu/h-x86_64-mingw32/bin/../lib/gcc/nios2-elf/5.3.0/../../../../../H-x86_64-mingw32/nios2-elf/lib\libc.a(lib_a-findfp.o) (_fwalk)
c:/users/jasper/desktop/vhdl/quartuslitefiles/nios2eds/bin/gnu/h-x86_64-mingw32/bin/../lib/gcc/nios2-elf/5.3.0/../../../../../H-x86_64-mingw32/nios2-elf/lib\libc.a(lib_a-impure.o)
                              c:/users/jasper/desktop/vhdl/quartuslitefiles/nios2eds/bin/gnu/h-x86_64-mingw32/bin/../lib/gcc/nios2-elf/5.3.0/../../../../../H-x86_64-mingw32/nios2-elf/lib\libc.a(lib_a-fflush.o) (_global_impure_ptr)
c:/users/jasper/desktop/vhdl/quartuslitefiles/nios2eds/bin/gnu/h-x86_64-mingw32/bin/../lib/gcc/nios2-elf/5.3.0/../../../../../H-x86_64-mingw32/nios2-elf/lib\libc.a(lib_a-locale.o)
                              c:/users/jasper/desktop/vhdl/quartuslitefiles/nios2eds/bin/gnu/h-x86_64-mingw32/bin/../lib/gcc/nios2-elf/5.3.0/../../../../../H-x86_64-mingw32/nios2-elf/lib\libc.a(lib_a-vfprintf.o) (_localeconv_r)
[...]
Memory Configuration

Name             Origin             Length             Attributes
reset            0x0000000000020000 0x0000000000000020
onchip_memory2_0 0x0000000000020020 0x000000000001ffe0
*default*        0x0000000000000000 0xffffffffffffffff

Linker script and memory map

LOAD ../easfd_bsp//obj/HAL/src/crt0.o
LOAD obj/default/hello_world.o
LOAD c:/users/jasper/desktop/vhdl/quartuslitefiles/nios2eds/bin/gnu/h-x86_64-mingw32/bin/../lib/gcc/nios2-elf/5.3.0/../../../../../H-x86_64-mingw32/nios2-elf/lib\libstdc++.a
LOAD c:/users/jasper/desktop/vhdl/quartuslitefiles/nios2eds/bin/gnu/h-x86_64-mingw32/bin/../lib/gcc/nios2-elf/5.3.0/../../../../../H-x86_64-mingw32/nios2-elf/lib\libm.a
LOAD c:/users/jasper/desktop/vhdl/quartuslitefiles/nios2eds/bin/gnu/h-x86_64-mingw32/bin/../lib/gcc/nios2-elf/5.3.0\libgcc.a
START GROUP
LOAD c:/users/jasper/desktop/vhdl/quartuslitefiles/nios2eds/bin/gnu/h-x86_64-mingw32/bin/../lib/gcc/nios2-elf/5.3.0/../../../../../H-x86_64-mingw32/nios2-elf/lib\libc.a
LOAD c:/users/jasper/desktop/vhdl/quartuslitefiles/nios2eds/bin/gnu/h-x86_64-mingw32/bin/../lib/gcc/nios2-elf/5.3.0\libgcc.a
LOAD ../easfd_bsp/\libhal_bsp.a
LOAD c:/users/jasper/desktop/vhdl/quartuslitefiles/nios2eds/bin/gnu/h-x86_64-mingw32/bin/../lib/gcc/nios2-elf/5.3.0/../../../../../H-x86_64-mingw32/nios2-elf/lib\libm.a
END GROUP
LOAD c:/users/jasper/desktop/vhdl/quartuslitefiles/nios2eds/bin/gnu/h-x86_64-mingw32/bin/../lib/gcc/nios2-elf/5.3.0\libgcc.a
                0x0000000000020000                __alt_mem_onchip_memory2_0 = 0x20000

.entry          0x0000000000020000       0x20
 *(.entry)
 .entry         0x0000000000020000       0x20 ../easfd_bsp//obj/HAL/src/crt0.o
                0x0000000000020000                __reset

.exceptions     0x0000000000020020      0x224
                0x0000000000020020                PROVIDE (__ram_exceptions_start, ABSOLUTE (.))
                0x0000000000020020                . = ALIGN (0x20)
 *(.irq)
 *(.exceptions.entry.label)
 .exceptions.entry.label
                0x0000000000020020        0x0 ../easfd_bsp/\libhal_bsp.a(alt_irq_entry.o)
                0x0000000000020020                alt_irq_entry
 .exceptions.entry.label
                0x0000000000020020        0x0 ../easfd_bsp/\libhal_bsp.a(alt_exception_entry.o)
                0x0000000000020020                alt_exception
 *(.exceptions.entry.user)
 *(.exceptions.entry.ecc_fatal)
 *(.exceptions.entry)
 .exceptions.entry
                0x0000000000020020       0x54 ../easfd_bsp/\libhal_bsp.a(alt_exception_entry.o)
 *(.exceptions.irqtest.user)
 *(.exceptions.irqtest)
 .exceptions.irqtest
                0x0000000000020074       0x10 ../easfd_bsp/\libhal_bsp.a(alt_irq_entry.o)
 *(.exceptions.irqhandler.user)
 *(.exceptions.irqhandler)
 .exceptions.irqhandler
                0x0000000000020084        0x4 ../easfd_bsp/\libhal_bsp.a(alt_irq_entry.o)
 *(.exceptions.irqreturn.user)
 *(.exceptions.irqreturn)
 .exceptions.irqreturn
                0x0000000000020088        0x4 ../easfd_bsp/\libhal_bsp.a(alt_irq_entry.o)
 *(.exceptions.notirq.label)
 .exceptions.notirq.label
                0x000000000002008c        0x0 ../easfd_bsp/\libhal_bsp.a(alt_irq_entry.o)
 *(.exceptions.notirq.user)
 *(.exceptions.notirq)
 .exceptions.notirq
                0x000000000002008c        0x8 ../easfd_bsp/\libhal_bsp.a(alt_exception_entry.o)
 *(.exceptions.soft.user)
 *(.exceptions.soft)
 *(.exceptions.unknown.user)
 *(.exceptions.unknown)
 .exceptions.unknown
                0x0000000000020094       0x14 ../easfd_bsp/\libhal_bsp.a(alt_exception_entry.o)
 *(.exceptions.exit.label)
 .exceptions.exit.label
                0x00000000000200a8        0x0 ../easfd_bsp/\libhal_bsp.a(alt_irq_entry.o)
 .exceptions.exit.label
                0x00000000000200a8        0x0 ../easfd_bsp/\libhal_bsp.a(alt_exception_entry.o)
 *(.exceptions.exit.user)
 *(.exceptions.exit)
 .exceptions.exit
                0x00000000000200a8       0x54 ../easfd_bsp/\libhal_bsp.a(alt_exception_entry.o)
 *(.exceptions)
 .exceptions    0x00000000000200fc       0xd4 ../easfd_bsp/\libhal_bsp.a(alt_irq_handler.o)
                0x00000000000200fc                alt_irq_handler
 .exceptions    0x00000000000201d0       0x74 ../easfd_bsp/\libhal_bsp.a(alt_instruction_exception_entry.o)
                0x00000000000201d0                alt_instruction_exception_entry
                0x0000000000020244                PROVIDE (__ram_exceptions_end, ABSOLUTE (.))
                0x0000000000020020                PROVIDE (__flash_exceptions_start, LOADADDR (.exceptions))

.text           0x0000000000020244     0xf04c
                [!provide]                        PROVIDE (stext, ABSOLUTE (.))
 *(.interp)
 *(.hash)
 *(.dynsym)
 *(.dynstr)
 *(.gnu.version)
 *(.gnu.version_d)
 *(.gnu.version_r)
 *(.rel.init)
 *(.rela.init)
 *(.rel.text .rel.text.* .rel.gnu.linkonce.t.*)
 *(.rela.text .rela.text.* .rela.gnu.linkonce.t.*)
 *(.rel.fini)
 *(.rela.fini)
 *(.rel.rodata .rel.rodata.* .rel.gnu.linkonce.r.*)
 *(.rela.rodata .rela.rodata.* .rela.gnu.linkonce.r.*)
 *(.rel.data .rel.data.* .rel.gnu.linkonce.d.*)
 *(.rela.data .rela.data.* .rela.gnu.linkonce.d.*)
 *(.rel.tdata .rel.tdata.* .rel.gnu.linkonce.td.*)
 *(.rela.tdata .rela.tdata.* .rela.gnu.linkonce.td.*)
 *(.rel.tbss .rel.tbss.* .rel.gnu.linkonce.tb.*)
 *(.rela.tbss .rela.tbss.* .rela.gnu.linkonce.tb.*)
 *(.rel.ctors)
 *(.rela.ctors)
 *(.rel.dtors)
 *(.rela.dtors)
 *(.rel.got)
 *(.rela.got)
 *(.rel.sdata .rel.sdata.* .rel.gnu.linkonce.s.*)
 *(.rela.sdata .rela.sdata.* .rela.gnu.linkonce.s.*)
 *(.rel.sbss .rel.sbss.* .rel.gnu.linkonce.sb.*)
 *(.rela.sbss .rela.sbss.* .rela.gnu.linkonce.sb.*)
 *(.rel.sdata2 .rel.sdata2.* .rel.gnu.linkonce.s2.*)
 *(.rela.sdata2 .rela.sdata2.* .rela.gnu.linkonce.s2.*)
 *(.rel.sbss2 .rel.sbss2.* .rel.gnu.linkonce.sb2.*)
 *(.rela.sbss2 .rela.sbss2.* .rela.gnu.linkonce.sb2.*)
 *(.rel.bss .rel.bss.* .rel.gnu.linkonce.b.*)
 *(.rela.bss .rela.bss.* .rela.gnu.linkonce.b.*)
 *(.rel.plt)
 *(.rela.plt)
 *(.rel.dyn)
 *(.init)
 *(.plt)
 *(.text .stub .text.* .gnu.linkonce.t.*)
 .text          0x0000000000020244       0x4c ../easfd_bsp//obj/HAL/src/crt0.o
                0x0000000000020244                _start
 .text          0x0000000000020290       0x40 obj/default/hello_world.o
                0x0000000000020290                main
 .text          0x00000000000202d0        0x0 c:/users/jasper/desktop/vhdl/quartuslitefiles/nios2eds/bin/gnu/h-x86_64-mingw32/bin/../lib/gcc/nios2-elf/5.3.0/../../../../../H-x86_64-mingw32/nios2-elf/lib\libc.a(lib_a-printf.o)
 .text._printf_r
                0x00000000000202d0       0x30 c:/users/jasper/desktop/vhdl/quartuslitefiles/nios2eds/bin/gnu/h-x86_64-mingw32/bin/../lib/gcc/nios2-elf/5.3.0/../../../../../H-x86_64-mingw32/nios2-elf/lib\libc.a(lib_a-printf.o)
                0x00000000000202d0                _printf_r
 .text.printf   0x0000000000020300       0x3c c:/users/jasper/desktop/vhdl/quartuslitefiles/nios2eds/bin/gnu/h-x86_64-mingw32/bin/../lib/gcc/nios2-elf/5.3.0/../../../../../H-x86_64-mingw32/nios2-elf/lib\libc.a(lib_a-printf.o)
                0x0000000000020300                printf
 .text          0x000000000002033c        0x0 c:/users/jasper/desktop/vhdl/quartuslitefiles/nios2eds/bin/gnu/h-x86_64-mingw32/bin/../lib/gcc/nios2-elf/5.3.0/../../../../../H-x86_64-mingw32/nios2-elf/lib\libc.a(lib_a-puts.o)
 .text._puts_r  0x000000000002033c       0xc0 c:/users/jasper/desktop/vhdl/quartuslitefiles/nios2eds/bin/gnu/h-x86_64-mingw32/bin/../lib/gcc/nios2-elf/5.3.0/../../../../../H-x86_64-mingw32/nios2-elf/lib\libc.a(lib_a-puts.o)
                0x000000000002033c                _puts_r
 .text.puts     0x00000000000203fc       0x14 c:/users/jasper/desktop/vhdl/quartuslitefiles/nios2eds/bin/gnu/h-x86_64-mingw32/bin/../lib/gcc/nios2-elf/5.3.0/../../../../../H-x86_64-mingw32/nios2-elf/lib\libc.a(lib_a-puts.o)
                0x00000000000203fc                puts
 .text          0x0000000000020410        0x0 c:/users/jasper/desktop/vhdl/quartuslitefiles/nios2eds/bin/gnu/h-x86_64-mingw32/bin/../lib/gcc/nios2-elf/5.3.0/../../../../../H-x86_64-mingw32/nios2-elf/lib\libc.a(lib_a-strlen.o)
 .text.strlen   0x0000000000020410       0x98 c:/users/jasper/desktop/vhdl/quartuslitefiles/nios2eds/bin/gnu/h-x86_64-mingw32/bin/../lib/gcc/nios2-elf/5.3.0/../../../../../H-x86_64-mingw32/nios2-elf/lib\libc.a(lib_a-strlen.o)
                0x0000000000020410                strlen
 .text          0x00000000000204a8        0x0 c:/users/jasper/desktop/vhdl/quartuslitefiles/nios2eds/bin/gnu/h-x86_64-mingw32/bin/../lib/gcc/nios2-elf/5.3.0/../../../../../H-x86_64-mingw32/nios2-elf/lib\libc.a(lib_a-vfprintf.o)
 .text.___vfprintf_internal_r
                0x00000000000204a8     0x21f8 c:/users/jasper/desktop/vhdl/quartuslitefiles/nios2eds/bin/gnu/h-x86_64-mingw32/bin/../lib/gcc/nios2-elf/5.3.0/../../../../../H-x86_64-mingw32/nios2-elf/lib\libc.a(lib_a-vfprintf.o)
                0x00000000000204a8                ___vfprintf_internal_r
 .text.__vfprintf_internal
                0x00000000000226a0       0x1c c:/users/jasper/desktop/vhdl/quartuslitefiles/nios2eds/bin/gnu/h-x86_64-mingw32/bin/../lib/gcc/nios2-elf/5.3.0/../../../../../H-x86_64-mingw32/nios2-elf/lib\libc.a(lib_a-vfprintf.o)
                0x00000000000226a0                __vfprintf_internal
 .text.__sbprintf
                0x00000000000226bc       0xbc c:/users/jasper/desktop/vhdl/quartuslitefiles/nios2eds/bin/gnu/h-x86_64-mingw32/bin/../lib/gcc/nios2-elf/5.3.0/../../../../../H-x86_64-mingw32/nios2-elf/lib\libc.a(lib_a-vfprintf.o)
 .text          0x0000000000022778        0x0 c:/users/jasper/desktop/vhdl/quartuslitefiles/nios2eds/bin/gnu/h-x86_64-mingw32/bin/../lib/gcc/nios2-elf/5.3.0/../../../../../H-x86_64-mingw32/nios2-elf/lib\libc.a(lib_a-wsetup.o)
 .text.__swsetup_r
                0x0000000000022778      0x154 c:/users/jasper/desktop/vhdl/quartuslitefiles/nios2eds/bin/gnu/h-x86_64-mingw32/bin/../lib/gcc/nios2-elf/5.3.0/../../../../../H-x86_64-mingw32/nios2-elf/lib\libc.a(lib_a-wsetup.o)
                0x0000000000022778                __swsetup_r
 .text          0x00000000000228cc        0x0 c:/users/jasper/desktop/vhdl/quartuslitefiles/nios2eds/bin/gnu/h-x86_64-mingw32/bin/../lib/gcc/nios2-elf/5.3.0/../../../../../H-x86_64-mingw32/nios2-elf/lib\libc.a(lib_a-dtoa.o)
 .text.quorem   0x00000000000228cc      0x200 c:/users/jasper/desktop/vhdl/quartuslitefiles/nios2eds/bin/gnu/h-x86_64-mingw32/bin/../lib/gcc/nios2-elf/5.3.0/../../../../../H-x86_64-mingw32/nios2-elf/lib\libc.a(lib_a-dtoa.o)
 .text._dtoa_r  0x0000000000022acc     0x1688 c:/users/jasper/desktop/vhdl/quartuslitefiles/nios2eds/bin/gnu/h-x86_64-mingw32/bin/../lib/gcc/nios2-elf/5.3.0/../../../../../H-x86_64-mingw32/nios2-elf/lib\libc.a(lib_a-dtoa.o)
                0x0000000000022acc                _dtoa_r
 .text          0x0000000000024154        0x0 c:/users/jasper/desktop/vhdl/quartuslitefiles/nios2eds/bin/gnu/h-x86_64-mingw32/bin/../lib/gcc/nios2-elf/5.3.0/../../../../../H-x86_64-mingw32/nios2-elf/lib\libc.a(lib_a-fflush.o)
 .text.__sflush_r
                0x0000000000024154      0x21c c:/users/jasper/desktop/vhdl/quartuslitefiles/nios2eds/bin/gnu/h-x86_64-mingw32/bin/../lib/gcc/nios2-elf/5.3.0/../../../../../H-x86_64-mingw32/nios2-elf/lib\libc.a(lib_a-fflush.o)
                0x0000000000024154                __sflush_r
 .text._fflush_r
                0x0000000000024370       0x5c c:/users/jasper/desktop/vhdl/quartuslitefiles/nios2eds/bin/gnu/h-x86_64-mingw32/bin/../lib/gcc/nios2-elf/5.3.0/../../../../../H-x86_64-mingw32/nios2-elf/lib\libc.a(lib_a-fflush.o)
                0x0000000000024370                _fflush_r
 .text.fflush   0x00000000000243cc       0x30 c:/users/jasper/desktop/vhdl/quartuslitefiles/nios2eds/bin/gnu/h-x86_64-mingw32/bin/../lib/gcc/nios2-elf/5.3.0/../../../../../H-x86_64-mingw32/nios2-elf/lib\libc.a(lib_a-fflush.o)
                0x00000000000243cc                fflush
 .text          0x00000000000243fc        0x0 c:/users/jasper/desktop/vhdl/quartuslitefiles/nios2eds/bin/gnu/h-x86_64-mingw32/bin/../lib/gcc/nios2-elf/5.3.0/../../../../../H-x86_64-mingw32/nios2-elf/lib\libc.a(lib_a-findfp.o)
 .text.__fp_unlock
                0x00000000000243fc        0x8 c:/users/jasper/desktop/vhdl/quartuslitefiles/nios2eds/bin/gnu/h-x86_64-mingw32/bin/../lib/gcc/nios2-elf/5.3.0/../../../../../H-x86_64-mingw32/nios2-elf/lib\libc.a(lib_a-findfp.o)
 .text._cleanup_r
                0x0000000000024404        0xc c:/users/jasper/desktop/vhdl/quartuslitefiles/nios2eds/bin/gnu/h-x86_64-mingw32/bin/../lib/gcc/nios2-elf/5.3.0/../../../../../H-x86_64-mingw32/nios2-elf/lib\libc.a(lib_a-findfp.o)
                0x0000000000024404                _cleanup_r
 .text.__sinit.part.1
                0x0000000000024410      0x19c c:/users/jasper/desktop/vhdl/quartuslitefiles/nios2eds/bin/gnu/h-x86_64-mingw32/bin/../lib/gcc/nios2-elf/5.3.0/../../../../../H-x86_64-mingw32/nios2-elf/lib\libc.a(lib_a-findfp.o)
 .text.__fp_lock
                0x00000000000245ac        0x8 c:/users/jasper/desktop/vhdl/quartuslitefiles/nios2eds/bin/gnu/h-x86_64-mingw32/bin/../lib/gcc/nios2-elf/5.3.0/../../../../../H-x86_64-mingw32/nios2-elf/lib\libc.a(lib_a-findfp.o)
 .text.__sfmoreglue
                0x00000000000245b4       0x68 c:/users/jasper/desktop/vhdl/quartuslitefiles/nios2eds/bin/gnu/h-x86_64-mingw32/bin/../lib/gcc/nios2-elf/5.3.0/../../../../../H-x86_64-mingw32/nios2-elf/lib\libc.a(lib_a-findfp.o)
                0x00000000000245b4                __sfmoreglue
 .text.__sfp    0x000000000002461c      0x118 c:/users/jasper/desktop/vhdl/quartuslitefiles/nios2eds/bin/gnu/h-x86_64-mingw32/bin/../lib/gcc/nios2-elf/5.3.0/../../../../../H-x86_64-mingw32/nios2-elf/lib\libc.a(lib_a-findfp.o)
                0x000000000002461c                __sfp
 .text._cleanup
                0x0000000000024734       0x18 c:/users/jasper/desktop/vhdl/quartuslitefiles/nios2eds/bin/gnu/h-x86_64-mingw32/bin/../lib/gcc/nios2-elf/5.3.0/../../../../../H-x86_64-mingw32/nios2-elf/lib\libc.a(lib_a-findfp.o)
                0x0000000000024734                _cleanup
 .text.__sinit  0x000000000002474c       0x10 c:/users/jasper/desktop/vhdl/quartuslitefiles/nios2eds/bin/gnu/h-x86_64-mingw32/bin/../lib/gcc/nios2-elf/5.3.0/../../../../../H-x86_64-mingw32/nios2-elf/lib\libc.a(lib_a-findfp.o)
                0x000000000002474c                __sinit
 .text.__sfp_lock_acquire
                0x000000000002475c        0x4 c:/users/jasper/desktop/vhdl/quartuslitefiles/nios2eds/bin/gnu/h-x86_64-mingw32/bin/../lib/gcc/nios2-elf/5.3.0/../../../../../H-x86_64-mingw32/nios2-elf/lib\libc.a(lib_a-findfp.o)
                0x000000000002475c                __sfp_lock_acquire
 .text.__sfp_lock_release
                0x0000000000024760        0x4 c:/users/jasper/desktop/vhdl/quartuslitefiles/nios2eds/bin/gnu/h-x86_64-mingw32/bin/../lib/gcc/nios2-elf/5.3.0/../../../../../H-x86_64-mingw32/nios2-elf/lib\libc.a(lib_a-findfp.o)
                0x0000000000024760                __sfp_lock_release
 .text.__sinit_lock_acquire
                0x0000000000024764        0x4 c:/users/jasper/desktop/vhdl/quartuslitefiles/nios2eds/bin/gnu/h-x86_64-mingw32/bin/../lib/gcc/nios2-elf/5.3.0/../../../../../H-x86_64-mingw32/nios2-elf/lib\libc.a(lib_a-findfp.o)
                0x0000000000024764                __sinit_lock_acquire
 .text.__sinit_lock_release
                0x0000000000024768        0x4 c:/users/jasper/desktop/vhdl/quartuslitefiles/nios2eds/bin/gnu/h-x86_64-mingw32/bin/../lib/gcc/nios2-elf/5.3.0/../../../../../H-x86_64-mingw32/nios2-elf/lib\libc.a(lib_a-findfp.o)
                0x0000000000024768                __sinit_lock_release
 .text.__fp_lock_all
                0x000000000002476c       0x18 c:/users/jasper/desktop/vhdl/quartuslitefiles/nios2eds/bin/gnu/h-x86_64-mingw32/bin/../lib/gcc/nios2-elf/5.3.0/../../../../../H-x86_64-mingw32/nios2-elf/lib\libc.a(lib_a-findfp.o)
                0x000000000002476c                __fp_lock_all
 .text.__fp_unlock_all
                0x0000000000024784       0x18 c:/users/jasper/desktop/vhdl/quartuslitefiles/nios2eds/bin/gnu/h-x86_64-mingw32/bin/../lib/gcc/nios2-elf/5.3.0/../../../../../H-x86_64-mingw32/nios2-elf/lib\libc.a(lib_a-findfp.o)
                0x0000000000024784                __fp_unlock_all
 .text          0x000000000002479c        0x0 c:/users/jasper/desktop/vhdl/quartuslitefiles/nios2eds/bin/gnu/h-x86_64-mingw32/bin/../lib/gcc/nios2-elf/5.3.0/../../../../../H-x86_64-mingw32/nios2-elf/lib\libc.a(lib_a-freer.o)
 .text._malloc_trim_r
                0x000000000002479c      0x124 c:/users/jasper/desktop/vhdl/quartuslitefiles/nios2eds/bin/gnu/h-x86_64-mingw32/bin/../lib/gcc/nios2-elf/5.3.0/../../../../../H-x86_64-mingw32/nios2-elf/lib\libc.a(lib_a-freer.o)
                0x000000000002479c                _malloc_trim_r
 .text._free_r  0x00000000000248c0      0x310 c:/users/jasper/desktop/vhdl/quartuslitefiles/nios2eds/bin/gnu/h-x86_64-mingw32/bin/../lib/gcc/nios2-elf/5.3.0/../../../../../H-x86_64-mingw32/nios2-elf/lib\libc.a(lib_a-freer.o)
                0x00000000000248c0                _free_r
 .text          0x0000000000024bd0        0x0 c:/users/jasper/desktop/vhdl/quartuslitefiles/nios2eds/bin/gnu/h-x86_64-mingw32/bin/../lib/gcc/nios2-elf/5.3.0/../../../../../H-x86_64-mingw32/nios2-elf/lib\libc.a(lib_a-fvwrite.o)
 .text.__sfvwrite_r
                0x0000000000024bd0      0x4bc c:/users/jasper/desktop/vhdl/quartuslitefiles/nios2eds/bin/gnu/h-x86_64-mingw32/bin/../lib/gcc/nios2-elf/5.3.0/../../../../../H-x86_64-mingw32/nios2-elf/lib\libc.a(lib_a-fvwrite.o)
                0x0000000000024bd0                __sfvwrite_r
 .text          0x000000000002508c        0x0 c:/users/jasper/desktop/vhdl/quartuslitefiles/nios2eds/bin/gnu/h-x86_64-mingw32/bin/../lib/gcc/nios2-elf/5.3.0/../../../../../H-x86_64-mingw32/nios2-elf/lib\libc.a(lib_a-fwalk.o)
 .text._fwalk   0x000000000002508c       0xc4 c:/users/jasper/desktop/vhdl/quartuslitefiles/nios2eds/bin/gnu/h-x86_64-mingw32/bin/../lib/gcc/nios2-elf/5.3.0/../../../../../H-x86_64-mingw32/nios2-elf/lib\libc.a(lib_a-fwalk.o)
                0x000000000002508c                _fwalk
 .text._fwalk_reent
                0x0000000000025150       0xc4 c:/users/jasper/desktop/vhdl/quartuslitefiles/nios2eds/bin/gnu/h-x86_64-mingw32/bin/../lib/gcc/nios2-elf/5.3.0/../../../../../H-x86_64-mingw32/nios2-elf/lib\libc.a(lib_a-fwalk.o)
                0x0000000000025150                _fwalk_reent
 .text          0x0000000000025214        0x0 c:/users/jasper/desktop/vhdl/quartuslitefiles/nios2eds/bin/gnu/h-x86_64-mingw32/bin/../lib/gcc/nios2-elf/5.3.0/../../../../../H-x86_64-mingw32/nios2-elf/lib\libc.a(lib_a-impure.o)
 .text          0x0000000000025214        0x0 c:/users/jasper/desktop/vhdl/quartuslitefiles/nios2eds/bin/gnu/h-x86_64-mingw32/bin/../lib/gcc/nios2-elf/5.3.0/../../../../../H-x86_64-mingw32/nios2-elf/lib\libc.a(lib_a-locale.o)
 .text._setlocale_r
                0x0000000000025214       0x7c c:/users/jasper/desktop/vhdl/quartuslitefiles/nios2eds/bin/gnu/h-x86_64-mingw32/bin/../lib/gcc/nios2-elf/5.3.0/../../../../../H-x86_64-mingw32/nios2-elf/lib\libc.a(lib_a-locale.o)
                0x0000000000025214                _setlocale_r
 .text.__locale_charset
                0x0000000000025290        0xc c:/users/jasper/desktop/vhdl/quartuslitefiles/nios2eds/bin/gnu/h-x86_64-mingw32/bin/../lib/gcc/nios2-elf/5.3.0/../../../../../H-x86_64-mingw32/nios2-elf/lib\libc.a(lib_a-locale.o)
                0x0000000000025290                __locale_charset
 .text.__locale_mb_cur_max
                0x000000000002529c       0x10 c:/users/jasper/desktop/vhdl/quartuslitefiles/nios2eds/bin/gnu/h-x86_64-mingw32/bin/../lib/gcc/nios2-elf/5.3.0/../../../../../H-x86_64-mingw32/nios2-elf/lib\libc.a(lib_a-locale.o)
                0x000000000002529c                __locale_mb_cur_max
 .text.__locale_msgcharset
                0x00000000000252ac        0xc c:/users/jasper/desktop/vhdl/quartuslitefiles/nios2eds/bin/gnu/h-x86_64-mingw32/bin/../lib/gcc/nios2-elf/5.3.0/../../../../../H-x86_64-mingw32/nios2-elf/lib\libc.a(lib_a-locale.o)
                0x00000000000252ac                __locale_msgcharset
 .text.__locale_cjk_lang
                0x00000000000252b8        0x8 c:/users/jasper/desktop/vhdl/quartuslitefiles/nios2eds/bin/gnu/h-x86_64-mingw32/bin/../lib/gcc/nios2-elf/5.3.0/../../../../../H-x86_64-mingw32/nios2-elf/lib\libc.a(lib_a-locale.o)
                0x00000000000252b8                __locale_cjk_lang
 .text._localeconv_r
                0x00000000000252c0        0xc c:/users/jasper/desktop/vhdl/quartuslitefiles/nios2eds/bin/gnu/h-x86_64-mingw32/bin/../lib/gcc/nios2-elf/5.3.0/../../../../../H-x86_64-mingw32/nios2-elf/lib\libc.a(lib_a-locale.o)
                0x00000000000252c0                _localeconv_r
 .text.setlocale
                0x00000000000252cc       0x18 c:/users/jasper/desktop/vhdl/quartuslitefiles/nios2eds/bin/gnu/h-x86_64-mingw32/bin/../lib/gcc/nios2-elf/5.3.0/../../../../../H-x86_64-mingw32/nios2-elf/lib\libc.a(lib_a-locale.o)
                0x00000000000252cc                setlocale
 .text.localeconv
                0x00000000000252e4        0xc c:/users/jasper/desktop/vhdl/quartuslitefiles/nios2eds/bin/gnu/h-x86_64-mingw32/bin/../lib/gcc/nios2-elf/5.3.0/../../../../../H-x86_64-mingw32/nios2-elf/lib\libc.a(lib_a-locale.o)
                0x00000000000252e4                localeconv
 .text          0x00000000000252f0        0x0 c:/users/jasper/desktop/vhdl/quartuslitefiles/nios2eds/bin/gnu/h-x86_64-mingw32/bin/../lib/gcc/nios2-elf/5.3.0/../../../../../H-x86_64-mingw32/nios2-elf/lib\libc.a(lib_a-makebuf.o)
 .text.__smakebuf_r
                0x00000000000252f0      0x1bc c:/users/jasper/desktop/vhdl/quartuslitefiles/nios2eds/bin/gnu/h-x86_64-mingw32/bin/../lib/gcc/nios2-elf/5.3.0/../../../../../H-x86_64-mingw32/nios2-elf/lib\libc.a(lib_a-makebuf.o)
                0x00000000000252f0                __smakebuf_r
 .text          0x00000000000254ac        0x0 c:/users/jasper/desktop/vhdl/quartuslitefiles/nios2eds/bin/gnu/h-x86_64-mingw32/bin/../lib/gcc/nios2-elf/5.3.0/../../../../../H-x86_64-mingw32/nios2-elf/lib\libc.a(lib_a-mallocr.o)
 .text._malloc_r
                0x00000000000254ac      0x80c c:/users/jasper/desktop/vhdl/quartuslitefiles/nios2eds/bin/gnu/h-x86_64-mingw32/bin/../lib/gcc/nios2-elf/5.3.0/../../../../../H-x86_64-mingw32/nios2-elf/lib\libc.a(lib_a-mallocr.o)
                0x00000000000254ac                _malloc_r
 .text          0x0000000000025cb8        0x0 c:/users/jasper/desktop/vhdl/quartuslitefiles/nios2eds/bin/gnu/h-x86_64-mingw32/bin/../lib/gcc/nios2-elf/5.3.0/../../../../../H-x86_64-mingw32/nios2-elf/lib\libc.a(lib_a-memchr.o)
 .text.memchr   0x0000000000025cb8       0xe4 c:/users/jasper/desktop/vhdl/quartuslitefiles/nios2eds/bin/gnu/h-x86_64-mingw32/bin/../lib/gcc/nios2-elf/5.3.0/../../../../../H-x86_64-mingw32/nios2-elf/lib\libc.a(lib_a-memchr.o)
                0x0000000000025cb8                memchr
 .text          0x0000000000025d9c        0x0 c:/users/jasper/desktop/vhdl/quartuslitefiles/nios2eds/bin/gnu/h-x86_64-mingw32/bin/../lib/gcc/nios2-elf/5.3.0/../../../../../H-x86_64-mingw32/nios2-elf/lib\libc.a(lib_a-memcpy.o)
 .text.memcpy   0x0000000000025d9c      0x148 c:/users/jasper/desktop/vhdl/quartuslitefiles/nios2eds/bin/gnu/h-x86_64-mingw32/bin/../lib/gcc/nios2-elf/5.3.0/../../../../../H-x86_64-mingw32/nios2-elf/lib\libc.a(lib_a-memcpy.o)
                0x0000000000025d9c                memcpy
 .text          0x0000000000025ee4        0x0 c:/users/jasper/desktop/vhdl/quartuslitefiles/nios2eds/bin/gnu/h-x86_64-mingw32/bin/../lib/gcc/nios2-elf/5.3.0/../../../../../H-x86_64-mingw32/nios2-elf/lib\libc.a(lib_a-memmove.o)
 .text.memmove  0x0000000000025ee4      0x15c c:/users/jasper/desktop/vhdl/quartuslitefiles/nios2eds/bin/gnu/h-x86_64-mingw32/bin/../lib/gcc/nios2-elf/5.3.0/../../../../../H-x86_64-mingw32/nios2-elf/lib\libc.a(lib_a-memmove.o)
                0x0000000000025ee4                memmove
 .text          0x0000000000026040        0x0 c:/users/jasper/desktop/vhdl/quartuslitefiles/nios2eds/bin/gnu/h-x86_64-mingw32/bin/../lib/gcc/nios2-elf/5.3.0/../../../../../H-x86_64-mingw32/nios2-elf/lib\libc.a(lib_a-memset.o)
 .text.memset   0x0000000000026040      0x128 c:/users/jasper/desktop/vhdl/quartuslitefiles/nios2eds/bin/gnu/h-x86_64-mingw32/bin/../lib/gcc/nios2-elf/5.3.0/../../../../../H-x86_64-mingw32/nios2-elf/lib\libc.a(lib_a-memset.o)
                0x0000000000026040                memset
 .text          0x0000000000026168        0x0 c:/users/jasper/desktop/vhdl/quartuslitefiles/nios2eds/bin/gnu/h-x86_64-mingw32/bin/../lib/gcc/nios2-elf/5.3.0/../../../../../H-x86_64-mingw32/nios2-elf/lib\libc.a(lib_a-mprec.o)
 .text._Balloc  0x0000000000026168       0xa8 c:/users/jasper/desktop/vhdl/quartuslitefiles/nios2eds/bin/gnu/h-x86_64-mingw32/bin/../lib/gcc/nios2-elf/5.3.0/../../../../../H-x86_64-mingw32/nios2-elf/lib\libc.a(lib_a-mprec.o)
                0x0000000000026168                _Balloc
 .text._Bfree   0x0000000000026210       0x28 c:/users/jasper/desktop/vhdl/quartuslitefiles/nios2eds/bin/gnu/h-x86_64-mingw32/bin/../lib/gcc/nios2-elf/5.3.0/../../../../../H-x86_64-mingw32/nios2-elf/lib\libc.a(lib_a-mprec.o)
                0x0000000000026210                _Bfree
 .text.__multadd
                0x0000000000026238      0x120 c:/users/jasper/desktop/vhdl/quartuslitefiles/nios2eds/bin/gnu/h-x86_64-mingw32/bin/../lib/gcc/nios2-elf/5.3.0/../../../../../H-x86_64-mingw32/nios2-elf/lib\libc.a(lib_a-mprec.o)
                0x0000000000026238                __multadd
 .text.__s2b    0x0000000000026358      0x104 c:/users/jasper/desktop/vhdl/quartuslitefiles/nios2eds/bin/gnu/h-x86_64-mingw32/bin/../lib/gcc/nios2-elf/5.3.0/../../../../../H-x86_64-mingw32/nios2-elf/lib\libc.a(lib_a-mprec.o)
                0x0000000000026358                __s2b
 .text.__hi0bits
                0x000000000002645c       0x68 c:/users/jasper/desktop/vhdl/quartuslitefiles/nios2eds/bin/gnu/h-x86_64-mingw32/bin/../lib/gcc/nios2-elf/5.3.0/../../../../../H-x86_64-mingw32/nios2-elf/lib\libc.a(lib_a-mprec.o)
                0x000000000002645c                __hi0bits
 .text.__lo0bits
                0x00000000000264c4       0xb0 c:/users/jasper/desktop/vhdl/quartuslitefiles/nios2eds/bin/gnu/h-x86_64-mingw32/bin/../lib/gcc/nios2-elf/5.3.0/../../../../../H-x86_64-mingw32/nios2-elf/lib\libc.a(lib_a-mprec.o)
                0x00000000000264c4                __lo0bits
 .text.__i2b    0x0000000000026574       0x3c c:/users/jasper/desktop/vhdl/quartuslitefiles/nios2eds/bin/gnu/h-x86_64-mingw32/bin/../lib/gcc/nios2-elf/5.3.0/../../../../../H-x86_64-mingw32/nios2-elf/lib\libc.a(lib_a-mprec.o)
                0x0000000000026574                __i2b
 .text.__multiply
                0x00000000000265b0      0x1f8 c:/users/jasper/desktop/vhdl/quartuslitefiles/nios2eds/bin/gnu/h-x86_64-mingw32/bin/../lib/gcc/nios2-elf/5.3.0/../../../../../H-x86_64-mingw32/nios2-elf/lib\libc.a(lib_a-mprec.o)
                0x00000000000265b0                __multiply
 .text.__pow5mult
                0x00000000000267a8      0x140 c:/users/jasper/desktop/vhdl/quartuslitefiles/nios2eds/bin/gnu/h-x86_64-mingw32/bin/../lib/gcc/nios2-elf/5.3.0/../../../../../H-x86_64-mingw32/nios2-elf/lib\libc.a(lib_a-mprec.o)
                0x00000000000267a8                __pow5mult
 .text.__lshift
                0x00000000000268e8      0x148 c:/users/jasper/desktop/vhdl/quartuslitefiles/nios2eds/bin/gnu/h-x86_64-mingw32/bin/../lib/gcc/nios2-elf/5.3.0/../../../../../H-x86_64-mingw32/nios2-elf/lib\libc.a(lib_a-mprec.o)
                0x00000000000268e8                __lshift
 .text.__mcmp   0x0000000000026a30       0x60 c:/users/jasper/desktop/vhdl/quartuslitefiles/nios2eds/bin/gnu/h-x86_64-mingw32/bin/../lib/gcc/nios2-elf/5.3.0/../../../../../H-x86_64-mingw32/nios2-elf/lib\libc.a(lib_a-mprec.o)
                0x0000000000026a30                __mcmp
 .text.__mdiff  0x0000000000026a90      0x1fc c:/users/jasper/desktop/vhdl/quartuslitefiles/nios2eds/bin/gnu/h-x86_64-mingw32/bin/../lib/gcc/nios2-elf/5.3.0/../../../../../H-x86_64-mingw32/nios2-elf/lib\libc.a(lib_a-mprec.o)
                0x0000000000026a90                __mdiff
 .text.__ulp    0x0000000000026c8c       0x64 c:/users/jasper/desktop/vhdl/quartuslitefiles/nios2eds/bin/gnu/h-x86_64-mingw32/bin/../lib/gcc/nios2-elf/5.3.0/../../../../../H-x86_64-mingw32/nios2-elf/lib\libc.a(lib_a-mprec.o)
                0x0000000000026c8c                __ulp
 .text.__b2d    0x0000000000026cf0      0x10c c:/users/jasper/desktop/vhdl/quartuslitefiles/nios2eds/bin/gnu/h-x86_64-mingw32/bin/../lib/gcc/nios2-elf/5.3.0/../../../../../H-x86_64-mingw32/nios2-elf/lib\libc.a(lib_a-mprec.o)
                0x0000000000026cf0                __b2d
 .text.__d2b    0x0000000000026dfc      0x14c c:/users/jasper/desktop/vhdl/quartuslitefiles/nios2eds/bin/gnu/h-x86_64-mingw32/bin/../lib/gcc/nios2-elf/5.3.0/../../../../../H-x86_64-mingw32/nios2-elf/lib\libc.a(lib_a-mprec.o)
                0x0000000000026dfc                __d2b
 .text.__ratio  0x0000000000026f48       0xa4 c:/users/jasper/desktop/vhdl/quartuslitefiles/nios2eds/bin/gnu/h-x86_64-mingw32/bin/../lib/gcc/nios2-elf/5.3.0/../../../../../H-x86_64-mingw32/nios2-elf/lib\libc.a(lib_a-mprec.o)
                0x0000000000026f48                __ratio
 .text._mprec_log10
                0x0000000000026fec       0x74 c:/users/jasper/desktop/vhdl/quartuslitefiles/nios2eds/bin/gnu/h-x86_64-mingw32/bin/../lib/gcc/nios2-elf/5.3.0/../../../../../H-x86_64-mingw32/nios2-elf/lib\libc.a(lib_a-mprec.o)
                0x0000000000026fec                _mprec_log10
 .text.__copybits
                0x0000000000027060       0x78 c:/users/jasper/desktop/vhdl/quartuslitefiles/nios2eds/bin/gnu/h-x86_64-mingw32/bin/../lib/gcc/nios2-elf/5.3.0/../../../../../H-x86_64-mingw32/nios2-elf/lib\libc.a(lib_a-mprec.o)
                0x0000000000027060                __copybits
 .text.__any_on
                0x00000000000270d8       0x8c c:/users/jasper/desktop/vhdl/quartuslitefiles/nios2eds/bin/gnu/h-x86_64-mingw32/bin/../lib/gcc/nios2-elf/5.3.0/../../../../../H-x86_64-mingw32/nios2-elf/lib\libc.a(lib_a-mprec.o)
                0x00000000000270d8                __any_on
 .text          0x0000000000027164        0x0 c:/users/jasper/desktop/vhdl/quartuslitefiles/nios2eds/bin/gnu/h-x86_64-mingw32/bin/../lib/gcc/nios2-elf/5.3.0/../../../../../H-x86_64-mingw32/nios2-elf/lib\libc.a(lib_a-reallocr.o)
 .text._realloc_r
                0x0000000000027164      0x564 c:/users/jasper/desktop/vhdl/quartuslitefiles/nios2eds/bin/gnu/h-x86_64-mingw32/bin/../lib/gcc/nios2-elf/5.3.0/../../../../../H-x86_64-mingw32/nios2-elf/lib\libc.a(lib_a-reallocr.o)
                0x0000000000027164                _realloc_r
 .text          0x00000000000276c8        0x0 c:/users/jasper/desktop/vhdl/quartuslitefiles/nios2eds/bin/gnu/h-x86_64-mingw32/bin/../lib/gcc/nios2-elf/5.3.0/../../../../../H-x86_64-mingw32/nios2-elf/lib\libc.a(lib_a-s_fpclassify.o)
 .text.__fpclassifyd
                0x00000000000276c8       0x74 c:/users/jasper/desktop/vhdl/quartuslitefiles/nios2eds/bin/gnu/h-x86_64-mingw32/bin/../lib/gcc/nios2-elf/5.3.0/../../../../../H-x86_64-mingw32/nios2-elf/lib\libc.a(lib_a-s_fpclassify.o)
                0x00000000000276c8                __fpclassifyd
 .text          0x000000000002773c        0x0 c:/users/jasper/desktop/vhdl/quartuslitefiles/nios2eds/bin/gnu/h-x86_64-mingw32/bin/../lib/gcc/nios2-elf/5.3.0/../../../../../H-x86_64-mingw32/nios2-elf/lib\libc.a(lib_a-sbrkr.o)
 .text._sbrk_r  0x000000000002773c       0x54 c:/users/jasper/desktop/vhdl/quartuslitefiles/nios2eds/bin/gnu/h-x86_64-mingw32/bin/../lib/gcc/nios2-elf/5.3.0/../../../../../H-x86_64-mingw32/nios2-elf/lib\libc.a(lib_a-sbrkr.o)
                0x000000000002773c                _sbrk_r
 .text          0x0000000000027790        0x0 c:/users/jasper/desktop/vhdl/quartuslitefiles/nios2eds/bin/gnu/h-x86_64-mingw32/bin/../lib/gcc/nios2-elf/5.3.0/../../../../../H-x86_64-mingw32/nios2-elf/lib\libc.a(lib_a-stdio.o)
 .text.__sread  0x0000000000027790       0x54 c:/users/jasper/desktop/vhdl/quartuslitefiles/nios2eds/bin/gnu/h-x86_64-mingw32/bin/../lib/gcc/nios2-elf/5.3.0/../../../../../H-x86_64-mingw32/nios2-elf/lib\libc.a(lib_a-stdio.o)
                0x0000000000027790                __sread
 .text.__seofread
                0x00000000000277e4        0x8 c:/users/jasper/desktop/vhdl/quartuslitefiles/nios2eds/bin/gnu/h-x86_64-mingw32/bin/../lib/gcc/nios2-elf/5.3.0/../../../../../H-x86_64-mingw32/nios2-elf/lib\libc.a(lib_a-stdio.o)
                0x00000000000277e4                __seofread
 .text.__swrite
                0x00000000000277ec       0x7c c:/users/jasper/desktop/vhdl/quartuslitefiles/nios2eds/bin/gnu/h-x86_64-mingw32/bin/../lib/gcc/nios2-elf/5.3.0/../../../../../H-x86_64-mingw32/nios2-elf/lib\libc.a(lib_a-stdio.o)
                0x00000000000277ec                __swrite
 .text.__sseek  0x0000000000027868       0x5c c:/users/jasper/desktop/vhdl/quartuslitefiles/nios2eds/bin/gnu/h-x86_64-mingw32/bin/../lib/gcc/nios2-elf/5.3.0/../../../../../H-x86_64-mingw32/nios2-elf/lib\libc.a(lib_a-stdio.o)
                0x0000000000027868                __sseek
 .text.__sclose
                0x00000000000278c4        0x8 c:/users/jasper/desktop/vhdl/quartuslitefiles/nios2eds/bin/gnu/h-x86_64-mingw32/bin/../lib/gcc/nios2-elf/5.3.0/../../../../../H-x86_64-mingw32/nios2-elf/lib\libc.a(lib_a-stdio.o)
                0x00000000000278c4                __sclose
 .text          0x00000000000278cc        0x0 c:/users/jasper/desktop/vhdl/quartuslitefiles/nios2eds/bin/gnu/h-x86_64-mingw32/bin/../lib/gcc/nios2-elf/5.3.0/../../../../../H-x86_64-mingw32/nios2-elf/lib\libc.a(lib_a-strcmp.o)
 .text.strcmp   0x00000000000278cc       0xdc c:/users/jasper/desktop/vhdl/quartuslitefiles/nios2eds/bin/gnu/h-x86_64-mingw32/bin/../lib/gcc/nios2-elf/5.3.0/../../../../../H-x86_64-mingw32/nios2-elf/lib\libc.a(lib_a-strcmp.o)
                0x00000000000278cc                strcmp
 .text          0x00000000000279a8        0x0 c:/users/jasper/desktop/vhdl/quartuslitefiles/nios2eds/bin/gnu/h-x86_64-mingw32/bin/../lib/gcc/nios2-elf/5.3.0/../../../../../H-x86_64-mingw32/nios2-elf/lib\libc.a(lib_a-vfiprintf.o)
 .text.__sprint_r.part.0
                0x00000000000279a8       0xfc c:/users/jasper/desktop/vhdl/quartuslitefiles/nios2eds/bin/gnu/h-x86_64-mingw32/bin/../lib/gcc/nios2-elf/5.3.0/../../../../../H-x86_64-mingw32/nios2-elf/lib\libc.a(lib_a-vfiprintf.o)
 .text.__sprint_r
                0x0000000000027aa4       0x18 c:/users/jasper/desktop/vhdl/quartuslitefiles/nios2eds/bin/gnu/h-x86_64-mingw32/bin/../lib/gcc/nios2-elf/5.3.0/../../../../../H-x86_64-mingw32/nios2-elf/lib\libc.a(lib_a-vfiprintf.o)
                0x0000000000027aa4                __sprint_r
 .text.___vfiprintf_internal_r
                0x0000000000027abc     0x145c c:/users/jasper/desktop/vhdl/quartuslitefiles/nios2eds/bin/gnu/h-x86_64-mingw32/bin/../lib/gcc/nios2-elf/5.3.0/../../../../../H-x86_64-mingw32/nios2-elf/lib\libc.a(lib_a-vfiprintf.o)
                0x0000000000027abc                ___vfiprintf_internal_r
 .text.__vfiprintf_internal
                0x0000000000028f18       0x1c c:/users/jasper/desktop/vhdl/quartuslitefiles/nios2eds/bin/gnu/h-x86_64-mingw32/bin/../lib/gcc/nios2-elf/5.3.0/../../../../../H-x86_64-mingw32/nios2-elf/lib\libc.a(lib_a-vfiprintf.o)
                0x0000000000028f18                __vfiprintf_internal
 .text.__sbprintf
                0x0000000000028f34       0xbc c:/users/jasper/desktop/vhdl/quartuslitefiles/nios2eds/bin/gnu/h-x86_64-mingw32/bin/../lib/gcc/nios2-elf/5.3.0/../../../../../H-x86_64-mingw32/nios2-elf/lib\libc.a(lib_a-vfiprintf.o)
 .text          0x0000000000028ff0        0x0 c:/users/jasper/desktop/vhdl/quartuslitefiles/nios2eds/bin/gnu/h-x86_64-mingw32/bin/../lib/gcc/nios2-elf/5.3.0/../../../../../H-x86_64-mingw32/nios2-elf/lib\libc.a(lib_a-writer.o)
 .text._write_r
                0x0000000000028ff0       0x60 c:/users/jasper/desktop/vhdl/quartuslitefiles/nios2eds/bin/gnu/h-x86_64-mingw32/bin/../lib/gcc/nios2-elf/5.3.0/../../../../../H-x86_64-mingw32/nios2-elf/lib\libc.a(lib_a-writer.o)
                0x0000000000028ff0                _write_r
 .text          0x0000000000029050        0x0 c:/users/jasper/desktop/vhdl/quartuslitefiles/nios2eds/bin/gnu/h-x86_64-mingw32/bin/../lib/gcc/nios2-elf/5.3.0/../../../../../H-x86_64-mingw32/nios2-elf/lib\libc.a(closer.o)
 .text._close_r
                0x0000000000029050       0x54 c:/users/jasper/desktop/vhdl/quartuslitefiles/nios2eds/bin/gnu/h-x86_64-mingw32/bin/../lib/gcc/nios2-elf/5.3.0/../../../../../H-x86_64-mingw32/nios2-elf/lib\libc.a(closer.o)
                0x0000000000029050                _close_r
 .text          0x00000000000290a4        0x0 c:/users/jasper/desktop/vhdl/quartuslitefiles/nios2eds/bin/gnu/h-x86_64-mingw32/bin/../lib/gcc/nios2-elf/5.3.0/../../../../../H-x86_64-mingw32/nios2-elf/lib\libc.a(lib_a-callocr.o)
 .text._calloc_r
                0x00000000000290a4       0xc4 c:/users/jasper/desktop/vhdl/quartuslitefiles/nios2eds/bin/gnu/h-x86_64-mingw32/bin/../lib/gcc/nios2-elf/5.3.0/../../../../../H-x86_64-mingw32/nios2-elf/lib\libc.a(lib_a-callocr.o)
                0x00000000000290a4                _calloc_r
 .text          0x0000000000029168        0x0 c:/users/jasper/desktop/vhdl/quartuslitefiles/nios2eds/bin/gnu/h-x86_64-mingw32/bin/../lib/gcc/nios2-elf/5.3.0/../../../../../H-x86_64-mingw32/nios2-elf/lib\libc.a(lib_a-fclose.o)
 .text._fclose_r
                0x0000000000029168       0xf0 c:/users/jasper/desktop/vhdl/quartuslitefiles/nios2eds/bin/gnu/h-x86_64-mingw32/bin/../lib/gcc/nios2-elf/5.3.0/../../../../../H-x86_64-mingw32/nios2-elf/lib\libc.a(lib_a-fclose.o)
                0x0000000000029168                _fclose_r
 .text.fclose   0x0000000000029258       0x14 c:/users/jasper/desktop/vhdl/quartuslitefiles/nios2eds/bin/gnu/h-x86_64-mingw32/bin/../lib/gcc/nios2-elf/5.3.0/../../../../../H-x86_64-mingw32/nios2-elf/lib\libc.a(lib_a-fclose.o)
                0x0000000000029258                fclose
 .text          0x000000000002926c        0x0 c:/users/jasper/desktop/vhdl/quartuslitefiles/nios2eds/bin/gnu/h-x86_64-mingw32/bin/../lib/gcc/nios2-elf/5.3.0/../../../../../H-x86_64-mingw32/nios2-elf/lib\libc.a(lib_a-fputwc.o)
 .text.__fputwc
                0x000000000002926c      0x164 c:/users/jasper/desktop/vhdl/quartuslitefiles/nios2eds/bin/gnu/h-x86_64-mingw32/bin/../lib/gcc/nios2-elf/5.3.0/../../../../../H-x86_64-mingw32/nios2-elf/lib\libc.a(lib_a-fputwc.o)
                0x000000000002926c                __fputwc
 .text._fputwc_r
                0x00000000000293d0       0x24 c:/users/jasper/desktop/vhdl/quartuslitefiles/nios2eds/bin/gnu/h-x86_64-mingw32/bin/../lib/gcc/nios2-elf/5.3.0/../../../../../H-x86_64-mingw32/nios2-elf/lib\libc.a(lib_a-fputwc.o)
                0x00000000000293d0                _fputwc_r
 .text.fputwc   0x00000000000293f4       0x80 c:/users/jasper/desktop/vhdl/quartuslitefiles/nios2eds/bin/gnu/h-x86_64-mingw32/bin/../lib/gcc/nios2-elf/5.3.0/../../../../../H-x86_64-mingw32/nios2-elf/lib\libc.a(lib_a-fputwc.o)
                0x00000000000293f4                fputwc
 .text          0x0000000000029474        0x0 c:/users/jasper/desktop/vhdl/quartuslitefiles/nios2eds/bin/gnu/h-x86_64-mingw32/bin/../lib/gcc/nios2-elf/5.3.0/../../../../../H-x86_64-mingw32/nios2-elf/lib\libc.a(lib_a-fstatr.o)
 .text._fstat_r
                0x0000000000029474       0x5c c:/users/jasper/desktop/vhdl/quartuslitefiles/nios2eds/bin/gnu/h-x86_64-mingw32/bin/../lib/gcc/nios2-elf/5.3.0/../../../../../H-x86_64-mingw32/nios2-elf/lib\libc.a(lib_a-fstatr.o)
                0x0000000000029474                _fstat_r
 .text          0x00000000000294d0        0x0 c:/users/jasper/desktop/vhdl/quartuslitefiles/nios2eds/bin/gnu/h-x86_64-mingw32/bin/../lib/gcc/nios2-elf/5.3.0/../../../../../H-x86_64-mingw32/nios2-elf/lib\libc.a(lib_a-int_errno.o)
 .text          0x00000000000294d0        0x0 c:/users/jasper/desktop/vhdl/quartuslitefiles/nios2eds/bin/gnu/h-x86_64-mingw32/bin/../lib/gcc/nios2-elf/5.3.0/../../../../../H-x86_64-mingw32/nios2-elf/lib\libc.a(lib_a-isattyr.o)
 .text._isatty_r
                0x00000000000294d0       0x54 c:/users/jasper/desktop/vhdl/quartuslitefiles/nios2eds/bin/gnu/h-x86_64-mingw32/bin/../lib/gcc/nios2-elf/5.3.0/../../../../../H-x86_64-mingw32/nios2-elf/lib\libc.a(lib_a-isattyr.o)
                0x00000000000294d0                _isatty_r
 .text          0x0000000000029524        0x0 c:/users/jasper/desktop/vhdl/quartuslitefiles/nios2eds/bin/gnu/h-x86_64-mingw32/bin/../lib/gcc/nios2-elf/5.3.0/../../../../../H-x86_64-mingw32/nios2-elf/lib\libc.a(lib_a-lseekr.o)
 .text._lseek_r
                0x0000000000029524       0x60 c:/users/jasper/desktop/vhdl/quartuslitefiles/nios2eds/bin/gnu/h-x86_64-mingw32/bin/../lib/gcc/nios2-elf/5.3.0/../../../../../H-x86_64-mingw32/nios2-elf/lib\libc.a(lib_a-lseekr.o)
                0x0000000000029524                _lseek_r
 .text          0x0000000000029584        0x0 c:/users/jasper/desktop/vhdl/quartuslitefiles/nios2eds/bin/gnu/h-x86_64-mingw32/bin/../lib/gcc/nios2-elf/5.3.0/../../../../../H-x86_64-mingw32/nios2-elf/lib\libc.a(lib_a-readr.o)
 .text._read_r  0x0000000000029584       0x60 c:/users/jasper/desktop/vhdl/quartuslitefiles/nios2eds/bin/gnu/h-x86_64-mingw32/bin/../lib/gcc/nios2-elf/5.3.0/../../../../../H-x86_64-mingw32/nios2-elf/lib\libc.a(lib_a-readr.o)
                0x0000000000029584                _read_r
 .text          0x00000000000295e4        0x0 c:/users/jasper/desktop/vhdl/quartuslitefiles/nios2eds/bin/gnu/h-x86_64-mingw32/bin/../lib/gcc/nios2-elf/5.3.0/../../../../../H-x86_64-mingw32/nios2-elf/lib\libc.a(lib_a-wbuf.o)
 .text.__swbuf_r
                0x00000000000295e4      0x140 c:/users/jasper/desktop/vhdl/quartuslitefiles/nios2eds/bin/gnu/h-x86_64-mingw32/bin/../lib/gcc/nios2-elf/5.3.0/../../../../../H-x86_64-mingw32/nios2-elf/lib\libc.a(lib_a-wbuf.o)
                0x00000000000295e4                __swbuf_r
 .text.__swbuf  0x0000000000029724       0x18 c:/users/jasper/desktop/vhdl/quartuslitefiles/nios2eds/bin/gnu/h-x86_64-mingw32/bin/../lib/gcc/nios2-elf/5.3.0/../../../../../H-x86_64-mingw32/nios2-elf/lib\libc.a(lib_a-wbuf.o)
                0x0000000000029724                __swbuf
 .text          0x000000000002973c        0x0 c:/users/jasper/desktop/vhdl/quartuslitefiles/nios2eds/bin/gnu/h-x86_64-mingw32/bin/../lib/gcc/nios2-elf/5.3.0/../../../../../H-x86_64-mingw32/nios2-elf/lib\libc.a(lib_a-wcrtomb.o)
 .text._wcrtomb_r
                0x000000000002973c       0x9c c:/users/jasper/desktop/vhdl/quartuslitefiles/nios2eds/bin/gnu/h-x86_64-mingw32/bin/../lib/gcc/nios2-elf/5.3.0/../../../../../H-x86_64-mingw32/nios2-elf/lib\libc.a(lib_a-wcrtomb.o)
                0x000000000002973c                _wcrtomb_r
 .text.wcrtomb  0x00000000000297d8       0xc0 c:/users/jasper/desktop/vhdl/quartuslitefiles/nios2eds/bin/gnu/h-x86_64-mingw32/bin/../lib/gcc/nios2-elf/5.3.0/../../../../../H-x86_64-mingw32/nios2-elf/lib\libc.a(lib_a-wcrtomb.o)
                0x00000000000297d8                wcrtomb
 .text          0x0000000000029898        0x0 c:/users/jasper/desktop/vhdl/quartuslitefiles/nios2eds/bin/gnu/h-x86_64-mingw32/bin/../lib/gcc/nios2-elf/5.3.0/../../../../../H-x86_64-mingw32/nios2-elf/lib\libc.a(lib_a-wctomb_r.o)
 .text.__ascii_wctomb
                0x0000000000029898       0x30 c:/users/jasper/desktop/vhdl/quartuslitefiles/nios2eds/bin/gnu/h-x86_64-mingw32/bin/../lib/gcc/nios2-elf/5.3.0/../../../../../H-x86_64-mingw32/nios2-elf/lib\libc.a(lib_a-wctomb_r.o)
                0x0000000000029898                __ascii_wctomb
 .text._wctomb_r
                0x00000000000298c8       0x5c c:/users/jasper/desktop/vhdl/quartuslitefiles/nios2eds/bin/gnu/h-x86_64-mingw32/bin/../lib/gcc/nios2-elf/5.3.0/../../../../../H-x86_64-mingw32/nios2-elf/lib\libc.a(lib_a-wctomb_r.o)
                0x00000000000298c8                _wctomb_r
 .text          0x0000000000029924      0x578 c:/users/jasper/desktop/vhdl/quartuslitefiles/nios2eds/bin/gnu/h-x86_64-mingw32/bin/../lib/gcc/nios2-elf/5.3.0\libgcc.a(_udivdi3.o)
                0x0000000000029924                __udivdi3
 .text          0x0000000000029e9c      0x538 c:/users/jasper/desktop/vhdl/quartuslitefiles/nios2eds/bin/gnu/h-x86_64-mingw32/bin/../lib/gcc/nios2-elf/5.3.0\libgcc.a(_umoddi3.o)
                0x0000000000029e9c                __umoddi3
 .text          0x000000000002a3d4      0x1b4 c:/users/jasper/desktop/vhdl/quartuslitefiles/nios2eds/bin/gnu/h-x86_64-mingw32/bin/../lib/gcc/nios2-elf/5.3.0\libgcc.a(lib2-divmod.o)
                0x000000000002a3d4                __divsi3
                0x000000000002a458                __modsi3
                0x000000000002a4cc                __udivsi3
                0x000000000002a530                __umodsi3
 .text          0x000000000002a588      0x8ac c:/users/jasper/desktop/vhdl/quartuslitefiles/nios2eds/bin/gnu/h-x86_64-mingw32/bin/../lib/gcc/nios2-elf/5.3.0\libgcc.a(adddf3.o)
                0x000000000002a588                __adddf3
 .text          0x000000000002ae34      0x8e8 c:/users/jasper/desktop/vhdl/quartuslitefiles/nios2eds/bin/gnu/h-x86_64-mingw32/bin/../lib/gcc/nios2-elf/5.3.0\libgcc.a(divdf3.o)
                0x000000000002ae34                __divdf3
 .text          0x000000000002b71c       0x88 c:/users/jasper/desktop/vhdl/quartuslitefiles/nios2eds/bin/gnu/h-x86_64-mingw32/bin/../lib/gcc/nios2-elf/5.3.0\libgcc.a(eqdf2.o)
                0x000000000002b71c                __nedf2
                0x000000000002b71c                __eqdf2
 .text          0x000000000002b7a4       0xdc c:/users/jasper/desktop/vhdl/quartuslitefiles/nios2eds/bin/gnu/h-x86_64-mingw32/bin/../lib/gcc/nios2-elf/5.3.0\libgcc.a(gedf2.o)
                0x000000000002b7a4                __gedf2
                0x000000000002b7a4                __gtdf2
 .text          0x000000000002b880       0xf4 c:/users/jasper/desktop/vhdl/quartuslitefiles/nios2eds/bin/gnu/h-x86_64-mingw32/bin/../lib/gcc/nios2-elf/5.3.0\libgcc.a(ledf2.o)
                0x000000000002b880                __ledf2
                0x000000000002b880                __ltdf2
 .text          0x000000000002b974      0x718 c:/users/jasper/desktop/vhdl/quartuslitefiles/nios2eds/bin/gnu/h-x86_64-mingw32/bin/../lib/gcc/nios2-elf/5.3.0\libgcc.a(muldf3.o)
                0x000000000002b974                __muldf3
 .text          0x000000000002c08c      0x8fc c:/users/jasper/desktop/vhdl/quartuslitefiles/nios2eds/bin/gnu/h-x86_64-mingw32/bin/../lib/gcc/nios2-elf/5.3.0\libgcc.a(subdf3.o)
                0x000000000002c08c                __subdf3
 .text          0x000000000002c988       0x80 c:/users/jasper/desktop/vhdl/quartuslitefiles/nios2eds/bin/gnu/h-x86_64-mingw32/bin/../lib/gcc/nios2-elf/5.3.0\libgcc.a(fixdfsi.o)
                0x000000000002c988                __fixdfsi
 .text          0x000000000002ca08       0xdc c:/users/jasper/desktop/vhdl/quartuslitefiles/nios2eds/bin/gnu/h-x86_64-mingw32/bin/../lib/gcc/nios2-elf/5.3.0\libgcc.a(floatsidf.o)
                0x000000000002ca08                __floatsidf
 .text          0x000000000002cae4       0xa8 c:/users/jasper/desktop/vhdl/quartuslitefiles/nios2eds/bin/gnu/h-x86_64-mingw32/bin/../lib/gcc/nios2-elf/5.3.0\libgcc.a(floatunsidf.o)
                0x000000000002cae4                __floatunsidf
 .text          0x000000000002cb8c        0x0 c:/users/jasper/desktop/vhdl/quartuslitefiles/nios2eds/bin/gnu/h-x86_64-mingw32/bin/../lib/gcc/nios2-elf/5.3.0\libgcc.a(_clz.o)
 .text          0x000000000002cb8c       0x64 c:/users/jasper/desktop/vhdl/quartuslitefiles/nios2eds/bin/gnu/h-x86_64-mingw32/bin/../lib/gcc/nios2-elf/5.3.0\libgcc.a(_clzsi2.o)
                0x000000000002cb8c                __clzsi2
 .text          0x000000000002cbf0      0x10c ../easfd_bsp/\libhal_bsp.a(alt_close.o)
                0x000000000002cc2c                close
 .text          0x000000000002ccfc       0x2c ../easfd_bsp/\libhal_bsp.a(alt_dev.o)
 .text          0x000000000002cd28        0x0 ../easfd_bsp/\libhal_bsp.a(alt_errno.o)
 .text          0x000000000002cd28       0xec ../easfd_bsp/\libhal_bsp.a(alt_fstat.o)
                0x000000000002cd64                fstat
 .text          0x000000000002ce14       0xe0 ../easfd_bsp/\libhal_bsp.a(alt_isatty.o)
                0x000000000002ce50                isatty
 .text          0x000000000002cef4       0xec ../easfd_bsp/\libhal_bsp.a(alt_load.o)
                0x000000000002cf5c                alt_load
 .text          0x000000000002cfe0      0x110 ../easfd_bsp/\libhal_bsp.a(alt_lseek.o)
                0x000000000002d01c                lseek
 .text          0x000000000002d0f0       0x7c ../easfd_bsp/\libhal_bsp.a(alt_main.o)
                0x000000000002d0f0                alt_main
 .text          0x000000000002d16c       0x48 ../easfd_bsp/\libhal_bsp.a(alt_malloc_lock.o)
                0x000000000002d16c                __malloc_lock
                0x000000000002d190                __malloc_unlock
 .text          0x000000000002d1b4      0x138 ../easfd_bsp/\libhal_bsp.a(alt_read.o)
                0x000000000002d1f0                read
 .text          0x000000000002d2ec       0x64 ../easfd_bsp/\libhal_bsp.a(alt_release_fd.o)
                0x000000000002d2ec                alt_release_fd
 .text          0x000000000002d350       0xb0 ../easfd_bsp/\libhal_bsp.a(alt_sbrk.o)
                0x000000000002d350                sbrk
 .text          0x000000000002d400      0x134 ../easfd_bsp/\libhal_bsp.a(alt_write.o)
                0x000000000002d43c                write
 .text          0x000000000002d534       0xb4 ../easfd_bsp/\libhal_bsp.a(alt_sys_init.o)
                0x000000000002d568                alt_irq_init
                0x000000000002d5a0                alt_sys_init
 .text          0x000000000002d5e8      0x164 ../easfd_bsp/\libhal_bsp.a(altera_avalon_jtag_uart_fd.o)
                0x000000000002d5e8                altera_avalon_jtag_uart_read_fd
                0x000000000002d648                altera_avalon_jtag_uart_write_fd
                0x000000000002d6a8                altera_avalon_jtag_uart_close_fd
                0x000000000002d6f8                altera_avalon_jtag_uart_ioctl_fd
 .text          0x000000000002d74c      0x3d4 ../easfd_bsp/\libhal_bsp.a(altera_avalon_jtag_uart_init.o)
                0x000000000002d74c                altera_avalon_jtag_uart_init
                0x000000000002dab8                altera_avalon_jtag_uart_close
 .text          0x000000000002db20       0xf0 ../easfd_bsp/\libhal_bsp.a(altera_avalon_jtag_uart_ioctl.o)
                0x000000000002db20                altera_avalon_jtag_uart_ioctl
 .text          0x000000000002dc10      0x21c ../easfd_bsp/\libhal_bsp.a(altera_avalon_jtag_uart_read.o)
                0x000000000002dc10                altera_avalon_jtag_uart_read
 .text          0x000000000002de2c      0x224 ../easfd_bsp/\libhal_bsp.a(altera_avalon_jtag_uart_write.o)
                0x000000000002de2c                altera_avalon_jtag_uart_write
 .text          0x000000000002e050      0x12c ../easfd_bsp/\libhal_bsp.a(alt_alarm_start.o)
                0x000000000002e050                alt_alarm_start
 .text          0x000000000002e17c       0x48 ../easfd_bsp/\libhal_bsp.a(alt_dcache_flush_all.o)
                0x000000000002e17c                alt_dcache_flush_all
 .text          0x000000000002e1c4       0xe0 ../easfd_bsp/\libhal_bsp.a(alt_dev_llist_insert.o)
                0x000000000002e200                alt_dev_llist_insert
 .text          0x000000000002e2a4       0x60 ../easfd_bsp/\libhal_bsp.a(alt_do_ctors.o)
                0x000000000002e2a4                _do_ctors
 .text          0x000000000002e304       0x60 ../easfd_bsp/\libhal_bsp.a(alt_do_dtors.o)
                0x000000000002e304                _do_dtors
 .text          0x000000000002e364       0x34 ../easfd_bsp/\libhal_bsp.a(alt_icache_flush_all.o)
                0x000000000002e364                alt_icache_flush_all
 .text          0x000000000002e398      0x1b0 ../easfd_bsp/\libhal_bsp.a(alt_iic.o)
                0x000000000002e398                alt_ic_isr_register
                0x000000000002e3e8                alt_ic_irq_enable
                0x000000000002e470                alt_ic_irq_disable
                0x000000000002e4fc                alt_ic_irq_enabled
 .text          0x000000000002e548       0xf0 ../easfd_bsp/\libhal_bsp.a(alt_iic_isr_register.o)
                0x000000000002e548                alt_iic_isr_register
 .text          0x000000000002e638      0x140 ../easfd_bsp/\libhal_bsp.a(alt_io_redirect.o)
                0x000000000002e6fc                alt_io_redirect
 .text          0x000000000002e778        0x0 ../easfd_bsp/\libhal_bsp.a(alt_irq_entry.o)
 .text          0x000000000002e778        0x0 ../easfd_bsp/\libhal_bsp.a(alt_irq_handler.o)
 .text          0x000000000002e778        0x0 ../easfd_bsp/\libhal_bsp.a(alt_irq_vars.o)
 .text          0x000000000002e778      0x254 ../easfd_bsp/\libhal_bsp.a(alt_open.o)
                0x000000000002e878                open
 .text          0x000000000002e9cc      0x1a4 ../easfd_bsp/\libhal_bsp.a(alt_tick.o)
                0x000000000002e9cc                alt_alarm_stop
                0x000000000002ea68                alt_tick
 .text          0x000000000002eb70       0x24 ../easfd_bsp/\libhal_bsp.a(altera_nios2_gen2_irq.o)
                0x000000000002eb70                altera_nios2_gen2_irq_init
 .text          0x000000000002eb94        0x0 ../easfd_bsp/\libhal_bsp.a(alt_exception_entry.o)
 .text          0x000000000002eb94       0x90 ../easfd_bsp/\libhal_bsp.a(alt_find_dev.o)
                0x000000000002eb94                alt_find_dev
 .text          0x000000000002ec24      0x108 ../easfd_bsp/\libhal_bsp.a(alt_find_file.o)
                0x000000000002ec24                alt_find_file
 .text          0x000000000002ed2c       0xa4 ../easfd_bsp/\libhal_bsp.a(alt_get_fd.o)
                0x000000000002ed2c                alt_get_fd
 .text          0x000000000002edd0       0x90 ../easfd_bsp/\libhal_bsp.a(alt_icache_flush.o)
                0x000000000002edd0                alt_icache_flush
 .text          0x000000000002ee60       0x9c ../easfd_bsp/\libhal_bsp.a(alt_instruction_exception_entry.o)
                0x000000000002ee60                alt_exception_cause_generated_bad_addr
 .text          0x000000000002eefc        0x0 c:/users/jasper/desktop/vhdl/quartuslitefiles/nios2eds/bin/gnu/h-x86_64-mingw32/bin/../lib/gcc/nios2-elf/5.3.0/../../../../../H-x86_64-mingw32/nios2-elf/lib\libc.a(lib_a-atexit.o)
 .text.atexit   0x000000000002eefc       0x14 c:/users/jasper/desktop/vhdl/quartuslitefiles/nios2eds/bin/gnu/h-x86_64-mingw32/bin/../lib/gcc/nios2-elf/5.3.0/../../../../../H-x86_64-mingw32/nios2-elf/lib\libc.a(lib_a-atexit.o)
                0x000000000002eefc                atexit
 .text          0x000000000002ef10        0x0 c:/users/jasper/desktop/vhdl/quartuslitefiles/nios2eds/bin/gnu/h-x86_64-mingw32/bin/../lib/gcc/nios2-elf/5.3.0/../../../../../H-x86_64-mingw32/nios2-elf/lib\libc.a(lib_a-exit.o)
 .text.exit     0x000000000002ef10       0x38 c:/users/jasper/desktop/vhdl/quartuslitefiles/nios2eds/bin/gnu/h-x86_64-mingw32/bin/../lib/gcc/nios2-elf/5.3.0/../../../../../H-x86_64-mingw32/nios2-elf/lib\libc.a(lib_a-exit.o)
                0x000000000002ef10                exit
 .text          0x000000000002ef48        0x0 c:/users/jasper/desktop/vhdl/quartuslitefiles/nios2eds/bin/gnu/h-x86_64-mingw32/bin/../lib/gcc/nios2-elf/5.3.0/../../../../../H-x86_64-mingw32/nios2-elf/lib\libc.a(lib_a-memcmp.o)
 .text.memcmp   0x000000000002ef48       0x7c c:/users/jasper/desktop/vhdl/quartuslitefiles/nios2eds/bin/gnu/h-x86_64-mingw32/bin/../lib/gcc/nios2-elf/5.3.0/../../../../../H-x86_64-mingw32/nios2-elf/lib\libc.a(lib_a-memcmp.o)
                0x000000000002ef48                memcmp
 .text          0x000000000002efc4        0x0 c:/users/jasper/desktop/vhdl/quartuslitefiles/nios2eds/bin/gnu/h-x86_64-mingw32/bin/../lib/gcc/nios2-elf/5.3.0/../../../../../H-x86_64-mingw32/nios2-elf/lib\libc.a(lib_a-__atexit.o)
 .text.__register_exitproc
                0x000000000002efc4      0x118 c:/users/jasper/desktop/vhdl/quartuslitefiles/nios2eds/bin/gnu/h-x86_64-mingw32/bin/../lib/gcc/nios2-elf/5.3.0/../../../../../H-x86_64-mingw32/nios2-elf/lib\libc.a(lib_a-__atexit.o)
                0x000000000002efc4                __register_exitproc
 .text          0x000000000002f0dc        0x0 c:/users/jasper/desktop/vhdl/quartuslitefiles/nios2eds/bin/gnu/h-x86_64-mingw32/bin/../lib/gcc/nios2-elf/5.3.0/../../../../../H-x86_64-mingw32/nios2-elf/lib\libc.a(lib_a-__call_atexit.o)
 .text.__call_exitprocs
                0x000000000002f0dc      0x180 c:/users/jasper/desktop/vhdl/quartuslitefiles/nios2eds/bin/gnu/h-x86_64-mingw32/bin/../lib/gcc/nios2-elf/5.3.0/../../../../../H-x86_64-mingw32/nios2-elf/lib\libc.a(lib_a-__call_atexit.o)
                0x000000000002f0dc                __call_exitprocs
 .text          0x000000000002f25c       0x34 ../easfd_bsp/\libhal_bsp.a(alt_exit.o)
                0x000000000002f25c                _exit
 *(.gnu.warning.*)
 *(.fini)
                [!provide]                        PROVIDE (__etext, ABSOLUTE (.))
                [!provide]                        PROVIDE (_etext, ABSOLUTE (.))
                [!provide]                        PROVIDE (etext, ABSOLUTE (.))
 *(.eh_frame_hdr)
                0x000000000002f290                . = ALIGN (0x4)
                [!provide]                        PROVIDE (__preinit_array_start, ABSOLUTE (.))
 *(.preinit_array)
                [!provide]                        PROVIDE (__preinit_array_end, ABSOLUTE (.))
                [!provide]                        PROVIDE (__init_array_start, ABSOLUTE (.))
 *(.init_array)
                [!provide]                        PROVIDE (__init_array_end, ABSOLUTE (.))
                [!provide]                        PROVIDE (__fini_array_start, ABSOLUTE (.))
 *(.fini_array)
                [!provide]                        PROVIDE (__fini_array_end, ABSOLUTE (.))
 *(.eh_frame)
 *(.gcc_except_table .gcc_except_table.*)
 *(.dynamic)
                0x000000000002f290                PROVIDE (__CTOR_LIST__, ABSOLUTE (.))
 *(.ctors)
 *(SORT(.ctors.*))
                0x000000000002f290                PROVIDE (__CTOR_END__, ABSOLUTE (.))
                0x000000000002f290                PROVIDE (__DTOR_LIST__, ABSOLUTE (.))
 *(.dtors)
 *(SORT(.dtors.*))
                0x000000000002f290                PROVIDE (__DTOR_END__, ABSOLUTE (.))
 *(.jcr)
                0x000000000002f290                . = ALIGN (0x4)

.rodata         0x000000000002f290      0x320
                0x000000000002f290                PROVIDE (__ram_rodata_start, ABSOLUTE (.))
                0x000000000002f290                . = ALIGN (0x4)
 *(.rodata .rodata.* .gnu.linkonce.r.*)
 .rodata        0x000000000002f290       0x1f obj/default/hello_world.o
 *fill*         0x000000000002f2af        0x1 
 .rodata.str1.4
                0x000000000002f2b0        0x2 c:/users/jasper/desktop/vhdl/quartuslitefiles/nios2eds/bin/gnu/h-x86_64-mingw32/bin/../lib/gcc/nios2-elf/5.3.0/../../../../../H-x86_64-mingw32/nios2-elf/lib\libc.a(lib_a-puts.o)
 *fill*         0x000000000002f2b2        0x2 
 .rodata.str1.4
                0x000000000002f2b4       0x42 c:/users/jasper/desktop/vhdl/quartuslitefiles/nios2eds/bin/gnu/h-x86_64-mingw32/bin/../lib/gcc/nios2-elf/5.3.0/../../../../../H-x86_64-mingw32/nios2-elf/lib\libc.a(lib_a-vfprintf.o)
 .rodata.zeroes.4404
                0x000000000002f2f6       0x10 c:/users/jasper/desktop/vhdl/quartuslitefiles/nios2eds/bin/gnu/h-x86_64-mingw32/bin/../lib/gcc/nios2-elf/5.3.0/../../../../../H-x86_64-mingw32/nios2-elf/lib\libc.a(lib_a-vfprintf.o)
 .rodata.blanks.4403
                0x000000000002f306       0x10 c:/users/jasper/desktop/vhdl/quartuslitefiles/nios2eds/bin/gnu/h-x86_64-mingw32/bin/../lib/gcc/nios2-elf/5.3.0/../../../../../H-x86_64-mingw32/nios2-elf/lib\libc.a(lib_a-vfprintf.o)
 *fill*         0x000000000002f316        0x2 
 .rodata.str1.4
                0x000000000002f318       0x10 c:/users/jasper/desktop/vhdl/quartuslitefiles/nios2eds/bin/gnu/h-x86_64-mingw32/bin/../lib/gcc/nios2-elf/5.3.0/../../../../../H-x86_64-mingw32/nios2-elf/lib\libc.a(lib_a-dtoa.o)
                                         0x12 (size before relaxing)
 .rodata.str1.4
                0x000000000002f328        0x2 c:/users/jasper/desktop/vhdl/quartuslitefiles/nios2eds/bin/gnu/h-x86_64-mingw32/bin/../lib/gcc/nios2-elf/5.3.0/../../../../../H-x86_64-mingw32/nios2-elf/lib\libc.a(lib_a-impure.o)
 *fill*         0x000000000002f32a        0x2 
 .rodata.str1.4
                0x000000000002f32c        0xc c:/users/jasper/desktop/vhdl/quartuslitefiles/nios2eds/bin/gnu/h-x86_64-mingw32/bin/../lib/gcc/nios2-elf/5.3.0/../../../../../H-x86_64-mingw32/nios2-elf/lib\libc.a(lib_a-locale.o)
                                         0x12 (size before relaxing)
 .rodata.p05.2768
                0x000000000002f338        0xc c:/users/jasper/desktop/vhdl/quartuslitefiles/nios2eds/bin/gnu/h-x86_64-mingw32/bin/../lib/gcc/nios2-elf/5.3.0/../../../../../H-x86_64-mingw32/nios2-elf/lib\libc.a(lib_a-mprec.o)
 .rodata.__mprec_tinytens
                0x000000000002f344       0x28 c:/users/jasper/desktop/vhdl/quartuslitefiles/nios2eds/bin/gnu/h-x86_64-mingw32/bin/../lib/gcc/nios2-elf/5.3.0/../../../../../H-x86_64-mingw32/nios2-elf/lib\libc.a(lib_a-mprec.o)
                0x000000000002f344                __mprec_tinytens
 .rodata.__mprec_bigtens
                0x000000000002f36c       0x28 c:/users/jasper/desktop/vhdl/quartuslitefiles/nios2eds/bin/gnu/h-x86_64-mingw32/bin/../lib/gcc/nios2-elf/5.3.0/../../../../../H-x86_64-mingw32/nios2-elf/lib\libc.a(lib_a-mprec.o)
                0x000000000002f36c                __mprec_bigtens
 .rodata.__mprec_tens
                0x000000000002f394       0xc8 c:/users/jasper/desktop/vhdl/quartuslitefiles/nios2eds/bin/gnu/h-x86_64-mingw32/bin/../lib/gcc/nios2-elf/5.3.0/../../../../../H-x86_64-mingw32/nios2-elf/lib\libc.a(lib_a-mprec.o)
                0x000000000002f394                __mprec_tens
 .rodata.str1.4
                0x000000000002f45c       0x2f c:/users/jasper/desktop/vhdl/quartuslitefiles/nios2eds/bin/gnu/h-x86_64-mingw32/bin/../lib/gcc/nios2-elf/5.3.0/../../../../../H-x86_64-mingw32/nios2-elf/lib\libc.a(lib_a-vfiprintf.o)
 .rodata.zeroes.4349
                0x000000000002f45c       0x10 c:/users/jasper/desktop/vhdl/quartuslitefiles/nios2eds/bin/gnu/h-x86_64-mingw32/bin/../lib/gcc/nios2-elf/5.3.0/../../../../../H-x86_64-mingw32/nios2-elf/lib\libc.a(lib_a-vfiprintf.o)
 .rodata.blanks.4348
                0x000000000002f46c       0x10 c:/users/jasper/desktop/vhdl/quartuslitefiles/nios2eds/bin/gnu/h-x86_64-mingw32/bin/../lib/gcc/nios2-elf/5.3.0/../../../../../H-x86_64-mingw32/nios2-elf/lib\libc.a(lib_a-vfiprintf.o)
 .rodata        0x000000000002f47c      0x100 c:/users/jasper/desktop/vhdl/quartuslitefiles/nios2eds/bin/gnu/h-x86_64-mingw32/bin/../lib/gcc/nios2-elf/5.3.0\libgcc.a(_clz.o)
                0x000000000002f47c                __clz_tab
 .rodata        0x000000000002f57c        0xa ../easfd_bsp/\libhal_bsp.a(alt_dev.o)
 *fill*         0x000000000002f586        0x2 
 .rodata        0x000000000002f588       0x11 ../easfd_bsp/\libhal_bsp.a(alt_main.o)
 *fill*         0x000000000002f599        0x3 
 .rodata        0x000000000002f59c       0x11 ../easfd_bsp/\libhal_bsp.a(alt_sys_init.o)
 *(.rodata1)
                0x000000000002f5b0                . = ALIGN (0x4)
 *fill*         0x000000000002f5ad        0x3 
                0x000000000002f5b0                PROVIDE (__ram_rodata_end, ABSOLUTE (.))
                0x000000000002f290                PROVIDE (__flash_rodata_start, LOADADDR (.rodata))

.rwdata         0x000000000002f5b0     0x1aec load address 0x000000000003109c
                0x000000000002f5b0                PROVIDE (__ram_rwdata_start, ABSOLUTE (.))
                0x000000000002f5b0                . = ALIGN (0x4)
 *(.got.plt)
 *(.got)
 *(.data1)
 *(.data .data.* .gnu.linkonce.d.*)
 .data          0x000000000002f5b0        0x0 ../easfd_bsp//obj/HAL/src/crt0.o
 .data          0x000000000002f5b0        0x0 obj/default/hello_world.o
 .data          0x000000000002f5b0        0x0 c:/users/jasper/desktop/vhdl/quartuslitefiles/nios2eds/bin/gnu/h-x86_64-mingw32/bin/../lib/gcc/nios2-elf/5.3.0/../../../../../H-x86_64-mingw32/nios2-elf/lib\libc.a(lib_a-printf.o)
 .data          0x000000000002f5b0        0x0 c:/users/jasper/desktop/vhdl/quartuslitefiles/nios2eds/bin/gnu/h-x86_64-mingw32/bin/../lib/gcc/nios2-elf/5.3.0/../../../../../H-x86_64-mingw32/nios2-elf/lib\libc.a(lib_a-puts.o)
 .data          0x000000000002f5b0        0x0 c:/users/jasper/desktop/vhdl/quartuslitefiles/nios2eds/bin/gnu/h-x86_64-mingw32/bin/../lib/gcc/nios2-elf/5.3.0/../../../../../H-x86_64-mingw32/nios2-elf/lib\libc.a(lib_a-strlen.o)
 .data          0x000000000002f5b0        0x0 c:/users/jasper/desktop/vhdl/quartuslitefiles/nios2eds/bin/gnu/h-x86_64-mingw32/bin/../lib/gcc/nios2-elf/5.3.0/../../../../../H-x86_64-mingw32/nios2-elf/lib\libc.a(lib_a-vfprintf.o)
 .data          0x000000000002f5b0        0x0 c:/users/jasper/desktop/vhdl/quartuslitefiles/nios2eds/bin/gnu/h-x86_64-mingw32/bin/../lib/gcc/nios2-elf/5.3.0/../../../../../H-x86_64-mingw32/nios2-elf/lib\libc.a(lib_a-wsetup.o)
 .data          0x000000000002f5b0        0x0 c:/users/jasper/desktop/vhdl/quartuslitefiles/nios2eds/bin/gnu/h-x86_64-mingw32/bin/../lib/gcc/nios2-elf/5.3.0/../../../../../H-x86_64-mingw32/nios2-elf/lib\libc.a(lib_a-dtoa.o)
 .data          0x000000000002f5b0        0x0 c:/users/jasper/desktop/vhdl/quartuslitefiles/nios2eds/bin/gnu/h-x86_64-mingw32/bin/../lib/gcc/nios2-elf/5.3.0/../../../../../H-x86_64-mingw32/nios2-elf/lib\libc.a(lib_a-fflush.o)
 .data          0x000000000002f5b0        0x0 c:/users/jasper/desktop/vhdl/quartuslitefiles/nios2eds/bin/gnu/h-x86_64-mingw32/bin/../lib/gcc/nios2-elf/5.3.0/../../../../../H-x86_64-mingw32/nios2-elf/lib\libc.a(lib_a-findfp.o)
 .data          0x000000000002f5b0        0x0 c:/users/jasper/desktop/vhdl/quartuslitefiles/nios2eds/bin/gnu/h-x86_64-mingw32/bin/../lib/gcc/nios2-elf/5.3.0/../../../../../H-x86_64-mingw32/nios2-elf/lib\libc.a(lib_a-freer.o)
 .data          0x000000000002f5b0        0x0 c:/users/jasper/desktop/vhdl/quartuslitefiles/nios2eds/bin/gnu/h-x86_64-mingw32/bin/../lib/gcc/nios2-elf/5.3.0/../../../../../H-x86_64-mingw32/nios2-elf/lib\libc.a(lib_a-fvwrite.o)
 .data          0x000000000002f5b0        0x0 c:/users/jasper/desktop/vhdl/quartuslitefiles/nios2eds/bin/gnu/h-x86_64-mingw32/bin/../lib/gcc/nios2-elf/5.3.0/../../../../../H-x86_64-mingw32/nios2-elf/lib\libc.a(lib_a-fwalk.o)
 .data          0x000000000002f5b0        0x0 c:/users/jasper/desktop/vhdl/quartuslitefiles/nios2eds/bin/gnu/h-x86_64-mingw32/bin/../lib/gcc/nios2-elf/5.3.0/../../../../../H-x86_64-mingw32/nios2-elf/lib\libc.a(lib_a-impure.o)
 .data.impure_data
                0x000000000002f5b0      0x424 c:/users/jasper/desktop/vhdl/quartuslitefiles/nios2eds/bin/gnu/h-x86_64-mingw32/bin/../lib/gcc/nios2-elf/5.3.0/../../../../../H-x86_64-mingw32/nios2-elf/lib\libc.a(lib_a-impure.o)
 .data          0x000000000002f9d4        0x0 c:/users/jasper/desktop/vhdl/quartuslitefiles/nios2eds/bin/gnu/h-x86_64-mingw32/bin/../lib/gcc/nios2-elf/5.3.0/../../../../../H-x86_64-mingw32/nios2-elf/lib\libc.a(lib_a-locale.o)
 .data.lc_message_charset
                0x000000000002f9d4       0x20 c:/users/jasper/desktop/vhdl/quartuslitefiles/nios2eds/bin/gnu/h-x86_64-mingw32/bin/../lib/gcc/nios2-elf/5.3.0/../../../../../H-x86_64-mingw32/nios2-elf/lib\libc.a(lib_a-locale.o)
 .data.lc_ctype_charset
                0x000000000002f9f4       0x20 c:/users/jasper/desktop/vhdl/quartuslitefiles/nios2eds/bin/gnu/h-x86_64-mingw32/bin/../lib/gcc/nios2-elf/5.3.0/../../../../../H-x86_64-mingw32/nios2-elf/lib\libc.a(lib_a-locale.o)
 .data.lconv    0x000000000002fa14       0x38 c:/users/jasper/desktop/vhdl/quartuslitefiles/nios2eds/bin/gnu/h-x86_64-mingw32/bin/../lib/gcc/nios2-elf/5.3.0/../../../../../H-x86_64-mingw32/nios2-elf/lib\libc.a(lib_a-locale.o)
 .data          0x000000000002fa4c        0x0 c:/users/jasper/desktop/vhdl/quartuslitefiles/nios2eds/bin/gnu/h-x86_64-mingw32/bin/../lib/gcc/nios2-elf/5.3.0/../../../../../H-x86_64-mingw32/nios2-elf/lib\libc.a(lib_a-makebuf.o)
 .data          0x000000000002fa4c        0x0 c:/users/jasper/desktop/vhdl/quartuslitefiles/nios2eds/bin/gnu/h-x86_64-mingw32/bin/../lib/gcc/nios2-elf/5.3.0/../../../../../H-x86_64-mingw32/nios2-elf/lib\libc.a(lib_a-mallocr.o)
 .data.__malloc_av_
                0x000000000002fa4c      0x408 c:/users/jasper/desktop/vhdl/quartuslitefiles/nios2eds/bin/gnu/h-x86_64-mingw32/bin/../lib/gcc/nios2-elf/5.3.0/../../../../../H-x86_64-mingw32/nios2-elf/lib\libc.a(lib_a-mallocr.o)
                0x000000000002fa4c                __malloc_av_
 .data          0x000000000002fe54        0x0 c:/users/jasper/desktop/vhdl/quartuslitefiles/nios2eds/bin/gnu/h-x86_64-mingw32/bin/../lib/gcc/nios2-elf/5.3.0/../../../../../H-x86_64-mingw32/nios2-elf/lib\libc.a(lib_a-memchr.o)
 .data          0x000000000002fe54        0x0 c:/users/jasper/desktop/vhdl/quartuslitefiles/nios2eds/bin/gnu/h-x86_64-mingw32/bin/../lib/gcc/nios2-elf/5.3.0/../../../../../H-x86_64-mingw32/nios2-elf/lib\libc.a(lib_a-memcpy.o)
 .data          0x000000000002fe54        0x0 c:/users/jasper/desktop/vhdl/quartuslitefiles/nios2eds/bin/gnu/h-x86_64-mingw32/bin/../lib/gcc/nios2-elf/5.3.0/../../../../../H-x86_64-mingw32/nios2-elf/lib\libc.a(lib_a-memmove.o)
 .data          0x000000000002fe54        0x0 c:/users/jasper/desktop/vhdl/quartuslitefiles/nios2eds/bin/gnu/h-x86_64-mingw32/bin/../lib/gcc/nios2-elf/5.3.0/../../../../../H-x86_64-mingw32/nios2-elf/lib\libc.a(lib_a-memset.o)
 .data          0x000000000002fe54        0x0 c:/users/jasper/desktop/vhdl/quartuslitefiles/nios2eds/bin/gnu/h-x86_64-mingw32/bin/../lib/gcc/nios2-elf/5.3.0/../../../../../H-x86_64-mingw32/nios2-elf/lib\libc.a(lib_a-mprec.o)
 .data          0x000000000002fe54        0x0 c:/users/jasper/desktop/vhdl/quartuslitefiles/nios2eds/bin/gnu/h-x86_64-mingw32/bin/../lib/gcc/nios2-elf/5.3.0/../../../../../H-x86_64-mingw32/nios2-elf/lib\libc.a(lib_a-reallocr.o)
 .data          0x000000000002fe54        0x0 c:/users/jasper/desktop/vhdl/quartuslitefiles/nios2eds/bin/gnu/h-x86_64-mingw32/bin/../lib/gcc/nios2-elf/5.3.0/../../../../../H-x86_64-mingw32/nios2-elf/lib\libc.a(lib_a-s_fpclassify.o)
 .data          0x000000000002fe54        0x0 c:/users/jasper/desktop/vhdl/quartuslitefiles/nios2eds/bin/gnu/h-x86_64-mingw32/bin/../lib/gcc/nios2-elf/5.3.0/../../../../../H-x86_64-mingw32/nios2-elf/lib\libc.a(lib_a-sbrkr.o)
 .data          0x000000000002fe54        0x0 c:/users/jasper/desktop/vhdl/quartuslitefiles/nios2eds/bin/gnu/h-x86_64-mingw32/bin/../lib/gcc/nios2-elf/5.3.0/../../../../../H-x86_64-mingw32/nios2-elf/lib\libc.a(lib_a-stdio.o)
 .data          0x000000000002fe54        0x0 c:/users/jasper/desktop/vhdl/quartuslitefiles/nios2eds/bin/gnu/h-x86_64-mingw32/bin/../lib/gcc/nios2-elf/5.3.0/../../../../../H-x86_64-mingw32/nios2-elf/lib\libc.a(lib_a-strcmp.o)
 .data          0x000000000002fe54        0x0 c:/users/jasper/desktop/vhdl/quartuslitefiles/nios2eds/bin/gnu/h-x86_64-mingw32/bin/../lib/gcc/nios2-elf/5.3.0/../../../../../H-x86_64-mingw32/nios2-elf/lib\libc.a(lib_a-vfiprintf.o)
 .data          0x000000000002fe54        0x0 c:/users/jasper/desktop/vhdl/quartuslitefiles/nios2eds/bin/gnu/h-x86_64-mingw32/bin/../lib/gcc/nios2-elf/5.3.0/../../../../../H-x86_64-mingw32/nios2-elf/lib\libc.a(lib_a-writer.o)
 .data          0x000000000002fe54        0x0 c:/users/jasper/desktop/vhdl/quartuslitefiles/nios2eds/bin/gnu/h-x86_64-mingw32/bin/../lib/gcc/nios2-elf/5.3.0/../../../../../H-x86_64-mingw32/nios2-elf/lib\libc.a(closer.o)
 .data          0x000000000002fe54        0x0 c:/users/jasper/desktop/vhdl/quartuslitefiles/nios2eds/bin/gnu/h-x86_64-mingw32/bin/../lib/gcc/nios2-elf/5.3.0/../../../../../H-x86_64-mingw32/nios2-elf/lib\libc.a(lib_a-callocr.o)
 .data          0x000000000002fe54        0x0 c:/users/jasper/desktop/vhdl/quartuslitefiles/nios2eds/bin/gnu/h-x86_64-mingw32/bin/../lib/gcc/nios2-elf/5.3.0/../../../../../H-x86_64-mingw32/nios2-elf/lib\libc.a(lib_a-fclose.o)
 .data          0x000000000002fe54        0x0 c:/users/jasper/desktop/vhdl/quartuslitefiles/nios2eds/bin/gnu/h-x86_64-mingw32/bin/../lib/gcc/nios2-elf/5.3.0/../../../../../H-x86_64-mingw32/nios2-elf/lib\libc.a(lib_a-fputwc.o)
 .data          0x000000000002fe54        0x0 c:/users/jasper/desktop/vhdl/quartuslitefiles/nios2eds/bin/gnu/h-x86_64-mingw32/bin/../lib/gcc/nios2-elf/5.3.0/../../../../../H-x86_64-mingw32/nios2-elf/lib\libc.a(lib_a-fstatr.o)
 .data          0x000000000002fe54        0x0 c:/users/jasper/desktop/vhdl/quartuslitefiles/nios2eds/bin/gnu/h-x86_64-mingw32/bin/../lib/gcc/nios2-elf/5.3.0/../../../../../H-x86_64-mingw32/nios2-elf/lib\libc.a(lib_a-int_errno.o)
 .data          0x000000000002fe54        0x0 c:/users/jasper/desktop/vhdl/quartuslitefiles/nios2eds/bin/gnu/h-x86_64-mingw32/bin/../lib/gcc/nios2-elf/5.3.0/../../../../../H-x86_64-mingw32/nios2-elf/lib\libc.a(lib_a-isattyr.o)
 .data          0x000000000002fe54        0x0 c:/users/jasper/desktop/vhdl/quartuslitefiles/nios2eds/bin/gnu/h-x86_64-mingw32/bin/../lib/gcc/nios2-elf/5.3.0/../../../../../H-x86_64-mingw32/nios2-elf/lib\libc.a(lib_a-lseekr.o)
 .data          0x000000000002fe54        0x0 c:/users/jasper/desktop/vhdl/quartuslitefiles/nios2eds/bin/gnu/h-x86_64-mingw32/bin/../lib/gcc/nios2-elf/5.3.0/../../../../../H-x86_64-mingw32/nios2-elf/lib\libc.a(lib_a-readr.o)
 .data          0x000000000002fe54        0x0 c:/users/jasper/desktop/vhdl/quartuslitefiles/nios2eds/bin/gnu/h-x86_64-mingw32/bin/../lib/gcc/nios2-elf/5.3.0/../../../../../H-x86_64-mingw32/nios2-elf/lib\libc.a(lib_a-wbuf.o)
 .data          0x000000000002fe54        0x0 c:/users/jasper/desktop/vhdl/quartuslitefiles/nios2eds/bin/gnu/h-x86_64-mingw32/bin/../lib/gcc/nios2-elf/5.3.0/../../../../../H-x86_64-mingw32/nios2-elf/lib\libc.a(lib_a-wcrtomb.o)
 .data          0x000000000002fe54        0x0 c:/users/jasper/desktop/vhdl/quartuslitefiles/nios2eds/bin/gnu/h-x86_64-mingw32/bin/../lib/gcc/nios2-elf/5.3.0/../../../../../H-x86_64-mingw32/nios2-elf/lib\libc.a(lib_a-wctomb_r.o)
 .data          0x000000000002fe54        0x0 c:/users/jasper/desktop/vhdl/quartuslitefiles/nios2eds/bin/gnu/h-x86_64-mingw32/bin/../lib/gcc/nios2-elf/5.3.0\libgcc.a(_udivdi3.o)
 .data          0x000000000002fe54        0x0 c:/users/jasper/desktop/vhdl/quartuslitefiles/nios2eds/bin/gnu/h-x86_64-mingw32/bin/../lib/gcc/nios2-elf/5.3.0\libgcc.a(_umoddi3.o)
 .data          0x000000000002fe54        0x0 c:/users/jasper/desktop/vhdl/quartuslitefiles/nios2eds/bin/gnu/h-x86_64-mingw32/bin/../lib/gcc/nios2-elf/5.3.0\libgcc.a(lib2-divmod.o)
 .data          0x000000000002fe54        0x0 c:/users/jasper/desktop/vhdl/quartuslitefiles/nios2eds/bin/gnu/h-x86_64-mingw32/bin/../lib/gcc/nios2-elf/5.3.0\libgcc.a(adddf3.o)
 .data          0x000000000002fe54        0x0 c:/users/jasper/desktop/vhdl/quartuslitefiles/nios2eds/bin/gnu/h-x86_64-mingw32/bin/../lib/gcc/nios2-elf/5.3.0\libgcc.a(divdf3.o)
 .data          0x000000000002fe54        0x0 c:/users/jasper/desktop/vhdl/quartuslitefiles/nios2eds/bin/gnu/h-x86_64-mingw32/bin/../lib/gcc/nios2-elf/5.3.0\libgcc.a(eqdf2.o)
 .data          0x000000000002fe54        0x0 c:/users/jasper/desktop/vhdl/quartuslitefiles/nios2eds/bin/gnu/h-x86_64-mingw32/bin/../lib/gcc/nios2-elf/5.3.0\libgcc.a(gedf2.o)
 .data          0x000000000002fe54        0x0 c:/users/jasper/desktop/vhdl/quartuslitefiles/nios2eds/bin/gnu/h-x86_64-mingw32/bin/../lib/gcc/nios2-elf/5.3.0\libgcc.a(ledf2.o)
 .data          0x000000000002fe54        0x0 c:/users/jasper/desktop/vhdl/quartuslitefiles/nios2eds/bin/gnu/h-x86_64-mingw32/bin/../lib/gcc/nios2-elf/5.3.0\libgcc.a(muldf3.o)
 .data          0x000000000002fe54        0x0 c:/users/jasper/desktop/vhdl/quartuslitefiles/nios2eds/bin/gnu/h-x86_64-mingw32/bin/../lib/gcc/nios2-elf/5.3.0\libgcc.a(subdf3.o)
 .data          0x000000000002fe54        0x0 c:/users/jasper/desktop/vhdl/quartuslitefiles/nios2eds/bin/gnu/h-x86_64-mingw32/bin/../lib/gcc/nios2-elf/5.3.0\libgcc.a(fixdfsi.o)
 .data          0x000000000002fe54        0x0 c:/users/jasper/desktop/vhdl/quartuslitefiles/nios2eds/bin/gnu/h-x86_64-mingw32/bin/../lib/gcc/nios2-elf/5.3.0\libgcc.a(floatsidf.o)
 .data          0x000000000002fe54        0x0 c:/users/jasper/desktop/vhdl/quartuslitefiles/nios2eds/bin/gnu/h-x86_64-mingw32/bin/../lib/gcc/nios2-elf/5.3.0\libgcc.a(floatunsidf.o)
 .data          0x000000000002fe54        0x0 c:/users/jasper/desktop/vhdl/quartuslitefiles/nios2eds/bin/gnu/h-x86_64-mingw32/bin/../lib/gcc/nios2-elf/5.3.0\libgcc.a(_clz.o)
 .data          0x000000000002fe54        0x0 c:/users/jasper/desktop/vhdl/quartuslitefiles/nios2eds/bin/gnu/h-x86_64-mingw32/bin/../lib/gcc/nios2-elf/5.3.0\libgcc.a(_clzsi2.o)
 .data          0x000000000002fe54        0x0 ../easfd_bsp/\libhal_bsp.a(alt_close.o)
 .data          0x000000000002fe54      0x1a8 ../easfd_bsp/\libhal_bsp.a(alt_dev.o)
                0x000000000002fe54                alt_dev_null
                0x000000000002fe7c                alt_fd_list
 .data          0x000000000002fffc        0x0 ../easfd_bsp/\libhal_bsp.a(alt_errno.o)
 .data          0x000000000002fffc        0x0 ../easfd_bsp/\libhal_bsp.a(alt_fstat.o)
 .data          0x000000000002fffc        0x0 ../easfd_bsp/\libhal_bsp.a(alt_isatty.o)
 .data          0x000000000002fffc        0x0 ../easfd_bsp/\libhal_bsp.a(alt_load.o)
 .data          0x000000000002fffc        0x0 ../easfd_bsp/\libhal_bsp.a(alt_lseek.o)
 .data          0x000000000002fffc        0x0 ../easfd_bsp/\libhal_bsp.a(alt_main.o)
 .data          0x000000000002fffc        0x0 ../easfd_bsp/\libhal_bsp.a(alt_malloc_lock.o)
 .data          0x000000000002fffc        0x0 ../easfd_bsp/\libhal_bsp.a(alt_read.o)
 .data          0x000000000002fffc        0x0 ../easfd_bsp/\libhal_bsp.a(alt_release_fd.o)
 .data          0x000000000002fffc        0x0 ../easfd_bsp/\libhal_bsp.a(alt_sbrk.o)
 .data          0x000000000002fffc        0x0 ../easfd_bsp/\libhal_bsp.a(alt_write.o)
 .data          0x000000000002fffc     0x1060 ../easfd_bsp/\libhal_bsp.a(alt_sys_init.o)
 .data          0x000000000003105c        0x0 ../easfd_bsp/\libhal_bsp.a(altera_avalon_jtag_uart_fd.o)
 .data          0x000000000003105c        0x0 ../easfd_bsp/\libhal_bsp.a(altera_avalon_jtag_uart_init.o)
 .data          0x000000000003105c        0x0 ../easfd_bsp/\libhal_bsp.a(altera_avalon_jtag_uart_ioctl.o)
 .data          0x000000000003105c        0x0 ../easfd_bsp/\libhal_bsp.a(altera_avalon_jtag_uart_read.o)
 .data          0x000000000003105c        0x0 ../easfd_bsp/\libhal_bsp.a(altera_avalon_jtag_uart_write.o)
 .data          0x000000000003105c        0x0 ../easfd_bsp/\libhal_bsp.a(alt_alarm_start.o)
 .data          0x000000000003105c        0x0 ../easfd_bsp/\libhal_bsp.a(alt_dcache_flush_all.o)
 .data          0x000000000003105c        0x0 ../easfd_bsp/\libhal_bsp.a(alt_dev_llist_insert.o)
 .data          0x000000000003105c        0x0 ../easfd_bsp/\libhal_bsp.a(alt_do_ctors.o)
 .data          0x000000000003105c        0x0 ../easfd_bsp/\libhal_bsp.a(alt_do_dtors.o)
 .data          0x000000000003105c        0x0 ../easfd_bsp/\libhal_bsp.a(alt_icache_flush_all.o)
 .data          0x000000000003105c        0x0 ../easfd_bsp/\libhal_bsp.a(alt_iic.o)
 .data          0x000000000003105c        0x0 ../easfd_bsp/\libhal_bsp.a(alt_iic_isr_register.o)
 .data          0x000000000003105c        0x0 ../easfd_bsp/\libhal_bsp.a(alt_io_redirect.o)
 .data          0x000000000003105c        0x0 ../easfd_bsp/\libhal_bsp.a(alt_irq_entry.o)
 .data          0x000000000003105c        0x0 ../easfd_bsp/\libhal_bsp.a(alt_irq_handler.o)
 .data          0x000000000003105c        0x0 ../easfd_bsp/\libhal_bsp.a(alt_irq_vars.o)
 .data          0x000000000003105c        0x0 ../easfd_bsp/\libhal_bsp.a(alt_open.o)
 .data          0x000000000003105c        0x0 ../easfd_bsp/\libhal_bsp.a(alt_tick.o)
 .data          0x000000000003105c        0x0 ../easfd_bsp/\libhal_bsp.a(altera_nios2_gen2_irq.o)
 .data          0x000000000003105c        0x0 ../easfd_bsp/\libhal_bsp.a(alt_exception_entry.o)
 .data          0x000000000003105c        0x0 ../easfd_bsp/\libhal_bsp.a(alt_find_dev.o)
 .data          0x000000000003105c        0x0 ../easfd_bsp/\libhal_bsp.a(alt_find_file.o)
 .data          0x000000000003105c        0x0 ../easfd_bsp/\libhal_bsp.a(alt_get_fd.o)
 .data          0x000000000003105c        0x0 ../easfd_bsp/\libhal_bsp.a(alt_icache_flush.o)
 .data          0x000000000003105c        0x0 ../easfd_bsp/\libhal_bsp.a(alt_instruction_exception_entry.o)
 .data          0x000000000003105c        0x0 c:/users/jasper/desktop/vhdl/quartuslitefiles/nios2eds/bin/gnu/h-x86_64-mingw32/bin/../lib/gcc/nios2-elf/5.3.0/../../../../../H-x86_64-mingw32/nios2-elf/lib\libc.a(lib_a-atexit.o)
 .data          0x000000000003105c        0x0 c:/users/jasper/desktop/vhdl/quartuslitefiles/nios2eds/bin/gnu/h-x86_64-mingw32/bin/../lib/gcc/nios2-elf/5.3.0/../../../../../H-x86_64-mingw32/nios2-elf/lib\libc.a(lib_a-exit.o)
 .data          0x000000000003105c        0x0 c:/users/jasper/desktop/vhdl/quartuslitefiles/nios2eds/bin/gnu/h-x86_64-mingw32/bin/../lib/gcc/nios2-elf/5.3.0/../../../../../H-x86_64-mingw32/nios2-elf/lib\libc.a(lib_a-memcmp.o)
 .data          0x000000000003105c        0x0 c:/users/jasper/desktop/vhdl/quartuslitefiles/nios2eds/bin/gnu/h-x86_64-mingw32/bin/../lib/gcc/nios2-elf/5.3.0/../../../../../H-x86_64-mingw32/nios2-elf/lib\libc.a(lib_a-__atexit.o)
 .data          0x000000000003105c        0x0 c:/users/jasper/desktop/vhdl/quartuslitefiles/nios2eds/bin/gnu/h-x86_64-mingw32/bin/../lib/gcc/nios2-elf/5.3.0/../../../../../H-x86_64-mingw32/nios2-elf/lib\libc.a(lib_a-__call_atexit.o)
 .data          0x000000000003105c        0x0 ../easfd_bsp/\libhal_bsp.a(alt_exit.o)
                0x000000000003905c                _gp = ABSOLUTE ((. + 0x8000))
                [!provide]                        PROVIDE (gp, _gp)
 *(.rwdata .rwdata.*)
 *(.sdata .sdata.* .gnu.linkonce.s.*)
 .sdata._global_impure_ptr
                0x000000000003105c        0x4 c:/users/jasper/desktop/vhdl/quartuslitefiles/nios2eds/bin/gnu/h-x86_64-mingw32/bin/../lib/gcc/nios2-elf/5.3.0/../../../../../H-x86_64-mingw32/nios2-elf/lib\libc.a(lib_a-impure.o)
                0x000000000003105c                _global_impure_ptr
 .sdata._impure_ptr
                0x0000000000031060        0x4 c:/users/jasper/desktop/vhdl/quartuslitefiles/nios2eds/bin/gnu/h-x86_64-mingw32/bin/../lib/gcc/nios2-elf/5.3.0/../../../../../H-x86_64-mingw32/nios2-elf/lib\libc.a(lib_a-impure.o)
                0x0000000000031060                _impure_ptr
 .sdata.__mb_cur_max
                0x0000000000031064        0x4 c:/users/jasper/desktop/vhdl/quartuslitefiles/nios2eds/bin/gnu/h-x86_64-mingw32/bin/../lib/gcc/nios2-elf/5.3.0/../../../../../H-x86_64-mingw32/nios2-elf/lib\libc.a(lib_a-locale.o)
                0x0000000000031064                __mb_cur_max
 .sdata.__malloc_sbrk_base
                0x0000000000031068        0x4 c:/users/jasper/desktop/vhdl/quartuslitefiles/nios2eds/bin/gnu/h-x86_64-mingw32/bin/../lib/gcc/nios2-elf/5.3.0/../../../../../H-x86_64-mingw32/nios2-elf/lib\libc.a(lib_a-mallocr.o)
                0x0000000000031068                __malloc_sbrk_base
 .sdata.__malloc_trim_threshold
                0x000000000003106c        0x4 c:/users/jasper/desktop/vhdl/quartuslitefiles/nios2eds/bin/gnu/h-x86_64-mingw32/bin/../lib/gcc/nios2-elf/5.3.0/../../../../../H-x86_64-mingw32/nios2-elf/lib\libc.a(lib_a-mallocr.o)
                0x000000000003106c                __malloc_trim_threshold
 .sdata.__wctomb
                0x0000000000031070        0x4 c:/users/jasper/desktop/vhdl/quartuslitefiles/nios2eds/bin/gnu/h-x86_64-mingw32/bin/../lib/gcc/nios2-elf/5.3.0/../../../../../H-x86_64-mingw32/nios2-elf/lib\libc.a(lib_a-wctomb_r.o)
                0x0000000000031070                __wctomb
 .sdata         0x0000000000031074       0x14 ../easfd_bsp/\libhal_bsp.a(alt_dev.o)
                0x0000000000031074                alt_fs_list
                0x000000000003107c                alt_dev_list
                0x0000000000031084                alt_max_fd
 .sdata         0x0000000000031088        0x4 ../easfd_bsp/\libhal_bsp.a(alt_errno.o)
                0x0000000000031088                alt_errno
 .sdata         0x000000000003108c        0x4 ../easfd_bsp/\libhal_bsp.a(alt_sbrk.o)
 .sdata         0x0000000000031090        0x4 ../easfd_bsp/\libhal_bsp.a(alt_irq_vars.o)
                0x0000000000031090                alt_priority_mask
 .sdata         0x0000000000031094        0x8 ../easfd_bsp/\libhal_bsp.a(alt_tick.o)
                0x0000000000031094                alt_alarm_list
 *(.sdata2 .sdata2.* .gnu.linkonce.s2.*)
                0x000000000003109c                . = ALIGN (0x4)
                0x000000000003109c                _edata = ABSOLUTE (.)
                [!provide]                        PROVIDE (edata, ABSOLUTE (.))
                0x000000000003109c                PROVIDE (__ram_rwdata_end, ABSOLUTE (.))
                0x000000000003109c                PROVIDE (__flash_rwdata_start, LOADADDR (.rwdata))

.bss            0x0000000000032b88      0x160
                0x0000000000032b88                __bss_start = ABSOLUTE (.)
                [!provide]                        PROVIDE (__sbss_start, ABSOLUTE (.))
                [!provide]                        PROVIDE (___sbss_start, ABSOLUTE (.))
 *(.dynsbss)
 *(.sbss .sbss.* .gnu.linkonce.sb.*)
 .sbss._PathLocale
                0x0000000000032b88        0x4 c:/users/jasper/desktop/vhdl/quartuslitefiles/nios2eds/bin/gnu/h-x86_64-mingw32/bin/../lib/gcc/nios2-elf/5.3.0/../../../../../H-x86_64-mingw32/nios2-elf/lib\libc.a(lib_a-locale.o)
                0x0000000000032b88                _PathLocale
 .sbss.__mlocale_changed
                0x0000000000032b8c        0x4 c:/users/jasper/desktop/vhdl/quartuslitefiles/nios2eds/bin/gnu/h-x86_64-mingw32/bin/../lib/gcc/nios2-elf/5.3.0/../../../../../H-x86_64-mingw32/nios2-elf/lib\libc.a(lib_a-locale.o)
                0x0000000000032b8c                __mlocale_changed
 .sbss.__nlocale_changed
                0x0000000000032b90        0x4 c:/users/jasper/desktop/vhdl/quartuslitefiles/nios2eds/bin/gnu/h-x86_64-mingw32/bin/../lib/gcc/nios2-elf/5.3.0/../../../../../H-x86_64-mingw32/nios2-elf/lib\libc.a(lib_a-locale.o)
                0x0000000000032b90                __nlocale_changed
 .sbss.__malloc_max_total_mem
                0x0000000000032b94        0x4 c:/users/jasper/desktop/vhdl/quartuslitefiles/nios2eds/bin/gnu/h-x86_64-mingw32/bin/../lib/gcc/nios2-elf/5.3.0/../../../../../H-x86_64-mingw32/nios2-elf/lib\libc.a(lib_a-mallocr.o)
                0x0000000000032b94                __malloc_max_total_mem
 .sbss.__malloc_max_sbrked_mem
                0x0000000000032b98        0x4 c:/users/jasper/desktop/vhdl/quartuslitefiles/nios2eds/bin/gnu/h-x86_64-mingw32/bin/../lib/gcc/nios2-elf/5.3.0/../../../../../H-x86_64-mingw32/nios2-elf/lib\libc.a(lib_a-mallocr.o)
                0x0000000000032b98                __malloc_max_sbrked_mem
 .sbss.__malloc_top_pad
                0x0000000000032b9c        0x4 c:/users/jasper/desktop/vhdl/quartuslitefiles/nios2eds/bin/gnu/h-x86_64-mingw32/bin/../lib/gcc/nios2-elf/5.3.0/../../../../../H-x86_64-mingw32/nios2-elf/lib\libc.a(lib_a-mallocr.o)
                0x0000000000032b9c                __malloc_top_pad
 .sbss          0x0000000000032ba0        0x4 c:/users/jasper/desktop/vhdl/quartuslitefiles/nios2eds/bin/gnu/h-x86_64-mingw32/bin/../lib/gcc/nios2-elf/5.3.0/../../../../../H-x86_64-mingw32/nios2-elf/lib\libc.a(lib_a-int_errno.o)
                0x0000000000032ba0                errno
 .sbss          0x0000000000032ba4        0xc ../easfd_bsp/\libhal_bsp.a(alt_main.o)
                0x0000000000032ba4                alt_argc
                0x0000000000032ba8                alt_argv
                0x0000000000032bac                alt_envp
 .sbss          0x0000000000032bb0        0x4 ../easfd_bsp/\libhal_bsp.a(alt_irq_vars.o)
                0x0000000000032bb0                alt_irq_active
 .sbss          0x0000000000032bb4        0x8 ../easfd_bsp/\libhal_bsp.a(alt_tick.o)
                0x0000000000032bb4                _alt_tick_rate
                0x0000000000032bb8                _alt_nticks
 .sbss          0x0000000000032bbc        0x4 ../easfd_bsp/\libhal_bsp.a(alt_instruction_exception_entry.o)
                0x0000000000032bbc                alt_instruction_exception_handler
 *(.sbss2 .sbss2.* .gnu.linkonce.sb2.*)
 *(.scommon)
                [!provide]                        PROVIDE (__sbss_end, ABSOLUTE (.))
                [!provide]                        PROVIDE (___sbss_end, ABSOLUTE (.))
 *(.dynbss)
 *(.bss .bss.* .gnu.linkonce.b.*)
 .bss           0x0000000000032bc0        0x0 ../easfd_bsp//obj/HAL/src/crt0.o
 .bss           0x0000000000032bc0        0x0 obj/default/hello_world.o
 .bss           0x0000000000032bc0        0x0 c:/users/jasper/desktop/vhdl/quartuslitefiles/nios2eds/bin/gnu/h-x86_64-mingw32/bin/../lib/gcc/nios2-elf/5.3.0/../../../../../H-x86_64-mingw32/nios2-elf/lib\libc.a(lib_a-printf.o)
 .bss           0x0000000000032bc0        0x0 c:/users/jasper/desktop/vhdl/quartuslitefiles/nios2eds/bin/gnu/h-x86_64-mingw32/bin/../lib/gcc/nios2-elf/5.3.0/../../../../../H-x86_64-mingw32/nios2-elf/lib\libc.a(lib_a-puts.o)
 .bss           0x0000000000032bc0        0x0 c:/users/jasper/desktop/vhdl/quartuslitefiles/nios2eds/bin/gnu/h-x86_64-mingw32/bin/../lib/gcc/nios2-elf/5.3.0/../../../../../H-x86_64-mingw32/nios2-elf/lib\libc.a(lib_a-strlen.o)
 .bss           0x0000000000032bc0        0x0 c:/users/jasper/desktop/vhdl/quartuslitefiles/nios2eds/bin/gnu/h-x86_64-mingw32/bin/../lib/gcc/nios2-elf/5.3.0/../../../../../H-x86_64-mingw32/nios2-elf/lib\libc.a(lib_a-vfprintf.o)
 .bss           0x0000000000032bc0        0x0 c:/users/jasper/desktop/vhdl/quartuslitefiles/nios2eds/bin/gnu/h-x86_64-mingw32/bin/../lib/gcc/nios2-elf/5.3.0/../../../../../H-x86_64-mingw32/nios2-elf/lib\libc.a(lib_a-wsetup.o)
 .bss           0x0000000000032bc0        0x0 c:/users/jasper/desktop/vhdl/quartuslitefiles/nios2eds/bin/gnu/h-x86_64-mingw32/bin/../lib/gcc/nios2-elf/5.3.0/../../../../../H-x86_64-mingw32/nios2-elf/lib\libc.a(lib_a-dtoa.o)
 .bss           0x0000000000032bc0        0x0 c:/users/jasper/desktop/vhdl/quartuslitefiles/nios2eds/bin/gnu/h-x86_64-mingw32/bin/../lib/gcc/nios2-elf/5.3.0/../../../../../H-x86_64-mingw32/nios2-elf/lib\libc.a(lib_a-fflush.o)
 .bss           0x0000000000032bc0        0x0 c:/users/jasper/desktop/vhdl/quartuslitefiles/nios2eds/bin/gnu/h-x86_64-mingw32/bin/../lib/gcc/nios2-elf/5.3.0/../../../../../H-x86_64-mingw32/nios2-elf/lib\libc.a(lib_a-findfp.o)
 .bss           0x0000000000032bc0        0x0 c:/users/jasper/desktop/vhdl/quartuslitefiles/nios2eds/bin/gnu/h-x86_64-mingw32/bin/../lib/gcc/nios2-elf/5.3.0/../../../../../H-x86_64-mingw32/nios2-elf/lib\libc.a(lib_a-freer.o)
 .bss           0x0000000000032bc0        0x0 c:/users/jasper/desktop/vhdl/quartuslitefiles/nios2eds/bin/gnu/h-x86_64-mingw32/bin/../lib/gcc/nios2-elf/5.3.0/../../../../../H-x86_64-mingw32/nios2-elf/lib\libc.a(lib_a-fvwrite.o)
 .bss           0x0000000000032bc0        0x0 c:/users/jasper/desktop/vhdl/quartuslitefiles/nios2eds/bin/gnu/h-x86_64-mingw32/bin/../lib/gcc/nios2-elf/5.3.0/../../../../../H-x86_64-mingw32/nios2-elf/lib\libc.a(lib_a-fwalk.o)
 .bss           0x0000000000032bc0        0x0 c:/users/jasper/desktop/vhdl/quartuslitefiles/nios2eds/bin/gnu/h-x86_64-mingw32/bin/../lib/gcc/nios2-elf/5.3.0/../../../../../H-x86_64-mingw32/nios2-elf/lib\libc.a(lib_a-impure.o)
 .bss           0x0000000000032bc0        0x0 c:/users/jasper/desktop/vhdl/quartuslitefiles/nios2eds/bin/gnu/h-x86_64-mingw32/bin/../lib/gcc/nios2-elf/5.3.0/../../../../../H-x86_64-mingw32/nios2-elf/lib\libc.a(lib_a-locale.o)
 .bss           0x0000000000032bc0        0x0 c:/users/jasper/desktop/vhdl/quartuslitefiles/nios2eds/bin/gnu/h-x86_64-mingw32/bin/../lib/gcc/nios2-elf/5.3.0/../../../../../H-x86_64-mingw32/nios2-elf/lib\libc.a(lib_a-makebuf.o)
 .bss           0x0000000000032bc0        0x0 c:/users/jasper/desktop/vhdl/quartuslitefiles/nios2eds/bin/gnu/h-x86_64-mingw32/bin/../lib/gcc/nios2-elf/5.3.0/../../../../../H-x86_64-mingw32/nios2-elf/lib\libc.a(lib_a-mallocr.o)
 .bss.__malloc_current_mallinfo
                0x0000000000032bc0       0x28 c:/users/jasper/desktop/vhdl/quartuslitefiles/nios2eds/bin/gnu/h-x86_64-mingw32/bin/../lib/gcc/nios2-elf/5.3.0/../../../../../H-x86_64-mingw32/nios2-elf/lib\libc.a(lib_a-mallocr.o)
                0x0000000000032bc0                __malloc_current_mallinfo
 .bss           0x0000000000032be8        0x0 c:/users/jasper/desktop/vhdl/quartuslitefiles/nios2eds/bin/gnu/h-x86_64-mingw32/bin/../lib/gcc/nios2-elf/5.3.0/../../../../../H-x86_64-mingw32/nios2-elf/lib\libc.a(lib_a-memchr.o)
 .bss           0x0000000000032be8        0x0 c:/users/jasper/desktop/vhdl/quartuslitefiles/nios2eds/bin/gnu/h-x86_64-mingw32/bin/../lib/gcc/nios2-elf/5.3.0/../../../../../H-x86_64-mingw32/nios2-elf/lib\libc.a(lib_a-memcpy.o)
 .bss           0x0000000000032be8        0x0 c:/users/jasper/desktop/vhdl/quartuslitefiles/nios2eds/bin/gnu/h-x86_64-mingw32/bin/../lib/gcc/nios2-elf/5.3.0/../../../../../H-x86_64-mingw32/nios2-elf/lib\libc.a(lib_a-memmove.o)
 .bss           0x0000000000032be8        0x0 c:/users/jasper/desktop/vhdl/quartuslitefiles/nios2eds/bin/gnu/h-x86_64-mingw32/bin/../lib/gcc/nios2-elf/5.3.0/../../../../../H-x86_64-mingw32/nios2-elf/lib\libc.a(lib_a-memset.o)
 .bss           0x0000000000032be8        0x0 c:/users/jasper/desktop/vhdl/quartuslitefiles/nios2eds/bin/gnu/h-x86_64-mingw32/bin/../lib/gcc/nios2-elf/5.3.0/../../../../../H-x86_64-mingw32/nios2-elf/lib\libc.a(lib_a-mprec.o)
 .bss           0x0000000000032be8        0x0 c:/users/jasper/desktop/vhdl/quartuslitefiles/nios2eds/bin/gnu/h-x86_64-mingw32/bin/../lib/gcc/nios2-elf/5.3.0/../../../../../H-x86_64-mingw32/nios2-elf/lib\libc.a(lib_a-reallocr.o)
 .bss           0x0000000000032be8        0x0 c:/users/jasper/desktop/vhdl/quartuslitefiles/nios2eds/bin/gnu/h-x86_64-mingw32/bin/../lib/gcc/nios2-elf/5.3.0/../../../../../H-x86_64-mingw32/nios2-elf/lib\libc.a(lib_a-s_fpclassify.o)