Archive member included to satisfy reference by file (symbol)

c:/users/jasper/desktop/vhdl/quartuslitefiles/nios2eds/bin/gnu/h-x86_64-mingw32/bin/../lib/gcc/nios2-elf/5.3.0/../../../../../H-x86_64-mingw32/nios2-elf/lib\libc.a(lib_a-malloc.o)
                              obj/default/vector.o (malloc)
c:/users/jasper/desktop/vhdl/quartuslitefiles/nios2eds/bin/gnu/h-x86_64-mingw32/bin/../lib/gcc/nios2-elf/5.3.0/../../../../../H-x86_64-mingw32/nios2-elf/lib\libc.a(lib_a-mallocr.o)
                              c:/users/jasper/desktop/vhdl/quartuslitefiles/nios2eds/bin/gnu/h-x86_64-mingw32/bin/../lib/gcc/nios2-elf/5.3.0/../../../../../H-x86_64-mingw32/nios2-elf/lib\libc.a(lib_a-malloc.o) (_malloc_r)
c:/users/jasper/desktop/vhdl/quartuslitefiles/nios2eds/bin/gnu/h-x86_64-mingw32/bin/../lib/gcc/nios2-elf/5.3.0/../../../../../H-x86_64-mingw32/nios2-elf/lib\libc.a(lib_a-memset.o)
                              obj/default/vector.o (memset)
c:/users/jasper/desktop/vhdl/quartuslitefiles/nios2eds/bin/gnu/h-x86_64-mingw32/bin/../lib/gcc/nios2-elf/5.3.0/../../../../../H-x86_64-mingw32/nios2-elf/lib\libc.a(lib_a-printf.o)
                              obj/default/vector.o (printf)
c:/users/jasper/desktop/vhdl/quartuslitefiles/nios2eds/bin/gnu/h-x86_64-mingw32/bin/../lib/gcc/nios2-elf/5.3.0/../../../../../H-x86_64-mingw32/nios2-elf/lib\libc.a(lib_a-putchar.o)
                              obj/default/vector.o (putchar)
c:/users/jasper/desktop/vhdl/quartuslitefiles/nios2eds/bin/gnu/h-x86_64-mingw32/bin/../lib/gcc/nios2-elf/5.3.0/../../../../../H-x86_64-mingw32/nios2-elf/lib\libc.a(lib_a-puts.o)
                              obj/default/algo_ucos.o (puts)
c:/users/jasper/desktop/vhdl/quartuslitefiles/nios2eds/bin/gnu/h-x86_64-mingw32/bin/../lib/gcc/nios2-elf/5.3.0/../../../../../H-x86_64-mingw32/nios2-elf/lib\libc.a(lib_a-realloc.o)
                              obj/default/vector.o (realloc)
c:/users/jasper/desktop/vhdl/quartuslitefiles/nios2eds/bin/gnu/h-x86_64-mingw32/bin/../lib/gcc/nios2-elf/5.3.0/../../../../../H-x86_64-mingw32/nios2-elf/lib\libc.a(lib_a-reallocr.o)
                              c:/users/jasper/desktop/vhdl/quartuslitefiles/nios2eds/bin/gnu/h-x86_64-mingw32/bin/../lib/gcc/nios2-elf/5.3.0/../../../../../H-x86_64-mingw32/nios2-elf/lib\libc.a(lib_a-realloc.o) (_realloc_r)
c:/users/jasper/desktop/vhdl/quartuslitefiles/nios2eds/bin/gnu/h-x86_64-mingw32/bin/../lib/gcc/nios2-elf/5.3.0/../../../../../H-x86_64-mingw32/nios2-elf/lib\libc.a(lib_a-sbrkr.o)
                              c:/users/jasper/desktop/vhdl/quartuslitefiles/nios2eds/bin/gnu/h-x86_64-mingw32/bin/../lib/gcc/nios2-elf/5.3.0/../../../../../H-x86_64-mingw32/nios2-elf/lib\libc.a(lib_a-mallocr.o) (_sbrk_r)
c:/users/jasper/desktop/vhdl/quartuslitefiles/nios2eds/bin/gnu/h-x86_64-mingw32/bin/../lib/gcc/nios2-elf/5.3.0/../../../../../H-x86_64-mingw32/nios2-elf/lib\libc.a(lib_a-strlen.o)
                              c:/users/jasper/desktop/vhdl/quartuslitefiles/nios2eds/bin/gnu/h-x86_64-mingw32/bin/../lib/gcc/nios2-elf/5.3.0/../../../../../H-x86_64-mingw32/nios2-elf/lib\libc.a(lib_a-puts.o) (strlen)
c:/users/jasper/desktop/vhdl/quartuslitefiles/nios2eds/bin/gnu/h-x86_64-mingw32/bin/../lib/gcc/nios2-elf/5.3.0/../../../../../H-x86_64-mingw32/nios2-elf/lib\libc.a(lib_a-vfprintf.o)
                              c:/users/jasper/desktop/vhdl/quartuslitefiles/nios2eds/bin/gnu/h-x86_64-mingw32/bin/../lib/gcc/nios2-elf/5.3.0/../../../../../H-x86_64-mingw32/nios2-elf/lib\libc.a(lib_a-printf.o) (___vfprintf_internal_r)
c:/users/jasper/desktop/vhdl/quartuslitefiles/nios2eds/bin/gnu/h-x86_64-mingw32/bin/../lib/gcc/nios2-elf/5.3.0/../../../../../H-x86_64-mingw32/nios2-elf/lib\libc.a(lib_a-wsetup.o)
                              c:/users/jasper/desktop/vhdl/quartuslitefiles/nios2eds/bin/gnu/h-x86_64-mingw32/bin/../lib/gcc/nios2-elf/5.3.0/../../../../../H-x86_64-mingw32/nios2-elf/lib\libc.a(lib_a-vfprintf.o) (__swsetup_r)
c:/users/jasper/desktop/vhdl/quartuslitefiles/nios2eds/bin/gnu/h-x86_64-mingw32/bin/../lib/gcc/nios2-elf/5.3.0/../../../../../H-x86_64-mingw32/nios2-elf/lib\libc.a(lib_a-dtoa.o)
                              c:/users/jasper/desktop/vhdl/quartuslitefiles/nios2eds/bin/gnu/h-x86_64-mingw32/bin/../lib/gcc/nios2-elf/5.3.0/../../../../../H-x86_64-mingw32/nios2-elf/lib\libc.a(lib_a-vfprintf.o) (_dtoa_r)
c:/users/jasper/desktop/vhdl/quartuslitefiles/nios2eds/bin/gnu/h-x86_64-mingw32/bin/../lib/gcc/nios2-elf/5.3.0/../../../../../H-x86_64-mingw32/nios2-elf/lib\libc.a(lib_a-fflush.o)
                              c:/users/jasper/desktop/vhdl/quartuslitefiles/nios2eds/bin/gnu/h-x86_64-mingw32/bin/../lib/gcc/nios2-elf/5.3.0/../../../../../H-x86_64-mingw32/nios2-elf/lib\libc.a(lib_a-vfprintf.o) (_fflush_r)
c:/users/jasper/desktop/vhdl/quartuslitefiles/nios2eds/bin/gnu/h-x86_64-mingw32/bin/../lib/gcc/nios2-elf/5.3.0/../../../../../H-x86_64-mingw32/nios2-elf/lib\libc.a(lib_a-findfp.o)
[...]
Memory Configuration

Name             Origin             Length             Attributes
reset            0x0000000000020000 0x0000000000000020
onchip_memory2_0 0x0000000000020020 0x000000000001ffe0
*default*        0x0000000000000000 0xffffffffffffffff

Linker script and memory map

LOAD ../CameraMetNios//obj/HAL/src/crt0.o
LOAD obj/default/algo_ucos.o
LOAD obj/default/hello_ucosii.o
LOAD obj/default/vector.o
LOAD c:/users/jasper/desktop/vhdl/quartuslitefiles/nios2eds/bin/gnu/h-x86_64-mingw32/bin/../lib/gcc/nios2-elf/5.3.0/../../../../../H-x86_64-mingw32/nios2-elf/lib\libstdc++.a
LOAD c:/users/jasper/desktop/vhdl/quartuslitefiles/nios2eds/bin/gnu/h-x86_64-mingw32/bin/../lib/gcc/nios2-elf/5.3.0/../../../../../H-x86_64-mingw32/nios2-elf/lib\libm.a
LOAD c:/users/jasper/desktop/vhdl/quartuslitefiles/nios2eds/bin/gnu/h-x86_64-mingw32/bin/../lib/gcc/nios2-elf/5.3.0\libgcc.a
START GROUP
LOAD c:/users/jasper/desktop/vhdl/quartuslitefiles/nios2eds/bin/gnu/h-x86_64-mingw32/bin/../lib/gcc/nios2-elf/5.3.0/../../../../../H-x86_64-mingw32/nios2-elf/lib\libc.a
LOAD c:/users/jasper/desktop/vhdl/quartuslitefiles/nios2eds/bin/gnu/h-x86_64-mingw32/bin/../lib/gcc/nios2-elf/5.3.0\libgcc.a
LOAD ../CameraMetNios/\libucosii_bsp.a
LOAD c:/users/jasper/desktop/vhdl/quartuslitefiles/nios2eds/bin/gnu/h-x86_64-mingw32/bin/../lib/gcc/nios2-elf/5.3.0/../../../../../H-x86_64-mingw32/nios2-elf/lib\libm.a
END GROUP
LOAD c:/users/jasper/desktop/vhdl/quartuslitefiles/nios2eds/bin/gnu/h-x86_64-mingw32/bin/../lib/gcc/nios2-elf/5.3.0\libgcc.a
                0x0000000000020000                __alt_mem_onchip_memory2_0 = 0x20000

.entry          0x0000000000020000       0x20
 *(.entry)
 .entry         0x0000000000020000       0x20 ../CameraMetNios//obj/HAL/src/crt0.o
                0x0000000000020000                __reset

.exceptions     0x0000000000020020      0x224
                0x0000000000020020                PROVIDE (__ram_exceptions_start, ABSOLUTE (.))
                0x0000000000020020                . = ALIGN (0x20)
 *(.irq)
 *(.exceptions.entry.label)
 .exceptions.entry.label
                0x0000000000020020        0x0 ../CameraMetNios/\libucosii_bsp.a(alt_irq_entry.o)
                0x0000000000020020                alt_irq_entry
 .exceptions.entry.label
                0x0000000000020020        0x0 ../CameraMetNios/\libucosii_bsp.a(alt_exception_entry.o)
                0x0000000000020020                alt_exception
 *(.exceptions.entry.user)
 *(.exceptions.entry.ecc_fatal)
 *(.exceptions.entry)
 .exceptions.entry
                0x0000000000020020       0x54 ../CameraMetNios/\libucosii_bsp.a(alt_exception_entry.o)
 *(.exceptions.irqtest.user)
 *(.exceptions.irqtest)
 .exceptions.irqtest
                0x0000000000020074       0x10 ../CameraMetNios/\libucosii_bsp.a(alt_irq_entry.o)
 *(.exceptions.irqhandler.user)
 *(.exceptions.irqhandler)
 .exceptions.irqhandler
                0x0000000000020084        0x4 ../CameraMetNios/\libucosii_bsp.a(alt_irq_entry.o)
 *(.exceptions.irqreturn.user)
 *(.exceptions.irqreturn)
 .exceptions.irqreturn
                0x0000000000020088        0x4 ../CameraMetNios/\libucosii_bsp.a(alt_irq_entry.o)
 *(.exceptions.notirq.label)
 .exceptions.notirq.label
                0x000000000002008c        0x0 ../CameraMetNios/\libucosii_bsp.a(alt_irq_entry.o)
 *(.exceptions.notirq.user)
 *(.exceptions.notirq)
 .exceptions.notirq
                0x000000000002008c        0x8 ../CameraMetNios/\libucosii_bsp.a(alt_exception_entry.o)
 *(.exceptions.soft.user)
 *(.exceptions.soft)
 *(.exceptions.unknown.user)
 *(.exceptions.unknown)
 .exceptions.unknown
                0x0000000000020094       0x14 ../CameraMetNios/\libucosii_bsp.a(alt_exception_entry.o)
 *(.exceptions.exit.label)
 .exceptions.exit.label
                0x00000000000200a8        0x0 ../CameraMetNios/\libucosii_bsp.a(alt_irq_entry.o)
 .exceptions.exit.label
                0x00000000000200a8        0x0 ../CameraMetNios/\libucosii_bsp.a(alt_exception_entry.o)
 *(.exceptions.exit.user)
 *(.exceptions.exit)
 .exceptions.exit
                0x00000000000200a8       0x54 ../CameraMetNios/\libucosii_bsp.a(alt_exception_entry.o)
 *(.exceptions)
 .exceptions    0x00000000000200fc       0xd4 ../CameraMetNios/\libucosii_bsp.a(alt_irq_handler.o)
                0x00000000000200fc                alt_irq_handler
 .exceptions    0x00000000000201d0       0x74 ../CameraMetNios/\libucosii_bsp.a(alt_instruction_exception_entry.o)
                0x00000000000201d0                alt_instruction_exception_entry
                0x0000000000020244                PROVIDE (__ram_exceptions_end, ABSOLUTE (.))
                0x0000000000020020                PROVIDE (__flash_exceptions_start, LOADADDR (.exceptions))

.text           0x0000000000020244    0x17b98
                [!provide]                        PROVIDE (stext, ABSOLUTE (.))
 *(.interp)
 *(.hash)
 *(.dynsym)
 *(.dynstr)
 *(.gnu.version)
 *(.gnu.version_d)
 *(.gnu.version_r)
 *(.rel.init)
 *(.rela.init)
 *(.rel.text .rel.text.* .rel.gnu.linkonce.t.*)
 *(.rela.text .rela.text.* .rela.gnu.linkonce.t.*)
 *(.rel.fini)
 *(.rela.fini)
 *(.rel.rodata .rel.rodata.* .rel.gnu.linkonce.r.*)
 *(.rela.rodata .rela.rodata.* .rela.gnu.linkonce.r.*)
 *(.rel.data .rel.data.* .rel.gnu.linkonce.d.*)
 *(.rela.data .rela.data.* .rela.gnu.linkonce.d.*)
 *(.rel.tdata .rel.tdata.* .rel.gnu.linkonce.td.*)
 *(.rela.tdata .rela.tdata.* .rela.gnu.linkonce.td.*)
 *(.rel.tbss .rel.tbss.* .rel.gnu.linkonce.tb.*)
 *(.rela.tbss .rela.tbss.* .rela.gnu.linkonce.tb.*)
 *(.rel.ctors)
 *(.rela.ctors)
 *(.rel.dtors)
 *(.rela.dtors)
 *(.rel.got)
 *(.rela.got)
 *(.rel.sdata .rel.sdata.* .rel.gnu.linkonce.s.*)
 *(.rela.sdata .rela.sdata.* .rela.gnu.linkonce.s.*)
 *(.rel.sbss .rel.sbss.* .rel.gnu.linkonce.sb.*)
 *(.rela.sbss .rela.sbss.* .rela.gnu.linkonce.sb.*)
 *(.rel.sdata2 .rel.sdata2.* .rel.gnu.linkonce.s2.*)
 *(.rela.sdata2 .rela.sdata2.* .rela.gnu.linkonce.s2.*)
 *(.rel.sbss2 .rel.sbss2.* .rel.gnu.linkonce.sb2.*)
 *(.rela.sbss2 .rela.sbss2.* .rela.gnu.linkonce.sb2.*)
 *(.rel.bss .rel.bss.* .rel.gnu.linkonce.b.*)
 *(.rela.bss .rela.bss.* .rela.gnu.linkonce.b.*)
 *(.rel.plt)
 *(.rela.plt)
 *(.rel.dyn)
 *(.init)
 *(.plt)
 *(.text .stub .text.* .gnu.linkonce.t.*)
 .text          0x0000000000020244       0x4c ../CameraMetNios//obj/HAL/src/crt0.o
                0x0000000000020244                _start
 .text          0x0000000000020290      0x11c obj/default/algo_ucos.o
                0x0000000000020290                task1
                0x00000000000202c8                task2
                0x0000000000020300                main
 .text          0x00000000000203ac      0x11c obj/default/hello_ucosii.o
 .text          0x00000000000204c8      0x668 obj/default/vector.o
                0x00000000000204c8                vectorInit
                0x0000000000020514                vectorCount
                0x000000000002053c                vectorAdd
                0x000000000002065c                vectorSet
                0x00000000000206bc                vectorGet
                0x0000000000020714                vectorDelete
                0x0000000000020848                vectorFree
                0x0000000000020884                printLocation
                0x00000000000208dc                printCapture
                0x00000000000209e8                printVector
 .text          0x0000000000020b30        0x0 c:/users/jasper/desktop/vhdl/quartuslitefiles/nios2eds/bin/gnu/h-x86_64-mingw32/bin/../lib/gcc/nios2-elf/5.3.0/../../../../../H-x86_64-mingw32/nios2-elf/lib\libc.a(lib_a-malloc.o)
 .text.malloc   0x0000000000020b30       0x14 c:/users/jasper/desktop/vhdl/quartuslitefiles/nios2eds/bin/gnu/h-x86_64-mingw32/bin/../lib/gcc/nios2-elf/5.3.0/../../../../../H-x86_64-mingw32/nios2-elf/lib\libc.a(lib_a-malloc.o)
                0x0000000000020b30                malloc
 .text.free     0x0000000000020b44       0x14 c:/users/jasper/desktop/vhdl/quartuslitefiles/nios2eds/bin/gnu/h-x86_64-mingw32/bin/../lib/gcc/nios2-elf/5.3.0/../../../../../H-x86_64-mingw32/nios2-elf/lib\libc.a(lib_a-malloc.o)
                0x0000000000020b44                free
 .text          0x0000000000020b58        0x0 c:/users/jasper/desktop/vhdl/quartuslitefiles/nios2eds/bin/gnu/h-x86_64-mingw32/bin/../lib/gcc/nios2-elf/5.3.0/../../../../../H-x86_64-mingw32/nios2-elf/lib\libc.a(lib_a-mallocr.o)
 .text._malloc_r
                0x0000000000020b58      0x80c c:/users/jasper/desktop/vhdl/quartuslitefiles/nios2eds/bin/gnu/h-x86_64-mingw32/bin/../lib/gcc/nios2-elf/5.3.0/../../../../../H-x86_64-mingw32/nios2-elf/lib\libc.a(lib_a-mallocr.o)
                0x0000000000020b58                _malloc_r
 .text          0x0000000000021364        0x0 c:/users/jasper/desktop/vhdl/quartuslitefiles/nios2eds/bin/gnu/h-x86_64-mingw32/bin/../lib/gcc/nios2-elf/5.3.0/../../../../../H-x86_64-mingw32/nios2-elf/lib\libc.a(lib_a-memset.o)
 .text.memset   0x0000000000021364      0x128 c:/users/jasper/desktop/vhdl/quartuslitefiles/nios2eds/bin/gnu/h-x86_64-mingw32/bin/../lib/gcc/nios2-elf/5.3.0/../../../../../H-x86_64-mingw32/nios2-elf/lib\libc.a(lib_a-memset.o)
                0x0000000000021364                memset
 .text          0x000000000002148c        0x0 c:/users/jasper/desktop/vhdl/quartuslitefiles/nios2eds/bin/gnu/h-x86_64-mingw32/bin/../lib/gcc/nios2-elf/5.3.0/../../../../../H-x86_64-mingw32/nios2-elf/lib\libc.a(lib_a-printf.o)
 .text._printf_r
                0x000000000002148c       0x30 c:/users/jasper/desktop/vhdl/quartuslitefiles/nios2eds/bin/gnu/h-x86_64-mingw32/bin/../lib/gcc/nios2-elf/5.3.0/../../../../../H-x86_64-mingw32/nios2-elf/lib\libc.a(lib_a-printf.o)
                0x000000000002148c                _printf_r
 .text.printf   0x00000000000214bc       0x3c c:/users/jasper/desktop/vhdl/quartuslitefiles/nios2eds/bin/gnu/h-x86_64-mingw32/bin/../lib/gcc/nios2-elf/5.3.0/../../../../../H-x86_64-mingw32/nios2-elf/lib\libc.a(lib_a-printf.o)
                0x00000000000214bc                printf
 .text          0x00000000000214f8        0x0 c:/users/jasper/desktop/vhdl/quartuslitefiles/nios2eds/bin/gnu/h-x86_64-mingw32/bin/../lib/gcc/nios2-elf/5.3.0/../../../../../H-x86_64-mingw32/nios2-elf/lib\libc.a(lib_a-putchar.o)
 .text._putchar_r
                0x00000000000214f8        0x8 c:/users/jasper/desktop/vhdl/quartuslitefiles/nios2eds/bin/gnu/h-x86_64-mingw32/bin/../lib/gcc/nios2-elf/5.3.0/../../../../../H-x86_64-mingw32/nios2-elf/lib\libc.a(lib_a-putchar.o)
                0x00000000000214f8                _putchar_r
 .text.putchar  0x0000000000021500       0x18 c:/users/jasper/desktop/vhdl/quartuslitefiles/nios2eds/bin/gnu/h-x86_64-mingw32/bin/../lib/gcc/nios2-elf/5.3.0/../../../../../H-x86_64-mingw32/nios2-elf/lib\libc.a(lib_a-putchar.o)
                0x0000000000021500                putchar
 .text          0x0000000000021518        0x0 c:/users/jasper/desktop/vhdl/quartuslitefiles/nios2eds/bin/gnu/h-x86_64-mingw32/bin/../lib/gcc/nios2-elf/5.3.0/../../../../../H-x86_64-mingw32/nios2-elf/lib\libc.a(lib_a-puts.o)
 .text._puts_r  0x0000000000021518       0xc0 c:/users/jasper/desktop/vhdl/quartuslitefiles/nios2eds/bin/gnu/h-x86_64-mingw32/bin/../lib/gcc/nios2-elf/5.3.0/../../../../../H-x86_64-mingw32/nios2-elf/lib\libc.a(lib_a-puts.o)
                0x0000000000021518                _puts_r
 .text.puts     0x00000000000215d8       0x14 c:/users/jasper/desktop/vhdl/quartuslitefiles/nios2eds/bin/gnu/h-x86_64-mingw32/bin/../lib/gcc/nios2-elf/5.3.0/../../../../../H-x86_64-mingw32/nios2-elf/lib\libc.a(lib_a-puts.o)
                0x00000000000215d8                puts
 .text          0x00000000000215ec        0x0 c:/users/jasper/desktop/vhdl/quartuslitefiles/nios2eds/bin/gnu/h-x86_64-mingw32/bin/../lib/gcc/nios2-elf/5.3.0/../../../../../H-x86_64-mingw32/nios2-elf/lib\libc.a(lib_a-realloc.o)
 .text.realloc  0x00000000000215ec       0x18 c:/users/jasper/desktop/vhdl/quartuslitefiles/nios2eds/bin/gnu/h-x86_64-mingw32/bin/../lib/gcc/nios2-elf/5.3.0/../../../../../H-x86_64-mingw32/nios2-elf/lib\libc.a(lib_a-realloc.o)
                0x00000000000215ec                realloc
 .text          0x0000000000021604        0x0 c:/users/jasper/desktop/vhdl/quartuslitefiles/nios2eds/bin/gnu/h-x86_64-mingw32/bin/../lib/gcc/nios2-elf/5.3.0/../../../../../H-x86_64-mingw32/nios2-elf/lib\libc.a(lib_a-reallocr.o)
 .text._realloc_r
                0x0000000000021604      0x564 c:/users/jasper/desktop/vhdl/quartuslitefiles/nios2eds/bin/gnu/h-x86_64-mingw32/bin/../lib/gcc/nios2-elf/5.3.0/../../../../../H-x86_64-mingw32/nios2-elf/lib\libc.a(lib_a-reallocr.o)
                0x0000000000021604                _realloc_r
 .text          0x0000000000021b68        0x0 c:/users/jasper/desktop/vhdl/quartuslitefiles/nios2eds/bin/gnu/h-x86_64-mingw32/bin/../lib/gcc/nios2-elf/5.3.0/../../../../../H-x86_64-mingw32/nios2-elf/lib\libc.a(lib_a-sbrkr.o)
 .text._sbrk_r  0x0000000000021b68       0x54 c:/users/jasper/desktop/vhdl/quartuslitefiles/nios2eds/bin/gnu/h-x86_64-mingw32/bin/../lib/gcc/nios2-elf/5.3.0/../../../../../H-x86_64-mingw32/nios2-elf/lib\libc.a(lib_a-sbrkr.o)
                0x0000000000021b68                _sbrk_r
 .text          0x0000000000021bbc        0x0 c:/users/jasper/desktop/vhdl/quartuslitefiles/nios2eds/bin/gnu/h-x86_64-mingw32/bin/../lib/gcc/nios2-elf/5.3.0/../../../../../H-x86_64-mingw32/nios2-elf/lib\libc.a(lib_a-strlen.o)
 .text.strlen   0x0000000000021bbc       0x98 c:/users/jasper/desktop/vhdl/quartuslitefiles/nios2eds/bin/gnu/h-x86_64-mingw32/bin/../lib/gcc/nios2-elf/5.3.0/../../../../../H-x86_64-mingw32/nios2-elf/lib\libc.a(lib_a-strlen.o)
                0x0000000000021bbc                strlen
 .text          0x0000000000021c54        0x0 c:/users/jasper/desktop/vhdl/quartuslitefiles/nios2eds/bin/gnu/h-x86_64-mingw32/bin/../lib/gcc/nios2-elf/5.3.0/../../../../../H-x86_64-mingw32/nios2-elf/lib\libc.a(lib_a-vfprintf.o)
 .text.___vfprintf_internal_r
                0x0000000000021c54     0x21f8 c:/users/jasper/desktop/vhdl/quartuslitefiles/nios2eds/bin/gnu/h-x86_64-mingw32/bin/../lib/gcc/nios2-elf/5.3.0/../../../../../H-x86_64-mingw32/nios2-elf/lib\libc.a(lib_a-vfprintf.o)
                0x0000000000021c54                ___vfprintf_internal_r
 .text.__vfprintf_internal
                0x0000000000023e4c       0x1c c:/users/jasper/desktop/vhdl/quartuslitefiles/nios2eds/bin/gnu/h-x86_64-mingw32/bin/../lib/gcc/nios2-elf/5.3.0/../../../../../H-x86_64-mingw32/nios2-elf/lib\libc.a(lib_a-vfprintf.o)
                0x0000000000023e4c                __vfprintf_internal
 .text.__sbprintf
                0x0000000000023e68       0xbc c:/users/jasper/desktop/vhdl/quartuslitefiles/nios2eds/bin/gnu/h-x86_64-mingw32/bin/../lib/gcc/nios2-elf/5.3.0/../../../../../H-x86_64-mingw32/nios2-elf/lib\libc.a(lib_a-vfprintf.o)
 .text          0x0000000000023f24        0x0 c:/users/jasper/desktop/vhdl/quartuslitefiles/nios2eds/bin/gnu/h-x86_64-mingw32/bin/../lib/gcc/nios2-elf/5.3.0/../../../../../H-x86_64-mingw32/nios2-elf/lib\libc.a(lib_a-wsetup.o)
 .text.__swsetup_r
                0x0000000000023f24      0x154 c:/users/jasper/desktop/vhdl/quartuslitefiles/nios2eds/bin/gnu/h-x86_64-mingw32/bin/../lib/gcc/nios2-elf/5.3.0/../../../../../H-x86_64-mingw32/nios2-elf/lib\libc.a(lib_a-wsetup.o)
                0x0000000000023f24                __swsetup_r
 .text          0x0000000000024078        0x0 c:/users/jasper/desktop/vhdl/quartuslitefiles/nios2eds/bin/gnu/h-x86_64-mingw32/bin/../lib/gcc/nios2-elf/5.3.0/../../../../../H-x86_64-mingw32/nios2-elf/lib\libc.a(lib_a-dtoa.o)
 .text.quorem   0x0000000000024078      0x200 c:/users/jasper/desktop/vhdl/quartuslitefiles/nios2eds/bin/gnu/h-x86_64-mingw32/bin/../lib/gcc/nios2-elf/5.3.0/../../../../../H-x86_64-mingw32/nios2-elf/lib\libc.a(lib_a-dtoa.o)
 .text._dtoa_r  0x0000000000024278     0x1688 c:/users/jasper/desktop/vhdl/quartuslitefiles/nios2eds/bin/gnu/h-x86_64-mingw32/bin/../lib/gcc/nios2-elf/5.3.0/../../../../../H-x86_64-mingw32/nios2-elf/lib\libc.a(lib_a-dtoa.o)
                0x0000000000024278                _dtoa_r
 .text          0x0000000000025900        0x0 c:/users/jasper/desktop/vhdl/quartuslitefiles/nios2eds/bin/gnu/h-x86_64-mingw32/bin/../lib/gcc/nios2-elf/5.3.0/../../../../../H-x86_64-mingw32/nios2-elf/lib\libc.a(lib_a-fflush.o)
 .text.__sflush_r
                0x0000000000025900      0x21c c:/users/jasper/desktop/vhdl/quartuslitefiles/nios2eds/bin/gnu/h-x86_64-mingw32/bin/../lib/gcc/nios2-elf/5.3.0/../../../../../H-x86_64-mingw32/nios2-elf/lib\libc.a(lib_a-fflush.o)
                0x0000000000025900                __sflush_r
 .text._fflush_r
                0x0000000000025b1c       0x5c c:/users/jasper/desktop/vhdl/quartuslitefiles/nios2eds/bin/gnu/h-x86_64-mingw32/bin/../lib/gcc/nios2-elf/5.3.0/../../../../../H-x86_64-mingw32/nios2-elf/lib\libc.a(lib_a-fflush.o)
                0x0000000000025b1c                _fflush_r
 .text.fflush   0x0000000000025b78       0x30 c:/users/jasper/desktop/vhdl/quartuslitefiles/nios2eds/bin/gnu/h-x86_64-mingw32/bin/../lib/gcc/nios2-elf/5.3.0/../../../../../H-x86_64-mingw32/nios2-elf/lib\libc.a(lib_a-fflush.o)
                0x0000000000025b78                fflush
 .text          0x0000000000025ba8        0x0 c:/users/jasper/desktop/vhdl/quartuslitefiles/nios2eds/bin/gnu/h-x86_64-mingw32/bin/../lib/gcc/nios2-elf/5.3.0/../../../../../H-x86_64-mingw32/nios2-elf/lib\libc.a(lib_a-findfp.o)
 .text.__fp_unlock
                0x0000000000025ba8        0x8 c:/users/jasper/desktop/vhdl/quartuslitefiles/nios2eds/bin/gnu/h-x86_64-mingw32/bin/../lib/gcc/nios2-elf/5.3.0/../../../../../H-x86_64-mingw32/nios2-elf/lib\libc.a(lib_a-findfp.o)
 .text._cleanup_r
                0x0000000000025bb0        0xc c:/users/jasper/desktop/vhdl/quartuslitefiles/nios2eds/bin/gnu/h-x86_64-mingw32/bin/../lib/gcc/nios2-elf/5.3.0/../../../../../H-x86_64-mingw32/nios2-elf/lib\libc.a(lib_a-findfp.o)
                0x0000000000025bb0                _cleanup_r
 .text.__sinit.part.1
                0x0000000000025bbc      0x19c c:/users/jasper/desktop/vhdl/quartuslitefiles/nios2eds/bin/gnu/h-x86_64-mingw32/bin/../lib/gcc/nios2-elf/5.3.0/../../../../../H-x86_64-mingw32/nios2-elf/lib\libc.a(lib_a-findfp.o)
 .text.__fp_lock
                0x0000000000025d58        0x8 c:/users/jasper/desktop/vhdl/quartuslitefiles/nios2eds/bin/gnu/h-x86_64-mingw32/bin/../lib/gcc/nios2-elf/5.3.0/../../../../../H-x86_64-mingw32/nios2-elf/lib\libc.a(lib_a-findfp.o)
 .text.__sfmoreglue
                0x0000000000025d60       0x68 c:/users/jasper/desktop/vhdl/quartuslitefiles/nios2eds/bin/gnu/h-x86_64-mingw32/bin/../lib/gcc/nios2-elf/5.3.0/../../../../../H-x86_64-mingw32/nios2-elf/lib\libc.a(lib_a-findfp.o)
                0x0000000000025d60                __sfmoreglue
 .text.__sfp    0x0000000000025dc8      0x118 c:/users/jasper/desktop/vhdl/quartuslitefiles/nios2eds/bin/gnu/h-x86_64-mingw32/bin/../lib/gcc/nios2-elf/5.3.0/../../../../../H-x86_64-mingw32/nios2-elf/lib\libc.a(lib_a-findfp.o)
                0x0000000000025dc8                __sfp
 .text._cleanup
                0x0000000000025ee0       0x18 c:/users/jasper/desktop/vhdl/quartuslitefiles/nios2eds/bin/gnu/h-x86_64-mingw32/bin/../lib/gcc/nios2-elf/5.3.0/../../../../../H-x86_64-mingw32/nios2-elf/lib\libc.a(lib_a-findfp.o)
                0x0000000000025ee0                _cleanup
 .text.__sinit  0x0000000000025ef8       0x10 c:/users/jasper/desktop/vhdl/quartuslitefiles/nios2eds/bin/gnu/h-x86_64-mingw32/bin/../lib/gcc/nios2-elf/5.3.0/../../../../../H-x86_64-mingw32/nios2-elf/lib\libc.a(lib_a-findfp.o)
                0x0000000000025ef8                __sinit
 .text.__sfp_lock_acquire
                0x0000000000025f08        0x4 c:/users/jasper/desktop/vhdl/quartuslitefiles/nios2eds/bin/gnu/h-x86_64-mingw32/bin/../lib/gcc/nios2-elf/5.3.0/../../../../../H-x86_64-mingw32/nios2-elf/lib\libc.a(lib_a-findfp.o)
                0x0000000000025f08                __sfp_lock_acquire
 .text.__sfp_lock_release
                0x0000000000025f0c        0x4 c:/users/jasper/desktop/vhdl/quartuslitefiles/nios2eds/bin/gnu/h-x86_64-mingw32/bin/../lib/gcc/nios2-elf/5.3.0/../../../../../H-x86_64-mingw32/nios2-elf/lib\libc.a(lib_a-findfp.o)
                0x0000000000025f0c                __sfp_lock_release
 .text.__sinit_lock_acquire
                0x0000000000025f10        0x4 c:/users/jasper/desktop/vhdl/quartuslitefiles/nios2eds/bin/gnu/h-x86_64-mingw32/bin/../lib/gcc/nios2-elf/5.3.0/../../../../../H-x86_64-mingw32/nios2-elf/lib\libc.a(lib_a-findfp.o)
                0x0000000000025f10                __sinit_lock_acquire
 .text.__sinit_lock_release
                0x0000000000025f14        0x4 c:/users/jasper/desktop/vhdl/quartuslitefiles/nios2eds/bin/gnu/h-x86_64-mingw32/bin/../lib/gcc/nios2-elf/5.3.0/../../../../../H-x86_64-mingw32/nios2-elf/lib\libc.a(lib_a-findfp.o)
                0x0000000000025f14                __sinit_lock_release
 .text.__fp_lock_all
                0x0000000000025f18       0x18 c:/users/jasper/desktop/vhdl/quartuslitefiles/nios2eds/bin/gnu/h-x86_64-mingw32/bin/../lib/gcc/nios2-elf/5.3.0/../../../../../H-x86_64-mingw32/nios2-elf/lib\libc.a(lib_a-findfp.o)
                0x0000000000025f18                __fp_lock_all
 .text.__fp_unlock_all
                0x0000000000025f30       0x18 c:/users/jasper/desktop/vhdl/quartuslitefiles/nios2eds/bin/gnu/h-x86_64-mingw32/bin/../lib/gcc/nios2-elf/5.3.0/../../../../../H-x86_64-mingw32/nios2-elf/lib\libc.a(lib_a-findfp.o)
                0x0000000000025f30                __fp_unlock_all
 .text          0x0000000000025f48        0x0 c:/users/jasper/desktop/vhdl/quartuslitefiles/nios2eds/bin/gnu/h-x86_64-mingw32/bin/../lib/gcc/nios2-elf/5.3.0/../../../../../H-x86_64-mingw32/nios2-elf/lib\libc.a(lib_a-freer.o)
 .text._malloc_trim_r
                0x0000000000025f48      0x124 c:/users/jasper/desktop/vhdl/quartuslitefiles/nios2eds/bin/gnu/h-x86_64-mingw32/bin/../lib/gcc/nios2-elf/5.3.0/../../../../../H-x86_64-mingw32/nios2-elf/lib\libc.a(lib_a-freer.o)
                0x0000000000025f48                _malloc_trim_r
 .text._free_r  0x000000000002606c      0x310 c:/users/jasper/desktop/vhdl/quartuslitefiles/nios2eds/bin/gnu/h-x86_64-mingw32/bin/../lib/gcc/nios2-elf/5.3.0/../../../../../H-x86_64-mingw32/nios2-elf/lib\libc.a(lib_a-freer.o)
                0x000000000002606c                _free_r
 .text          0x000000000002637c        0x0 c:/users/jasper/desktop/vhdl/quartuslitefiles/nios2eds/bin/gnu/h-x86_64-mingw32/bin/../lib/gcc/nios2-elf/5.3.0/../../../../../H-x86_64-mingw32/nios2-elf/lib\libc.a(lib_a-fvwrite.o)
 .text.__sfvwrite_r
                0x000000000002637c      0x4bc c:/users/jasper/desktop/vhdl/quartuslitefiles/nios2eds/bin/gnu/h-x86_64-mingw32/bin/../lib/gcc/nios2-elf/5.3.0/../../../../../H-x86_64-mingw32/nios2-elf/lib\libc.a(lib_a-fvwrite.o)
                0x000000000002637c                __sfvwrite_r
 .text          0x0000000000026838        0x0 c:/users/jasper/desktop/vhdl/quartuslitefiles/nios2eds/bin/gnu/h-x86_64-mingw32/bin/../lib/gcc/nios2-elf/5.3.0/../../../../../H-x86_64-mingw32/nios2-elf/lib\libc.a(lib_a-fwalk.o)
 .text._fwalk   0x0000000000026838       0xc4 c:/users/jasper/desktop/vhdl/quartuslitefiles/nios2eds/bin/gnu/h-x86_64-mingw32/bin/../lib/gcc/nios2-elf/5.3.0/../../../../../H-x86_64-mingw32/nios2-elf/lib\libc.a(lib_a-fwalk.o)
                0x0000000000026838                _fwalk
 .text._fwalk_reent
                0x00000000000268fc       0xc4 c:/users/jasper/desktop/vhdl/quartuslitefiles/nios2eds/bin/gnu/h-x86_64-mingw32/bin/../lib/gcc/nios2-elf/5.3.0/../../../../../H-x86_64-mingw32/nios2-elf/lib\libc.a(lib_a-fwalk.o)
                0x00000000000268fc                _fwalk_reent
 .text          0x00000000000269c0        0x0 c:/users/jasper/desktop/vhdl/quartuslitefiles/nios2eds/bin/gnu/h-x86_64-mingw32/bin/../lib/gcc/nios2-elf/5.3.0/../../../../../H-x86_64-mingw32/nios2-elf/lib\libc.a(lib_a-impure.o)
 .text          0x00000000000269c0        0x0 c:/users/jasper/desktop/vhdl/quartuslitefiles/nios2eds/bin/gnu/h-x86_64-mingw32/bin/../lib/gcc/nios2-elf/5.3.0/../../../../../H-x86_64-mingw32/nios2-elf/lib\libc.a(lib_a-int_errno.o)
 .text          0x00000000000269c0        0x0 c:/users/jasper/desktop/vhdl/quartuslitefiles/nios2eds/bin/gnu/h-x86_64-mingw32/bin/../lib/gcc/nios2-elf/5.3.0/../../../../../H-x86_64-mingw32/nios2-elf/lib\libc.a(lib_a-locale.o)
 .text._setlocale_r
                0x00000000000269c0       0x7c c:/users/jasper/desktop/vhdl/quartuslitefiles/nios2eds/bin/gnu/h-x86_64-mingw32/bin/../lib/gcc/nios2-elf/5.3.0/../../../../../H-x86_64-mingw32/nios2-elf/lib\libc.a(lib_a-locale.o)
                0x00000000000269c0                _setlocale_r
 .text.__locale_charset
                0x0000000000026a3c        0xc c:/users/jasper/desktop/vhdl/quartuslitefiles/nios2eds/bin/gnu/h-x86_64-mingw32/bin/../lib/gcc/nios2-elf/5.3.0/../../../../../H-x86_64-mingw32/nios2-elf/lib\libc.a(lib_a-locale.o)
                0x0000000000026a3c                __locale_charset
 .text.__locale_mb_cur_max
                0x0000000000026a48       0x10 c:/users/jasper/desktop/vhdl/quartuslitefiles/nios2eds/bin/gnu/h-x86_64-mingw32/bin/../lib/gcc/nios2-elf/5.3.0/../../../../../H-x86_64-mingw32/nios2-elf/lib\libc.a(lib_a-locale.o)
                0x0000000000026a48                __locale_mb_cur_max
 .text.__locale_msgcharset
                0x0000000000026a58        0xc c:/users/jasper/desktop/vhdl/quartuslitefiles/nios2eds/bin/gnu/h-x86_64-mingw32/bin/../lib/gcc/nios2-elf/5.3.0/../../../../../H-x86_64-mingw32/nios2-elf/lib\libc.a(lib_a-locale.o)
                0x0000000000026a58                __locale_msgcharset
 .text.__locale_cjk_lang
                0x0000000000026a64        0x8 c:/users/jasper/desktop/vhdl/quartuslitefiles/nios2eds/bin/gnu/h-x86_64-mingw32/bin/../lib/gcc/nios2-elf/5.3.0/../../../../../H-x86_64-mingw32/nios2-elf/lib\libc.a(lib_a-locale.o)
                0x0000000000026a64                __locale_cjk_lang
 .text._localeconv_r
                0x0000000000026a6c        0xc c:/users/jasper/desktop/vhdl/quartuslitefiles/nios2eds/bin/gnu/h-x86_64-mingw32/bin/../lib/gcc/nios2-elf/5.3.0/../../../../../H-x86_64-mingw32/nios2-elf/lib\libc.a(lib_a-locale.o)
                0x0000000000026a6c                _localeconv_r
 .text.setlocale
                0x0000000000026a78       0x18 c:/users/jasper/desktop/vhdl/quartuslitefiles/nios2eds/bin/gnu/h-x86_64-mingw32/bin/../lib/gcc/nios2-elf/5.3.0/../../../../../H-x86_64-mingw32/nios2-elf/lib\libc.a(lib_a-locale.o)
                0x0000000000026a78                setlocale
 .text.localeconv
                0x0000000000026a90        0xc c:/users/jasper/desktop/vhdl/quartuslitefiles/nios2eds/bin/gnu/h-x86_64-mingw32/bin/../lib/gcc/nios2-elf/5.3.0/../../../../../H-x86_64-mingw32/nios2-elf/lib\libc.a(lib_a-locale.o)
                0x0000000000026a90                localeconv
 .text          0x0000000000026a9c        0x0 c:/users/jasper/desktop/vhdl/quartuslitefiles/nios2eds/bin/gnu/h-x86_64-mingw32/bin/../lib/gcc/nios2-elf/5.3.0/../../../../../H-x86_64-mingw32/nios2-elf/lib\libc.a(lib_a-makebuf.o)
 .text.__smakebuf_r
                0x0000000000026a9c      0x1bc c:/users/jasper/desktop/vhdl/quartuslitefiles/nios2eds/bin/gnu/h-x86_64-mingw32/bin/../lib/gcc/nios2-elf/5.3.0/../../../../../H-x86_64-mingw32/nios2-elf/lib\libc.a(lib_a-makebuf.o)
                0x0000000000026a9c                __smakebuf_r
 .text          0x0000000000026c58        0x0 c:/users/jasper/desktop/vhdl/quartuslitefiles/nios2eds/bin/gnu/h-x86_64-mingw32/bin/../lib/gcc/nios2-elf/5.3.0/../../../../../H-x86_64-mingw32/nios2-elf/lib\libc.a(lib_a-memchr.o)
 .text.memchr   0x0000000000026c58       0xe4 c:/users/jasper/desktop/vhdl/quartuslitefiles/nios2eds/bin/gnu/h-x86_64-mingw32/bin/../lib/gcc/nios2-elf/5.3.0/../../../../../H-x86_64-mingw32/nios2-elf/lib\libc.a(lib_a-memchr.o)
                0x0000000000026c58                memchr
 .text          0x0000000000026d3c        0x0 c:/users/jasper/desktop/vhdl/quartuslitefiles/nios2eds/bin/gnu/h-x86_64-mingw32/bin/../lib/gcc/nios2-elf/5.3.0/../../../../../H-x86_64-mingw32/nios2-elf/lib\libc.a(lib_a-memcpy.o)
 .text.memcpy   0x0000000000026d3c      0x148 c:/users/jasper/desktop/vhdl/quartuslitefiles/nios2eds/bin/gnu/h-x86_64-mingw32/bin/../lib/gcc/nios2-elf/5.3.0/../../../../../H-x86_64-mingw32/nios2-elf/lib\libc.a(lib_a-memcpy.o)
                0x0000000000026d3c                memcpy
 .text          0x0000000000026e84        0x0 c:/users/jasper/desktop/vhdl/quartuslitefiles/nios2eds/bin/gnu/h-x86_64-mingw32/bin/../lib/gcc/nios2-elf/5.3.0/../../../../../H-x86_64-mingw32/nios2-elf/lib\libc.a(lib_a-memmove.o)
 .text.memmove  0x0000000000026e84      0x15c c:/users/jasper/desktop/vhdl/quartuslitefiles/nios2eds/bin/gnu/h-x86_64-mingw32/bin/../lib/gcc/nios2-elf/5.3.0/../../../../../H-x86_64-mingw32/nios2-elf/lib\libc.a(lib_a-memmove.o)
                0x0000000000026e84                memmove
 .text          0x0000000000026fe0        0x0 c:/users/jasper/desktop/vhdl/quartuslitefiles/nios2eds/bin/gnu/h-x86_64-mingw32/bin/../lib/gcc/nios2-elf/5.3.0/../../../../../H-x86_64-mingw32/nios2-elf/lib\libc.a(lib_a-mprec.o)
 .text._Balloc  0x0000000000026fe0       0xa8 c:/users/jasper/desktop/vhdl/quartuslitefiles/nios2eds/bin/gnu/h-x86_64-mingw32/bin/../lib/gcc/nios2-elf/5.3.0/../../../../../H-x86_64-mingw32/nios2-elf/lib\libc.a(lib_a-mprec.o)
                0x0000000000026fe0                _Balloc
 .text._Bfree   0x0000000000027088       0x28 c:/users/jasper/desktop/vhdl/quartuslitefiles/nios2eds/bin/gnu/h-x86_64-mingw32/bin/../lib/gcc/nios2-elf/5.3.0/../../../../../H-x86_64-mingw32/nios2-elf/lib\libc.a(lib_a-mprec.o)
                0x0000000000027088                _Bfree
 .text.__multadd
                0x00000000000270b0      0x120 c:/users/jasper/desktop/vhdl/quartuslitefiles/nios2eds/bin/gnu/h-x86_64-mingw32/bin/../lib/gcc/nios2-elf/5.3.0/../../../../../H-x86_64-mingw32/nios2-elf/lib\libc.a(lib_a-mprec.o)
                0x00000000000270b0                __multadd
 .text.__s2b    0x00000000000271d0      0x104 c:/users/jasper/desktop/vhdl/quartuslitefiles/nios2eds/bin/gnu/h-x86_64-mingw32/bin/../lib/gcc/nios2-elf/5.3.0/../../../../../H-x86_64-mingw32/nios2-elf/lib\libc.a(lib_a-mprec.o)
                0x00000000000271d0                __s2b
 .text.__hi0bits
                0x00000000000272d4       0x68 c:/users/jasper/desktop/vhdl/quartuslitefiles/nios2eds/bin/gnu/h-x86_64-mingw32/bin/../lib/gcc/nios2-elf/5.3.0/../../../../../H-x86_64-mingw32/nios2-elf/lib\libc.a(lib_a-mprec.o)
                0x00000000000272d4                __hi0bits
 .text.__lo0bits
                0x000000000002733c       0xb0 c:/users/jasper/desktop/vhdl/quartuslitefiles/nios2eds/bin/gnu/h-x86_64-mingw32/bin/../lib/gcc/nios2-elf/5.3.0/../../../../../H-x86_64-mingw32/nios2-elf/lib\libc.a(lib_a-mprec.o)
                0x000000000002733c                __lo0bits
 .text.__i2b    0x00000000000273ec       0x3c c:/users/jasper/desktop/vhdl/quartuslitefiles/nios2eds/bin/gnu/h-x86_64-mingw32/bin/../lib/gcc/nios2-elf/5.3.0/../../../../../H-x86_64-mingw32/nios2-elf/lib\libc.a(lib_a-mprec.o)
                0x00000000000273ec                __i2b
 .text.__multiply
                0x0000000000027428      0x1f8 c:/users/jasper/desktop/vhdl/quartuslitefiles/nios2eds/bin/gnu/h-x86_64-mingw32/bin/../lib/gcc/nios2-elf/5.3.0/../../../../../H-x86_64-mingw32/nios2-elf/lib\libc.a(lib_a-mprec.o)
                0x0000000000027428                __multiply
 .text.__pow5mult
                0x0000000000027620      0x140 c:/users/jasper/desktop/vhdl/quartuslitefiles/nios2eds/bin/gnu/h-x86_64-mingw32/bin/../lib/gcc/nios2-elf/5.3.0/../../../../../H-x86_64-mingw32/nios2-elf/lib\libc.a(lib_a-mprec.o)
                0x0000000000027620                __pow5mult
 .text.__lshift
                0x0000000000027760      0x148 c:/users/jasper/desktop/vhdl/quartuslitefiles/nios2eds/bin/gnu/h-x86_64-mingw32/bin/../lib/gcc/nios2-elf/5.3.0/../../../../../H-x86_64-mingw32/nios2-elf/lib\libc.a(lib_a-mprec.o)
                0x0000000000027760                __lshift
 .text.__mcmp   0x00000000000278a8       0x60 c:/users/jasper/desktop/vhdl/quartuslitefiles/nios2eds/bin/gnu/h-x86_64-mingw32/bin/../lib/gcc/nios2-elf/5.3.0/../../../../../H-x86_64-mingw32/nios2-elf/lib\libc.a(lib_a-mprec.o)
                0x00000000000278a8                __mcmp
 .text.__mdiff  0x0000000000027908      0x1fc c:/users/jasper/desktop/vhdl/quartuslitefiles/nios2eds/bin/gnu/h-x86_64-mingw32/bin/../lib/gcc/nios2-elf/5.3.0/../../../../../H-x86_64-mingw32/nios2-elf/lib\libc.a(lib_a-mprec.o)
                0x0000000000027908                __mdiff
 .text.__ulp    0x0000000000027b04       0x64 c:/users/jasper/desktop/vhdl/quartuslitefiles/nios2eds/bin/gnu/h-x86_64-mingw32/bin/../lib/gcc/nios2-elf/5.3.0/../../../../../H-x86_64-mingw32/nios2-elf/lib\libc.a(lib_a-mprec.o)
                0x0000000000027b04                __ulp
 .text.__b2d    0x0000000000027b68      0x10c c:/users/jasper/desktop/vhdl/quartuslitefiles/nios2eds/bin/gnu/h-x86_64-mingw32/bin/../lib/gcc/nios2-elf/5.3.0/../../../../../H-x86_64-mingw32/nios2-elf/lib\libc.a(lib_a-mprec.o)
                0x0000000000027b68                __b2d
 .text.__d2b    0x0000000000027c74      0x14c c:/users/jasper/desktop/vhdl/quartuslitefiles/nios2eds/bin/gnu/h-x86_64-mingw32/bin/../lib/gcc/nios2-elf/5.3.0/../../../../../H-x86_64-mingw32/nios2-elf/lib\libc.a(lib_a-mprec.o)
                0x0000000000027c74                __d2b
 .text.__ratio  0x0000000000027dc0       0xa4 c:/users/jasper/desktop/vhdl/quartuslitefiles/nios2eds/bin/gnu/h-x86_64-mingw32/bin/../lib/gcc/nios2-elf/5.3.0/../../../../../H-x86_64-mingw32/nios2-elf/lib\libc.a(lib_a-mprec.o)
                0x0000000000027dc0                __ratio
 .text._mprec_log10
                0x0000000000027e64       0x74 c:/users/jasper/desktop/vhdl/quartuslitefiles/nios2eds/bin/gnu/h-x86_64-mingw32/bin/../lib/gcc/nios2-elf/5.3.0/../../../../../H-x86_64-mingw32/nios2-elf/lib\libc.a(lib_a-mprec.o)
                0x0000000000027e64                _mprec_log10
 .text.__copybits
                0x0000000000027ed8       0x78 c:/users/jasper/desktop/vhdl/quartuslitefiles/nios2eds/bin/gnu/h-x86_64-mingw32/bin/../lib/gcc/nios2-elf/5.3.0/../../../../../H-x86_64-mingw32/nios2-elf/lib\libc.a(lib_a-mprec.o)
                0x0000000000027ed8                __copybits
 .text.__any_on
                0x0000000000027f50       0x8c c:/users/jasper/desktop/vhdl/quartuslitefiles/nios2eds/bin/gnu/h-x86_64-mingw32/bin/../lib/gcc/nios2-elf/5.3.0/../../../../../H-x86_64-mingw32/nios2-elf/lib\libc.a(lib_a-mprec.o)
                0x0000000000027f50                __any_on
 .text          0x0000000000027fdc        0x0 c:/users/jasper/desktop/vhdl/quartuslitefiles/nios2eds/bin/gnu/h-x86_64-mingw32/bin/../lib/gcc/nios2-elf/5.3.0/../../../../../H-x86_64-mingw32/nios2-elf/lib\libc.a(lib_a-putc.o)
 .text._putc_r  0x0000000000027fdc       0xa0 c:/users/jasper/desktop/vhdl/quartuslitefiles/nios2eds/bin/gnu/h-x86_64-mingw32/bin/../lib/gcc/nios2-elf/5.3.0/../../../../../H-x86_64-mingw32/nios2-elf/lib\libc.a(lib_a-putc.o)
                0x0000000000027fdc                _putc_r
 .text.putc     0x000000000002807c       0xc8 c:/users/jasper/desktop/vhdl/quartuslitefiles/nios2eds/bin/gnu/h-x86_64-mingw32/bin/../lib/gcc/nios2-elf/5.3.0/../../../../../H-x86_64-mingw32/nios2-elf/lib\libc.a(lib_a-putc.o)
                0x000000000002807c                putc
 .text          0x0000000000028144        0x0 c:/users/jasper/desktop/vhdl/quartuslitefiles/nios2eds/bin/gnu/h-x86_64-mingw32/bin/../lib/gcc/nios2-elf/5.3.0/../../../../../H-x86_64-mingw32/nios2-elf/lib\libc.a(lib_a-s_fpclassify.o)
 .text.__fpclassifyd
                0x0000000000028144       0x74 c:/users/jasper/desktop/vhdl/quartuslitefiles/nios2eds/bin/gnu/h-x86_64-mingw32/bin/../lib/gcc/nios2-elf/5.3.0/../../../../../H-x86_64-mingw32/nios2-elf/lib\libc.a(lib_a-s_fpclassify.o)
                0x0000000000028144                __fpclassifyd
 .text          0x00000000000281b8        0x0 c:/users/jasper/desktop/vhdl/quartuslitefiles/nios2eds/bin/gnu/h-x86_64-mingw32/bin/../lib/gcc/nios2-elf/5.3.0/../../../../../H-x86_64-mingw32/nios2-elf/lib\libc.a(lib_a-stdio.o)
 .text.__sread  0x00000000000281b8       0x54 c:/users/jasper/desktop/vhdl/quartuslitefiles/nios2eds/bin/gnu/h-x86_64-mingw32/bin/../lib/gcc/nios2-elf/5.3.0/../../../../../H-x86_64-mingw32/nios2-elf/lib\libc.a(lib_a-stdio.o)
                0x00000000000281b8                __sread
 .text.__seofread
                0x000000000002820c        0x8 c:/users/jasper/desktop/vhdl/quartuslitefiles/nios2eds/bin/gnu/h-x86_64-mingw32/bin/../lib/gcc/nios2-elf/5.3.0/../../../../../H-x86_64-mingw32/nios2-elf/lib\libc.a(lib_a-stdio.o)
                0x000000000002820c                __seofread
 .text.__swrite
                0x0000000000028214       0x7c c:/users/jasper/desktop/vhdl/quartuslitefiles/nios2eds/bin/gnu/h-x86_64-mingw32/bin/../lib/gcc/nios2-elf/5.3.0/../../../../../H-x86_64-mingw32/nios2-elf/lib\libc.a(lib_a-stdio.o)
                0x0000000000028214                __swrite
 .text.__sseek  0x0000000000028290       0x5c c:/users/jasper/desktop/vhdl/quartuslitefiles/nios2eds/bin/gnu/h-x86_64-mingw32/bin/../lib/gcc/nios2-elf/5.3.0/../../../../../H-x86_64-mingw32/nios2-elf/lib\libc.a(lib_a-stdio.o)
                0x0000000000028290                __sseek
 .text.__sclose
                0x00000000000282ec        0x8 c:/users/jasper/desktop/vhdl/quartuslitefiles/nios2eds/bin/gnu/h-x86_64-mingw32/bin/../lib/gcc/nios2-elf/5.3.0/../../../../../H-x86_64-mingw32/nios2-elf/lib\libc.a(lib_a-stdio.o)
                0x00000000000282ec                __sclose
 .text          0x00000000000282f4        0x0 c:/users/jasper/desktop/vhdl/quartuslitefiles/nios2eds/bin/gnu/h-x86_64-mingw32/bin/../lib/gcc/nios2-elf/5.3.0/../../../../../H-x86_64-mingw32/nios2-elf/lib\libc.a(lib_a-strcmp.o)
 .text.strcmp   0x00000000000282f4       0xdc c:/users/jasper/desktop/vhdl/quartuslitefiles/nios2eds/bin/gnu/h-x86_64-mingw32/bin/../lib/gcc/nios2-elf/5.3.0/../../../../../H-x86_64-mingw32/nios2-elf/lib\libc.a(lib_a-strcmp.o)
                0x00000000000282f4                strcmp
 .text          0x00000000000283d0        0x0 c:/users/jasper/desktop/vhdl/quartuslitefiles/nios2eds/bin/gnu/h-x86_64-mingw32/bin/../lib/gcc/nios2-elf/5.3.0/../../../../../H-x86_64-mingw32/nios2-elf/lib\libc.a(lib_a-vfiprintf.o)
 .text.__sprint_r.part.0
                0x00000000000283d0       0xfc c:/users/jasper/desktop/vhdl/quartuslitefiles/nios2eds/bin/gnu/h-x86_64-mingw32/bin/../lib/gcc/nios2-elf/5.3.0/../../../../../H-x86_64-mingw32/nios2-elf/lib\libc.a(lib_a-vfiprintf.o)
 .text.__sprint_r
                0x00000000000284cc       0x18 c:/users/jasper/desktop/vhdl/quartuslitefiles/nios2eds/bin/gnu/h-x86_64-mingw32/bin/../lib/gcc/nios2-elf/5.3.0/../../../../../H-x86_64-mingw32/nios2-elf/lib\libc.a(lib_a-vfiprintf.o)
                0x00000000000284cc                __sprint_r
 .text.___vfiprintf_internal_r
                0x00000000000284e4     0x145c c:/users/jasper/desktop/vhdl/quartuslitefiles/nios2eds/bin/gnu/h-x86_64-mingw32/bin/../lib/gcc/nios2-elf/5.3.0/../../../../../H-x86_64-mingw32/nios2-elf/lib\libc.a(lib_a-vfiprintf.o)
                0x00000000000284e4                ___vfiprintf_internal_r
 .text.__vfiprintf_internal
                0x0000000000029940       0x1c c:/users/jasper/desktop/vhdl/quartuslitefiles/nios2eds/bin/gnu/h-x86_64-mingw32/bin/../lib/gcc/nios2-elf/5.3.0/../../../../../H-x86_64-mingw32/nios2-elf/lib\libc.a(lib_a-vfiprintf.o)
                0x0000000000029940                __vfiprintf_internal
 .text.__sbprintf
                0x000000000002995c       0xbc c:/users/jasper/desktop/vhdl/quartuslitefiles/nios2eds/bin/gnu/h-x86_64-mingw32/bin/../lib/gcc/nios2-elf/5.3.0/../../../../../H-x86_64-mingw32/nios2-elf/lib\libc.a(lib_a-vfiprintf.o)
 .text          0x0000000000029a18        0x0 c:/users/jasper/desktop/vhdl/quartuslitefiles/nios2eds/bin/gnu/h-x86_64-mingw32/bin/../lib/gcc/nios2-elf/5.3.0/../../../../../H-x86_64-mingw32/nios2-elf/lib\libc.a(lib_a-wbuf.o)
 .text.__swbuf_r
                0x0000000000029a18      0x140 c:/users/jasper/desktop/vhdl/quartuslitefiles/nios2eds/bin/gnu/h-x86_64-mingw32/bin/../lib/gcc/nios2-elf/5.3.0/../../../../../H-x86_64-mingw32/nios2-elf/lib\libc.a(lib_a-wbuf.o)
                0x0000000000029a18                __swbuf_r
 .text.__swbuf  0x0000000000029b58       0x18 c:/users/jasper/desktop/vhdl/quartuslitefiles/nios2eds/bin/gnu/h-x86_64-mingw32/bin/../lib/gcc/nios2-elf/5.3.0/../../../../../H-x86_64-mingw32/nios2-elf/lib\libc.a(lib_a-wbuf.o)
                0x0000000000029b58                __swbuf
 .text          0x0000000000029b70        0x0 c:/users/jasper/desktop/vhdl/quartuslitefiles/nios2eds/bin/gnu/h-x86_64-mingw32/bin/../lib/gcc/nios2-elf/5.3.0/../../../../../H-x86_64-mingw32/nios2-elf/lib\libc.a(lib_a-writer.o)
 .text._write_r
                0x0000000000029b70       0x60 c:/users/jasper/desktop/vhdl/quartuslitefiles/nios2eds/bin/gnu/h-x86_64-mingw32/bin/../lib/gcc/nios2-elf/5.3.0/../../../../../H-x86_64-mingw32/nios2-elf/lib\libc.a(lib_a-writer.o)
                0x0000000000029b70                _write_r
 .text          0x0000000000029bd0        0x0 c:/users/jasper/desktop/vhdl/quartuslitefiles/nios2eds/bin/gnu/h-x86_64-mingw32/bin/../lib/gcc/nios2-elf/5.3.0/../../../../../H-x86_64-mingw32/nios2-elf/lib\libc.a(closer.o)
 .text._close_r
                0x0000000000029bd0       0x54 c:/users/jasper/desktop/vhdl/quartuslitefiles/nios2eds/bin/gnu/h-x86_64-mingw32/bin/../lib/gcc/nios2-elf/5.3.0/../../../../../H-x86_64-mingw32/nios2-elf/lib\libc.a(closer.o)
                0x0000000000029bd0                _close_r
 .text          0x0000000000029c24        0x0 c:/users/jasper/desktop/vhdl/quartuslitefiles/nios2eds/bin/gnu/h-x86_64-mingw32/bin/../lib/gcc/nios2-elf/5.3.0/../../../../../H-x86_64-mingw32/nios2-elf/lib\libc.a(lib_a-callocr.o)
 .text._calloc_r
                0x0000000000029c24       0xc4 c:/users/jasper/desktop/vhdl/quartuslitefiles/nios2eds/bin/gnu/h-x86_64-mingw32/bin/../lib/gcc/nios2-elf/5.3.0/../../../../../H-x86_64-mingw32/nios2-elf/lib\libc.a(lib_a-callocr.o)
                0x0000000000029c24                _calloc_r
 .text          0x0000000000029ce8        0x0 c:/users/jasper/desktop/vhdl/quartuslitefiles/nios2eds/bin/gnu/h-x86_64-mingw32/bin/../lib/gcc/nios2-elf/5.3.0/../../../../../H-x86_64-mingw32/nios2-elf/lib\libc.a(lib_a-fclose.o)
 .text._fclose_r
                0x0000000000029ce8       0xf0 c:/users/jasper/desktop/vhdl/quartuslitefiles/nios2eds/bin/gnu/h-x86_64-mingw32/bin/../lib/gcc/nios2-elf/5.3.0/../../../../../H-x86_64-mingw32/nios2-elf/lib\libc.a(lib_a-fclose.o)
                0x0000000000029ce8                _fclose_r
 .text.fclose   0x0000000000029dd8       0x14 c:/users/jasper/desktop/vhdl/quartuslitefiles/nios2eds/bin/gnu/h-x86_64-mingw32/bin/../lib/gcc/nios2-elf/5.3.0/../../../../../H-x86_64-mingw32/nios2-elf/lib\libc.a(lib_a-fclose.o)
                0x0000000000029dd8                fclose
 .text          0x0000000000029dec        0x0 c:/users/jasper/desktop/vhdl/quartuslitefiles/nios2eds/bin/gnu/h-x86_64-mingw32/bin/../lib/gcc/nios2-elf/5.3.0/../../../../../H-x86_64-mingw32/nios2-elf/lib\libc.a(lib_a-fputwc.o)
 .text.__fputwc
                0x0000000000029dec      0x164 c:/users/jasper/desktop/vhdl/quartuslitefiles/nios2eds/bin/gnu/h-x86_64-mingw32/bin/../lib/gcc/nios2-elf/5.3.0/../../../../../H-x86_64-mingw32/nios2-elf/lib\libc.a(lib_a-fputwc.o)
                0x0000000000029dec                __fputwc
 .text._fputwc_r
                0x0000000000029f50       0x24 c:/users/jasper/desktop/vhdl/quartuslitefiles/nios2eds/bin/gnu/h-x86_64-mingw32/bin/../lib/gcc/nios2-elf/5.3.0/../../../../../H-x86_64-mingw32/nios2-elf/lib\libc.a(lib_a-fputwc.o)
                0x0000000000029f50                _fputwc_r
 .text.fputwc   0x0000000000029f74       0x80 c:/users/jasper/desktop/vhdl/quartuslitefiles/nios2eds/bin/gnu/h-x86_64-mingw32/bin/../lib/gcc/nios2-elf/5.3.0/../../../../../H-x86_64-mingw32/nios2-elf/lib\libc.a(lib_a-fputwc.o)
                0x0000000000029f74                fputwc
 .text          0x0000000000029ff4        0x0 c:/users/jasper/desktop/vhdl/quartuslitefiles/nios2eds/bin/gnu/h-x86_64-mingw32/bin/../lib/gcc/nios2-elf/5.3.0/../../../../../H-x86_64-mingw32/nios2-elf/lib\libc.a(lib_a-fstatr.o)
 .text._fstat_r
                0x0000000000029ff4       0x5c c:/users/jasper/desktop/vhdl/quartuslitefiles/nios2eds/bin/gnu/h-x86_64-mingw32/bin/../lib/gcc/nios2-elf/5.3.0/../../../../../H-x86_64-mingw32/nios2-elf/lib\libc.a(lib_a-fstatr.o)
                0x0000000000029ff4                _fstat_r
 .text          0x000000000002a050        0x0 c:/users/jasper/desktop/vhdl/quartuslitefiles/nios2eds/bin/gnu/h-x86_64-mingw32/bin/../lib/gcc/nios2-elf/5.3.0/../../../../../H-x86_64-mingw32/nios2-elf/lib\libc.a(lib_a-isattyr.o)
 .text._isatty_r
                0x000000000002a050       0x54 c:/users/jasper/desktop/vhdl/quartuslitefiles/nios2eds/bin/gnu/h-x86_64-mingw32/bin/../lib/gcc/nios2-elf/5.3.0/../../../../../H-x86_64-mingw32/nios2-elf/lib\libc.a(lib_a-isattyr.o)
                0x000000000002a050                _isatty_r
 .text          0x000000000002a0a4        0x0 c:/users/jasper/desktop/vhdl/quartuslitefiles/nios2eds/bin/gnu/h-x86_64-mingw32/bin/../lib/gcc/nios2-elf/5.3.0/../../../../../H-x86_64-mingw32/nios2-elf/lib\libc.a(lib_a-lseekr.o)
 .text._lseek_r
                0x000000000002a0a4       0x60 c:/users/jasper/desktop/vhdl/quartuslitefiles/nios2eds/bin/gnu/h-x86_64-mingw32/bin/../lib/gcc/nios2-elf/5.3.0/../../../../../H-x86_64-mingw32/nios2-elf/lib\libc.a(lib_a-lseekr.o)
                0x000000000002a0a4                _lseek_r
 .text          0x000000000002a104        0x0 c:/users/jasper/desktop/vhdl/quartuslitefiles/nios2eds/bin/gnu/h-x86_64-mingw32/bin/../lib/gcc/nios2-elf/5.3.0/../../../../../H-x86_64-mingw32/nios2-elf/lib\libc.a(lib_a-readr.o)
 .text._read_r  0x000000000002a104       0x60 c:/users/jasper/desktop/vhdl/quartuslitefiles/nios2eds/bin/gnu/h-x86_64-mingw32/bin/../lib/gcc/nios2-elf/5.3.0/../../../../../H-x86_64-mingw32/nios2-elf/lib\libc.a(lib_a-readr.o)
                0x000000000002a104                _read_r
 .text          0x000000000002a164        0x0 c:/users/jasper/desktop/vhdl/quartuslitefiles/nios2eds/bin/gnu/h-x86_64-mingw32/bin/../lib/gcc/nios2-elf/5.3.0/../../../../../H-x86_64-mingw32/nios2-elf/lib\libc.a(lib_a-wcrtomb.o)
 .text._wcrtomb_r
                0x000000000002a164       0x9c c:/users/jasper/desktop/vhdl/quartuslitefiles/nios2eds/bin/gnu/h-x86_64-mingw32/bin/../lib/gcc/nios2-elf/5.3.0/../../../../../H-x86_64-mingw32/nios2-elf/lib\libc.a(lib_a-wcrtomb.o)
                0x000000000002a164                _wcrtomb_r
 .text.wcrtomb  0x000000000002a200       0xc0 c:/users/jasper/desktop/vhdl/quartuslitefiles/nios2eds/bin/gnu/h-x86_64-mingw32/bin/../lib/gcc/nios2-elf/5.3.0/../../../../../H-x86_64-mingw32/nios2-elf/lib\libc.a(lib_a-wcrtomb.o)
                0x000000000002a200                wcrtomb
 .text          0x000000000002a2c0        0x0 c:/users/jasper/desktop/vhdl/quartuslitefiles/nios2eds/bin/gnu/h-x86_64-mingw32/bin/../lib/gcc/nios2-elf/5.3.0/../../../../../H-x86_64-mingw32/nios2-elf/lib\libc.a(lib_a-wctomb_r.o)
 .text.__ascii_wctomb
                0x000000000002a2c0       0x30 c:/users/jasper/desktop/vhdl/quartuslitefiles/nios2eds/bin/gnu/h-x86_64-mingw32/bin/../lib/gcc/nios2-elf/5.3.0/../../../../../H-x86_64-mingw32/nios2-elf/lib\libc.a(lib_a-wctomb_r.o)
                0x000000000002a2c0                __ascii_wctomb
 .text._wctomb_r
                0x000000000002a2f0       0x5c c:/users/jasper/desktop/vhdl/quartuslitefiles/nios2eds/bin/gnu/h-x86_64-mingw32/bin/../lib/gcc/nios2-elf/5.3.0/../../../../../H-x86_64-mingw32/nios2-elf/lib\libc.a(lib_a-wctomb_r.o)
                0x000000000002a2f0                _wctomb_r
 .text          0x000000000002a34c      0x578 c:/users/jasper/desktop/vhdl/quartuslitefiles/nios2eds/bin/gnu/h-x86_64-mingw32/bin/../lib/gcc/nios2-elf/5.3.0\libgcc.a(_udivdi3.o)
                0x000000000002a34c                __udivdi3
 .text          0x000000000002a8c4      0x538 c:/users/jasper/desktop/vhdl/quartuslitefiles/nios2eds/bin/gnu/h-x86_64-mingw32/bin/../lib/gcc/nios2-elf/5.3.0\libgcc.a(_umoddi3.o)
                0x000000000002a8c4                __umoddi3
 .text          0x000000000002adfc      0x1b4 c:/users/jasper/desktop/vhdl/quartuslitefiles/nios2eds/bin/gnu/h-x86_64-mingw32/bin/../lib/gcc/nios2-elf/5.3.0\libgcc.a(lib2-divmod.o)
                0x000000000002adfc                __divsi3
                0x000000000002ae80                __modsi3
                0x000000000002aef4                __udivsi3
                0x000000000002af58                __umodsi3
 .text          0x000000000002afb0      0x8ac c:/users/jasper/desktop/vhdl/quartuslitefiles/nios2eds/bin/gnu/h-x86_64-mingw32/bin/../lib/gcc/nios2-elf/5.3.0\libgcc.a(adddf3.o)
                0x000000000002afb0                __adddf3
 .text          0x000000000002b85c      0x8e8 c:/users/jasper/desktop/vhdl/quartuslitefiles/nios2eds/bin/gnu/h-x86_64-mingw32/bin/../lib/gcc/nios2-elf/5.3.0\libgcc.a(divdf3.o)
                0x000000000002b85c                __divdf3
 .text          0x000000000002c144       0x88 c:/users/jasper/desktop/vhdl/quartuslitefiles/nios2eds/bin/gnu/h-x86_64-mingw32/bin/../lib/gcc/nios2-elf/5.3.0\libgcc.a(eqdf2.o)
                0x000000000002c144                __nedf2
                0x000000000002c144                __eqdf2
 .text          0x000000000002c1cc       0xdc c:/users/jasper/desktop/vhdl/quartuslitefiles/nios2eds/bin/gnu/h-x86_64-mingw32/bin/../lib/gcc/nios2-elf/5.3.0\libgcc.a(gedf2.o)
                0x000000000002c1cc                __gedf2
                0x000000000002c1cc                __gtdf2
 .text          0x000000000002c2a8       0xf4 c:/users/jasper/desktop/vhdl/quartuslitefiles/nios2eds/bin/gnu/h-x86_64-mingw32/bin/../lib/gcc/nios2-elf/5.3.0\libgcc.a(ledf2.o)
                0x000000000002c2a8                __ledf2
                0x000000000002c2a8                __ltdf2
 .text          0x000000000002c39c      0x718 c:/users/jasper/desktop/vhdl/quartuslitefiles/nios2eds/bin/gnu/h-x86_64-mingw32/bin/../lib/gcc/nios2-elf/5.3.0\libgcc.a(muldf3.o)
                0x000000000002c39c                __muldf3
 .text          0x000000000002cab4      0x8fc c:/users/jasper/desktop/vhdl/quartuslitefiles/nios2eds/bin/gnu/h-x86_64-mingw32/bin/../lib/gcc/nios2-elf/5.3.0\libgcc.a(subdf3.o)
                0x000000000002cab4                __subdf3
 .text          0x000000000002d3b0       0x80 c:/users/jasper/desktop/vhdl/quartuslitefiles/nios2eds/bin/gnu/h-x86_64-mingw32/bin/../lib/gcc/nios2-elf/5.3.0\libgcc.a(fixdfsi.o)
                0x000000000002d3b0                __fixdfsi
 .text          0x000000000002d430       0xdc c:/users/jasper/desktop/vhdl/quartuslitefiles/nios2eds/bin/gnu/h-x86_64-mingw32/bin/../lib/gcc/nios2-elf/5.3.0\libgcc.a(floatsidf.o)
                0x000000000002d430                __floatsidf
 .text          0x000000000002d50c       0xa8 c:/users/jasper/desktop/vhdl/quartuslitefiles/nios2eds/bin/gnu/h-x86_64-mingw32/bin/../lib/gcc/nios2-elf/5.3.0\libgcc.a(floatunsidf.o)
                0x000000000002d50c                __floatunsidf
 .text          0x000000000002d5b4        0x0 c:/users/jasper/desktop/vhdl/quartuslitefiles/nios2eds/bin/gnu/h-x86_64-mingw32/bin/../lib/gcc/nios2-elf/5.3.0\libgcc.a(_clz.o)
 .text          0x000000000002d5b4       0x64 c:/users/jasper/desktop/vhdl/quartuslitefiles/nios2eds/bin/gnu/h-x86_64-mingw32/bin/../lib/gcc/nios2-elf/5.3.0\libgcc.a(_clzsi2.o)
                0x000000000002d5b4                __clzsi2
 .text          0x000000000002d618      0x10c ../CameraMetNios/\libucosii_bsp.a(alt_close.o)
                0x000000000002d654                close
 .text          0x000000000002d724       0x2c ../CameraMetNios/\libucosii_bsp.a(alt_dev.o)
 .text          0x000000000002d750        0x0 ../CameraMetNios/\libucosii_bsp.a(alt_errno.o)
 .text          0x000000000002d750       0xec ../CameraMetNios/\libucosii_bsp.a(alt_fstat.o)
                0x000000000002d78c                fstat
 .text          0x000000000002d83c       0xe0 ../CameraMetNios/\libucosii_bsp.a(alt_isatty.o)
                0x000000000002d878                isatty
 .text          0x000000000002d91c       0xec ../CameraMetNios/\libucosii_bsp.a(alt_load.o)
                0x000000000002d984                alt_load
 .text          0x000000000002da08      0x110 ../CameraMetNios/\libucosii_bsp.a(alt_lseek.o)
                0x000000000002da44                lseek
 .text          0x000000000002db18       0xbc ../CameraMetNios/\libucosii_bsp.a(alt_main.o)
                0x000000000002db18                alt_main
 .text          0x000000000002dbd4      0x138 ../CameraMetNios/\libucosii_bsp.a(alt_read.o)
                0x000000000002dc10                read
 .text          0x000000000002dd0c       0x64 ../CameraMetNios/\libucosii_bsp.a(alt_release_fd.o)
                0x000000000002dd0c                alt_release_fd
 .text          0x000000000002dd70       0xb0 ../CameraMetNios/\libucosii_bsp.a(alt_sbrk.o)
                0x000000000002dd70                sbrk
 .text          0x000000000002de20      0x134 ../CameraMetNios/\libucosii_bsp.a(alt_write.o)
                0x000000000002de5c                write
 .text          0x000000000002df54      0x124 ../CameraMetNios/\libucosii_bsp.a(alt_env_lock.o)
                0x000000000002df54                __env_lock
                0x000000000002e018                __env_unlock
 .text          0x000000000002e078      0x1ec ../CameraMetNios/\libucosii_bsp.a(alt_malloc_lock.o)
                0x000000000002e078                __malloc_lock
                0x000000000002e198                __malloc_unlock
 .text          0x000000000002e264     0x2014 ../CameraMetNios/\libucosii_bsp.a(os_core.o)
                0x000000000002e264                OSEventNameGet
                0x000000000002e384                OSEventNameSet
                0x000000000002e4c4                OSEventPendMulti
                0x000000000002ead4                OSInit
                0x000000000002eb2c                OSIntEnter
                0x000000000002eb78                OSIntExit
                0x000000000002ec70                OSSchedLock
                0x000000000002ecfc                OSSchedUnlock
                0x000000000002edd8                OSStart
                0x000000000002ee48                OSStatInit
                0x000000000002eef8                OSTimeTick
                0x000000000002f118                OSVersion
                0x000000000002f138                OS_Dummy
                0x000000000002f158                OS_EventTaskRdy
                0x000000000002f2f0                OS_EventTaskWait
                0x000000000002f400                OS_EventTaskWaitMulti
                0x000000000002f550                OS_EventTaskRemove
                0x000000000002f608                OS_EventTaskRemoveMulti
                0x000000000002f708                OS_EventWaitListInit
                0x000000000002fae8                OS_MemClr
                0x000000000002fb3c                OS_MemCopy
                0x000000000002fba4                OS_Sched
                0x000000000002fce8                OS_StrCopy
                0x000000000002fd5c                OS_StrLen
                0x000000000002fdb0                OS_TaskIdle
                0x000000000002fe0c                OS_TaskStat
                0x000000000002fed8                OS_TaskStatStkChk
                0x000000000002ffa4                OS_TCBInit
 .text          0x0000000000030278      0x190 ../CameraMetNios/\libucosii_bsp.a(os_dbg.o)
                0x0000000000030278                OSDebugInit
 .text          0x0000000000030408     0x1714 ../CameraMetNios/\libucosii_bsp.a(os_flag.o)
                0x0000000000030408                OSFlagAccept
                0x0000000000030710                OSFlagCreate
                0x0000000000030818                OSFlagDel
                0x0000000000030a60                OSFlagNameGet
                0x0000000000030b88                OSFlagNameSet
                0x0000000000030cd4                OSFlagPend
                0x000000000003128c                OSFlagPendGetFlagsRdy
                0x00000000000312ec                OSFlagPost
                0x0000000000031680                OSFlagQuery
                0x00000000000318a4                OS_FlagInit
                0x0000000000031a78                OS_FlagUnlink
 .text          0x0000000000031b1c      0x754 ../CameraMetNios/\libucosii_bsp.a(os_mem.o)
                0x0000000000031b1c                OSMemCreate
                0x0000000000031cf0                OSMemGet
                0x0000000000031de0                OSMemNameGet
                0x0000000000031ed0                OSMemNameSet
                0x0000000000031fe4                OSMemPut
                0x00000000000320bc                OSMemQuery
                0x00000000000321a4                OS_MemInit
 .text          0x0000000000032270     0x1104 ../CameraMetNios/\libucosii_bsp.a(os_q.o)
                0x0000000000032270                OSQAccept
                0x00000000000323b0                OSQCreate
                0x000000000003255c                OSQDel
                0x00000000000327dc                OSQFlush
                0x0000000000032894                OSQPend
                0x0000000000032b20                OSQPendAbort
                0x0000000000032c8c                OSQPost
                0x0000000000032df4                OSQPostFront
                0x0000000000032f64                OSQPostOpt
                0x0000000000033170                OSQQuery
                0x00000000000332cc                OS_QInit
 .text          0x0000000000033374      0xa60 ../CameraMetNios/\libucosii_bsp.a(os_sem.o)
                0x0000000000033374                OSSemAccept
                0x0000000000033424                OSSemCreate
                0x00000000000334fc                OSSemDel
                0x000000000003373c                OSSemPend
                0x0000000000033948                OSSemPendAbort
                0x0000000000033ab4                OSSemPost
                0x0000000000033bc4                OSSemQuery
                0x0000000000033cd4                OSSemSet
 .text          0x0000000000033dd4     0x176c ../CameraMetNios/\libucosii_bsp.a(os_task.o)
                0x0000000000033dd4                OSTaskChangePrio
                0x00000000000342c4                OSTaskCreate
                0x0000000000034470                OSTaskCreateExt
                0x0000000000034654                OSTaskDel
                0x0000000000034998                OSTaskDelReq
                0x0000000000034ae8                OSTaskNameGet
                0x0000000000034c80                OSTaskNameSet
                0x0000000000034e34                OSTaskResume
                0x0000000000035008                OSTaskStkChk
                0x00000000000351c8                OSTaskSuspend
                0x00000000000353ac                OSTaskQuery
                0x00000000000354d0                OS_TaskStkClr
 .text          0x0000000000035540      0x4ec ../CameraMetNios/\libucosii_bsp.a(os_time.o)
                0x0000000000035540                OSTimeDly
                0x0000000000035644                OSTimeDlyHMSM
                0x000000000003579c                OSTimeDlyResume
                0x0000000000035970                OSTimeGet
                0x00000000000359cc                OSTimeSet
 .text          0x0000000000035a2c       0xb4 ../CameraMetNios/\libucosii_bsp.a(alt_sys_init.o)
                0x0000000000035a60                alt_irq_init
                0x0000000000035a98                alt_sys_init
 .text          0x0000000000035ae0      0x164 ../CameraMetNios/\libucosii_bsp.a(altera_avalon_jtag_uart_fd.o)
                0x0000000000035ae0                altera_avalon_jtag_uart_read_fd
                0x0000000000035b40                altera_avalon_jtag_uart_write_fd
                0x0000000000035ba0                altera_avalon_jtag_uart_close_fd
                0x0000000000035bf0                altera_avalon_jtag_uart_ioctl_fd
 .text          0x0000000000035c44      0x558 ../CameraMetNios/\libucosii_bsp.a(altera_avalon_jtag_uart_init.o)
                0x0000000000035c44                altera_avalon_jtag_uart_init
                0x0000000000036134                altera_avalon_jtag_uart_close
 .text          0x000000000003619c       0xf0 ../CameraMetNios/\libucosii_bsp.a(altera_avalon_jtag_uart_ioctl.o)
                0x000000000003619c                altera_avalon_jtag_uart_ioctl
 .text          0x000000000003628c      0x2bc ../CameraMetNios/\libucosii_bsp.a(altera_avalon_jtag_uart_read.o)
                0x000000000003628c                altera_avalon_jtag_uart_read
 .text          0x0000000000036548      0x2c4 ../CameraMetNios/\libucosii_bsp.a(altera_avalon_jtag_uart_write.o)
                0x0000000000036548                altera_avalon_jtag_uart_write
 .text          0x000000000003680c      0x12c ../CameraMetNios/\libucosii_bsp.a(alt_alarm_start.o)
                0x000000000003680c                alt_alarm_start
 .text          0x0000000000036938       0x48 ../CameraMetNios/\libucosii_bsp.a(alt_dcache_flush_all.o)
                0x0000000000036938                alt_dcache_flush_all
 .text          0x0000000000036980       0xe0 ../CameraMetNios/\libucosii_bsp.a(alt_dev_llist_insert.o)
                0x00000000000369bc                alt_dev_llist_insert
 .text          0x0000000000036a60       0x60 ../CameraMetNios/\libucosii_bsp.a(alt_do_ctors.o)
                0x0000000000036a60                _do_ctors
 .text          0x0000000000036ac0       0x60 ../CameraMetNios/\libucosii_bsp.a(alt_do_dtors.o)
                0x0000000000036ac0                _do_dtors
 .text          0x0000000000036b20       0x34 ../CameraMetNios/\libucosii_bsp.a(alt_icache_flush_all.o)
                0x0000000000036b20                alt_icache_flush_all
 .text          0x0000000000036b54      0x1b0 ../CameraMetNios/\libucosii_bsp.a(alt_iic.o)
                0x0000000000036b54                alt_ic_isr_register
                0x0000000000036ba4                alt_ic_irq_enable
                0x0000000000036c2c                alt_ic_irq_disable
                0x0000000000036cb8                alt_ic_irq_enabled
 .text          0x0000000000036d04       0xf0 ../CameraMetNios/\libucosii_bsp.a(alt_iic_isr_register.o)
                0x0000000000036d04                alt_iic_isr_register
 .text          0x0000000000036df4      0x140 ../CameraMetNios/\libucosii_bsp.a(alt_io_redirect.o)
                0x0000000000036eb8                alt_io_redirect
 .text          0x0000000000036f34        0x0 ../CameraMetNios/\libucosii_bsp.a(alt_irq_entry.o)
 .text          0x0000000000036f34        0x0 ../CameraMetNios/\libucosii_bsp.a(alt_irq_handler.o)
 .text          0x0000000000036f34        0x0 ../CameraMetNios/\libucosii_bsp.a(alt_irq_vars.o)
 .text          0x0000000000036f34      0x254 ../CameraMetNios/\libucosii_bsp.a(alt_open.o)
                0x0000000000037034                open
 .text          0x0000000000037188      0x1a4 ../CameraMetNios/\libucosii_bsp.a(alt_tick.o)
                0x0000000000037188                alt_alarm_stop
                0x0000000000037224                alt_tick
 .text          0x000000000003732c       0x24 ../CameraMetNios/\libucosii_bsp.a(altera_nios2_gen2_irq.o)
                0x000000000003732c                altera_nios2_gen2_irq_init
 .text          0x0000000000037350       0xd0 ../CameraMetNios/\libucosii_bsp.a(os_cpu_a.o)
                0x0000000000037350                OSCtxSw
                0x0000000000037350                OSIntCtxSw
                0x00000000000373dc                OSStartHighRdy
                0x00000000000373fc                OSStartTsk
 .text          0x0000000000037420      0x288 ../CameraMetNios/\libucosii_bsp.a(os_cpu_c.o)
                0x0000000000037420                OSTaskStkInit
                0x000000000003757c                OSTaskCreateHook
                0x00000000000375a0                OSTaskDelHook
                0x00000000000375c4                OSTaskSwHook
                0x00000000000375e4                OSTaskStatHook
                0x0000000000037604                OSTimeTickHook
                0x0000000000037624                OSInitHookBegin
                0x0000000000037644                OSInitHookEnd
                0x0000000000037664                OSTaskIdleHook
                0x0000000000037684                OSTCBInitHook
 .text          0x00000000000376a8        0x0 ../CameraMetNios/\libucosii_bsp.a(alt_exception_entry.o)
 .text          0x00000000000376a8       0x90 ../CameraMetNios/\libucosii_bsp.a(alt_find_dev.o)
                0x00000000000376a8                alt_find_dev
 .text          0x0000000000037738      0x108 ../CameraMetNios/\libucosii_bsp.a(alt_find_file.o)
                0x0000000000037738                alt_find_file
 .text          0x0000000000037840       0xdc ../CameraMetNios/\libucosii_bsp.a(alt_get_fd.o)
                0x0000000000037840                alt_get_fd
 .text          0x000000000003791c       0x90 ../CameraMetNios/\libucosii_bsp.a(alt_icache_flush.o)
                0x000000000003791c                alt_icache_flush
 .text          0x00000000000379ac       0x9c ../CameraMetNios/\libucosii_bsp.a(alt_instruction_exception_entry.o)
                0x00000000000379ac                alt_exception_cause_generated_bad_addr
 .text          0x0000000000037a48        0x0 c:/users/jasper/desktop/vhdl/quartuslitefiles/nios2eds/bin/gnu/h-x86_64-mingw32/bin/../lib/gcc/nios2-elf/5.3.0/../../../../../H-x86_64-mingw32/nios2-elf/lib\libc.a(lib_a-atexit.o)
 .text.atexit   0x0000000000037a48       0x14 c:/users/jasper/desktop/vhdl/quartuslitefiles/nios2eds/bin/gnu/h-x86_64-mingw32/bin/../lib/gcc/nios2-elf/5.3.0/../../../../../H-x86_64-mingw32/nios2-elf/lib\libc.a(lib_a-atexit.o)
                0x0000000000037a48                atexit
 .text          0x0000000000037a5c        0x0 c:/users/jasper/desktop/vhdl/quartuslitefiles/nios2eds/bin/gnu/h-x86_64-mingw32/bin/../lib/gcc/nios2-elf/5.3.0/../../../../../H-x86_64-mingw32/nios2-elf/lib\libc.a(lib_a-exit.o)
 .text.exit     0x0000000000037a5c       0x38 c:/users/jasper/desktop/vhdl/quartuslitefiles/nios2eds/bin/gnu/h-x86_64-mingw32/bin/../lib/gcc/nios2-elf/5.3.0/../../../../../H-x86_64-mingw32/nios2-elf/lib\libc.a(lib_a-exit.o)
                0x0000000000037a5c                exit
 .text          0x0000000000037a94        0x0 c:/users/jasper/desktop/vhdl/quartuslitefiles/nios2eds/bin/gnu/h-x86_64-mingw32/bin/../lib/gcc/nios2-elf/5.3.0/../../../../../H-x86_64-mingw32/nios2-elf/lib\libc.a(lib_a-memcmp.o)
 .text.memcmp   0x0000000000037a94       0x7c c:/users/jasper/desktop/vhdl/quartuslitefiles/nios2eds/bin/gnu/h-x86_64-mingw32/bin/../lib/gcc/nios2-elf/5.3.0/../../../../../H-x86_64-mingw32/nios2-elf/lib\libc.a(lib_a-memcmp.o)
                0x0000000000037a94                memcmp
 .text          0x0000000000037b10        0x0 c:/users/jasper/desktop/vhdl/quartuslitefiles/nios2eds/bin/gnu/h-x86_64-mingw32/bin/../lib/gcc/nios2-elf/5.3.0/../../../../../H-x86_64-mingw32/nios2-elf/lib\libc.a(lib_a-__atexit.o)
 .text.__register_exitproc
                0x0000000000037b10      0x118 c:/users/jasper/desktop/vhdl/quartuslitefiles/nios2eds/bin/gnu/h-x86_64-mingw32/bin/../lib/gcc/nios2-elf/5.3.0/../../../../../H-x86_64-mingw32/nios2-elf/lib\libc.a(lib_a-__atexit.o)
                0x0000000000037b10                __register_exitproc
 .text          0x0000000000037c28        0x0 c:/users/jasper/desktop/vhdl/quartuslitefiles/nios2eds/bin/gnu/h-x86_64-mingw32/bin/../lib/gcc/nios2-elf/5.3.0/../../../../../H-x86_64-mingw32/nios2-elf/lib\libc.a(lib_a-__call_atexit.o)
 .text.__call_exitprocs
                0x0000000000037c28      0x180 c:/users/jasper/desktop/vhdl/quartuslitefiles/nios2eds/bin/gnu/h-x86_64-mingw32/bin/../lib/gcc/nios2-elf/5.3.0/../../../../../H-x86_64-mingw32/nios2-elf/lib\libc.a(lib_a-__call_atexit.o)
                0x0000000000037c28                __call_exitprocs
 .text          0x0000000000037da8       0x34 ../CameraMetNios/\libucosii_bsp.a(alt_exit.o)
                0x0000000000037da8                _exit
 *(.gnu.warning.*)
 *(.fini)
                [!provide]                        PROVIDE (__etext, ABSOLUTE (.))
                [!provide]                        PROVIDE (_etext, ABSOLUTE (.))
                [!provide]                        PROVIDE (etext, ABSOLUTE (.))
 *(.eh_frame_hdr)
                0x0000000000037ddc                . = ALIGN (0x4)
                [!provide]                        PROVIDE (__preinit_array_start, ABSOLUTE (.))
 *(.preinit_array)
                [!provide]                        PROVIDE (__preinit_array_end, ABSOLUTE (.))
                [!provide]                        PROVIDE (__init_array_start, ABSOLUTE (.))
 *(.init_array)
                [!provide]                        PROVIDE (__init_array_end, ABSOLUTE (.))
                [!provide]                        PROVIDE (__fini_array_start, ABSOLUTE (.))
 *(.fini_array)
                [!provide]                        PROVIDE (__fini_array_end, ABSOLUTE (.))
 *(.eh_frame)
 *(.gcc_except_table .gcc_except_table.*)
 *(.dynamic)
                0x0000000000037ddc                PROVIDE (__CTOR_LIST__, ABSOLUTE (.))
 *(.ctors)
 *(SORT(.ctors.*))
                0x0000000000037ddc                PROVIDE (__CTOR_END__, ABSOLUTE (.))
                0x0000000000037ddc                PROVIDE (__DTOR_LIST__, ABSOLUTE (.))
 *(.dtors)
 *(SORT(.dtors.*))
                0x0000000000037ddc                PROVIDE (__DTOR_END__, ABSOLUTE (.))
 *(.jcr)
                0x0000000000037ddc                . = ALIGN (0x4)

.rodata         0x0000000000037ddc      0x4fc
                0x0000000000037ddc                PROVIDE (__ram_rodata_start, ABSOLUTE (.))
                0x0000000000037ddc                . = ALIGN (0x4)
 *(.rodata .rodata.* .gnu.linkonce.r.*)
 .rodata        0x0000000000037ddc       0x25 obj/default/algo_ucos.o
 *fill*         0x0000000000037e01        0x3 
 .rodata        0x0000000000037e04       0x25 obj/default/hello_ucosii.o
 *fill*         0x0000000000037e29        0x3 
 .rodata        0x0000000000037e2c       0x86 obj/default/vector.o
 *fill*         0x0000000000037eb2        0x2 
 .rodata.str1.4
                0x0000000000037eb4        0x2 c:/users/jasper/desktop/vhdl/quartuslitefiles/nios2eds/bin/gnu/h-x86_64-mingw32/bin/../lib/gcc/nios2-elf/5.3.0/../../../../../H-x86_64-mingw32/nios2-elf/lib\libc.a(lib_a-puts.o)
 *fill*         0x0000000000037eb6        0x2 
 .rodata.str1.4
                0x0000000000037eb8       0x42 c:/users/jasper/desktop/vhdl/quartuslitefiles/nios2eds/bin/gnu/h-x86_64-mingw32/bin/../lib/gcc/nios2-elf/5.3.0/../../../../../H-x86_64-mingw32/nios2-elf/lib\libc.a(lib_a-vfprintf.o)
 .rodata.zeroes.4404
                0x0000000000037efa       0x10 c:/users/jasper/desktop/vhdl/quartuslitefiles/nios2eds/bin/gnu/h-x86_64-mingw32/bin/../lib/gcc/nios2-elf/5.3.0/../../../../../H-x86_64-mingw32/nios2-elf/lib\libc.a(lib_a-vfprintf.o)
 .rodata.blanks.4403
                0x0000000000037f0a       0x10 c:/users/jasper/desktop/vhdl/quartuslitefiles/nios2eds/bin/gnu/h-x86_64-mingw32/bin/../lib/gcc/nios2-elf/5.3.0/../../../../../H-x86_64-mingw32/nios2-elf/lib\libc.a(lib_a-vfprintf.o)
 *fill*         0x0000000000037f1a        0x2 
 .rodata.str1.4
                0x0000000000037f1c       0x10 c:/users/jasper/desktop/vhdl/quartuslitefiles/nios2eds/bin/gnu/h-x86_64-mingw32/bin/../lib/gcc/nios2-elf/5.3.0/../../../../../H-x86_64-mingw32/nios2-elf/lib\libc.a(lib_a-dtoa.o)
                                         0x12 (size before relaxing)
 .rodata.str1.4
                0x0000000000037f2c        0x2 c:/users/jasper/desktop/vhdl/quartuslitefiles/nios2eds/bin/gnu/h-x86_64-mingw32/bin/../lib/gcc/nios2-elf/5.3.0/../../../../../H-x86_64-mingw32/nios2-elf/lib\libc.a(lib_a-impure.o)
 *fill*         0x0000000000037f2e        0x2 
 .rodata.str1.4
                0x0000000000037f30        0xc c:/users/jasper/desktop/vhdl/quartuslitefiles/nios2eds/bin/gnu/h-x86_64-mingw32/bin/../lib/gcc/nios2-elf/5.3.0/../../../../../H-x86_64-mingw32/nios2-elf/lib\libc.a(lib_a-locale.o)
                                         0x12 (size before relaxing)
 .rodata.p05.2768
                0x0000000000037f3c        0xc c:/users/jasper/desktop/vhdl/quartuslitefiles/nios2eds/bin/gnu/h-x86_64-mingw32/bin/../lib/gcc/nios2-elf/5.3.0/../../../../../H-x86_64-mingw32/nios2-elf/lib\libc.a(lib_a-mprec.o)
 .rodata.__mprec_tinytens
                0x0000000000037f48       0x28 c:/users/jasper/desktop/vhdl/quartuslitefiles/nios2eds/bin/gnu/h-x86_64-mingw32/bin/../lib/gcc/nios2-elf/5.3.0/../../../../../H-x86_64-mingw32/nios2-elf/lib\libc.a(lib_a-mprec.o)
                0x0000000000037f48                __mprec_tinytens
 .rodata.__mprec_bigtens
                0x0000000000037f70       0x28 c:/users/jasper/desktop/vhdl/quartuslitefiles/nios2eds/bin/gnu/h-x86_64-mingw32/bin/../lib/gcc/nios2-elf/5.3.0/../../../../../H-x86_64-mingw32/nios2-elf/lib\libc.a(lib_a-mprec.o)
                0x0000000000037f70                __mprec_bigtens
 .rodata.__mprec_tens
                0x0000000000037f98       0xc8 c:/users/jasper/desktop/vhdl/quartuslitefiles/nios2eds/bin/gnu/h-x86_64-mingw32/bin/../lib/gcc/nios2-elf/5.3.0/../../../../../H-x86_64-mingw32/nios2-elf/lib\libc.a(lib_a-mprec.o)
                0x0000000000037f98                __mprec_tens
 .rodata.str1.4
                0x0000000000038060       0x2f c:/users/jasper/desktop/vhdl/quartuslitefiles/nios2eds/bin/gnu/h-x86_64-mingw32/bin/../lib/gcc/nios2-elf/5.3.0/../../../../../H-x86_64-mingw32/nios2-elf/lib\libc.a(lib_a-vfiprintf.o)
 .rodata.zeroes.4349
                0x0000000000038060       0x10 c:/users/jasper/desktop/vhdl/quartuslitefiles/nios2eds/bin/gnu/h-x86_64-mingw32/bin/../lib/gcc/nios2-elf/5.3.0/../../../../../H-x86_64-mingw32/nios2-elf/lib\libc.a(lib_a-vfiprintf.o)
 .rodata.blanks.4348
                0x0000000000038070       0x10 c:/users/jasper/desktop/vhdl/quartuslitefiles/nios2eds/bin/gnu/h-x86_64-mingw32/bin/../lib/gcc/nios2-elf/5.3.0/../../../../../H-x86_64-mingw32/nios2-elf/lib\libc.a(lib_a-vfiprintf.o)
 .rodata        0x0000000000038080      0x100 c:/users/jasper/desktop/vhdl/quartuslitefiles/nios2eds/bin/gnu/h-x86_64-mingw32/bin/../lib/gcc/nios2-elf/5.3.0\libgcc.a(_clz.o)
                0x0000000000038080                __clz_tab
 .rodata        0x0000000000038180        0xa ../CameraMetNios/\libucosii_bsp.a(alt_dev.o)
 *fill*         0x000000000003818a        0x2 
 .rodata        0x000000000003818c       0x11 ../CameraMetNios/\libucosii_bsp.a(alt_main.o)
 *fill*         0x000000000003819d        0x3 
 .rodata        0x00000000000381a0      0x11e ../CameraMetNios/\libucosii_bsp.a(os_core.o)
                0x00000000000381a0                OSUnMapTbl
 *fill*         0x00000000000382be        0x2 
 .rodata        0x00000000000382c0       0x11 ../CameraMetNios/\libucosii_bsp.a(alt_sys_init.o)
 *fill*         0x00000000000382d1        0x3 
 .rodata        0x00000000000382d4        0x2 ../CameraMetNios/\libucosii_bsp.a(os_cpu_c.o)
 *(.rodata1)
                0x00000000000382d8                . = ALIGN (0x4)
 *fill*         0x00000000000382d6        0x2 
                0x00000000000382d8                PROVIDE (__ram_rodata_end, ABSOLUTE (.))
                0x0000000000037ddc                PROVIDE (__flash_rodata_start, LOADADDR (.rodata))

.rwdata         0x00000000000382d8     0x1b74 load address 0x0000000000039e4c
                0x00000000000382d8                PROVIDE (__ram_rwdata_start, ABSOLUTE (.))
                0x00000000000382d8                . = ALIGN (0x4)
 *(.got.plt)
 *(.got)
 *(.data1)
 *(.data .data.* .gnu.linkonce.d.*)
 .data          0x00000000000382d8        0x0 ../CameraMetNios//obj/HAL/src/crt0.o
 .data          0x00000000000382d8        0x0 obj/default/algo_ucos.o
 .data          0x00000000000382d8        0x0 obj/default/hello_ucosii.o
 .data          0x00000000000382d8        0x0 obj/default/vector.o
 .data          0x00000000000382d8        0x0 c:/users/jasper/desktop/vhdl/quartuslitefiles/nios2eds/bin/gnu/h-x86_64-mingw32/bin/../lib/gcc/nios2-elf/5.3.0/../../../../../H-x86_64-mingw32/nios2-elf/lib\libc.a(lib_a-malloc.o)
 .data          0x00000000000382d8        0x0 c:/users/jasper/desktop/vhdl/quartuslitefiles/nios2eds/bin/gnu/h-x86_64-mingw32/bin/../lib/gcc/nios2-elf/5.3.0/../../../../../H-x86_64-mingw32/nios2-elf/lib\libc.a(lib_a-mallocr.o)
 .data.__malloc_av_
                0x00000000000382d8      0x408 c:/users/jasper/desktop/vhdl/quartuslitefiles/nios2eds/bin/gnu/h-x86_64-mingw32/bin/../lib/gcc/nios2-elf/5.3.0/../../../../../H-x86_64-mingw32/nios2-elf/lib\libc.a(lib_a-mallocr.o)
                0x00000000000382d8                __malloc_av_
 .data          0x00000000000386e0        0x0 c:/users/jasper/desktop/vhdl/quartuslitefiles/nios2eds/bin/gnu/h-x86_64-mingw32/bin/../lib/gcc/nios2-elf/5.3.0/../../../../../H-x86_64-mingw32/nios2-elf/lib\libc.a(lib_a-memset.o)
 .data          0x00000000000386e0        0x0 c:/users/jasper/desktop/vhdl/quartuslitefiles/nios2eds/bin/gnu/h-x86_64-mingw32/bin/../lib/gcc/nios2-elf/5.3.0/../../../../../H-x86_64-mingw32/nios2-elf/lib\libc.a(lib_a-printf.o)
 .data          0x00000000000386e0        0x0 c:/users/jasper/desktop/vhdl/quartuslitefiles/nios2eds/bin/gnu/h-x86_64-mingw32/bin/../lib/gcc/nios2-elf/5.3.0/../../../../../H-x86_64-mingw32/nios2-elf/lib\libc.a(lib_a-putchar.o)
 .data          0x00000000000386e0        0x0 c:/users/jasper/desktop/vhdl/quartuslitefiles/nios2eds/bin/gnu/h-x86_64-mingw32/bin/../lib/gcc/nios2-elf/5.3.0/../../../../../H-x86_64-mingw32/nios2-elf/lib\libc.a(lib_a-puts.o)
 .data          0x00000000000386e0        0x0 c:/users/jasper/desktop/vhdl/quartuslitefiles/nios2eds/bin/gnu/h-x86_64-mingw32/bin/../lib/gcc/nios2-elf/5.3.0/../../../../../H-x86_64-mingw32/nios2-elf/lib\libc.a(lib_a-realloc.o)
 .data          0x00000000000386e0        0x0 c:/users/jasper/desktop/vhdl/quartuslitefiles/nios2eds/bin/gnu/h-x86_64-mingw32/bin/../lib/gcc/nios2-elf/5.3.0/../../../../../H-x86_64-mingw32/nios2-elf/lib\libc.a(lib_a-reallocr.o)
 .data          0x00000000000386e0        0x0 c:/users/jasper/desktop/vhdl/quartuslitefiles/nios2eds/bin/gnu/h-x86_64-mingw32/bin/../lib/gcc/nios2-elf/5.3.0/../../../../../H-x86_64-mingw32/nios2-elf/lib\libc.a(lib_a-sbrkr.o)
 .data          0x00000000000386e0        0x0 c:/users/jasper/desktop/vhdl/quartuslitefiles/nios2eds/bin/gnu/h-x86_64-mingw32/bin/../lib/gcc/nios2-elf/5.3.0/../../../../../H-x86_64-mingw32/nios2-elf/lib\libc.a(lib_a-strlen.o)
 .data          0x00000000000386e0        0x0 c:/users/jasper/desktop/vhdl/quartuslitefiles/nios2eds/bin/gnu/h-x86_64-mingw32/bin/../lib/gcc/nios2-elf/5.3.0/../../../../../H-x86_64-mingw32/nios2-elf/lib\libc.a(lib_a-vfprintf.o)
 .data          0x00000000000386e0        0x0 c:/users/jasper/desktop/vhdl/quartuslitefiles/nios2eds/bin/gnu/h-x86_64-mingw32/bin/../lib/gcc/nios2-elf/5.3.0/../../../../../H-x86_64-mingw32/nios2-elf/lib\libc.a(lib_a-wsetup.o)
 .data          0x00000000000386e0        0x0 c:/users/jasper/desktop/vhdl/quartuslitefiles/nios2eds/bin/gnu/h-x86_64-mingw32/bin/../lib/gcc/nios2-elf/5.3.0/../../../../../H-x86_64-mingw32/nios2-elf/lib\libc.a(lib_a-dtoa.o)
 .data          0x00000000000386e0        0x0 c:/users/jasper/desktop/vhdl/quartuslitefiles/nios2eds/bin/gnu/h-x86_64-mingw32/bin/../lib/gcc/nios2-elf/5.3.0/../../../../../H-x86_64-mingw32/nios2-elf/lib\libc.a(lib_a-fflush.o)
 .data          0x00000000000386e0        0x0 c:/users/jasper/desktop/vhdl/quartuslitefiles/nios2eds/bin/gnu/h-x86_64-mingw32/bin/../lib/gcc/nios2-elf/5.3.0/../../../../../H-x86_64-mingw32/nios2-elf/lib\libc.a(lib_a-findfp.o)
 .data          0x00000000000386e0        0x0 c:/users/jasper/desktop/vhdl/quartuslitefiles/nios2eds/bin/gnu/h-x86_64-mingw32/bin/../lib/gcc/nios2-elf/5.3.0/../../../../../H-x86_64-mingw32/nios2-elf/lib\libc.a(lib_a-freer.o)
 .data          0x00000000000386e0        0x0 c:/users/jasper/desktop/vhdl/quartuslitefiles/nios2eds/bin/gnu/h-x86_64-mingw32/bin/../lib/gcc/nios2-elf/5.3.0/../../../../../H-x86_64-mingw32/nios2-elf/lib\libc.a(lib_a-fvwrite.o)
 .data          0x00000000000386e0        0x0 c:/users/jasper/desktop/vhdl/quartuslitefiles/nios2eds/bin/gnu/h-x86_64-mingw32/bin/../lib/gcc/nios2-elf/5.3.0/../../../../../H-x86_64-mingw32/nios2-elf/lib\libc.a(lib_a-fwalk.o)
 .data          0x00000000000386e0        0x0 c:/users/jasper/desktop/vhdl/quartuslitefiles/nios2eds/bin/gnu/h-x86_64-mingw32/bin/../lib/gcc/nios2-elf/5.3.0/../../../../../H-x86_64-mingw32/nios2-elf/lib\libc.a(lib_a-impure.o)
 .data.impure_data
                0x00000000000386e0      0x424 c:/users/jasper/desktop/vhdl/quartuslitefiles/nios2eds/bin/gnu/h-x86_64-mingw32/bin/../lib/gcc/nios2-elf/5.3.0/../../../../../H-x86_64-mingw32/nios2-elf/lib\libc.a(lib_a-impure.o)
 .data          0x0000000000038b04        0x0 c:/users/jasper/desktop/vhdl/quartuslitefiles/nios2eds/bin/gnu/h-x86_64-mingw32/bin/../lib/gcc/nios2-elf/5.3.0/../../../../../H-x86_64-mingw32/nios2-elf/lib\libc.a(lib_a-int_errno.o)
 .data          0x0000000000038b04        0x0 c:/users/jasper/desktop/vhdl/quartuslitefiles/nios2eds/bin/gnu/h-x86_64-mingw32/bin/../lib/gcc/nios2-elf/5.3.0/../../../../../H-x86_64-mingw32/nios2-elf/lib\libc.a(lib_a-locale.o)
 .data.lc_message_charset
                0x0000000000038b04       0x20 c:/users/jasper/desktop/vhdl/quartuslitefiles/nios2eds/bin/gnu/h-x86_64-mingw32/bin/../lib/gcc/nios2-elf/5.3.0/../../../../../H-x86_64-mingw32/nios2-elf/lib\libc.a(lib_a-locale.o)
 .data.lc_ctype_charset
                0x0000000000038b24       0x20 c:/users/jasper/desktop/vhdl/quartuslitefiles/nios2eds/bin/gnu/h-x86_64-mingw32/bin/../lib/gcc/nios2-elf/5.3.0/../../../../../H-x86_64-mingw32/nios2-elf/lib\libc.a(lib_a-locale.o)
 .data.lconv    0x0000000000038b44       0x38 c:/users/jasper/desktop/vhdl/quartuslitefiles/nios2eds/bin/gnu/h-x86_64-mingw32/bin/../lib/gcc/nios2-elf/5.3.0/../../../../../H-x86_64-mingw32/nios2-elf/lib\libc.a(lib_a-locale.o)
 .data          0x0000000000038b7c        0x0 c:/users/jasper/desktop/vhdl/quartuslitefiles/nios2eds/bin/gnu/h-x86_64-mingw32/bin/../lib/gcc/nios2-elf/5.3.0/../../../../../H-x86_64-mingw32/nios2-elf/lib\libc.a(lib_a-makebuf.o)
 .data          0x0000000000038b7c        0x0 c:/users/jasper/desktop/vhdl/quartuslitefiles/nios2eds/bin/gnu/h-x86_64-mingw32/bin/../lib/gcc/nios2-elf/5.3.0/../../../../../H-x86_64-mingw32/nios2-elf/lib\libc.a(lib_a-memchr.o)
 .data          0x0000000000038b7c        0x0 c:/users/jasper/desktop/vhdl/quartuslitefiles/nios2eds/bin/gnu/h-x86_64-mingw32/bin/../lib/gcc/nios2-elf/5.3.0/../../../../../H-x86_64-mingw32/nios2-elf/lib\libc.a(lib_a-memcpy.o)
 .data          0x0000000000038b7c        0x0 c:/users/jasper/desktop/vhdl/quartuslitefiles/nios2eds/bin/gnu/h-x86_64-mingw32/bin/../lib/gcc/nios2-elf/5.3.0/../../../../../H-x86_64-mingw32/nios2-elf/lib\libc.a(lib_a-memmove.o)
 .data          0x0000000000038b7c        0x0 c:/users/jasper/desktop/vhdl/quartuslitefiles/nios2eds/bin/gnu/h-x86_64-mingw32/bin/../lib/gcc/nios2-elf/5.3.0/../../../../../H-x86_64-mingw32/nios2-elf/lib\libc.a(lib_a-mprec.o)
 .data          0x0000000000038b7c        0x0 c:/users/jasper/desktop/vhdl/quartuslitefiles/nios2eds/bin/gnu/h-x86_64-mingw32/bin/../lib/gcc/nios2-elf/5.3.0/../../../../../H-x86_64-mingw32/nios2-elf/lib\libc.a(lib_a-putc.o)
 .data          0x0000000000038b7c        0x0 c:/users/jasper/desktop/vhdl/quartuslitefiles/nios2eds/bin/gnu/h-x86_64-mingw32/bin/../lib/gcc/nios2-elf/5.3.0/../../../../../H-x86_64-mingw32/nios2-elf/lib\libc.a(lib_a-s_fpclassify.o)
 .data          0x0000000000038b7c        0x0 c:/users/jasper/desktop/vhdl/quartuslitefiles/nios2eds/bin/gnu/h-x86_64-mingw32/bin/../lib/gcc/nios2-elf/5.3.0/../../../../../H-x86_64-mingw32/nios2-elf/lib\libc.a(lib_a-stdio.o)
 .data          0x0000000000038b7c        0x0 c:/users/jasper/desktop/vhdl/quartuslitefiles/nios2eds/bin/gnu/h-x86_64-mingw32/bin/../lib/gcc/nios2-elf/5.3.0/../../../../../H-x86_64-mingw32/nios2-elf/lib\libc.a(lib_a-strcmp.o)
 .data          0x0000000000038b7c        0x0 c:/users/jasper/desktop/vhdl/quartuslitefiles/nios2eds/bin/gnu/h-x86_64-mingw32/bin/../lib/gcc/nios2-elf/5.3.0/../../../../../H-x86_64-mingw32/nios2-elf/lib\libc.a(lib_a-vfiprintf.o)
 .data          0x0000000000038b7c        0x0 c:/users/jasper/desktop/vhdl/quartuslitefiles/nios2eds/bin/gnu/h-x86_64-mingw32/bin/../lib/gcc/nios2-elf/5.3.0/../../../../../H-x86_64-mingw32/nios2-elf/lib\libc.a(lib_a-wbuf.o)
 .data          0x0000000000038b7c        0x0 c:/users/jasper/desktop/vhdl/quartuslitefiles/nios2eds/bin/gnu/h-x86_64-mingw32/bin/../lib/gcc/nios2-elf/5.3.0/../../../../../H-x86_64-mingw32/nios2-elf/lib\libc.a(lib_a-writer.o)
 .data          0x0000000000038b7c        0x0 c:/users/jasper/desktop/vhdl/quartuslitefiles/nios2eds/bin/gnu/h-x86_64-mingw32/bin/../lib/gcc/nios2-elf/5.3.0/../../../../../H-x86_64-mingw32/nios2-elf/lib\libc.a(closer.o)
 .data          0x0000000000038b7c        0x0 c:/users/jasper/desktop/vhdl/quartuslitefiles/nios2eds/bin/gnu/h-x86_64-mingw32/bin/../lib/gcc/nios2-elf/5.3.0/../../../../../H-x86_64-mingw32/nios2-elf/lib\libc.a(lib_a-callocr.o)
 .data          0x0000000000038b7c        0x0 c:/users/jasper/desktop/vhdl/quartuslitefiles/nios2eds/bin/gnu/h-x86_64-mingw32/bin/../lib/gcc/nios2-elf/5.3.0/../../../../../H-x86_64-mingw32/nios2-elf/lib\libc.a(lib_a-fclose.o)
 .data          0x0000000000038b7c        0x0 c:/users/jasper/desktop/vhdl/quartuslitefiles/nios2eds/bin/gnu/h-x86_64-mingw32/bin/../lib/gcc/nios2-elf/5.3.0/../../../../../H-x86_64-mingw32/nios2-elf/lib\libc.a(lib_a-fputwc.o)
 .data          0x0000000000038b7c        0x0 c:/users/jasper/desktop/vhdl/quartuslitefiles/nios2eds/bin/gnu/h-x86_64-mingw32/bin/../lib/gcc/nios2-elf/5.3.0/../../../../../H-x86_64-mingw32/nios2-elf/lib\libc.a(lib_a-fstatr.o)
 .data          0x0000000000038b7c        0x0 c:/users/jasper/desktop/vhdl/quartuslitefiles/nios2eds/bin/gnu/h-x86_64-mingw32/bin/../lib/gcc/nios2-elf/5.3.0/../../../../../H-x86_64-mingw32/nios2-elf/lib\libc.a(lib_a-isattyr.o)
 .data          0x0000000000038b7c        0x0 c:/users/jasper/desktop/vhdl/quartuslitefiles/nios2eds/bin/gnu/h-x86_64-mingw32/bin/../lib/gcc/nios2-elf/5.3.0/../../../../../H-x86_64-mingw32/nios2-elf/lib\libc.a(lib_a-lseekr.o)
 .data          0x0000000000038b7c        0x0 c:/users/jasper/desktop/vhdl/quartuslitefiles/nios2eds/bin/gnu/h-x86_64-mingw32/bin/../lib/gcc/nios2-elf/5.3.0/../../../../../H-x86_64-mingw32/nios2-elf/lib\libc.a(lib_a-readr.o)
 .data          0x0000000000038b7c        0x0 c:/users/jasper/desktop/vhdl/quartuslitefiles/nios2eds/bin/gnu/h-x86_64-mingw32/bin/../lib/gcc/nios2-elf/5.3.0/../../../../../H-x86_64-mingw32/nios2-elf/lib\libc.a(lib_a-wcrtomb.o)
 .data          0x0000000000038b7c        0x0 c:/users/jasper/desktop/vhdl/quartuslitefiles/nios2eds/bin/gnu/h-x86_64-mingw32/bin/../lib/gcc/nios2-elf/5.3.0/../../../../../H-x86_64-mingw32/nios2-elf/lib\libc.a(lib_a-wctomb_r.o)
 .data          0x0000000000038b7c        0x0 c:/users/jasper/desktop/vhdl/quartuslitefiles/nios2eds/bin/gnu/h-x86_64-mingw32/bin/../lib/gcc/nios2-elf/5.3.0\libgcc.a(_udivdi3.o)
 .data          0x0000000000038b7c        0x0 c:/users/jasper/desktop/vhdl/quartuslitefiles/nios2eds/bin/gnu/h-x86_64-mingw32/bin/../lib/gcc/nios2-elf/5.3.0\libgcc.a(_umoddi3.o)
 .data          0x0000000000038b7c        0x0 c:/users/jasper/desktop/vhdl/quartuslitefiles/nios2eds/bin/gnu/h-x86_64-mingw32/bin/../lib/gcc/nios2-elf/5.3.0\libgcc.a(lib2-divmod.o)
 .data          0x0000000000038b7c        0x0 c:/users/jasper/desktop/vhdl/quartuslitefiles/nios2eds/bin/gnu/h-x86_64-mingw32/bin/../lib/gcc/nios2-elf/5.3.0\libgcc.a(adddf3.o)
 .data          0x0000000000038b7c        0x0 c:/users/jasper/desktop/vhdl/quartuslitefiles/nios2eds/bin/gnu/h-x86_64-mingw32/bin/../lib/gcc/nios2-elf/5.3.0\libgcc.a(divdf3.o)
 .data          0x0000000000038b7c        0x0 c:/users/jasper/desktop/vhdl/quartuslitefiles/nios2eds/bin/gnu/h-x86_64-mingw32/bin/../lib/gcc/nios2-elf/5.3.0\libgcc.a(eqdf2.o)
 .data          0x0000000000038b7c        0x0 c:/users/jasper/desktop/vhdl/quartuslitefiles/nios2eds/bin/gnu/h-x86_64-mingw32/bin/../lib/gcc/nios2-elf/5.3.0\libgcc.a(gedf2.o)
 .data          0x0000000000038b7c        0x0 c:/users/jasper/desktop/vhdl/quartuslitefiles/nios2eds/bin/gnu/h-x86_64-mingw32/bin/../lib/gcc/nios2-elf/5.3.0\libgcc.a(ledf2.o)
 .data          0x0000000000038b7c        0x0 c:/users/jasper/desktop/vhdl/quartuslitefiles/nios2eds/bin/gnu/h-x86_64-mingw32/bin/../lib/gcc/nios2-elf/5.3.0\libgcc.a(muldf3.o)
 .data          0x0000000000038b7c        0x0 c:/users/jasper/desktop/vhdl/quartuslitefiles/nios2eds/bin/gnu/h-x86_64-mingw32/bin/../lib/gcc/nios2-elf/5.3.0\libgcc.a(subdf3.o)
 .data          0x0000000000038b7c        0x0 c:/users/jasper/desktop/vhdl/quartuslitefiles/nios2eds/bin/gnu/h-x86_64-mingw32/bin/../lib/gcc/nios2-elf/5.3.0\libgcc.a(fixdfsi.o)
 .data          0x0000000000038b7c        0x0 c:/users/jasper/desktop/vhdl/quartuslitefiles/nios2eds/bin/gnu/h-x86_64-mingw32/bin/../lib/gcc/nios2-elf/5.3.0\libgcc.a(floatsidf.o)
 .data          0x0000000000038b7c        0x0 c:/users/jasper/desktop/vhdl/quartuslitefiles/nios2eds/bin/gnu/h-x86_64-mingw32/bin/../lib/gcc/nios2-elf/5.3.0\libgcc.a(floatunsidf.o)
 .data          0x0000000000038b7c        0x0 c:/users/jasper/desktop/vhdl/quartuslitefiles/nios2eds/bin/gnu/h-x86_64-mingw32/bin/../lib/gcc/nios2-elf/5.3.0\libgcc.a(_clz.o)
 .data          0x0000000000038b7c        0x0 c:/users/jasper/desktop/vhdl/quartuslitefiles/nios2eds/bin/gnu/h-x86_64-mingw32/bin/../lib/gcc/nios2-elf/5.3.0\libgcc.a(_clzsi2.o)
 .data          0x0000000000038b7c        0x0 ../CameraMetNios/\libucosii_bsp.a(alt_close.o)
 .data          0x0000000000038b7c      0x1a8 ../CameraMetNios/\libucosii_bsp.a(alt_dev.o)
                0x0000000000038b7c                alt_dev_null
                0x0000000000038ba4                alt_fd_list
 .data          0x0000000000038d24        0x0 ../CameraMetNios/\libucosii_bsp.a(alt_errno.o)
 .data          0x0000000000038d24        0x0 ../CameraMetNios/\libucosii_bsp.a(alt_fstat.o)
 .data          0x0000000000038d24        0x0 ../CameraMetNios/\libucosii_bsp.a(alt_isatty.o)
 .data          0x0000000000038d24        0x0 ../CameraMetNios/\libucosii_bsp.a(alt_load.o)
 .data          0x0000000000038d24        0x0 ../CameraMetNios/\libucosii_bsp.a(alt_lseek.o)
 .data          0x0000000000038d24        0x0 ../CameraMetNios/\libucosii_bsp.a(alt_main.o)
 .data          0x0000000000038d24        0x0 ../CameraMetNios/\libucosii_bsp.a(alt_read.o)
 .data          0x0000000000038d24        0x0 ../CameraMetNios/\libucosii_bsp.a(alt_release_fd.o)
 .data          0x0000000000038d24        0x0 ../CameraMetNios/\libucosii_bsp.a(alt_sbrk.o)
 .data          0x0000000000038d24        0x0 ../CameraMetNios/\libucosii_bsp.a(alt_write.o)
 .data          0x0000000000038d24        0x0 ../CameraMetNios/\libucosii_bsp.a(alt_env_lock.o)
 .data          0x0000000000038d24        0x0 ../CameraMetNios/\libucosii_bsp.a(alt_malloc_lock.o)
 .data          0x0000000000038d24        0x0 ../CameraMetNios/\libucosii_bsp.a(os_core.o)
 .data          0x0000000000038d24        0x0 ../CameraMetNios/\libucosii_bsp.a(os_dbg.o)
 .data          0x0000000000038d24        0x0 ../CameraMetNios/\libucosii_bsp.a(os_flag.o)
 .data          0x0000000000038d24        0x0 ../CameraMetNios/\libucosii_bsp.a(os_mem.o)
 .data          0x0000000000038d24        0x0 ../CameraMetNios/\libucosii_bsp.a(os_q.o)
 .data          0x0000000000038d24        0x0 ../CameraMetNios/\libucosii_bsp.a(os_sem.o)
 .data          0x0000000000038d24        0x0 ../CameraMetNios/\libucosii_bsp.a(os_task.o)
 .data          0x0000000000038d24        0x0 ../CameraMetNios/\libucosii_bsp.a(os_time.o)
 .data          0x0000000000038d24     0x106c ../CameraMetNios/\libucosii_bsp.a(alt_sys_init.o)
 .data          0x0000000000039d90        0x0 ../CameraMetNios/\libucosii_bsp.a(altera_avalon_jtag_uart_fd.o)
 .data          0x0000000000039d90        0x0 ../CameraMetNios/\libucosii_bsp.a(altera_avalon_jtag_uart_init.o)
 .data          0x0000000000039d90        0x0 ../CameraMetNios/\libucosii_bsp.a(altera_avalon_jtag_uart_ioctl.o)
 .data          0x0000000000039d90        0x0 ../CameraMetNios/\libucosii_bsp.a(altera_avalon_jtag_uart_read.o)
 .data          0x0000000000039d90        0x0 ../CameraMetNios/\libucosii_bsp.a(altera_avalon_jtag_uart_write.o)
 .data          0x0000000000039d90        0x0 ../CameraMetNios/\libucosii_bsp.a(alt_alarm_start.o)
 .data          0x0000000000039d90        0x0 ../CameraMetNios/\libucosii_bsp.a(alt_dcache_flush_all.o)
 .data          0x0000000000039d90        0x0 ../CameraMetNios/\libucosii_bsp.a(alt_dev_llist_insert.o)
 .data          0x0000000000039d90        0x0 ../CameraMetNios/\libucosii_bsp.a(alt_do_ctors.o)
 .data          0x0000000000039d90        0x0 ../CameraMetNios/\libucosii_bsp.a(alt_do_dtors.o)
 .data          0x0000000000039d90        0x0 ../CameraMetNios/\libucosii_bsp.a(alt_icache_flush_all.o)
 .data          0x0000000000039d90        0x0 ../CameraMetNios/\libucosii_bsp.a(alt_iic.o)
 .data          0x0000000000039d90        0x0 ../CameraMetNios/\libucosii_bsp.a(alt_iic_isr_register.o)
 .data          0x0000000000039d90        0x0 ../CameraMetNios/\libucosii_bsp.a(alt_io_redirect.o)
 .data          0x0000000000039d90        0x0 ../CameraMetNios/\libucosii_bsp.a(alt_irq_entry.o)
 .data          0x0000000000039d90        0x0 ../CameraMetNios/\libucosii_bsp.a(alt_irq_handler.o)
 .data          0x0000000000039d90        0x0 ../CameraMetNios/\libucosii_bsp.a(alt_irq_vars.o)
 .data          0x0000000000039d90        0x0 ../CameraMetNios/\libucosii_bsp.a(alt_open.o)
 .data          0x0000000000039d90        0x0 ../CameraMetNios/\libucosii_bsp.a(alt_tick.o)
 .data          0x0000000000039d90        0x0 ../CameraMetNios/\libucosii_bsp.a(altera_nios2_gen2_irq.o)
 .data          0x0000000000039d90        0x0 ../CameraMetNios/\libucosii_bsp.a(os_cpu_a.o)
 .data          0x0000000000039d90        0x0 ../CameraMetNios/\libucosii_bsp.a(os_cpu_c.o)
 .data          0x0000000000039d90        0x0 ../CameraMetNios/\libucosii_bsp.a(alt_exception_entry.o)