Archive member included to satisfy reference by file (symbol)

../eclipse_bsp/\libucosii_bsp.a(alt_load.o)
                              ../eclipse_bsp//obj/HAL/src/crt0.o (alt_load)
../eclipse_bsp/\libucosii_bsp.a(alt_main.o)
                              ../eclipse_bsp//obj/HAL/src/crt0.o (alt_main)
../eclipse_bsp/\libucosii_bsp.a(alt_env_lock.o)
                              ../eclipse_bsp/\libucosii_bsp.a(alt_main.o) (alt_envsem)
../eclipse_bsp/\libucosii_bsp.a(alt_malloc_lock.o)
                              ../eclipse_bsp/\libucosii_bsp.a(alt_main.o) (alt_heapsem)
../eclipse_bsp/\libucosii_bsp.a(os_core.o)
                              ../eclipse_bsp/\libucosii_bsp.a(alt_malloc_lock.o) (OSRunning)
../eclipse_bsp/\libucosii_bsp.a(os_dbg.o)
                              ../eclipse_bsp/\libucosii_bsp.a(os_core.o) (OSDebugInit)
../eclipse_bsp/\libucosii_bsp.a(os_flag.o)
                              ../eclipse_bsp/\libucosii_bsp.a(os_core.o) (OS_FlagInit)
../eclipse_bsp/\libucosii_bsp.a(os_mem.o)
                              ../eclipse_bsp/\libucosii_bsp.a(os_core.o) (OS_MemInit)
../eclipse_bsp/\libucosii_bsp.a(os_q.o)
                              ../eclipse_bsp/\libucosii_bsp.a(os_core.o) (OS_QInit)
../eclipse_bsp/\libucosii_bsp.a(os_sem.o)
                              ../eclipse_bsp/\libucosii_bsp.a(alt_main.o) (OSSemCreate)
../eclipse_bsp/\libucosii_bsp.a(os_task.o)
                              ../eclipse_bsp/\libucosii_bsp.a(os_core.o) (OSTaskCreateExt)
../eclipse_bsp/\libucosii_bsp.a(os_time.o)
                              ../eclipse_bsp/\libucosii_bsp.a(os_core.o) (OSTimeDly)
../eclipse_bsp/\libucosii_bsp.a(alt_sys_init.o)
                              ../eclipse_bsp/\libucosii_bsp.a(alt_main.o) (alt_irq_init)
../eclipse_bsp/\libucosii_bsp.a(altera_avalon_jtag_uart_fd.o)
                              ../eclipse_bsp/\libucosii_bsp.a(alt_sys_init.o) (altera_avalon_jtag_uart_read_fd)
../eclipse_bsp/\libucosii_bsp.a(altera_avalon_jtag_uart_init.o)
                              ../eclipse_bsp/\libucosii_bsp.a(alt_sys_init.o) (altera_avalon_jtag_uart_init)
../eclipse_bsp/\libucosii_bsp.a(altera_avalon_jtag_uart_ioctl.o)
                              ../eclipse_bsp/\libucosii_bsp.a(altera_avalon_jtag_uart_fd.o) (altera_avalon_jtag_uart_ioctl)
../eclipse_bsp/\libucosii_bsp.a(altera_avalon_jtag_uart_read.o)
                              ../eclipse_bsp/\libucosii_bsp.a(altera_avalon_jtag_uart_fd.o) (altera_avalon_jtag_uart_read)
../eclipse_bsp/\libucosii_bsp.a(altera_avalon_jtag_uart_write.o)
                              ../eclipse_bsp/\libucosii_bsp.a(altera_avalon_jtag_uart_fd.o) (altera_avalon_jtag_uart_write)
../eclipse_bsp/\libucosii_bsp.a(alt_alarm_start.o)
                              ../eclipse_bsp/\libucosii_bsp.a(altera_avalon_jtag_uart_init.o) (alt_alarm_start)
../eclipse_bsp/\libucosii_bsp.a(alt_close.o)
                              ../eclipse_bsp/\libucosii_bsp.a(alt_main.o) (close)
../eclipse_bsp/\libucosii_bsp.a(alt_dcache_flush_all.o)
                              ../eclipse_bsp/\libucosii_bsp.a(alt_load.o) (alt_dcache_flush_all)
../eclipse_bsp/\libucosii_bsp.a(alt_dev.o)
                              ../eclipse_bsp/\libucosii_bsp.a(alt_sys_init.o) (alt_dev_list)
../eclipse_bsp/\libucosii_bsp.a(alt_dev_llist_insert.o)
                              ../eclipse_bsp/\libucosii_bsp.a(alt_sys_init.o) (alt_dev_llist_insert)
../eclipse_bsp/\libucosii_bsp.a(alt_do_ctors.o)
                              ../eclipse_bsp/\libucosii_bsp.a(alt_main.o) (_do_ctors)
../eclipse_bsp/\libucosii_bsp.a(alt_do_dtors.o)
                              ../eclipse_bsp/\libucosii_bsp.a(alt_main.o) (_do_dtors)
../eclipse_bsp/\libucosii_bsp.a(alt_errno.o)
                              ../eclipse_bsp/\libucosii_bsp.a(alt_close.o) (alt_errno)
../eclipse_bsp/\libucosii_bsp.a(alt_icache_flush_all.o)
                              ../eclipse_bsp/\libucosii_bsp.a(alt_load.o) (alt_icache_flush_all)
../eclipse_bsp/\libucosii_bsp.a(alt_iic.o)
                              ../eclipse_bsp/\libucosii_bsp.a(altera_avalon_jtag_uart_init.o) (alt_ic_isr_register)
../eclipse_bsp/\libucosii_bsp.a(alt_iic_isr_register.o)
                              ../eclipse_bsp/\libucosii_bsp.a(alt_iic.o) (alt_iic_isr_register)
../eclipse_bsp/\libucosii_bsp.a(alt_io_redirect.o)
                              ../eclipse_bsp/\libucosii_bsp.a(alt_main.o) (alt_io_redirect)
../eclipse_bsp/\libucosii_bsp.a(alt_irq_entry.o)
                              ../eclipse_bsp/\libucosii_bsp.a(alt_iic_isr_register.o) (alt_irq_entry)
../eclipse_bsp/\libucosii_bsp.a(alt_irq_handler.o)
                              ../eclipse_bsp/\libucosii_bsp.a(alt_iic_isr_register.o) (alt_irq)
../eclipse_bsp/\libucosii_bsp.a(alt_irq_vars.o)
                              ../eclipse_bsp/\libucosii_bsp.a(alt_iic.o) (alt_irq_active)
../eclipse_bsp/\libucosii_bsp.a(alt_open.o)
                              ../eclipse_bsp/\libucosii_bsp.a(alt_io_redirect.o) (open)
[...]
Memory Configuration

Name             Origin             Length             Attributes
reset            0x0000000000000000 0x0000000000000020
SDRAM            0x0000000000000020 0x0000000003ffffe0
*default*        0x0000000000000000 0xffffffffffffffff

Linker script and memory map

LOAD ../eclipse_bsp//obj/HAL/src/crt0.o
LOAD c:/intelfpga_lite/16.1/nios2eds/bin/gnu/h-x86_64-mingw32/bin/../lib/gcc/nios2-elf/5.3.0/../../../../../H-x86_64-mingw32/nios2-elf/lib/mhw-mulx\libstdc++.a
LOAD c:/intelfpga_lite/16.1/nios2eds/bin/gnu/h-x86_64-mingw32/bin/../lib/gcc/nios2-elf/5.3.0/../../../../../H-x86_64-mingw32/nios2-elf/lib/mhw-mulx\libm.a
LOAD c:/intelfpga_lite/16.1/nios2eds/bin/gnu/h-x86_64-mingw32/bin/../lib/gcc/nios2-elf/5.3.0/mhw-mulx\libgcc.a
START GROUP
LOAD c:/intelfpga_lite/16.1/nios2eds/bin/gnu/h-x86_64-mingw32/bin/../lib/gcc/nios2-elf/5.3.0/../../../../../H-x86_64-mingw32/nios2-elf/lib/mhw-mulx\libc.a
LOAD c:/intelfpga_lite/16.1/nios2eds/bin/gnu/h-x86_64-mingw32/bin/../lib/gcc/nios2-elf/5.3.0/mhw-mulx\libgcc.a
LOAD ../eclipse_bsp/\libucosii_bsp.a
LOAD c:/intelfpga_lite/16.1/nios2eds/bin/gnu/h-x86_64-mingw32/bin/../lib/gcc/nios2-elf/5.3.0/../../../../../H-x86_64-mingw32/nios2-elf/lib/mhw-mulx\libm.a
END GROUP
LOAD c:/intelfpga_lite/16.1/nios2eds/bin/gnu/h-x86_64-mingw32/bin/../lib/gcc/nios2-elf/5.3.0/mhw-mulx\libgcc.a
                0x0000000000000000                __alt_mem_SDRAM = 0x0

.entry          0x0000000000000000       0x20
 *(.entry)
 .entry         0x0000000000000000       0x20 ../eclipse_bsp//obj/HAL/src/crt0.o
                0x0000000000000000                __reset

.exceptions     0x0000000000000020      0x224
                0x0000000000000020                PROVIDE (__ram_exceptions_start, ABSOLUTE (.))
                0x0000000000000020                . = ALIGN (0x20)
 *(.irq)
 *(.exceptions.entry.label)
 .exceptions.entry.label
                0x0000000000000020        0x0 ../eclipse_bsp/\libucosii_bsp.a(alt_irq_entry.o)
                0x0000000000000020                alt_irq_entry
 .exceptions.entry.label
                0x0000000000000020        0x0 ../eclipse_bsp/\libucosii_bsp.a(alt_exception_entry.o)
                0x0000000000000020                alt_exception
 *(.exceptions.entry.user)
 *(.exceptions.entry.ecc_fatal)
 *(.exceptions.entry)
 .exceptions.entry
                0x0000000000000020       0x54 ../eclipse_bsp/\libucosii_bsp.a(alt_exception_entry.o)
 *(.exceptions.irqtest.user)
 *(.exceptions.irqtest)
 .exceptions.irqtest
                0x0000000000000074       0x10 ../eclipse_bsp/\libucosii_bsp.a(alt_irq_entry.o)
 *(.exceptions.irqhandler.user)
 *(.exceptions.irqhandler)
 .exceptions.irqhandler
                0x0000000000000084        0x4 ../eclipse_bsp/\libucosii_bsp.a(alt_irq_entry.o)
 *(.exceptions.irqreturn.user)
 *(.exceptions.irqreturn)
 .exceptions.irqreturn
                0x0000000000000088        0x4 ../eclipse_bsp/\libucosii_bsp.a(alt_irq_entry.o)
 *(.exceptions.notirq.label)
 .exceptions.notirq.label
                0x000000000000008c        0x0 ../eclipse_bsp/\libucosii_bsp.a(alt_irq_entry.o)
 *(.exceptions.notirq.user)
 *(.exceptions.notirq)
 .exceptions.notirq
                0x000000000000008c        0x8 ../eclipse_bsp/\libucosii_bsp.a(alt_exception_entry.o)
 *(.exceptions.soft.user)
 *(.exceptions.soft)
 *(.exceptions.unknown.user)
 *(.exceptions.unknown)
 .exceptions.unknown
                0x0000000000000094       0x14 ../eclipse_bsp/\libucosii_bsp.a(alt_exception_entry.o)
 *(.exceptions.exit.label)
 .exceptions.exit.label
                0x00000000000000a8        0x0 ../eclipse_bsp/\libucosii_bsp.a(alt_irq_entry.o)
 .exceptions.exit.label
                0x00000000000000a8        0x0 ../eclipse_bsp/\libucosii_bsp.a(alt_exception_entry.o)
 *(.exceptions.exit.user)
 *(.exceptions.exit)
 .exceptions.exit
                0x00000000000000a8       0x54 ../eclipse_bsp/\libucosii_bsp.a(alt_exception_entry.o)
 *(.exceptions)
 .exceptions    0x00000000000000fc       0xd4 ../eclipse_bsp/\libucosii_bsp.a(alt_irq_handler.o)
                0x00000000000000fc                alt_irq_handler
 .exceptions    0x00000000000001d0       0x74 ../eclipse_bsp/\libucosii_bsp.a(alt_instruction_exception_entry.o)
                0x00000000000001d0                alt_instruction_exception_entry
                0x0000000000000244                PROVIDE (__ram_exceptions_end, ABSOLUTE (.))
                0x0000000000000020                PROVIDE (__flash_exceptions_start, LOADADDR (.exceptions))

.text           0x0000000000000244     0xa500
                [!provide]                        PROVIDE (stext, ABSOLUTE (.))
 *(.interp)
 *(.hash)
 *(.dynsym)
 *(.dynstr)
 *(.gnu.version)
 *(.gnu.version_d)
 *(.gnu.version_r)
 *(.rel.init)
 *(.rela.init)
 *(.rel.text .rel.text.* .rel.gnu.linkonce.t.*)
 *(.rela.text .rela.text.* .rela.gnu.linkonce.t.*)
 *(.rel.fini)
 *(.rela.fini)
 *(.rel.rodata .rel.rodata.* .rel.gnu.linkonce.r.*)
 *(.rela.rodata .rela.rodata.* .rela.gnu.linkonce.r.*)
 *(.rel.data .rel.data.* .rel.gnu.linkonce.d.*)
 *(.rela.data .rela.data.* .rela.gnu.linkonce.d.*)
 *(.rel.tdata .rel.tdata.* .rel.gnu.linkonce.td.*)
 *(.rela.tdata .rela.tdata.* .rela.gnu.linkonce.td.*)
 *(.rel.tbss .rel.tbss.* .rel.gnu.linkonce.tb.*)
 *(.rela.tbss .rela.tbss.* .rela.gnu.linkonce.tb.*)
 *(.rel.ctors)
 *(.rela.ctors)
 *(.rel.dtors)
 *(.rela.dtors)
 *(.rel.got)
 *(.rela.got)
 *(.rel.sdata .rel.sdata.* .rel.gnu.linkonce.s.*)
 *(.rela.sdata .rela.sdata.* .rela.gnu.linkonce.s.*)
 *(.rel.sbss .rel.sbss.* .rel.gnu.linkonce.sb.*)
 *(.rela.sbss .rela.sbss.* .rela.gnu.linkonce.sb.*)
 *(.rel.sdata2 .rel.sdata2.* .rel.gnu.linkonce.s2.*)
 *(.rela.sdata2 .rela.sdata2.* .rela.gnu.linkonce.s2.*)
 *(.rel.sbss2 .rel.sbss2.* .rel.gnu.linkonce.sb2.*)
 *(.rela.sbss2 .rela.sbss2.* .rela.gnu.linkonce.sb2.*)
 *(.rel.bss .rel.bss.* .rel.gnu.linkonce.b.*)
 *(.rela.bss .rela.bss.* .rela.gnu.linkonce.b.*)
 *(.rel.plt)
 *(.rela.plt)
 *(.rel.dyn)
 *(.init)
 *(.plt)
 *(.text .stub .text.* .gnu.linkonce.t.*)
 .text          0x0000000000000244       0x3c ../eclipse_bsp//obj/HAL/src/crt0.o
                0x0000000000000244                _start
 .text          0x0000000000000280       0xec ../eclipse_bsp/\libucosii_bsp.a(alt_load.o)
                0x00000000000002e8                alt_load
 .text          0x000000000000036c       0xbc ../eclipse_bsp/\libucosii_bsp.a(alt_main.o)
                0x000000000000036c                alt_main
 .text          0x0000000000000428      0x124 ../eclipse_bsp/\libucosii_bsp.a(alt_env_lock.o)
                0x0000000000000428                __env_lock
                0x00000000000004ec                __env_unlock
 .text          0x000000000000054c      0x1ec ../eclipse_bsp/\libucosii_bsp.a(alt_malloc_lock.o)
                0x000000000000054c                __malloc_lock
                0x000000000000066c                __malloc_unlock
 .text          0x0000000000000738     0x2024 ../eclipse_bsp/\libucosii_bsp.a(os_core.o)
                0x0000000000000738                OSEventNameGet
                0x0000000000000858                OSEventNameSet
                0x0000000000000998                OSEventPendMulti
                0x0000000000000fa8                OSInit
                0x0000000000001000                OSIntEnter
                0x000000000000104c                OSIntExit
                0x0000000000001144                OSSchedLock
                0x00000000000011d0                OSSchedUnlock
                0x00000000000012ac                OSStart
                0x000000000000131c                OSStatInit
                0x00000000000013cc                OSTimeTick
                0x00000000000015ec                OSVersion
                0x000000000000160c                OS_Dummy
                0x000000000000162c                OS_EventTaskRdy
                0x00000000000017c4                OS_EventTaskWait
                0x00000000000018d4                OS_EventTaskWaitMulti
                0x0000000000001a24                OS_EventTaskRemove
                0x0000000000001adc                OS_EventTaskRemoveMulti
                0x0000000000001bdc                OS_EventWaitListInit
                0x0000000000001fbc                OS_MemClr
                0x0000000000002010                OS_MemCopy
                0x0000000000002078                OS_Sched
                0x00000000000021bc                OS_StrCopy
                0x0000000000002230                OS_StrLen
                0x0000000000002284                OS_TaskIdle
                0x00000000000022e0                OS_TaskStat
                0x00000000000023bc                OS_TaskStatStkChk
                0x0000000000002488                OS_TCBInit
 .text          0x000000000000275c      0x190 ../eclipse_bsp/\libucosii_bsp.a(os_dbg.o)
                0x000000000000275c                OSDebugInit
 .text          0x00000000000028ec     0x1714 ../eclipse_bsp/\libucosii_bsp.a(os_flag.o)
                0x00000000000028ec                OSFlagAccept
                0x0000000000002bf4                OSFlagCreate
                0x0000000000002cfc                OSFlagDel
                0x0000000000002f44                OSFlagNameGet
                0x000000000000306c                OSFlagNameSet
                0x00000000000031b8                OSFlagPend
                0x0000000000003770                OSFlagPendGetFlagsRdy
                0x00000000000037d0                OSFlagPost
                0x0000000000003b64                OSFlagQuery
                0x0000000000003d88                OS_FlagInit
                0x0000000000003f5c                OS_FlagUnlink
 .text          0x0000000000004000      0x754 ../eclipse_bsp/\libucosii_bsp.a(os_mem.o)
                0x0000000000004000                OSMemCreate
                0x00000000000041d4                OSMemGet
                0x00000000000042c4                OSMemNameGet
                0x00000000000043b4                OSMemNameSet
                0x00000000000044c8                OSMemPut
                0x00000000000045a0                OSMemQuery
                0x0000000000004688                OS_MemInit
 .text          0x0000000000004754     0x1104 ../eclipse_bsp/\libucosii_bsp.a(os_q.o)
                0x0000000000004754                OSQAccept
                0x0000000000004894                OSQCreate
                0x0000000000004a40                OSQDel
                0x0000000000004cc0                OSQFlush
                0x0000000000004d78                OSQPend
                0x0000000000005004                OSQPendAbort
                0x0000000000005170                OSQPost
                0x00000000000052d8                OSQPostFront
                0x0000000000005448                OSQPostOpt
                0x0000000000005654                OSQQuery
                0x00000000000057b0                OS_QInit
 .text          0x0000000000005858      0xa60 ../eclipse_bsp/\libucosii_bsp.a(os_sem.o)
                0x0000000000005858                OSSemAccept
                0x0000000000005908                OSSemCreate
                0x00000000000059e0                OSSemDel
                0x0000000000005c20                OSSemPend
                0x0000000000005e2c                OSSemPendAbort
                0x0000000000005f98                OSSemPost
                0x00000000000060a8                OSSemQuery
                0x00000000000061b8                OSSemSet
 .text          0x00000000000062b8     0x176c ../eclipse_bsp/\libucosii_bsp.a(os_task.o)
                0x00000000000062b8                OSTaskChangePrio
                0x00000000000067a8                OSTaskCreate
                0x0000000000006954                OSTaskCreateExt
                0x0000000000006b38                OSTaskDel
                0x0000000000006e7c                OSTaskDelReq
                0x0000000000006fcc                OSTaskNameGet
                0x0000000000007164                OSTaskNameSet
                0x0000000000007318                OSTaskResume
                0x00000000000074ec                OSTaskStkChk
                0x00000000000076ac                OSTaskSuspend
                0x0000000000007890                OSTaskQuery
                0x00000000000079b4                OS_TaskStkClr
 .text          0x0000000000007a24      0x4f4 ../eclipse_bsp/\libucosii_bsp.a(os_time.o)
                0x0000000000007a24                OSTimeDly
                0x0000000000007b28                OSTimeDlyHMSM
                0x0000000000007c88                OSTimeDlyResume
                0x0000000000007e5c                OSTimeGet
                0x0000000000007eb8                OSTimeSet
 .text          0x0000000000007f18       0xb4 ../eclipse_bsp/\libucosii_bsp.a(alt_sys_init.o)
                0x0000000000007f4c                alt_irq_init
                0x0000000000007f84                alt_sys_init
 .text          0x0000000000007fcc      0x164 ../eclipse_bsp/\libucosii_bsp.a(altera_avalon_jtag_uart_fd.o)
                0x0000000000007fcc                altera_avalon_jtag_uart_read_fd
                0x000000000000802c                altera_avalon_jtag_uart_write_fd
                0x000000000000808c                altera_avalon_jtag_uart_close_fd
                0x00000000000080dc                altera_avalon_jtag_uart_ioctl_fd
 .text          0x0000000000008130      0x558 ../eclipse_bsp/\libucosii_bsp.a(altera_avalon_jtag_uart_init.o)
                0x0000000000008130                altera_avalon_jtag_uart_init
                0x0000000000008620                altera_avalon_jtag_uart_close
 .text          0x0000000000008688       0xf0 ../eclipse_bsp/\libucosii_bsp.a(altera_avalon_jtag_uart_ioctl.o)
                0x0000000000008688                altera_avalon_jtag_uart_ioctl
 .text          0x0000000000008778      0x2bc ../eclipse_bsp/\libucosii_bsp.a(altera_avalon_jtag_uart_read.o)
                0x0000000000008778                altera_avalon_jtag_uart_read
 .text          0x0000000000008a34      0x2c4 ../eclipse_bsp/\libucosii_bsp.a(altera_avalon_jtag_uart_write.o)
                0x0000000000008a34                altera_avalon_jtag_uart_write
 .text          0x0000000000008cf8      0x12c ../eclipse_bsp/\libucosii_bsp.a(alt_alarm_start.o)
                0x0000000000008cf8                alt_alarm_start
 .text          0x0000000000008e24      0x10c ../eclipse_bsp/\libucosii_bsp.a(alt_close.o)
                0x0000000000008e60                close
 .text          0x0000000000008f30       0x20 ../eclipse_bsp/\libucosii_bsp.a(alt_dcache_flush_all.o)
                0x0000000000008f30                alt_dcache_flush_all
 .text          0x0000000000008f50       0x2c ../eclipse_bsp/\libucosii_bsp.a(alt_dev.o)
 .text          0x0000000000008f7c       0xe0 ../eclipse_bsp/\libucosii_bsp.a(alt_dev_llist_insert.o)
                0x0000000000008fb8                alt_dev_llist_insert
 .text          0x000000000000905c       0x60 ../eclipse_bsp/\libucosii_bsp.a(alt_do_ctors.o)
                0x000000000000905c                _do_ctors
 .text          0x00000000000090bc       0x60 ../eclipse_bsp/\libucosii_bsp.a(alt_do_dtors.o)
                0x00000000000090bc                _do_dtors
 .text          0x000000000000911c        0x0 ../eclipse_bsp/\libucosii_bsp.a(alt_errno.o)
 .text          0x000000000000911c       0x34 ../eclipse_bsp/\libucosii_bsp.a(alt_icache_flush_all.o)
                0x000000000000911c                alt_icache_flush_all
 .text          0x0000000000009150      0x1b0 ../eclipse_bsp/\libucosii_bsp.a(alt_iic.o)
                0x0000000000009150                alt_ic_isr_register
                0x00000000000091a0                alt_ic_irq_enable
                0x0000000000009228                alt_ic_irq_disable
                0x00000000000092b4                alt_ic_irq_enabled
 .text          0x0000000000009300       0xf0 ../eclipse_bsp/\libucosii_bsp.a(alt_iic_isr_register.o)
                0x0000000000009300                alt_iic_isr_register
 .text          0x00000000000093f0      0x140 ../eclipse_bsp/\libucosii_bsp.a(alt_io_redirect.o)
                0x00000000000094b4                alt_io_redirect
 .text          0x0000000000009530        0x0 ../eclipse_bsp/\libucosii_bsp.a(alt_irq_entry.o)
 .text          0x0000000000009530        0x0 ../eclipse_bsp/\libucosii_bsp.a(alt_irq_handler.o)
 .text          0x0000000000009530        0x0 ../eclipse_bsp/\libucosii_bsp.a(alt_irq_vars.o)
 .text          0x0000000000009530      0x254 ../eclipse_bsp/\libucosii_bsp.a(alt_open.o)
                0x0000000000009630                open
 .text          0x0000000000009784       0x64 ../eclipse_bsp/\libucosii_bsp.a(alt_release_fd.o)
                0x0000000000009784                alt_release_fd
 .text          0x00000000000097e8      0x1a4 ../eclipse_bsp/\libucosii_bsp.a(alt_tick.o)
                0x00000000000097e8                alt_alarm_stop
                0x0000000000009884                alt_tick
 .text          0x000000000000998c       0x24 ../eclipse_bsp/\libucosii_bsp.a(altera_nios2_gen2_irq.o)
                0x000000000000998c                altera_nios2_gen2_irq_init
 .text          0x00000000000099b0       0xd0 ../eclipse_bsp/\libucosii_bsp.a(os_cpu_a.o)
                0x00000000000099b0                OSCtxSw
                0x00000000000099b0                OSIntCtxSw
                0x0000000000009a3c                OSStartHighRdy
                0x0000000000009a5c                OSStartTsk
 .text          0x0000000000009a80      0x288 ../eclipse_bsp/\libucosii_bsp.a(os_cpu_c.o)
                0x0000000000009a80                OSTaskStkInit
                0x0000000000009bdc                OSTaskCreateHook
                0x0000000000009c00                OSTaskDelHook
                0x0000000000009c24                OSTaskSwHook
                0x0000000000009c44                OSTaskStatHook
                0x0000000000009c64                OSTimeTickHook
                0x0000000000009c84                OSInitHookBegin
                0x0000000000009ca4                OSInitHookEnd
                0x0000000000009cc4                OSTaskIdleHook
                0x0000000000009ce4                OSTCBInitHook
 .text          0x0000000000009d08        0x0 ../eclipse_bsp/\libucosii_bsp.a(alt_exception_entry.o)
 .text          0x0000000000009d08       0x90 ../eclipse_bsp/\libucosii_bsp.a(alt_find_dev.o)
                0x0000000000009d08                alt_find_dev
 .text          0x0000000000009d98      0x108 ../eclipse_bsp/\libucosii_bsp.a(alt_find_file.o)
                0x0000000000009d98                alt_find_file
 .text          0x0000000000009ea0       0xdc ../eclipse_bsp/\libucosii_bsp.a(alt_get_fd.o)
                0x0000000000009ea0                alt_get_fd
 .text          0x0000000000009f7c       0x90 ../eclipse_bsp/\libucosii_bsp.a(alt_icache_flush.o)
                0x0000000000009f7c                alt_icache_flush
 .text          0x000000000000a00c       0x9c ../eclipse_bsp/\libucosii_bsp.a(alt_instruction_exception_entry.o)
                0x000000000000a00c                alt_exception_cause_generated_bad_addr
 .text          0x000000000000a0a8        0x0 c:/intelfpga_lite/16.1/nios2eds/bin/gnu/h-x86_64-mingw32/bin/../lib/gcc/nios2-elf/5.3.0/../../../../../H-x86_64-mingw32/nios2-elf/lib/mhw-mulx\libc.a(lib_a-atexit.o)
 .text.atexit   0x000000000000a0a8       0x14 c:/intelfpga_lite/16.1/nios2eds/bin/gnu/h-x86_64-mingw32/bin/../lib/gcc/nios2-elf/5.3.0/../../../../../H-x86_64-mingw32/nios2-elf/lib/mhw-mulx\libc.a(lib_a-atexit.o)
                0x000000000000a0a8                atexit
 .text          0x000000000000a0bc        0x0 c:/intelfpga_lite/16.1/nios2eds/bin/gnu/h-x86_64-mingw32/bin/../lib/gcc/nios2-elf/5.3.0/../../../../../H-x86_64-mingw32/nios2-elf/lib/mhw-mulx\libc.a(lib_a-exit.o)
 .text.exit     0x000000000000a0bc       0x38 c:/intelfpga_lite/16.1/nios2eds/bin/gnu/h-x86_64-mingw32/bin/../lib/gcc/nios2-elf/5.3.0/../../../../../H-x86_64-mingw32/nios2-elf/lib/mhw-mulx\libc.a(lib_a-exit.o)
                0x000000000000a0bc                exit
 .text          0x000000000000a0f4        0x0 c:/intelfpga_lite/16.1/nios2eds/bin/gnu/h-x86_64-mingw32/bin/../lib/gcc/nios2-elf/5.3.0/../../../../../H-x86_64-mingw32/nios2-elf/lib/mhw-mulx\libc.a(lib_a-impure.o)
 .text          0x000000000000a0f4        0x0 c:/intelfpga_lite/16.1/nios2eds/bin/gnu/h-x86_64-mingw32/bin/../lib/gcc/nios2-elf/5.3.0/../../../../../H-x86_64-mingw32/nios2-elf/lib/mhw-mulx\libc.a(lib_a-int_errno.o)
 .text          0x000000000000a0f4        0x0 c:/intelfpga_lite/16.1/nios2eds/bin/gnu/h-x86_64-mingw32/bin/../lib/gcc/nios2-elf/5.3.0/../../../../../H-x86_64-mingw32/nios2-elf/lib/mhw-mulx\libc.a(lib_a-memcmp.o)
 .text.memcmp   0x000000000000a0f4       0x7c c:/intelfpga_lite/16.1/nios2eds/bin/gnu/h-x86_64-mingw32/bin/../lib/gcc/nios2-elf/5.3.0/../../../../../H-x86_64-mingw32/nios2-elf/lib/mhw-mulx\libc.a(lib_a-memcmp.o)
                0x000000000000a0f4                memcmp
 .text          0x000000000000a170        0x0 c:/intelfpga_lite/16.1/nios2eds/bin/gnu/h-x86_64-mingw32/bin/../lib/gcc/nios2-elf/5.3.0/../../../../../H-x86_64-mingw32/nios2-elf/lib/mhw-mulx\libc.a(lib_a-memcpy.o)
 .text.memcpy   0x000000000000a170      0x148 c:/intelfpga_lite/16.1/nios2eds/bin/gnu/h-x86_64-mingw32/bin/../lib/gcc/nios2-elf/5.3.0/../../../../../H-x86_64-mingw32/nios2-elf/lib/mhw-mulx\libc.a(lib_a-memcpy.o)
                0x000000000000a170                memcpy
 .text          0x000000000000a2b8        0x0 c:/intelfpga_lite/16.1/nios2eds/bin/gnu/h-x86_64-mingw32/bin/../lib/gcc/nios2-elf/5.3.0/../../../../../H-x86_64-mingw32/nios2-elf/lib/mhw-mulx\libc.a(lib_a-memset.o)
 .text.memset   0x000000000000a2b8      0x128 c:/intelfpga_lite/16.1/nios2eds/bin/gnu/h-x86_64-mingw32/bin/../lib/gcc/nios2-elf/5.3.0/../../../../../H-x86_64-mingw32/nios2-elf/lib/mhw-mulx\libc.a(lib_a-memset.o)
                0x000000000000a2b8                memset
 .text          0x000000000000a3e0        0x0 c:/intelfpga_lite/16.1/nios2eds/bin/gnu/h-x86_64-mingw32/bin/../lib/gcc/nios2-elf/5.3.0/../../../../../H-x86_64-mingw32/nios2-elf/lib/mhw-mulx\libc.a(lib_a-strlen.o)
 .text.strlen   0x000000000000a3e0       0x98 c:/intelfpga_lite/16.1/nios2eds/bin/gnu/h-x86_64-mingw32/bin/../lib/gcc/nios2-elf/5.3.0/../../../../../H-x86_64-mingw32/nios2-elf/lib/mhw-mulx\libc.a(lib_a-strlen.o)
                0x000000000000a3e0                strlen
 .text          0x000000000000a478        0x0 c:/intelfpga_lite/16.1/nios2eds/bin/gnu/h-x86_64-mingw32/bin/../lib/gcc/nios2-elf/5.3.0/../../../../../H-x86_64-mingw32/nios2-elf/lib/mhw-mulx\libc.a(lib_a-__atexit.o)
 .text.__register_exitproc
                0x000000000000a478      0x118 c:/intelfpga_lite/16.1/nios2eds/bin/gnu/h-x86_64-mingw32/bin/../lib/gcc/nios2-elf/5.3.0/../../../../../H-x86_64-mingw32/nios2-elf/lib/mhw-mulx\libc.a(lib_a-__atexit.o)
                0x000000000000a478                __register_exitproc
 .text          0x000000000000a590        0x0 c:/intelfpga_lite/16.1/nios2eds/bin/gnu/h-x86_64-mingw32/bin/../lib/gcc/nios2-elf/5.3.0/../../../../../H-x86_64-mingw32/nios2-elf/lib/mhw-mulx\libc.a(lib_a-__call_atexit.o)
 .text.__call_exitprocs
                0x000000000000a590      0x180 c:/intelfpga_lite/16.1/nios2eds/bin/gnu/h-x86_64-mingw32/bin/../lib/gcc/nios2-elf/5.3.0/../../../../../H-x86_64-mingw32/nios2-elf/lib/mhw-mulx\libc.a(lib_a-__call_atexit.o)
                0x000000000000a590                __call_exitprocs
 .text          0x000000000000a710       0x34 ../eclipse_bsp/\libucosii_bsp.a(alt_exit.o)
                0x000000000000a710                _exit
 *(.gnu.warning.*)
 *(.fini)
                [!provide]                        PROVIDE (__etext, ABSOLUTE (.))
                [!provide]                        PROVIDE (_etext, ABSOLUTE (.))
                [!provide]                        PROVIDE (etext, ABSOLUTE (.))
 *(.eh_frame_hdr)
                0x000000000000a744                . = ALIGN (0x4)
                [!provide]                        PROVIDE (__preinit_array_start, ABSOLUTE (.))
 *(.preinit_array)
                [!provide]                        PROVIDE (__preinit_array_end, ABSOLUTE (.))
                [!provide]                        PROVIDE (__init_array_start, ABSOLUTE (.))
 *(.init_array)
                [!provide]                        PROVIDE (__init_array_end, ABSOLUTE (.))
                [!provide]                        PROVIDE (__fini_array_start, ABSOLUTE (.))
 *(.fini_array)
                [!provide]                        PROVIDE (__fini_array_end, ABSOLUTE (.))
 *(.eh_frame)
 *(.gcc_except_table .gcc_except_table.*)
 *(.dynamic)
                0x000000000000a744                PROVIDE (__CTOR_LIST__, ABSOLUTE (.))
 *(.ctors)
 *(SORT(.ctors.*))
                0x000000000000a744                PROVIDE (__CTOR_END__, ABSOLUTE (.))
                0x000000000000a744                PROVIDE (__DTOR_LIST__, ABSOLUTE (.))
 *(.dtors)
 *(SORT(.dtors.*))
                0x000000000000a744                PROVIDE (__DTOR_END__, ABSOLUTE (.))
 *(.jcr)
                0x000000000000a744                . = ALIGN (0x4)

.rodata         0x000000000000a744      0x154
                0x000000000000a744                PROVIDE (__ram_rodata_start, ABSOLUTE (.))
                0x000000000000a744                . = ALIGN (0x4)
 *(.rodata .rodata.* .gnu.linkonce.r.*)
 .rodata        0x000000000000a744        0xf ../eclipse_bsp/\libucosii_bsp.a(alt_main.o)
 *fill*         0x000000000000a753        0x1 
 .rodata        0x000000000000a754      0x11e ../eclipse_bsp/\libucosii_bsp.a(os_core.o)
                0x000000000000a754                OSUnMapTbl
 *fill*         0x000000000000a872        0x2 
 .rodata        0x000000000000a874        0xf ../eclipse_bsp/\libucosii_bsp.a(alt_sys_init.o)
 *fill*         0x000000000000a883        0x1 
 .rodata        0x000000000000a884        0xa ../eclipse_bsp/\libucosii_bsp.a(alt_dev.o)
 *fill*         0x000000000000a88e        0x2 
 .rodata        0x000000000000a890        0x2 ../eclipse_bsp/\libucosii_bsp.a(os_cpu_c.o)
 *fill*         0x000000000000a892        0x2 
 .rodata.str1.4
                0x000000000000a894        0x4 c:/intelfpga_lite/16.1/nios2eds/bin/gnu/h-x86_64-mingw32/bin/../lib/gcc/nios2-elf/5.3.0/../../../../../H-x86_64-mingw32/nios2-elf/lib/mhw-mulx\libc.a(lib_a-impure.o)
                                          0x2 (size before relaxing)
 *(.rodata1)
                0x000000000000a898                . = ALIGN (0x4)
                0x000000000000a898                PROVIDE (__ram_rodata_end, ABSOLUTE (.))
                0x000000000000a744                PROVIDE (__flash_rodata_start, LOADADDR (.rodata))

.rwdata         0x000000000000a898     0x16e0 load address 0x000000000000bf78
                0x000000000000a898                PROVIDE (__ram_rwdata_start, ABSOLUTE (.))
                0x000000000000a898                . = ALIGN (0x4)
 *(.got.plt)
 *(.got)
 *(.data1)
 *(.data .data.* .gnu.linkonce.d.*)
 .data          0x000000000000a898        0x0 ../eclipse_bsp//obj/HAL/src/crt0.o
 .data          0x000000000000a898        0x0 ../eclipse_bsp/\libucosii_bsp.a(alt_load.o)
 .data          0x000000000000a898        0x0 ../eclipse_bsp/\libucosii_bsp.a(alt_main.o)
 .data          0x000000000000a898        0x0 ../eclipse_bsp/\libucosii_bsp.a(alt_env_lock.o)
 .data          0x000000000000a898        0x0 ../eclipse_bsp/\libucosii_bsp.a(alt_malloc_lock.o)
 .data          0x000000000000a898        0x0 ../eclipse_bsp/\libucosii_bsp.a(os_core.o)
 .data          0x000000000000a898        0x0 ../eclipse_bsp/\libucosii_bsp.a(os_dbg.o)
 .data          0x000000000000a898        0x0 ../eclipse_bsp/\libucosii_bsp.a(os_flag.o)
 .data          0x000000000000a898        0x0 ../eclipse_bsp/\libucosii_bsp.a(os_mem.o)
 .data          0x000000000000a898        0x0 ../eclipse_bsp/\libucosii_bsp.a(os_q.o)
 .data          0x000000000000a898        0x0 ../eclipse_bsp/\libucosii_bsp.a(os_sem.o)
 .data          0x000000000000a898        0x0 ../eclipse_bsp/\libucosii_bsp.a(os_task.o)
 .data          0x000000000000a898        0x0 ../eclipse_bsp/\libucosii_bsp.a(os_time.o)
 .data          0x000000000000a898     0x106c ../eclipse_bsp/\libucosii_bsp.a(alt_sys_init.o)
 .data          0x000000000000b904        0x0 ../eclipse_bsp/\libucosii_bsp.a(altera_avalon_jtag_uart_fd.o)
 .data          0x000000000000b904        0x0 ../eclipse_bsp/\libucosii_bsp.a(altera_avalon_jtag_uart_init.o)
 .data          0x000000000000b904        0x0 ../eclipse_bsp/\libucosii_bsp.a(altera_avalon_jtag_uart_ioctl.o)
 .data          0x000000000000b904        0x0 ../eclipse_bsp/\libucosii_bsp.a(altera_avalon_jtag_uart_read.o)
 .data          0x000000000000b904        0x0 ../eclipse_bsp/\libucosii_bsp.a(altera_avalon_jtag_uart_write.o)
 .data          0x000000000000b904        0x0 ../eclipse_bsp/\libucosii_bsp.a(alt_alarm_start.o)
 .data          0x000000000000b904        0x0 ../eclipse_bsp/\libucosii_bsp.a(alt_close.o)
 .data          0x000000000000b904        0x0 ../eclipse_bsp/\libucosii_bsp.a(alt_dcache_flush_all.o)
 .data          0x000000000000b904      0x1a8 ../eclipse_bsp/\libucosii_bsp.a(alt_dev.o)
                0x000000000000b904                alt_dev_null
                0x000000000000b92c                alt_fd_list
 .data          0x000000000000baac        0x0 ../eclipse_bsp/\libucosii_bsp.a(alt_dev_llist_insert.o)
 .data          0x000000000000baac        0x0 ../eclipse_bsp/\libucosii_bsp.a(alt_do_ctors.o)
 .data          0x000000000000baac        0x0 ../eclipse_bsp/\libucosii_bsp.a(alt_do_dtors.o)
 .data          0x000000000000baac        0x0 ../eclipse_bsp/\libucosii_bsp.a(alt_errno.o)
 .data          0x000000000000baac        0x0 ../eclipse_bsp/\libucosii_bsp.a(alt_icache_flush_all.o)
 .data          0x000000000000baac        0x0 ../eclipse_bsp/\libucosii_bsp.a(alt_iic.o)
 .data          0x000000000000baac        0x0 ../eclipse_bsp/\libucosii_bsp.a(alt_iic_isr_register.o)
 .data          0x000000000000baac        0x0 ../eclipse_bsp/\libucosii_bsp.a(alt_io_redirect.o)
 .data          0x000000000000baac        0x0 ../eclipse_bsp/\libucosii_bsp.a(alt_irq_entry.o)
 .data          0x000000000000baac        0x0 ../eclipse_bsp/\libucosii_bsp.a(alt_irq_handler.o)
 .data          0x000000000000baac        0x0 ../eclipse_bsp/\libucosii_bsp.a(alt_irq_vars.o)
 .data          0x000000000000baac        0x0 ../eclipse_bsp/\libucosii_bsp.a(alt_open.o)
 .data          0x000000000000baac        0x0 ../eclipse_bsp/\libucosii_bsp.a(alt_release_fd.o)
 .data          0x000000000000baac        0x0 ../eclipse_bsp/\libucosii_bsp.a(alt_tick.o)
 .data          0x000000000000baac        0x0 ../eclipse_bsp/\libucosii_bsp.a(altera_nios2_gen2_irq.o)
 .data          0x000000000000baac        0x0 ../eclipse_bsp/\libucosii_bsp.a(os_cpu_a.o)
 .data          0x000000000000baac        0x0 ../eclipse_bsp/\libucosii_bsp.a(os_cpu_c.o)
 .data          0x000000000000baac        0x0 ../eclipse_bsp/\libucosii_bsp.a(alt_exception_entry.o)
 .data          0x000000000000baac        0x0 ../eclipse_bsp/\libucosii_bsp.a(alt_find_dev.o)
 .data          0x000000000000baac        0x0 ../eclipse_bsp/\libucosii_bsp.a(alt_find_file.o)
 .data          0x000000000000baac        0x0 ../eclipse_bsp/\libucosii_bsp.a(alt_get_fd.o)
 .data          0x000000000000baac        0x0 ../eclipse_bsp/\libucosii_bsp.a(alt_icache_flush.o)
 .data          0x000000000000baac        0x0 ../eclipse_bsp/\libucosii_bsp.a(alt_instruction_exception_entry.o)
 .data          0x000000000000baac        0x0 c:/intelfpga_lite/16.1/nios2eds/bin/gnu/h-x86_64-mingw32/bin/../lib/gcc/nios2-elf/5.3.0/../../../../../H-x86_64-mingw32/nios2-elf/lib/mhw-mulx\libc.a(lib_a-atexit.o)
 .data          0x000000000000baac        0x0 c:/intelfpga_lite/16.1/nios2eds/bin/gnu/h-x86_64-mingw32/bin/../lib/gcc/nios2-elf/5.3.0/../../../../../H-x86_64-mingw32/nios2-elf/lib/mhw-mulx\libc.a(lib_a-exit.o)
 .data          0x000000000000baac        0x0 c:/intelfpga_lite/16.1/nios2eds/bin/gnu/h-x86_64-mingw32/bin/../lib/gcc/nios2-elf/5.3.0/../../../../../H-x86_64-mingw32/nios2-elf/lib/mhw-mulx\libc.a(lib_a-impure.o)
 .data.impure_data
                0x000000000000baac      0x424 c:/intelfpga_lite/16.1/nios2eds/bin/gnu/h-x86_64-mingw32/bin/../lib/gcc/nios2-elf/5.3.0/../../../../../H-x86_64-mingw32/nios2-elf/lib/mhw-mulx\libc.a(lib_a-impure.o)
 .data          0x000000000000bed0        0x0 c:/intelfpga_lite/16.1/nios2eds/bin/gnu/h-x86_64-mingw32/bin/../lib/gcc/nios2-elf/5.3.0/../../../../../H-x86_64-mingw32/nios2-elf/lib/mhw-mulx\libc.a(lib_a-int_errno.o)
 .data          0x000000000000bed0        0x0 c:/intelfpga_lite/16.1/nios2eds/bin/gnu/h-x86_64-mingw32/bin/../lib/gcc/nios2-elf/5.3.0/../../../../../H-x86_64-mingw32/nios2-elf/lib/mhw-mulx\libc.a(lib_a-memcmp.o)
 .data          0x000000000000bed0        0x0 c:/intelfpga_lite/16.1/nios2eds/bin/gnu/h-x86_64-mingw32/bin/../lib/gcc/nios2-elf/5.3.0/../../../../../H-x86_64-mingw32/nios2-elf/lib/mhw-mulx\libc.a(lib_a-memcpy.o)
 .data          0x000000000000bed0        0x0 c:/intelfpga_lite/16.1/nios2eds/bin/gnu/h-x86_64-mingw32/bin/../lib/gcc/nios2-elf/5.3.0/../../../../../H-x86_64-mingw32/nios2-elf/lib/mhw-mulx\libc.a(lib_a-memset.o)
 .data          0x000000000000bed0        0x0 c:/intelfpga_lite/16.1/nios2eds/bin/gnu/h-x86_64-mingw32/bin/../lib/gcc/nios2-elf/5.3.0/../../../../../H-x86_64-mingw32/nios2-elf/lib/mhw-mulx\libc.a(lib_a-strlen.o)
 .data          0x000000000000bed0        0x0 c:/intelfpga_lite/16.1/nios2eds/bin/gnu/h-x86_64-mingw32/bin/../lib/gcc/nios2-elf/5.3.0/../../../../../H-x86_64-mingw32/nios2-elf/lib/mhw-mulx\libc.a(lib_a-__atexit.o)
 .data          0x000000000000bed0        0x0 c:/intelfpga_lite/16.1/nios2eds/bin/gnu/h-x86_64-mingw32/bin/../lib/gcc/nios2-elf/5.3.0/../../../../../H-x86_64-mingw32/nios2-elf/lib/mhw-mulx\libc.a(lib_a-__call_atexit.o)
 .data          0x000000000000bed0        0x0 ../eclipse_bsp/\libucosii_bsp.a(alt_exit.o)
                0x0000000000013ed0                _gp = ABSOLUTE ((. + 0x8000))
                [!provide]                        PROVIDE (gp, _gp)
 *(.rwdata .rwdata.*)
 *(.sdata .sdata.* .gnu.linkonce.s.*)
 .sdata         0x000000000000bed0        0x4 ../eclipse_bsp/\libucosii_bsp.a(alt_env_lock.o)
 .sdata         0x000000000000bed4        0x4 ../eclipse_bsp/\libucosii_bsp.a(alt_malloc_lock.o)
 .sdata         0x000000000000bed8       0x72 ../eclipse_bsp/\libucosii_bsp.a(os_dbg.o)
                0x000000000000bed8                OSDebugEn
                0x000000000000bedc                OSEndiannessTest
                0x000000000000bee0                OSEventEn
                0x000000000000bee2                OSEventMax
                0x000000000000bee4                OSEventNameSize
                0x000000000000bee6                OSEventSize
                0x000000000000bee8                OSEventTblSize
                0x000000000000beea                OSEventMultiEn
                0x000000000000beec                OSFlagEn
                0x000000000000beee                OSFlagGrpSize
                0x000000000000bef0                OSFlagNodeSize
                0x000000000000bef2                OSFlagWidth
                0x000000000000bef4                OSFlagMax
                0x000000000000bef6                OSFlagNameSize
                0x000000000000bef8                OSLowestPrio
                0x000000000000befa                OSMboxEn
                0x000000000000befc                OSMemEn
                0x000000000000befe                OSMemMax
                0x000000000000bf00                OSMemNameSize
                0x000000000000bf02                OSMemSize
                0x000000000000bf04                OSMemTblSize
                0x000000000000bf06                OSMutexEn
                0x000000000000bf08                OSPtrSize
                0x000000000000bf0a                OSQEn
                0x000000000000bf0c                OSQMax
                0x000000000000bf0e                OSQSize
                0x000000000000bf10                OSRdyTblSize
                0x000000000000bf12                OSSemEn
                0x000000000000bf14                OSStkWidth
                0x000000000000bf16                OSTaskCreateEn
                0x000000000000bf18                OSTaskCreateExtEn
                0x000000000000bf1a                OSTaskDelEn
                0x000000000000bf1c                OSTaskIdleStkSize
                0x000000000000bf1e                OSTaskProfileEn
                0x000000000000bf20                OSTaskMax
                0x000000000000bf22                OSTaskNameSize
                0x000000000000bf24                OSTaskStatEn
                0x000000000000bf26                OSTaskStatStkSize
                0x000000000000bf28                OSTaskStatStkChkEn
                0x000000000000bf2a                OSTaskSwHookEn
                0x000000000000bf2c                OSTCBPrioTblMax
                0x000000000000bf2e                OSTCBSize
                0x000000000000bf30                OSTicksPerSec
                0x000000000000bf32                OSTimeTickHookEn
                0x000000000000bf34                OSVersionNbr
                0x000000000000bf36                OSTmrEn
                0x000000000000bf38                OSTmrCfgMax
                0x000000000000bf3a                OSTmrCfgNameSize
                0x000000000000bf3c                OSTmrCfgWheelSize
                0x000000000000bf3e                OSTmrCfgTicksPerSec
                0x000000000000bf40                OSTmrSize
                0x000000000000bf42                OSTmrTblSize
                0x000000000000bf44                OSTmrWheelSize
                0x000000000000bf46                OSTmrWheelTblSize
                0x000000000000bf48                OSDataSize
 *fill*         0x000000000000bf4a        0x2 
 .sdata         0x000000000000bf4c       0x14 ../eclipse_bsp/\libucosii_bsp.a(alt_dev.o)
                0x000000000000bf4c                alt_fs_list
                0x000000000000bf54                alt_dev_list
                0x000000000000bf5c                alt_max_fd
 .sdata         0x000000000000bf60        0x4 ../eclipse_bsp/\libucosii_bsp.a(alt_errno.o)
                0x000000000000bf60                alt_errno
 .sdata         0x000000000000bf64        0x4 ../eclipse_bsp/\libucosii_bsp.a(alt_irq_vars.o)
                0x000000000000bf64                alt_priority_mask
 .sdata         0x000000000000bf68        0x8 ../eclipse_bsp/\libucosii_bsp.a(alt_tick.o)
                0x000000000000bf68                alt_alarm_list
 .sdata._global_impure_ptr
                0x000000000000bf70        0x4 c:/intelfpga_lite/16.1/nios2eds/bin/gnu/h-x86_64-mingw32/bin/../lib/gcc/nios2-elf/5.3.0/../../../../../H-x86_64-mingw32/nios2-elf/lib/mhw-mulx\libc.a(lib_a-impure.o)
                0x000000000000bf70                _global_impure_ptr
 .sdata._impure_ptr
                0x000000000000bf74        0x4 c:/intelfpga_lite/16.1/nios2eds/bin/gnu/h-x86_64-mingw32/bin/../lib/gcc/nios2-elf/5.3.0/../../../../../H-x86_64-mingw32/nios2-elf/lib/mhw-mulx\libc.a(lib_a-impure.o)
                0x000000000000bf74                _impure_ptr
 *(.sdata2 .sdata2.* .gnu.linkonce.s2.*)
                0x000000000000bf78                . = ALIGN (0x4)
                0x000000000000bf78                _edata = ABSOLUTE (.)
                [!provide]                        PROVIDE (edata, ABSOLUTE (.))
                0x000000000000bf78                PROVIDE (__ram_rwdata_end, ABSOLUTE (.))
                0x000000000000bf78                PROVIDE (__flash_rwdata_start, LOADADDR (.rwdata))

.bss            0x000000000000d658     0x33a8
                0x000000000000d658                __bss_start = ABSOLUTE (.)
                [!provide]                        PROVIDE (__sbss_start, ABSOLUTE (.))
                [!provide]                        PROVIDE (___sbss_start, ABSOLUTE (.))
 *(.dynsbss)
 *(.sbss .sbss.* .gnu.linkonce.sb.*)
 .sbss          0x000000000000d658        0xc ../eclipse_bsp/\libucosii_bsp.a(alt_main.o)
                0x000000000000d658                alt_argc
                0x000000000000d65c                alt_argv
                0x000000000000d660                alt_envp
 .sbss          0x000000000000d664        0x4 ../eclipse_bsp/\libucosii_bsp.a(alt_env_lock.o)
 .sbss          0x000000000000d668        0x4 ../eclipse_bsp/\libucosii_bsp.a(alt_env_lock.o)
                0x000000000000d668                alt_envsem
 .sbss          0x000000000000d66c        0x8 ../eclipse_bsp/\libucosii_bsp.a(alt_malloc_lock.o)
                0x000000000000d670                alt_heapsem
 .sbss          0x000000000000d674       0x50 ../eclipse_bsp/\libucosii_bsp.a(os_core.o)
                0x000000000000d674                OSLockNesting
                0x000000000000d675                OSRunning
                0x000000000000d678                OSIdleCtr
                0x000000000000d67c                OSPrioHighRdy
                0x000000000000d67d                OSPrioCur
                0x000000000000d680                OSTCBList
                0x000000000000d684                OSTickStepState
                0x000000000000d688                OSCtxSwCtr
                0x000000000000d68c                OSIdleCtrMax
                0x000000000000d690                OSTCBFreeList
                0x000000000000d694                OSCPUUsage
                0x000000000000d695                OSTaskCtr
                0x000000000000d698                OSMemFreeList
                0x000000000000d69c                OSTCBHighRdy
                0x000000000000d6a0                OSQFreeList
                0x000000000000d6a4                OSRdyGrp
                0x000000000000d6a5                OSRdyTbl
                0x000000000000d6a8                OSEventFreeList
                0x000000000000d6ac                OSIntNesting
                0x000000000000d6b0                OSTCBCur
                0x000000000000d6b4                OSTime
                0x000000000000d6b8                OSFlagFreeList
                0x000000000000d6bc                OSStatRdy
                0x000000000000d6c0                OSIdleCtrRun
 .sbss          0x000000000000d6c4        0x4 ../eclipse_bsp/\libucosii_bsp.a(alt_dev.o)
                0x000000000000d6c4                alt_fd_list_lock
 .sbss          0x000000000000d6c8        0x4 ../eclipse_bsp/\libucosii_bsp.a(alt_irq_vars.o)
                0x000000000000d6c8                alt_irq_active
 .sbss          0x000000000000d6cc        0x8 ../eclipse_bsp/\libucosii_bsp.a(alt_tick.o)
                0x000000000000d6cc                _alt_tick_rate
                0x000000000000d6d0                _alt_nticks
 .sbss          0x000000000000d6d4        0x4 ../eclipse_bsp/\libucosii_bsp.a(alt_instruction_exception_entry.o)
                0x000000000000d6d4                alt_instruction_exception_handler
 .sbss          0x000000000000d6d8        0x4 c:/intelfpga_lite/16.1/nios2eds/bin/gnu/h-x86_64-mingw32/bin/../lib/gcc/nios2-elf/5.3.0/../../../../../H-x86_64-mingw32/nios2-elf/lib/mhw-mulx\libc.a(lib_a-int_errno.o)
                0x000000000000d6d8                errno
 *(.sbss2 .sbss2.* .gnu.linkonce.sb2.*)
 *(.scommon)
                [!provide]                        PROVIDE (__sbss_end, ABSOLUTE (.))
                [!provide]                        PROVIDE (___sbss_end, ABSOLUTE (.))
 *(.dynbss)
 *(.bss .bss.* .gnu.linkonce.b.*)
 .bss           0x000000000000d6dc        0x0 ../eclipse_bsp//obj/HAL/src/crt0.o
 .bss           0x000000000000d6dc        0x0 ../eclipse_bsp/\libucosii_bsp.a(alt_load.o)
 .bss           0x000000000000d6dc        0x0 ../eclipse_bsp/\libucosii_bsp.a(alt_main.o)
 .bss           0x000000000000d6dc        0x0 ../eclipse_bsp/\libucosii_bsp.a(alt_env_lock.o)
 .bss           0x000000000000d6dc        0x0 ../eclipse_bsp/\libucosii_bsp.a(alt_malloc_lock.o)
 .bss           0x000000000000d6dc        0x0 ../eclipse_bsp/\libucosii_bsp.a(os_core.o)
 .bss           0x000000000000d6dc        0x0 ../eclipse_bsp/\libucosii_bsp.a(os_dbg.o)
 .bss           0x000000000000d6dc        0x0 ../eclipse_bsp/\libucosii_bsp.a(os_flag.o)
 .bss           0x000000000000d6dc        0x0 ../eclipse_bsp/\libucosii_bsp.a(os_mem.o)
 .bss           0x000000000000d6dc        0x0 ../eclipse_bsp/\libucosii_bsp.a(os_q.o)
 .bss           0x000000000000d6dc        0x0 ../eclipse_bsp/\libucosii_bsp.a(os_sem.o)
 .bss           0x000000000000d6dc        0x0 ../eclipse_bsp/\libucosii_bsp.a(os_task.o)
 .bss           0x000000000000d6dc        0x0 ../eclipse_bsp/\libucosii_bsp.a(os_time.o)
 .bss           0x000000000000d6dc        0x0 ../eclipse_bsp/\libucosii_bsp.a(alt_sys_init.o)
 .bss           0x000000000000d6dc        0x0 ../eclipse_bsp/\libucosii_bsp.a(altera_avalon_jtag_uart_fd.o)
 .bss           0x000000000000d6dc        0x0 ../eclipse_bsp/\libucosii_bsp.a(altera_avalon_jtag_uart_init.o)
 .bss           0x000000000000d6dc        0x0 ../eclipse_bsp/\libucosii_bsp.a(altera_avalon_jtag_uart_ioctl.o)
 .bss           0x000000000000d6dc        0x0 ../eclipse_bsp/\libucosii_bsp.a(altera_avalon_jtag_uart_read.o)
 .bss           0x000000000000d6dc        0x0 ../eclipse_bsp/\libucosii_bsp.a(altera_avalon_jtag_uart_write.o)
 .bss           0x000000000000d6dc        0x0 ../eclipse_bsp/\libucosii_bsp.a(alt_alarm_start.o)
 .bss           0x000000000000d6dc        0x0 ../eclipse_bsp/\libucosii_bsp.a(alt_close.o)
 .bss           0x000000000000d6dc        0x0 ../eclipse_bsp/\libucosii_bsp.a(alt_dcache_flush_all.o)
 .bss           0x000000000000d6dc        0x0 ../eclipse_bsp/\libucosii_bsp.a(alt_dev.o)
 .bss           0x000000000000d6dc        0x0 ../eclipse_bsp/\libucosii_bsp.a(alt_dev_llist_insert.o)
 .bss           0x000000000000d6dc        0x0 ../eclipse_bsp/\libucosii_bsp.a(alt_do_ctors.o)
 .bss           0x000000000000d6dc        0x0 ../eclipse_bsp/\libucosii_bsp.a(alt_do_dtors.o)
 .bss           0x000000000000d6dc        0x0 ../eclipse_bsp/\libucosii_bsp.a(alt_errno.o)
 .bss           0x000000000000d6dc        0x0 ../eclipse_bsp/\libucosii_bsp.a(alt_icache_flush_all.o)
 .bss           0x000000000000d6dc        0x0 ../eclipse_bsp/\libucosii_bsp.a(alt_iic.o)
 .bss           0x000000000000d6dc        0x0 ../eclipse_bsp/\libucosii_bsp.a(alt_iic_isr_register.o)
 .bss           0x000000000000d6dc        0x0 ../eclipse_bsp/\libucosii_bsp.a(alt_io_redirect.o)
 .bss           0x000000000000d6dc        0x0 ../eclipse_bsp/\libucosii_bsp.a(alt_irq_entry.o)
 .bss           0x000000000000d6dc        0x0 ../eclipse_bsp/\libucosii_bsp.a(alt_irq_handler.o)
 .bss           0x000000000000d6dc        0x0 ../eclipse_bsp/\libucosii_bsp.a(alt_irq_vars.o)
 .bss           0x000000000000d6dc        0x0 ../eclipse_bsp/\libucosii_bsp.a(alt_open.o)
 .bss           0x000000000000d6dc        0x0 ../eclipse_bsp/\libucosii_bsp.a(alt_release_fd.o)
 .bss           0x000000000000d6dc        0x0 ../eclipse_bsp/\libucosii_bsp.a(alt_tick.o)
 .bss           0x000000000000d6dc        0x0 ../eclipse_bsp/\libucosii_bsp.a(altera_nios2_gen2_irq.o)
 .bss           0x000000000000d6dc        0x0 ../eclipse_bsp/\libucosii_bsp.a(os_cpu_a.o)
 .bss           0x000000000000d6dc        0x0 ../eclipse_bsp/\libucosii_bsp.a(os_cpu_c.o)
 .bss           0x000000000000d6dc        0x0 ../eclipse_bsp/\libucosii_bsp.a(alt_exception_entry.o)
 .bss           0x000000000000d6dc        0x0 ../eclipse_bsp/\libucosii_bsp.a(alt_find_dev.o)
 .bss           0x000000000000d6dc        0x0 ../eclipse_bsp/\libucosii_bsp.a(alt_find_file.o)
 .bss           0x000000000000d6dc        0x0 ../eclipse_bsp/\libucosii_bsp.a(alt_get_fd.o)
 .bss           0x000000000000d6dc        0x0 ../eclipse_bsp/\libucosii_bsp.a(alt_icache_flush.o)
 .bss           0x000000000000d6dc        0x0 ../eclipse_bsp/\libucosii_bsp.a(alt_instruction_exception_entry.o)
 .bss           0x000000000000d6dc        0x0 c:/intelfpga_lite/16.1/nios2eds/bin/gnu/h-x86_64-mingw32/bin/../lib/gcc/nios2-elf/5.3.0/../../../../../H-x86_64-mingw32/nios2-elf/lib/mhw-mulx\libc.a(lib_a-atexit.o)
 .bss           0x000000000000d6dc        0x0 c:/intelfpga_lite/16.1/nios2eds/bin/gnu/h-x86_64-mingw32/bin/../lib/gcc/nios2-elf/5.3.0/../../../../../H-x86_64-mingw32/nios2-elf/lib/mhw-mulx\libc.a(lib_a-exit.o)
 .bss           0x000000000000d6dc        0x0 c:/intelfpga_lite/16.1/nios2eds/bin/gnu/h-x86_64-mingw32/bin/../lib/gcc/nios2-elf/5.3.0/../../../../../H-x86_64-mingw32/nios2-elf/lib/mhw-mulx\libc.a(lib_a-impure.o)
 .bss           0x000000000000d6dc        0x0 c:/intelfpga_lite/16.1/nios2eds/bin/gnu/h-x86_64-mingw32/bin/../lib/gcc/nios2-elf/5.3.0/../../../../../H-x86_64-mingw32/nios2-elf/lib/mhw-mulx\libc.a(lib_a-int_errno.o)
 .bss           0x000000000000d6dc        0x0 c:/intelfpga_lite/16.1/nios2eds/bin/gnu/h-x86_64-mingw32/bin/../lib/gcc/nios2-elf/5.3.0/../../../../../H-x86_64-mingw32/nios2-elf/lib/mhw-mulx\libc.a(lib_a-memcmp.o)
 .bss           0x000000000000d6dc        0x0 c:/intelfpga_lite/16.1/nios2eds/bin/gnu/h-x86_64-mingw32/bin/../lib/gcc/nios2-elf/5.3.0/../../../../../H-x86_64-mingw32/nios2-elf/lib/mhw-mulx\libc.a(lib_a-memcpy.o)
 .bss           0x000000000000d6dc        0x0 c:/intelfpga_lite/16.1/nios2eds/bin/gnu/h-x86_64-mingw32/bin/../lib/gcc/nios2-elf/5.3.0/../../../../../H-x86_64-mingw32/nios2-elf/lib/mhw-mulx\libc.a(lib_a-memset.o)
 .bss           0x000000000000d6dc        0x0 c:/intelfpga_lite/16.1/nios2eds/bin/gnu/h-x86_64-mingw32/bin/../lib/gcc/nios2-elf/5.3.0/../../../../../H-x86_64-mingw32/nios2-elf/lib/mhw-mulx\libc.a(lib_a-strlen.o)
 .bss           0x000000000000d6dc        0x0 c:/intelfpga_lite/16.1/nios2eds/bin/gnu/h-x86_64-mingw32/bin/../lib/gcc/nios2-elf/5.3.0/../../../../../H-x86_64-mingw32/nios2-elf/lib/mhw-mulx\libc.a(lib_a-__atexit.o)
 .bss           0x000000000000d6dc        0x0 c:/intelfpga_lite/16.1/nios2eds/bin/gnu/h-x86_64-mingw32/bin/../lib/gcc/nios2-elf/5.3.0/../../../../../H-x86_64-mingw32/nios2-elf/lib/mhw-mulx\libc.a(lib_a-__call_atexit.o)
 .bss           0x000000000000d6dc        0x0 ../eclipse_bsp/\libucosii_bsp.a(alt_exit.o)
 *(COMMON)
 COMMON         0x000000000000d6dc     0x3224 ../eclipse_bsp/\libucosii_bsp.a(os_core.o)
                0x000000000000d6dc                OSFlagTbl
                0x000000000000da4c                OSMemTbl
                0x000000000000e67c                OSTaskStatStk
                0x000000000000ee7c                OSQTbl
                0x000000000000f05c                OSTaskIdleStk
                0x000000000000f85c                OSEventTbl
                0x000000000001039c                OSTCBTbl
                0x00000000000108ac                OSTCBPrioTbl
 COMMON         0x0000000000010900      0x100 ../eclipse_bsp/\libucosii_bsp.a(alt_irq_handler.o)
                0x0000000000010900                alt_irq
                0x0000000000010a00                . = ALIGN (0x4)
                0x0000000000010a00                __bss_end = ABSOLUTE (.)

.SDRAM          0x0000000000010a00        0x0
                [!provide]                        PROVIDE (_alt_partition_SDRAM_start, ABSOLUTE (.))
 *(.SDRAM .SDRAM. SDRAM.*)
                0x0000000000010a00                . = ALIGN (0x4)
                [!provide]                        PROVIDE (_alt_partition_SDRAM_end, ABSOLUTE (.))
                0x0000000000010a00                _end = ABSOLUTE (.)
                0x0000000000010a00                end = ABSOLUTE (.)
                0x0000000000010a00                __alt_stack_base = ABSOLUTE (.)
                [!provide]                        PROVIDE (_alt_partition_SDRAM_load_addr, LOADADDR (.SDRAM))

.stab
 *(.stab)

.stabstr
 *(.stabstr)

.stab.excl
 *(.stab.excl)

.stab.exclstr
 *(.stab.exclstr)

.stab.index
 *(.stab.index)

.stab.indexstr
 *(.stab.indexstr)

.comment        0x0000000000000000       0x23
 *(.comment)
 .comment       0x0000000000000000       0x23 ../eclipse_bsp/\libucosii_bsp.a(alt_load.o)
                                         0x24 (size before relaxing)
 .comment       0x0000000000000023       0x24 ../eclipse_bsp/\libucosii_bsp.a(alt_main.o)
 .comment       0x0000000000000023       0x24 ../eclipse_bsp/\libucosii_bsp.a(alt_env_lock.o)
 .comment       0x0000000000000023       0x24 ../eclipse_bsp/\libucosii_bsp.a(alt_malloc_lock.o)
 .comment       0x0000000000000023       0x24 ../eclipse_bsp/\libucosii_bsp.a(os_core.o)
 .comment       0x0000000000000023       0x24 ../eclipse_bsp/\libucosii_bsp.a(os_dbg.o)
 .comment       0x0000000000000023       0x24 ../eclipse_bsp/\libucosii_bsp.a(os_flag.o)
 .comment       0x0000000000000023       0x24 ../eclipse_bsp/\libucosii_bsp.a(os_mem.o)
 .comment       0x0000000000000023       0x24 ../eclipse_bsp/\libucosii_bsp.a(os_q.o)
 .comment       0x0000000000000023       0x24 ../eclipse_bsp/\libucosii_bsp.a(os_sem.o)
 .comment       0x0000000000000023       0x24 ../eclipse_bsp/\libucosii_bsp.a(os_task.o)
 .comment       0x0000000000000023       0x24 ../eclipse_bsp/\libucosii_bsp.a(os_time.o)
 .comment       0x0000000000000023       0x24 ../eclipse_bsp/\libucosii_bsp.a(alt_sys_init.o)
 .comment       0x0000000000000023       0x24 ../eclipse_bsp/\libucosii_bsp.a(altera_avalon_jtag_uart_fd.o)
 .comment       0x0000000000000023       0x24 ../eclipse_bsp/\libucosii_bsp.a(altera_avalon_jtag_uart_init.o)
 .comment       0x0000000000000023       0x24 ../eclipse_bsp/\libucosii_bsp.a(altera_avalon_jtag_uart_ioctl.o)
 .comment       0x0000000000000023       0x24 ../eclipse_bsp/\libucosii_bsp.a(altera_avalon_jtag_uart_read.o)
 .comment       0x0000000000000023       0x24 ../eclipse_bsp/\libucosii_bsp.a(altera_avalon_jtag_uart_write.o)
 .comment       0x0000000000000023       0x24 ../eclipse_bsp/\libucosii_bsp.a(alt_alarm_start.o)
 .comment       0x0000000000000023       0x24 ../eclipse_bsp/\libucosii_bsp.a(alt_close.o)
 .comment       0x0000000000000023       0x24 ../eclipse_bsp/\libucosii_bsp.a(alt_dcache_flush_all.o)
 .comment       0x0000000000000023       0x24 ../eclipse_bsp/\libucosii_bsp.a(alt_dev.o)
 .comment       0x0000000000000023       0x24 ../eclipse_bsp/\libucosii_bsp.a(alt_dev_llist_insert.o)
 .comment       0x0000000000000023       0x24 ../eclipse_bsp/\libucosii_bsp.a(alt_do_ctors.o)
 .comment       0x0000000000000023       0x24 ../eclipse_bsp/\libucosii_bsp.a(alt_do_dtors.o)
 .comment       0x0000000000000023       0x24 ../eclipse_bsp/\libucosii_bsp.a(alt_errno.o)
 .comment       0x0000000000000023       0x24 ../eclipse_bsp/\libucosii_bsp.a(alt_icache_flush_all.o)
 .comment       0x0000000000000023       0x24 ../eclipse_bsp/\libucosii_bsp.a(alt_iic.o)
 .comment       0x0000000000000023       0x24 ../eclipse_bsp/\libucosii_bsp.a(alt_iic_isr_register.o)
 .comment       0x0000000000000023       0x24 ../eclipse_bsp/\libucosii_bsp.a(alt_io_redirect.o)
 .comment       0x0000000000000023       0x24 ../eclipse_bsp/\libucosii_bsp.a(alt_irq_handler.o)
 .comment       0x0000000000000023       0x24 ../eclipse_bsp/\libucosii_bsp.a(alt_irq_vars.o)
 .comment       0x0000000000000023       0x24 ../eclipse_bsp/\libucosii_bsp.a(alt_open.o)
 .comment       0x0000000000000023       0x24 ../eclipse_bsp/\libucosii_bsp.a(alt_release_fd.o)
 .comment       0x0000000000000023       0x24 ../eclipse_bsp/\libucosii_bsp.a(alt_tick.o)
 .comment       0x0000000000000023       0x24 ../eclipse_bsp/\libucosii_bsp.a(altera_nios2_gen2_irq.o)
 .comment       0x0000000000000023       0x24 ../eclipse_bsp/\libucosii_bsp.a(os_cpu_c.o)
 .comment       0x0000000000000023       0x24 ../eclipse_bsp/\libucosii_bsp.a(alt_find_dev.o)
 .comment       0x0000000000000023       0x24 ../eclipse_bsp/\libucosii_bsp.a(alt_find_file.o)
 .comment       0x0000000000000023       0x24 ../eclipse_bsp/\libucosii_bsp.a(alt_get_fd.o)
 .comment       0x0000000000000023       0x24 ../eclipse_bsp/\libucosii_bsp.a(alt_icache_flush.o)
 .comment       0x0000000000000023       0x24 ../eclipse_bsp/\libucosii_bsp.a(alt_instruction_exception_entry.o)
 .comment       0x0000000000000023       0x24 c:/intelfpga_lite/16.1/nios2eds/bin/gnu/h-x86_64-mingw32/bin/../lib/gcc/nios2-elf/5.3.0/../../../../../H-x86_64-mingw32/nios2-elf/lib/mhw-mulx\libc.a(lib_a-atexit.o)
 .comment       0x0000000000000023       0x24 c:/intelfpga_lite/16.1/nios2eds/bin/gnu/h-x86_64-mingw32/bin/../lib/gcc/nios2-elf/5.3.0/../../../../../H-x86_64-mingw32/nios2-elf/lib/mhw-mulx\libc.a(lib_a-exit.o)
 .comment       0x0000000000000023       0x24 c:/intelfpga_lite/16.1/nios2eds/bin/gnu/h-x86_64-mingw32/bin/../lib/gcc/nios2-elf/5.3.0/../../../../../H-x86_64-mingw32/nios2-elf/lib/mhw-mulx\libc.a(lib_a-impure.o)
 .comment       0x0000000000000023       0x24 c:/intelfpga_lite/16.1/nios2eds/bin/gnu/h-x86_64-mingw32/bin/../lib/gcc/nios2-elf/5.3.0/../../../../../H-x86_64-mingw32/nios2-elf/lib/mhw-mulx\libc.a(lib_a-int_errno.o)
 .comment       0x0000000000000023       0x24 c:/intelfpga_lite/16.1/nios2eds/bin/gnu/h-x86_64-mingw32/bin/../lib/gcc/nios2-elf/5.3.0/../../../../../H-x86_64-mingw32/nios2-elf/lib/mhw-mulx\libc.a(lib_a-memcmp.o)
 .comment       0x0000000000000023       0x24 c:/intelfpga_lite/16.1/nios2eds/bin/gnu/h-x86_64-mingw32/bin/../lib/gcc/nios2-elf/5.3.0/../../../../../H-x86_64-mingw32/nios2-elf/lib/mhw-mulx\libc.a(lib_a-memcpy.o)
 .comment       0x0000000000000023       0x24 c:/intelfpga_lite/16.1/nios2eds/bin/gnu/h-x86_64-mingw32/bin/../lib/gcc/nios2-elf/5.3.0/../../../../../H-x86_64-mingw32/nios2-elf/lib/mhw-mulx\libc.a(lib_a-memset.o)
 .comment       0x0000000000000023       0x24 c:/intelfpga_lite/16.1/nios2eds/bin/gnu/h-x86_64-mingw32/bin/../lib/gcc/nios2-elf/5.3.0/../../../../../H-x86_64-mingw32/nios2-elf/lib/mhw-mulx\libc.a(lib_a-strlen.o)
 .comment       0x0000000000000023       0x24 c:/intelfpga_lite/16.1/nios2eds/bin/gnu/h-x86_64-mingw32/bin/../lib/gcc/nios2-elf/5.3.0/../../../../../H-x86_64-mingw32/nios2-elf/lib/mhw-mulx\libc.a(lib_a-__atexit.o)
 .comment       0x0000000000000023       0x24 c:/intelfpga_lite/16.1/nios2eds/bin/gnu/h-x86_64-mingw32/bin/../lib/gcc/nios2-elf/5.3.0/../../../../../H-x86_64-mingw32/nios2-elf/lib/mhw-mulx\libc.a(lib_a-__call_atexit.o)
 .comment       0x0000000000000023       0x24 ../eclipse_bsp/\libucosii_bsp.a(alt_exit.o)

.debug
 *(.debug)

.line
 *(.line)

.debug_srcinfo
 *(.debug_srcinfo)

.debug_sfnames
 *(.debug_sfnames)

.debug_aranges  0x0000000000000000      0x738
 *(.debug_aranges)
 .debug_aranges
                0x0000000000000000       0x28 ../eclipse_bsp//obj/HAL/src/crt0.o
 .debug_aranges
                0x0000000000000028       0x20 ../eclipse_bsp/\libucosii_bsp.a(alt_load.o)
 .debug_aranges
                0x0000000000000048       0x20 ../eclipse_bsp/\libucosii_bsp.a(alt_main.o)
 .debug_aranges
                0x0000000000000068       0x20 ../eclipse_bsp/\libucosii_bsp.a(alt_env_lock.o)
 .debug_aranges
                0x0000000000000088       0x20 ../eclipse_bsp/\libucosii_bsp.a(alt_malloc_lock.o)
 .debug_aranges
                0x00000000000000a8       0x20 ../eclipse_bsp/\libucosii_bsp.a(os_core.o)
 .debug_aranges
                0x00000000000000c8       0x20 ../eclipse_bsp/\libucosii_bsp.a(os_dbg.o)
 .debug_aranges
                0x00000000000000e8       0x20 ../eclipse_bsp/\libucosii_bsp.a(os_flag.o)
 .debug_aranges
                0x0000000000000108       0x20 ../eclipse_bsp/\libucosii_bsp.a(os_mem.o)
 .debug_aranges
                0x0000000000000128       0x20 ../eclipse_bsp/\libucosii_bsp.a(os_q.o)
 .debug_aranges
                0x0000000000000148       0x20 ../eclipse_bsp/\libucosii_bsp.a(os_sem.o)
 .debug_aranges
                0x0000000000000168       0x20 ../eclipse_bsp/\libucosii_bsp.a(os_task.o)
 .debug_aranges
                0x0000000000000188       0x20 ../eclipse_bsp/\libucosii_bsp.a(os_time.o)
 .debug_aranges
                0x00000000000001a8       0x20 ../eclipse_bsp/\libucosii_bsp.a(alt_sys_init.o)
 .debug_aranges
                0x00000000000001c8       0x20 ../eclipse_bsp/\libucosii_bsp.a(altera_avalon_jtag_uart_fd.o)
 .debug_aranges
                0x00000000000001e8       0x20 ../eclipse_bsp/\libucosii_bsp.a(altera_avalon_jtag_uart_init.o)
 .debug_aranges
                0x0000000000000208       0x20 ../eclipse_bsp/\libucosii_bsp.a(altera_avalon_jtag_uart_ioctl.o)
 .debug_aranges
                0x0000000000000228       0x20 ../eclipse_bsp/\libucosii_bsp.a(altera_avalon_jtag_uart_read.o)
 .debug_aranges
                0x0000000000000248       0x20 ../eclipse_bsp/\libucosii_bsp.a(altera_avalon_jtag_uart_write.o)
 .debug_aranges
                0x0000000000000268       0x20 ../eclipse_bsp/\libucosii_bsp.a(alt_alarm_start.o)
 .debug_aranges
                0x0000000000000288       0x20 ../eclipse_bsp/\libucosii_bsp.a(alt_close.o)
 .debug_aranges
                0x00000000000002a8       0x20 ../eclipse_bsp/\libucosii_bsp.a(alt_dcache_flush_all.o)
 .debug_aranges
                0x00000000000002c8       0x20 ../eclipse_bsp/\libucosii_bsp.a(alt_dev.o)
 .debug_aranges
                0x00000000000002e8       0x20 ../eclipse_bsp/\libucosii_bsp.a(alt_dev_llist_insert.o)
 .debug_aranges
                0x0000000000000308       0x20 ../eclipse_bsp/\libucosii_bsp.a(alt_do_ctors.o)
 .debug_aranges
                0x0000000000000328       0x20 ../eclipse_bsp/\libucosii_bsp.a(alt_do_dtors.o)
 .debug_aranges
                0x0000000000000348       0x18 ../eclipse_bsp/\libucosii_bsp.a(alt_errno.o)
 .debug_aranges
                0x0000000000000360       0x20 ../eclipse_bsp/\libucosii_bsp.a(alt_icache_flush_all.o)
 .debug_aranges
                0x0000000000000380       0x20 ../eclipse_bsp/\libucosii_bsp.a(alt_iic.o)
 .debug_aranges
                0x00000000000003a0       0x20 ../eclipse_bsp/\libucosii_bsp.a(alt_iic_isr_register.o)
 .debug_aranges
                0x00000000000003c0       0x20 ../eclipse_bsp/\libucosii_bsp.a(alt_io_redirect.o)
 .debug_aranges
                0x00000000000003e0       0x30 ../eclipse_bsp/\libucosii_bsp.a(alt_irq_entry.o)
 .debug_aranges
                0x0000000000000410       0x20 ../eclipse_bsp/\libucosii_bsp.a(alt_irq_handler.o)
 .debug_aranges
                0x0000000000000430       0x18 ../eclipse_bsp/\libucosii_bsp.a(alt_irq_vars.o)
 .debug_aranges
                0x0000000000000448       0x20 ../eclipse_bsp/\libucosii_bsp.a(alt_open.o)
 .debug_aranges
                0x0000000000000468       0x20 ../eclipse_bsp/\libucosii_bsp.a(alt_release_fd.o)
 .debug_aranges
                0x0000000000000488       0x20 ../eclipse_bsp/\libucosii_bsp.a(alt_tick.o)
 .debug_aranges
                0x00000000000004a8       0x20 ../eclipse_bsp/\libucosii_bsp.a(altera_nios2_gen2_irq.o)
 .debug_aranges
                0x00000000000004c8       0x20 ../eclipse_bsp/\libucosii_bsp.a(os_cpu_a.o)
 .debug_aranges
                0x00000000000004e8       0x20 ../eclipse_bsp/\libucosii_bsp.a(os_cpu_c.o)
 .debug_aranges
                0x0000000000000508       0x38 ../eclipse_bsp/\libucosii_bsp.a(alt_exception_entry.o)
 .debug_aranges
                0x0000000000000540       0x20 ../eclipse_bsp/\libucosii_bsp.a(alt_find_dev.o)
 .debug_aranges
                0x0000000000000560       0x20 ../eclipse_bsp/\libucosii_bsp.a(alt_find_file.o)
 .debug_aranges
                0x0000000000000580       0x20 ../eclipse_bsp/\libucosii_bsp.a(alt_get_fd.o)
 .debug_aranges
                0x00000000000005a0       0x20 ../eclipse_bsp/\libucosii_bsp.a(alt_icache_flush.o)
 .debug_aranges
                0x00000000000005c0       0x28 ../eclipse_bsp/\libucosii_bsp.a(alt_instruction_exception_entry.o)
 .debug_aranges
                0x00000000000005e8       0x20 c:/intelfpga_lite/16.1/nios2eds/bin/gnu/h-x86_64-mingw32/bin/../lib/gcc/nios2-elf/5.3.0/../../../../../H-x86_64-mingw32/nios2-elf/lib/mhw-mulx\libc.a(lib_a-atexit.o)
 .debug_aranges
                0x0000000000000608       0x20 c:/intelfpga_lite/16.1/nios2eds/bin/gnu/h-x86_64-mingw32/bin/../lib/gcc/nios2-elf/5.3.0/../../../../../H-x86_64-mingw32/nios2-elf/lib/mhw-mulx\libc.a(lib_a-exit.o)
 .debug_aranges
                0x0000000000000628       0x18 c:/intelfpga_lite/16.1/nios2eds/bin/gnu/h-x86_64-mingw32/bin/../lib/gcc/nios2-elf/5.3.0/../../../../../H-x86_64-mingw32/nios2-elf/lib/mhw-mulx\libc.a(lib_a-impure.o)
 .debug_aranges
                0x0000000000000640       0x18 c:/intelfpga_lite/16.1/nios2eds/bin/gnu/h-x86_64-mingw32/bin/../lib/gcc/nios2-elf/5.3.0/../../../../../H-x86_64-mingw32/nios2-elf/lib/mhw-mulx\libc.a(lib_a-int_errno.o)
 .debug_aranges
                0x0000000000000658       0x20 c:/intelfpga_lite/16.1/nios2eds/bin/gnu/h-x86_64-mingw32/bin/../lib/gcc/nios2-elf/5.3.0/../../../../../H-x86_64-mingw32/nios2-elf/lib/mhw-mulx\libc.a(lib_a-memcmp.o)
 .debug_aranges
                0x0000000000000678       0x20 c:/intelfpga_lite/16.1/nios2eds/bin/gnu/h-x86_64-mingw32/bin/../lib/gcc/nios2-elf/5.3.0/../../../../../H-x86_64-mingw32/nios2-elf/lib/mhw-mulx\libc.a(lib_a-memcpy.o)
 .debug_aranges
                0x0000000000000698       0x20 c:/intelfpga_lite/16.1/nios2eds/bin/gnu/h-x86_64-mingw32/bin/../lib/gcc/nios2-elf/5.3.0/../../../../../H-x86_64-mingw32/nios2-elf/lib/mhw-mulx\libc.a(lib_a-memset.o)
 .debug_aranges
                0x00000000000006b8       0x20 c:/intelfpga_lite/16.1/nios2eds/bin/gnu/h-x86_64-mingw32/bin/../lib/gcc/nios2-elf/5.3.0/../../../../../H-x86_64-mingw32/nios2-elf/lib/mhw-mulx\libc.a(lib_a-strlen.o)
 .debug_aranges
                0x00000000000006d8       0x20 c:/intelfpga_lite/16.1/nios2eds/bin/gnu/h-x86_64-mingw32/bin/../lib/gcc/nios2-elf/5.3.0/../../../../../H-x86_64-mingw32/nios2-elf/lib/mhw-mulx\libc.a(lib_a-__atexit.o)
 .debug_aranges
                0x00000000000006f8       0x20 c:/intelfpga_lite/16.1/nios2eds/bin/gnu/h-x86_64-mingw32/bin/../lib/gcc/nios2-elf/5.3.0/../../../../../H-x86_64-mingw32/nios2-elf/lib/mhw-mulx\libc.a(lib_a-__call_atexit.o)
 .debug_aranges
                0x0000000000000718       0x20 ../eclipse_bsp/\libucosii_bsp.a(alt_exit.o)

.debug_pubnames
 *(.debug_pubnames)

.debug_info     0x0000000000000000    0x113e8
 *(.debug_info .gnu.linkonce.wi.*)
 .debug_info    0x0000000000000000       0x7c ../eclipse_bsp//obj/HAL/src/crt0.o
 .debug_info    0x000000000000007c      0x145 ../eclipse_bsp/\libucosii_bsp.a(alt_load.o)
 .debug_info    0x00000000000001c1      0x26d ../eclipse_bsp/\libucosii_bsp.a(alt_main.o)
 .debug_info    0x000000000000042e      0xc67 ../eclipse_bsp/\libucosii_bsp.a(alt_env_lock.o)
 .debug_info    0x0000000000001095      0xdad ../eclipse_bsp/\libucosii_bsp.a(alt_malloc_lock.o)
 .debug_info    0x0000000000001e42     0x15b9 ../eclipse_bsp/\libucosii_bsp.a(os_core.o)
 .debug_info    0x00000000000033fb      0xaa8 ../eclipse_bsp/\libucosii_bsp.a(os_dbg.o)
 .debug_info    0x0000000000003ea3      0xf9c ../eclipse_bsp/\libucosii_bsp.a(os_flag.o)
 .debug_info    0x0000000000004e3f      0x67a ../eclipse_bsp/\libucosii_bsp.a(os_mem.o)
 .debug_info    0x00000000000054b9      0xda3 ../eclipse_bsp/\libucosii_bsp.a(os_q.o)
 .debug_info    0x000000000000625c      0xa04 ../eclipse_bsp/\libucosii_bsp.a(os_sem.o)
 .debug_info    0x0000000000006c60     0x1117 ../eclipse_bsp/\libucosii_bsp.a(os_task.o)
 .debug_info    0x0000000000007d77      0x6e9 ../eclipse_bsp/\libucosii_bsp.a(os_time.o)
 .debug_info    0x0000000000008460      0x610 ../eclipse_bsp/\libucosii_bsp.a(alt_sys_init.o)
 .debug_info    0x0000000000008a70      0x67b ../eclipse_bsp/\libucosii_bsp.a(altera_avalon_jtag_uart_fd.o)
 .debug_info    0x00000000000090eb      0x6b3 ../eclipse_bsp/\libucosii_bsp.a(altera_avalon_jtag_uart_init.o)
 .debug_info    0x000000000000979e      0x3cd ../eclipse_bsp/\libucosii_bsp.a(altera_avalon_jtag_uart_ioctl.o)
 .debug_info    0x0000000000009b6b      0x57a ../eclipse_bsp/\libucosii_bsp.a(altera_avalon_jtag_uart_read.o)
 .debug_info    0x000000000000a0e5      0x579 ../eclipse_bsp/\libucosii_bsp.a(altera_avalon_jtag_uart_write.o)
 .debug_info    0x000000000000a65e      0x2cc ../eclipse_bsp/\libucosii_bsp.a(alt_alarm_start.o)
 .debug_info    0x000000000000a92a      0x355 ../eclipse_bsp/\libucosii_bsp.a(alt_close.o)
 .debug_info    0x000000000000ac7f       0x92 ../eclipse_bsp/\libucosii_bsp.a(alt_dcache_flush_all.o)
 .debug_info    0x000000000000ad11      0x585 ../eclipse_bsp/\libucosii_bsp.a(alt_dev.o)
 .debug_info    0x000000000000b296      0x1a9 ../eclipse_bsp/\libucosii_bsp.a(alt_dev_llist_insert.o)
 .debug_info    0x000000000000b43f       0x83 ../eclipse_bsp/\libucosii_bsp.a(alt_do_ctors.o)
 .debug_info    0x000000000000b4c2       0x83 ../eclipse_bsp/\libucosii_bsp.a(alt_do_dtors.o)
 .debug_info    0x000000000000b545       0xa6 ../eclipse_bsp/\libucosii_bsp.a(alt_errno.o)
 .debug_info    0x000000000000b5eb       0x92 ../eclipse_bsp/\libucosii_bsp.a(alt_icache_flush_all.o)
 .debug_info    0x000000000000b67d      0x350 ../eclipse_bsp/\libucosii_bsp.a(alt_iic.o)
 .debug_info    0x000000000000b9cd      0x1ef ../eclipse_bsp/\libucosii_bsp.a(alt_iic_isr_register.o)
 .debug_info    0x000000000000bbbc      0x4d9 ../eclipse_bsp/\libucosii_bsp.a(alt_io_redirect.o)
 .debug_info    0x000000000000c095       0x85 ../eclipse_bsp/\libucosii_bsp.a(alt_irq_entry.o)
 .debug_info    0x000000000000c11a      0x1b0 ../eclipse_bsp/\libucosii_bsp.a(alt_irq_handler.o)
 .debug_info    0x000000000000c2ca       0x88 ../eclipse_bsp/\libucosii_bsp.a(alt_irq_vars.o)
 .debug_info    0x000000000000c352      0x3e4 ../eclipse_bsp/\libucosii_bsp.a(alt_open.o)
 .debug_info    0x000000000000c736      0x2f9 ../eclipse_bsp/\libucosii_bsp.a(alt_release_fd.o)
 .debug_info    0x000000000000ca2f      0x2a7 ../eclipse_bsp/\libucosii_bsp.a(alt_tick.o)
 .debug_info    0x000000000000ccd6       0x92 ../eclipse_bsp/\libucosii_bsp.a(altera_nios2_gen2_irq.o)
 .debug_info    0x000000000000cd68       0x84 ../eclipse_bsp/\libucosii_bsp.a(os_cpu_a.o)
 .debug_info    0x000000000000cdec      0xcea ../eclipse_bsp/\libucosii_bsp.a(os_cpu_c.o)
 .debug_info    0x000000000000dad6       0x8b ../eclipse_bsp/\libucosii_bsp.a(alt_exception_entry.o)
 .debug_info    0x000000000000db61      0x31d ../eclipse_bsp/\libucosii_bsp.a(alt_find_dev.o)
 .debug_info    0x000000000000de7e      0x31a ../eclipse_bsp/\libucosii_bsp.a(alt_find_file.o)
 .debug_info    0x000000000000e198      0x44b ../eclipse_bsp/\libucosii_bsp.a(alt_get_fd.o)
 .debug_info    0x000000000000e5e3       0xdc ../eclipse_bsp/\libucosii_bsp.a(alt_icache_flush.o)
 .debug_info    0x000000000000e6bf      0x1e7 ../eclipse_bsp/\libucosii_bsp.a(alt_instruction_exception_entry.o)
 .debug_info    0x000000000000e8a6       0xfe c:/intelfpga_lite/16.1/nios2eds/bin/gnu/h-x86_64-mingw32/bin/../lib/gcc/nios2-elf/5.3.0/../../../../../H-x86_64-mingw32/nios2-elf/lib/mhw-mulx\libc.a(lib_a-atexit.o)
 .debug_info    0x000000000000e9a4      0x8e4 c:/intelfpga_lite/16.1/nios2eds/bin/gnu/h-x86_64-mingw32/bin/../lib/gcc/nios2-elf/5.3.0/../../../../../H-x86_64-mingw32/nios2-elf/lib/mhw-mulx\libc.a(lib_a-exit.o)
 .debug_info    0x000000000000f288      0x8a1 c:/intelfpga_lite/16.1/nios2eds/bin/gnu/h-x86_64-mingw32/bin/../lib/gcc/nios2-elf/5.3.0/../../../../../H-x86_64-mingw32/nios2-elf/lib/mhw-mulx\libc.a(lib_a-impure.o)
 .debug_info    0x000000000000fb29       0x8a c:/intelfpga_lite/16.1/nios2eds/bin/gnu/h-x86_64-mingw32/bin/../lib/gcc/nios2-elf/5.3.0/../../../../../H-x86_64-mingw32/nios2-elf/lib/mhw-mulx\libc.a(lib_a-int_errno.o)
 .debug_info    0x000000000000fbb3      0x11a c:/intelfpga_lite/16.1/nios2eds/bin/gnu/h-x86_64-mingw32/bin/../lib/gcc/nios2-elf/5.3.0/../../../../../H-x86_64-mingw32/nios2-elf/lib/mhw-mulx\libc.a(lib_a-memcmp.o)
 .debug_info    0x000000000000fccd      0x144 c:/intelfpga_lite/16.1/nios2eds/bin/gnu/h-x86_64-mingw32/bin/../lib/gcc/nios2-elf/5.3.0/../../../../../H-x86_64-mingw32/nios2-elf/lib/mhw-mulx\libc.a(lib_a-memcpy.o)
 .debug_info    0x000000000000fe11      0x121 c:/intelfpga_lite/16.1/nios2eds/bin/gnu/h-x86_64-mingw32/bin/../lib/gcc/nios2-elf/5.3.0/../../../../../H-x86_64-mingw32/nios2-elf/lib/mhw-mulx\libc.a(lib_a-memset.o)
 .debug_info    0x000000000000ff32       0xe2 c:/intelfpga_lite/16.1/nios2eds/bin/gnu/h-x86_64-mingw32/bin/../lib/gcc/nios2-elf/5.3.0/../../../../../H-x86_64-mingw32/nios2-elf/lib/mhw-mulx\libc.a(lib_a-strlen.o)
 .debug_info    0x0000000000010014      0x934 c:/intelfpga_lite/16.1/nios2eds/bin/gnu/h-x86_64-mingw32/bin/../lib/gcc/nios2-elf/5.3.0/../../../../../H-x86_64-mingw32/nios2-elf/lib/mhw-mulx\libc.a(lib_a-__atexit.o)
 .debug_info    0x0000000000010948      0x965 c:/intelfpga_lite/16.1/nios2eds/bin/gnu/h-x86_64-mingw32/bin/../lib/gcc/nios2-elf/5.3.0/../../../../../H-x86_64-mingw32/nios2-elf/lib/mhw-mulx\libc.a(lib_a-__call_atexit.o)
 .debug_info    0x00000000000112ad      0x13b ../eclipse_bsp/\libucosii_bsp.a(alt_exit.o)

.debug_abbrev   0x0000000000000000     0x4556
 *(.debug_abbrev)
 .debug_abbrev  0x0000000000000000       0x12 ../eclipse_bsp//obj/HAL/src/crt0.o
 .debug_abbrev  0x0000000000000012       0x9f ../eclipse_bsp/\libucosii_bsp.a(alt_load.o)
 .debug_abbrev  0x00000000000000b1      0x139 ../eclipse_bsp/\libucosii_bsp.a(alt_main.o)
 .debug_abbrev  0x00000000000001ea      0x1e3 ../eclipse_bsp/\libucosii_bsp.a(alt_env_lock.o)
 .debug_abbrev  0x00000000000003cd      0x26d ../eclipse_bsp/\libucosii_bsp.a(alt_malloc_lock.o)
 .debug_abbrev  0x000000000000063a      0x302 ../eclipse_bsp/\libucosii_bsp.a(os_core.o)
 .debug_abbrev  0x000000000000093c       0xf7 ../eclipse_bsp/\libucosii_bsp.a(os_dbg.o)
 .debug_abbrev  0x0000000000000a33      0x25a ../eclipse_bsp/\libucosii_bsp.a(os_flag.o)
 .debug_abbrev  0x0000000000000c8d      0x228 ../eclipse_bsp/\libucosii_bsp.a(os_mem.o)
 .debug_abbrev  0x0000000000000eb5      0x248 ../eclipse_bsp/\libucosii_bsp.a(os_q.o)
 .debug_abbrev  0x00000000000010fd      0x262 ../eclipse_bsp/\libucosii_bsp.a(os_sem.o)
 .debug_abbrev  0x000000000000135f      0x247 ../eclipse_bsp/\libucosii_bsp.a(os_task.o)
 .debug_abbrev  0x00000000000015a6      0x20c ../eclipse_bsp/\libucosii_bsp.a(os_time.o)
 .debug_abbrev  0x00000000000017b2      0x1cc ../eclipse_bsp/\libucosii_bsp.a(alt_sys_init.o)
 .debug_abbrev  0x000000000000197e      0x16c ../eclipse_bsp/\libucosii_bsp.a(altera_avalon_jtag_uart_fd.o)
 .debug_abbrev  0x0000000000001aea      0x24f ../eclipse_bsp/\libucosii_bsp.a(altera_avalon_jtag_uart_init.o)
 .debug_abbrev  0x0000000000001d39      0x156 ../eclipse_bsp/\libucosii_bsp.a(altera_avalon_jtag_uart_ioctl.o)
 .debug_abbrev  0x0000000000001e8f      0x1f8 ../eclipse_bsp/\libucosii_bsp.a(altera_avalon_jtag_uart_read.o)
 .debug_abbrev  0x0000000000002087      0x1f6 ../eclipse_bsp/\libucosii_bsp.a(altera_avalon_jtag_uart_write.o)
 .debug_abbrev  0x000000000000227d      0x162 ../eclipse_bsp/\libucosii_bsp.a(alt_alarm_start.o)
 .debug_abbrev  0x00000000000023df      0x126 ../eclipse_bsp/\libucosii_bsp.a(alt_close.o)
 .debug_abbrev  0x0000000000002505       0x42 ../eclipse_bsp/\libucosii_bsp.a(alt_dcache_flush_all.o)
 .debug_abbrev  0x0000000000002547      0x11c ../eclipse_bsp/\libucosii_bsp.a(alt_dev.o)
 .debug_abbrev  0x0000000000002663      0x114 ../eclipse_bsp/\libucosii_bsp.a(alt_dev_llist_insert.o)
 .debug_abbrev  0x0000000000002777       0x79 ../eclipse_bsp/\libucosii_bsp.a(alt_do_ctors.o)
 .debug_abbrev  0x00000000000027f0       0x79 ../eclipse_bsp/\libucosii_bsp.a(alt_do_dtors.o)
 .debug_abbrev  0x0000000000002869       0x5a ../eclipse_bsp/\libucosii_bsp.a(alt_errno.o)
 .debug_abbrev  0x00000000000028c3       0x42 ../eclipse_bsp/\libucosii_bsp.a(alt_icache_flush_all.o)
 .debug_abbrev  0x0000000000002905      0x163 ../eclipse_bsp/\libucosii_bsp.a(alt_iic.o)
 .debug_abbrev  0x0000000000002a68      0x169 ../eclipse_bsp/\libucosii_bsp.a(alt_iic_isr_register.o)
 .debug_abbrev  0x0000000000002bd1      0x11b ../eclipse_bsp/\libucosii_bsp.a(alt_io_redirect.o)
 .debug_abbrev  0x0000000000002cec       0x12 ../eclipse_bsp/\libucosii_bsp.a(alt_irq_entry.o)
 .debug_abbrev  0x0000000000002cfe      0x13a ../eclipse_bsp/\libucosii_bsp.a(alt_irq_handler.o)
 .debug_abbrev  0x0000000000002e38       0x40 ../eclipse_bsp/\libucosii_bsp.a(alt_irq_vars.o)
 .debug_abbrev  0x0000000000002e78      0x14f ../eclipse_bsp/\libucosii_bsp.a(alt_open.o)
 .debug_abbrev  0x0000000000002fc7       0xe5 ../eclipse_bsp/\libucosii_bsp.a(alt_release_fd.o)
 .debug_abbrev  0x00000000000030ac      0x15a ../eclipse_bsp/\libucosii_bsp.a(alt_tick.o)
 .debug_abbrev  0x0000000000003206       0x42 ../eclipse_bsp/\libucosii_bsp.a(altera_nios2_gen2_irq.o)
 .debug_abbrev  0x0000000000003248       0x14 ../eclipse_bsp/\libucosii_bsp.a(os_cpu_a.o)
 .debug_abbrev  0x000000000000325c      0x215 ../eclipse_bsp/\libucosii_bsp.a(os_cpu_c.o)
 .debug_abbrev  0x0000000000003471       0x12 ../eclipse_bsp/\libucosii_bsp.a(alt_exception_entry.o)
 .debug_abbrev  0x0000000000003483       0xf7 ../eclipse_bsp/\libucosii_bsp.a(alt_find_dev.o)
 .debug_abbrev  0x000000000000357a       0xf7 ../eclipse_bsp/\libucosii_bsp.a(alt_find_file.o)
 .debug_abbrev  0x0000000000003671      0x19b ../eclipse_bsp/\libucosii_bsp.a(alt_get_fd.o)
 .debug_abbrev  0x000000000000380c       0x8c ../eclipse_bsp/\libucosii_bsp.a(alt_icache_flush.o)
 .debug_abbrev  0x0000000000003898       0xdc ../eclipse_bsp/\libucosii_bsp.a(alt_instruction_exception_entry.o)
 .debug_abbrev  0x0000000000003974       0xaa c:/intelfpga_lite/16.1/nios2eds/bin/gnu/h-x86_64-mingw32/bin/../lib/gcc/nios2-elf/5.3.0/../../../../../H-x86_64-mingw32/nios2-elf/lib/mhw-mulx\libc.a(lib_a-atexit.o)
 .debug_abbrev  0x0000000000003a1e      0x1e5 c:/intelfpga_lite/16.1/nios2eds/bin/gnu/h-x86_64-mingw32/bin/../lib/gcc/nios2-elf/5.3.0/../../../../../H-x86_64-mingw32/nios2-elf/lib/mhw-mulx\libc.a(lib_a-exit.o)
 .debug_abbrev  0x0000000000003c03      0x18f c:/intelfpga_lite/16.1/nios2eds/bin/gnu/h-x86_64-mingw32/bin/../lib/gcc/nios2-elf/5.3.0/../../../../../H-x86_64-mingw32/nios2-elf/lib/mhw-mulx\libc.a(lib_a-impure.o)
 .debug_abbrev  0x0000000000003d92       0x37 c:/intelfpga_lite/16.1/nios2eds/bin/gnu/h-x86_64-mingw32/bin/../lib/gcc/nios2-elf/5.3.0/../../../../../H-x86_64-mingw32/nios2-elf/lib/mhw-mulx\libc.a(lib_a-int_errno.o)
 .debug_abbrev  0x0000000000003dc9       0x7f c:/intelfpga_lite/16.1/nios2eds/bin/gnu/h-x86_64-mingw32/bin/../lib/gcc/nios2-elf/5.3.0/../../../../../H-x86_64-mingw32/nios2-elf/lib/mhw-mulx\libc.a(lib_a-memcmp.o)
 .debug_abbrev  0x0000000000003e48       0xa3 c:/intelfpga_lite/16.1/nios2eds/bin/gnu/h-x86_64-mingw32/bin/../lib/gcc/nios2-elf/5.3.0/../../../../../H-x86_64-mingw32/nios2-elf/lib/mhw-mulx\libc.a(lib_a-memcpy.o)
 .debug_abbrev  0x0000000000003eeb       0xae c:/intelfpga_lite/16.1/nios2eds/bin/gnu/h-x86_64-mingw32/bin/../lib/gcc/nios2-elf/5.3.0/../../../../../H-x86_64-mingw32/nios2-elf/lib/mhw-mulx\libc.a(lib_a-memset.o)
 .debug_abbrev  0x0000000000003f99       0x90 c:/intelfpga_lite/16.1/nios2eds/bin/gnu/h-x86_64-mingw32/bin/../lib/gcc/nios2-elf/5.3.0/../../../../../H-x86_64-mingw32/nios2-elf/lib/mhw-mulx\libc.a(lib_a-strlen.o)
 .debug_abbrev  0x0000000000004029      0x21e c:/intelfpga_lite/16.1/nios2eds/bin/gnu/h-x86_64-mingw32/bin/../lib/gcc/nios2-elf/5.3.0/../../../../../H-x86_64-mingw32/nios2-elf/lib/mhw-mulx\libc.a(lib_a-__atexit.o)
 .debug_abbrev  0x0000000000004247      0x22e c:/intelfpga_lite/16.1/nios2eds/bin/gnu/h-x86_64-mingw32/bin/../lib/gcc/nios2-elf/5.3.0/../../../../../H-x86_64-mingw32/nios2-elf/lib/mhw-mulx\libc.a(lib_a-__call_atexit.o)
 .debug_abbrev  0x0000000000004475       0xe1 ../eclipse_bsp/\libucosii_bsp.a(alt_exit.o)

.debug_line     0x0000000000000000     0x50b3
 *(.debug_line)
 .debug_line    0x0000000000000000       0x6c ../eclipse_bsp//obj/HAL/src/crt0.o
 .debug_line    0x000000000000006c       0x8e ../eclipse_bsp/\libucosii_bsp.a(alt_load.o)
 .debug_line    0x00000000000000fa      0x12f ../eclipse_bsp/\libucosii_bsp.a(alt_main.o)
 .debug_line    0x0000000000000229      0x1aa ../eclipse_bsp/\libucosii_bsp.a(alt_env_lock.o)
 .debug_line    0x00000000000003d3      0x20e ../eclipse_bsp/\libucosii_bsp.a(alt_malloc_lock.o)
 .debug_line    0x00000000000005e1      0x68b ../eclipse_bsp/\libucosii_bsp.a(os_core.o)
 .debug_line    0x0000000000000c6c       0xd2 ../eclipse_bsp/\libucosii_bsp.a(os_dbg.o)
 .debug_line    0x0000000000000d3e      0x4ff ../eclipse_bsp/\libucosii_bsp.a(os_flag.o)
 .debug_line    0x000000000000123d      0x23e ../eclipse_bsp/\libucosii_bsp.a(os_mem.o)
 .debug_line    0x000000000000147b      0x3fb ../eclipse_bsp/\libucosii_bsp.a(os_q.o)
 .debug_line    0x0000000000001876      0x2e0 ../eclipse_bsp/\libucosii_bsp.a(os_sem.o)
 .debug_line    0x0000000000001b56      0x52d ../eclipse_bsp/\libucosii_bsp.a(os_task.o)
 .debug_line    0x0000000000002083      0x1a8 ../eclipse_bsp/\libucosii_bsp.a(os_time.o)
 .debug_line    0x000000000000222b      0x15c ../eclipse_bsp/\libucosii_bsp.a(alt_sys_init.o)
 .debug_line    0x0000000000002387      0x155 ../eclipse_bsp/\libucosii_bsp.a(altera_avalon_jtag_uart_fd.o)
 .debug_line    0x00000000000024dc      0x225 ../eclipse_bsp/\libucosii_bsp.a(altera_avalon_jtag_uart_init.o)
 .debug_line    0x0000000000002701      0x157 ../eclipse_bsp/\libucosii_bsp.a(altera_avalon_jtag_uart_ioctl.o)
 .debug_line    0x0000000000002858      0x1db ../eclipse_bsp/\libucosii_bsp.a(altera_avalon_jtag_uart_read.o)
 .debug_line    0x0000000000002a33      0x1dc ../eclipse_bsp/\libucosii_bsp.a(altera_avalon_jtag_uart_write.o)
 .debug_line    0x0000000000002c0f       0xf9 ../eclipse_bsp/\libucosii_bsp.a(alt_alarm_start.o)
 .debug_line    0x0000000000002d08      0x174 ../eclipse_bsp/\libucosii_bsp.a(alt_close.o)
 .debug_line    0x0000000000002e7c       0x51 ../eclipse_bsp/\libucosii_bsp.a(alt_dcache_flush_all.o)
 .debug_line    0x0000000000002ecd      0x13c ../eclipse_bsp/\libucosii_bsp.a(alt_dev.o)
 .debug_line    0x0000000000003009       0xcf ../eclipse_bsp/\libucosii_bsp.a(alt_dev_llist_insert.o)
 .debug_line    0x00000000000030d8       0x59 ../eclipse_bsp/\libucosii_bsp.a(alt_do_ctors.o)
 .debug_line    0x0000000000003131       0x59 ../eclipse_bsp/\libucosii_bsp.a(alt_do_dtors.o)
 .debug_line    0x000000000000318a       0x51 ../eclipse_bsp/\libucosii_bsp.a(alt_errno.o)
 .debug_line    0x00000000000031db       0x50 ../eclipse_bsp/\libucosii_bsp.a(alt_icache_flush_all.o)
 .debug_line    0x000000000000322b       0xeb ../eclipse_bsp/\libucosii_bsp.a(alt_iic.o)
 .debug_line    0x0000000000003316       0xdb ../eclipse_bsp/\libucosii_bsp.a(alt_iic_isr_register.o)
 .debug_line    0x00000000000033f1      0x142 ../eclipse_bsp/\libucosii_bsp.a(alt_io_redirect.o)
 .debug_line    0x0000000000003533       0x6b ../eclipse_bsp/\libucosii_bsp.a(alt_irq_entry.o)
 .debug_line    0x000000000000359e       0xc8 ../eclipse_bsp/\libucosii_bsp.a(alt_irq_handler.o)
 .debug_line    0x0000000000003666       0x50 ../eclipse_bsp/\libucosii_bsp.a(alt_irq_vars.o)
 .debug_line    0x00000000000036b6      0x137 ../eclipse_bsp/\libucosii_bsp.a(alt_open.o)
 .debug_line    0x00000000000037ed       0xbd ../eclipse_bsp/\libucosii_bsp.a(alt_release_fd.o)
 .debug_line    0x00000000000038aa       0xff ../eclipse_bsp/\libucosii_bsp.a(alt_tick.o)
 .debug_line    0x00000000000039a9       0x51 ../eclipse_bsp/\libucosii_bsp.a(altera_nios2_gen2_irq.o)
 .debug_line    0x00000000000039fa       0x86 ../eclipse_bsp/\libucosii_bsp.a(os_cpu_a.o)
 .debug_line    0x0000000000003a80      0x1b2 ../eclipse_bsp/\libucosii_bsp.a(os_cpu_c.o)
 .debug_line    0x0000000000003c32       0xb3 ../eclipse_bsp/\libucosii_bsp.a(alt_exception_entry.o)
 .debug_line    0x0000000000003ce5       0xc4 ../eclipse_bsp/\libucosii_bsp.a(alt_find_dev.o)
 .debug_line    0x0000000000003da9       0xe0 ../eclipse_bsp/\libucosii_bsp.a(alt_find_file.o)
 .debug_line    0x0000000000003e89      0x126 ../eclipse_bsp/\libucosii_bsp.a(alt_get_fd.o)
 .debug_line    0x0000000000003faf       0x81 ../eclipse_bsp/\libucosii_bsp.a(alt_icache_flush.o)
 .debug_line    0x0000000000004030       0xba ../eclipse_bsp/\libucosii_bsp.a(alt_instruction_exception_entry.o)
 .debug_line    0x00000000000040ea       0xe7 c:/intelfpga_lite/16.1/nios2eds/bin/gnu/h-x86_64-mingw32/bin/../lib/gcc/nios2-elf/5.3.0/../../../../../H-x86_64-mingw32/nios2-elf/lib/mhw-mulx\libc.a(lib_a-atexit.o)
 .debug_line    0x00000000000041d1      0x1fc c:/intelfpga_lite/16.1/nios2eds/bin/gnu/h-x86_64-mingw32/bin/../lib/gcc/nios2-elf/5.3.0/../../../../../H-x86_64-mingw32/nios2-elf/lib/mhw-mulx\libc.a(lib_a-exit.o)
 .debug_line    0x00000000000043cd      0x160 c:/intelfpga_lite/16.1/nios2eds/bin/gnu/h-x86_64-mingw32/bin/../lib/gcc/nios2-elf/5.3.0/../../../../../H-x86_64-mingw32/nios2-elf/lib/mhw-mulx\libc.a(lib_a-impure.o)
 .debug_line    0x000000000000452d       0x5f c:/intelfpga_lite/16.1/nios2eds/bin/gnu/h-x86_64-mingw32/bin/../lib/gcc/nios2-elf/5.3.0/../../../../../H-x86_64-mingw32/nios2-elf/lib/mhw-mulx\libc.a(lib_a-int_errno.o)
 .debug_line    0x000000000000458c      0x176 c:/intelfpga_lite/16.1/nios2eds/bin/gnu/h-x86_64-mingw32/bin/../lib/gcc/nios2-elf/5.3.0/../../../../../H-x86_64-mingw32/nios2-elf/lib/mhw-mulx\libc.a(lib_a-memcmp.o)
 .debug_line    0x0000000000004702      0x18c c:/intelfpga_lite/16.1/nios2eds/bin/gnu/h-x86_64-mingw32/bin/../lib/gcc/nios2-elf/5.3.0/../../../../../H-x86_64-mingw32/nios2-elf/lib/mhw-mulx\libc.a(lib_a-memcpy.o)
 .debug_line    0x000000000000488e      0x18f c:/intelfpga_lite/16.1/nios2eds/bin/gnu/h-x86_64-mingw32/bin/../lib/gcc/nios2-elf/5.3.0/../../../../../H-x86_64-mingw32/nios2-elf/lib/mhw-mulx\libc.a(lib_a-memset.o)
 .debug_line    0x0000000000004a1d      0x16f c:/intelfpga_lite/16.1/nios2eds/bin/gnu/h-x86_64-mingw32/bin/../lib/gcc/nios2-elf/5.3.0/../../../../../H-x86_64-mingw32/nios2-elf/lib/mhw-mulx\libc.a(lib_a-strlen.o)
 .debug_line    0x0000000000004b8c      0x21f c:/intelfpga_lite/16.1/nios2eds/bin/gnu/h-x86_64-mingw32/bin/../lib/gcc/nios2-elf/5.3.0/../../../../../H-x86_64-mingw32/nios2-elf/lib/mhw-mulx\libc.a(lib_a-__atexit.o)
 .debug_line    0x0000000000004dab      0x23a c:/intelfpga_lite/16.1/nios2eds/bin/gnu/h-x86_64-mingw32/bin/../lib/gcc/nios2-elf/5.3.0/../../../../../H-x86_64-mingw32/nios2-elf/lib/mhw-mulx\libc.a(lib_a-__call_atexit.o)
 .debug_line    0x0000000000004fe5       0xce ../eclipse_bsp/\libucosii_bsp.a(alt_exit.o)

.debug_frame    0x0000000000000000     0x1b14
 *(.debug_frame)
 .debug_frame   0x0000000000000000       0x5c ../eclipse_bsp/\libucosii_bsp.a(alt_load.o)
 .debug_frame   0x000000000000005c       0x2c ../eclipse_bsp/\libucosii_bsp.a(alt_main.o)
 .debug_frame   0x0000000000000088       0x60 ../eclipse_bsp/\libucosii_bsp.a(alt_env_lock.o)
 .debug_frame   0x00000000000000e8       0x64 ../eclipse_bsp/\libucosii_bsp.a(alt_malloc_lock.o)
 .debug_frame   0x000000000000014c      0x534 ../eclipse_bsp/\libucosii_bsp.a(os_core.o)
 .debug_frame   0x0000000000000680       0x34 ../eclipse_bsp/\libucosii_bsp.a(os_dbg.o)
 .debug_frame   0x00000000000006b4      0x200 ../eclipse_bsp/\libucosii_bsp.a(os_flag.o)
 .debug_frame   0x00000000000008b4      0x118 ../eclipse_bsp/\libucosii_bsp.a(os_mem.o)
 .debug_frame   0x00000000000009cc      0x1bc ../eclipse_bsp/\libucosii_bsp.a(os_q.o)
 .debug_frame   0x0000000000000b88      0x144 ../eclipse_bsp/\libucosii_bsp.a(os_sem.o)
 .debug_frame   0x0000000000000ccc      0x1e4 ../eclipse_bsp/\libucosii_bsp.a(os_task.o)
 .debug_frame   0x0000000000000eb0       0xd0 ../eclipse_bsp/\libucosii_bsp.a(os_time.o)
 .debug_frame   0x0000000000000f80       0x88 ../eclipse_bsp/\libucosii_bsp.a(alt_sys_init.o)
 .debug_frame   0x0000000000001008       0xb0 ../eclipse_bsp/\libucosii_bsp.a(altera_avalon_jtag_uart_fd.o)
 .debug_frame   0x00000000000010b8       0xac ../eclipse_bsp/\libucosii_bsp.a(altera_avalon_jtag_uart_init.o)
 .debug_frame   0x0000000000001164       0x34 ../eclipse_bsp/\libucosii_bsp.a(altera_avalon_jtag_uart_ioctl.o)
 .debug_frame   0x0000000000001198       0x38 ../eclipse_bsp/\libucosii_bsp.a(altera_avalon_jtag_uart_read.o)
 .debug_frame   0x00000000000011d0       0x38 ../eclipse_bsp/\libucosii_bsp.a(altera_avalon_jtag_uart_write.o)
 .debug_frame   0x0000000000001208       0x34 ../eclipse_bsp/\libucosii_bsp.a(alt_alarm_start.o)
 .debug_frame   0x000000000000123c       0x60 ../eclipse_bsp/\libucosii_bsp.a(alt_close.o)
 .debug_frame   0x000000000000129c       0x34 ../eclipse_bsp/\libucosii_bsp.a(alt_dcache_flush_all.o)
 .debug_frame   0x00000000000012d0       0x34 ../eclipse_bsp/\libucosii_bsp.a(alt_dev.o)
 .debug_frame   0x0000000000001304       0x60 ../eclipse_bsp/\libucosii_bsp.a(alt_dev_llist_insert.o)
 .debug_frame   0x0000000000001364       0x38 ../eclipse_bsp/\libucosii_bsp.a(alt_do_ctors.o)
 .debug_frame   0x000000000000139c       0x38 ../eclipse_bsp/\libucosii_bsp.a(alt_do_dtors.o)
 .debug_frame   0x00000000000013d4       0x38 ../eclipse_bsp/\libucosii_bsp.a(alt_icache_flush_all.o)
 .debug_frame   0x000000000000140c       0xa4 ../eclipse_bsp/\libucosii_bsp.a(alt_iic.o)
 .debug_frame   0x00000000000014b0       0x38 ../eclipse_bsp/\libucosii_bsp.a(alt_iic_isr_register.o)
 .debug_frame   0x00000000000014e8       0x60 ../eclipse_bsp/\libucosii_bsp.a(alt_io_redirect.o)
 .debug_frame   0x0000000000001548       0x38 ../eclipse_bsp/\libucosii_bsp.a(alt_irq_handler.o)
 .debug_frame   0x0000000000001580       0x84 ../eclipse_bsp/\libucosii_bsp.a(alt_open.o)
 .debug_frame   0x0000000000001604       0x34 ../eclipse_bsp/\libucosii_bsp.a(alt_release_fd.o)
 .debug_frame   0x0000000000001638       0x5c ../eclipse_bsp/\libucosii_bsp.a(alt_tick.o)
 .debug_frame   0x0000000000001694       0x34 ../eclipse_bsp/\libucosii_bsp.a(altera_nios2_gen2_irq.o)
 .debug_frame   0x00000000000016c8      0x17c ../eclipse_bsp/\libucosii_bsp.a(os_cpu_c.o)
 .debug_frame   0x0000000000001844       0x38 ../eclipse_bsp/\libucosii_bsp.a(alt_find_dev.o)
 .debug_frame   0x000000000000187c       0x38 ../eclipse_bsp/\libucosii_bsp.a(alt_find_file.o)
 .debug_frame   0x00000000000018b4       0x38 ../eclipse_bsp/\libucosii_bsp.a(alt_get_fd.o)
 .debug_frame   0x00000000000018ec       0x34 ../eclipse_bsp/\libucosii_bsp.a(alt_icache_flush.o)
 .debug_frame   0x0000000000001920       0x5c ../eclipse_bsp/\libucosii_bsp.a(alt_instruction_exception_entry.o)
 .debug_frame   0x000000000000197c       0x20 c:/intelfpga_lite/16.1/nios2eds/bin/gnu/h-x86_64-mingw32/bin/../lib/gcc/nios2-elf/5.3.0/../../../../../H-x86_64-mingw32/nios2-elf/lib/mhw-mulx\libc.a(lib_a-atexit.o)
 .debug_frame   0x000000000000199c       0x28 c:/intelfpga_lite/16.1/nios2eds/bin/gnu/h-x86_64-mingw32/bin/../lib/gcc/nios2-elf/5.3.0/../../../../../H-x86_64-mingw32/nios2-elf/lib/mhw-mulx\libc.a(lib_a-exit.o)
 .debug_frame   0x00000000000019c4       0x20 c:/intelfpga_lite/16.1/nios2eds/bin/gnu/h-x86_64-mingw32/bin/../lib/gcc/nios2-elf/5.3.0/../../../../../H-x86_64-mingw32/nios2-elf/lib/mhw-mulx\libc.a(lib_a-memcmp.o)
 .debug_frame   0x00000000000019e4       0x38 c:/intelfpga_lite/16.1/nios2eds/bin/gnu/h-x86_64-mingw32/bin/../lib/gcc/nios2-elf/5.3.0/../../../../../H-x86_64-mingw32/nios2-elf/lib/mhw-mulx\libc.a(lib_a-memcpy.o)
 .debug_frame   0x0000000000001a1c       0x20 c:/intelfpga_lite/16.1/nios2eds/bin/gnu/h-x86_64-mingw32/bin/../lib/gcc/nios2-elf/5.3.0/../../../../../H-x86_64-mingw32/nios2-elf/lib/mhw-mulx\libc.a(lib_a-memset.o)
 .debug_frame   0x0000000000001a3c       0x20 c:/intelfpga_lite/16.1/nios2eds/bin/gnu/h-x86_64-mingw32/bin/../lib/gcc/nios2-elf/5.3.0/../../../../../H-x86_64-mingw32/nios2-elf/lib/mhw-mulx\libc.a(lib_a-strlen.o)
 .debug_frame   0x0000000000001a5c       0x38 c:/intelfpga_lite/16.1/nios2eds/bin/gnu/h-x86_64-mingw32/bin/../lib/gcc/nios2-elf/5.3.0/../../../../../H-x86_64-mingw32/nios2-elf/lib/mhw-mulx\libc.a(lib_a-__atexit.o)
 .debug_frame   0x0000000000001a94       0x54 c:/intelfpga_lite/16.1/nios2eds/bin/gnu/h-x86_64-mingw32/bin/../lib/gcc/nios2-elf/5.3.0/../../../../../H-x86_64-mingw32/nios2-elf/lib/mhw-mulx\libc.a(lib_a-__call_atexit.o)
 .debug_frame   0x0000000000001ae8       0x2c ../eclipse_bsp/\libucosii_bsp.a(alt_exit.o)

.debug_str      0x0000000000000000     0x2b67
 *(.debug_str)
 .debug_str     0x0000000000000000      0x1de ../eclipse_bsp/\libucosii_bsp.a(alt_load.o)
                                        0x217 (size before relaxing)
 .debug_str     0x00000000000001de      0x11e ../eclipse_bsp/\libucosii_bsp.a(alt_main.o)
                                        0x265 (size before relaxing)
 .debug_str     0x00000000000002fc      0x5a5 ../eclipse_bsp/\libucosii_bsp.a(alt_env_lock.o)
                                        0x7cd (size before relaxing)
 .debug_str     0x00000000000008a1       0x8b ../eclipse_bsp/\libucosii_bsp.a(alt_malloc_lock.o)
                                        0x82f (size before relaxing)
 .debug_str     0x000000000000092c      0x536 ../eclipse_bsp/\libucosii_bsp.a(os_core.o)
                                        0x95b (size before relaxing)
 .debug_str     0x0000000000000e62      0x2e5 ../eclipse_bsp/\libucosii_bsp.a(os_dbg.o)
                                        0x8ca (size before relaxing)
 .debug_str     0x0000000000001147      0x136 ../eclipse_bsp/\libucosii_bsp.a(os_flag.o)
                                        0x5f7 (size before relaxing)
 .debug_str     0x000000000000127d       0xcf ../eclipse_bsp/\libucosii_bsp.a(os_mem.o)
                                        0x300 (size before relaxing)
 .debug_str     0x000000000000134c       0xc0 ../eclipse_bsp/\libucosii_bsp.a(os_q.o)
                                        0x57a (size before relaxing)
 .debug_str     0x000000000000140c       0x77 ../eclipse_bsp/\libucosii_bsp.a(os_sem.o)
                                        0x503 (size before relaxing)
 .debug_str     0x0000000000001483      0x118 ../eclipse_bsp/\libucosii_bsp.a(os_task.o)
                                        0x606 (size before relaxing)
 .debug_str     0x000000000000159b       0x6d ../eclipse_bsp/\libucosii_bsp.a(os_time.o)
                                        0x4a6 (size before relaxing)
 .debug_str     0x0000000000001608      0x195 ../eclipse_bsp/\libucosii_bsp.a(alt_sys_init.o)
                                        0x44b (size before relaxing)
 .debug_str     0x000000000000179d       0xb9 ../eclipse_bsp/\libucosii_bsp.a(altera_avalon_jtag_uart_fd.o)
                                        0x499 (size before relaxing)
 .debug_str     0x0000000000001856       0xf6 ../eclipse_bsp/\libucosii_bsp.a(altera_avalon_jtag_uart_init.o)
                                        0x460 (size before relaxing)
 .debug_str     0x000000000000194c       0x4a ../eclipse_bsp/\libucosii_bsp.a(altera_avalon_jtag_uart_ioctl.o)
                                        0x388 (size before relaxing)
 .debug_str     0x0000000000001996       0x63 ../eclipse_bsp/\libucosii_bsp.a(altera_avalon_jtag_uart_read.o)
                                        0x3fb (size before relaxing)
 .debug_str     0x00000000000019f9       0x4a ../eclipse_bsp/\libucosii_bsp.a(altera_avalon_jtag_uart_write.o)