Archive member included to satisfy reference by file (symbol)

c:/users/jasper/desktop/vhdl/quartuslitefiles/nios2eds/bin/gnu/h-x86_64-mingw32/bin/../lib/gcc/nios2-elf/5.3.0/../../../../../H-x86_64-mingw32/nios2-elf/lib/mhw-mulx\libc.a(lib_a-fgets.o)
                              obj/default/algo_ucos.o (fgets)
c:/users/jasper/desktop/vhdl/quartuslitefiles/nios2eds/bin/gnu/h-x86_64-mingw32/bin/../lib/gcc/nios2-elf/5.3.0/../../../../../H-x86_64-mingw32/nios2-elf/lib/mhw-mulx\libc.a(lib_a-findfp.o)
                              c:/users/jasper/desktop/vhdl/quartuslitefiles/nios2eds/bin/gnu/h-x86_64-mingw32/bin/../lib/gcc/nios2-elf/5.3.0/../../../../../H-x86_64-mingw32/nios2-elf/lib/mhw-mulx\libc.a(lib_a-fgets.o) (__sinit)
c:/users/jasper/desktop/vhdl/quartuslitefiles/nios2eds/bin/gnu/h-x86_64-mingw32/bin/../lib/gcc/nios2-elf/5.3.0/../../../../../H-x86_64-mingw32/nios2-elf/lib/mhw-mulx\libc.a(lib_a-fwalk.o)
                              c:/users/jasper/desktop/vhdl/quartuslitefiles/nios2eds/bin/gnu/h-x86_64-mingw32/bin/../lib/gcc/nios2-elf/5.3.0/../../../../../H-x86_64-mingw32/nios2-elf/lib/mhw-mulx\libc.a(lib_a-findfp.o) (_fwalk)
c:/users/jasper/desktop/vhdl/quartuslitefiles/nios2eds/bin/gnu/h-x86_64-mingw32/bin/../lib/gcc/nios2-elf/5.3.0/../../../../../H-x86_64-mingw32/nios2-elf/lib/mhw-mulx\libc.a(lib_a-impure.o)
                              c:/users/jasper/desktop/vhdl/quartuslitefiles/nios2eds/bin/gnu/h-x86_64-mingw32/bin/../lib/gcc/nios2-elf/5.3.0/../../../../../H-x86_64-mingw32/nios2-elf/lib/mhw-mulx\libc.a(lib_a-findfp.o) (_global_impure_ptr)
c:/users/jasper/desktop/vhdl/quartuslitefiles/nios2eds/bin/gnu/h-x86_64-mingw32/bin/../lib/gcc/nios2-elf/5.3.0/../../../../../H-x86_64-mingw32/nios2-elf/lib/mhw-mulx\libc.a(lib_a-malloc.o)
                              obj/default/algo_ucos.o (malloc)
c:/users/jasper/desktop/vhdl/quartuslitefiles/nios2eds/bin/gnu/h-x86_64-mingw32/bin/../lib/gcc/nios2-elf/5.3.0/../../../../../H-x86_64-mingw32/nios2-elf/lib/mhw-mulx\libc.a(lib_a-mallocr.o)
                              c:/users/jasper/desktop/vhdl/quartuslitefiles/nios2eds/bin/gnu/h-x86_64-mingw32/bin/../lib/gcc/nios2-elf/5.3.0/../../../../../H-x86_64-mingw32/nios2-elf/lib/mhw-mulx\libc.a(lib_a-findfp.o) (_malloc_r)
c:/users/jasper/desktop/vhdl/quartuslitefiles/nios2eds/bin/gnu/h-x86_64-mingw32/bin/../lib/gcc/nios2-elf/5.3.0/../../../../../H-x86_64-mingw32/nios2-elf/lib/mhw-mulx\libc.a(lib_a-memchr.o)
                              c:/users/jasper/desktop/vhdl/quartuslitefiles/nios2eds/bin/gnu/h-x86_64-mingw32/bin/../lib/gcc/nios2-elf/5.3.0/../../../../../H-x86_64-mingw32/nios2-elf/lib/mhw-mulx\libc.a(lib_a-fgets.o) (memchr)
c:/users/jasper/desktop/vhdl/quartuslitefiles/nios2eds/bin/gnu/h-x86_64-mingw32/bin/../lib/gcc/nios2-elf/5.3.0/../../../../../H-x86_64-mingw32/nios2-elf/lib/mhw-mulx\libc.a(lib_a-memcpy.o)
                              obj/default/algo_ucos.o (memcpy)
c:/users/jasper/desktop/vhdl/quartuslitefiles/nios2eds/bin/gnu/h-x86_64-mingw32/bin/../lib/gcc/nios2-elf/5.3.0/../../../../../H-x86_64-mingw32/nios2-elf/lib/mhw-mulx\libc.a(lib_a-memset.o)
                              obj/default/vector.o (memset)
c:/users/jasper/desktop/vhdl/quartuslitefiles/nios2eds/bin/gnu/h-x86_64-mingw32/bin/../lib/gcc/nios2-elf/5.3.0/../../../../../H-x86_64-mingw32/nios2-elf/lib/mhw-mulx\libc.a(lib_a-printf.o)
                              obj/default/algo_ucos.o (printf)
c:/users/jasper/desktop/vhdl/quartuslitefiles/nios2eds/bin/gnu/h-x86_64-mingw32/bin/../lib/gcc/nios2-elf/5.3.0/../../../../../H-x86_64-mingw32/nios2-elf/lib/mhw-mulx\libc.a(lib_a-putchar.o)
                              obj/default/algo_ucos.o (putchar)
c:/users/jasper/desktop/vhdl/quartuslitefiles/nios2eds/bin/gnu/h-x86_64-mingw32/bin/../lib/gcc/nios2-elf/5.3.0/../../../../../H-x86_64-mingw32/nios2-elf/lib/mhw-mulx\libc.a(lib_a-puts.o)
                              obj/default/algo_ucos.o (puts)
c:/users/jasper/desktop/vhdl/quartuslitefiles/nios2eds/bin/gnu/h-x86_64-mingw32/bin/../lib/gcc/nios2-elf/5.3.0/../../../../../H-x86_64-mingw32/nios2-elf/lib/mhw-mulx\libc.a(lib_a-realloc.o)
                              obj/default/vector.o (realloc)
c:/users/jasper/desktop/vhdl/quartuslitefiles/nios2eds/bin/gnu/h-x86_64-mingw32/bin/../lib/gcc/nios2-elf/5.3.0/../../../../../H-x86_64-mingw32/nios2-elf/lib/mhw-mulx\libc.a(lib_a-reallocr.o)
                              c:/users/jasper/desktop/vhdl/quartuslitefiles/nios2eds/bin/gnu/h-x86_64-mingw32/bin/../lib/gcc/nios2-elf/5.3.0/../../../../../H-x86_64-mingw32/nios2-elf/lib/mhw-mulx\libc.a(lib_a-realloc.o) (_realloc_r)
c:/users/jasper/desktop/vhdl/quartuslitefiles/nios2eds/bin/gnu/h-x86_64-mingw32/bin/../lib/gcc/nios2-elf/5.3.0/../../../../../H-x86_64-mingw32/nios2-elf/lib/mhw-mulx\libc.a(lib_a-refill.o)
[...]
Memory Configuration

Name             Origin             Length             Attributes
reset            0x0000000000000000 0x0000000000000020
SDRAM            0x0000000000000020 0x0000000003ffffe0
*default*        0x0000000000000000 0xffffffffffffffff

Linker script and memory map

LOAD ../DikkeKoek_bsp//obj/HAL/src/crt0.o
LOAD obj/default/algo_ucos.o
LOAD obj/default/vector.o
LOAD c:/users/jasper/desktop/vhdl/quartuslitefiles/nios2eds/bin/gnu/h-x86_64-mingw32/bin/../lib/gcc/nios2-elf/5.3.0/../../../../../H-x86_64-mingw32/nios2-elf/lib/mhw-mulx\libstdc++.a
LOAD c:/users/jasper/desktop/vhdl/quartuslitefiles/nios2eds/bin/gnu/h-x86_64-mingw32/bin/../lib/gcc/nios2-elf/5.3.0/../../../../../H-x86_64-mingw32/nios2-elf/lib/mhw-mulx\libm.a
LOAD c:/users/jasper/desktop/vhdl/quartuslitefiles/nios2eds/bin/gnu/h-x86_64-mingw32/bin/../lib/gcc/nios2-elf/5.3.0/mhw-mulx\libgcc.a
START GROUP
LOAD c:/users/jasper/desktop/vhdl/quartuslitefiles/nios2eds/bin/gnu/h-x86_64-mingw32/bin/../lib/gcc/nios2-elf/5.3.0/../../../../../H-x86_64-mingw32/nios2-elf/lib/mhw-mulx\libc.a
LOAD c:/users/jasper/desktop/vhdl/quartuslitefiles/nios2eds/bin/gnu/h-x86_64-mingw32/bin/../lib/gcc/nios2-elf/5.3.0/mhw-mulx\libgcc.a
LOAD ../DikkeKoek_bsp/\libucosii_bsp.a
LOAD c:/users/jasper/desktop/vhdl/quartuslitefiles/nios2eds/bin/gnu/h-x86_64-mingw32/bin/../lib/gcc/nios2-elf/5.3.0/../../../../../H-x86_64-mingw32/nios2-elf/lib/mhw-mulx\libm.a
END GROUP
LOAD c:/users/jasper/desktop/vhdl/quartuslitefiles/nios2eds/bin/gnu/h-x86_64-mingw32/bin/../lib/gcc/nios2-elf/5.3.0/mhw-mulx\libgcc.a
                0x0000000000000000                __alt_mem_SDRAM = 0x0

.entry          0x0000000000000000       0x20
 *(.entry)
 .entry         0x0000000000000000       0x20 ../DikkeKoek_bsp//obj/HAL/src/crt0.o
                0x0000000000000000                __reset

.exceptions     0x0000000000000020      0x224
                0x0000000000000020                PROVIDE (__ram_exceptions_start, ABSOLUTE (.))
                0x0000000000000020                . = ALIGN (0x20)
 *(.irq)
 *(.exceptions.entry.label)
 .exceptions.entry.label
                0x0000000000000020        0x0 ../DikkeKoek_bsp/\libucosii_bsp.a(alt_irq_entry.o)
                0x0000000000000020                alt_irq_entry
 .exceptions.entry.label
                0x0000000000000020        0x0 ../DikkeKoek_bsp/\libucosii_bsp.a(alt_exception_entry.o)
                0x0000000000000020                alt_exception
 *(.exceptions.entry.user)
 *(.exceptions.entry.ecc_fatal)
 *(.exceptions.entry)
 .exceptions.entry
                0x0000000000000020       0x54 ../DikkeKoek_bsp/\libucosii_bsp.a(alt_exception_entry.o)
 *(.exceptions.irqtest.user)
 *(.exceptions.irqtest)
 .exceptions.irqtest
                0x0000000000000074       0x10 ../DikkeKoek_bsp/\libucosii_bsp.a(alt_irq_entry.o)
 *(.exceptions.irqhandler.user)
 *(.exceptions.irqhandler)
 .exceptions.irqhandler
                0x0000000000000084        0x4 ../DikkeKoek_bsp/\libucosii_bsp.a(alt_irq_entry.o)
 *(.exceptions.irqreturn.user)
 *(.exceptions.irqreturn)
 .exceptions.irqreturn
                0x0000000000000088        0x4 ../DikkeKoek_bsp/\libucosii_bsp.a(alt_irq_entry.o)
 *(.exceptions.notirq.label)
 .exceptions.notirq.label
                0x000000000000008c        0x0 ../DikkeKoek_bsp/\libucosii_bsp.a(alt_irq_entry.o)
 *(.exceptions.notirq.user)
 *(.exceptions.notirq)
 .exceptions.notirq
                0x000000000000008c        0x8 ../DikkeKoek_bsp/\libucosii_bsp.a(alt_exception_entry.o)
 *(.exceptions.soft.user)
 *(.exceptions.soft)
 *(.exceptions.unknown.user)
 *(.exceptions.unknown)
 .exceptions.unknown
                0x0000000000000094       0x14 ../DikkeKoek_bsp/\libucosii_bsp.a(alt_exception_entry.o)
 *(.exceptions.exit.label)
 .exceptions.exit.label
                0x00000000000000a8        0x0 ../DikkeKoek_bsp/\libucosii_bsp.a(alt_irq_entry.o)
 .exceptions.exit.label
                0x00000000000000a8        0x0 ../DikkeKoek_bsp/\libucosii_bsp.a(alt_exception_entry.o)
 *(.exceptions.exit.user)
 *(.exceptions.exit)
 .exceptions.exit
                0x00000000000000a8       0x54 ../DikkeKoek_bsp/\libucosii_bsp.a(alt_exception_entry.o)
 *(.exceptions)
 .exceptions    0x00000000000000fc       0xd4 ../DikkeKoek_bsp/\libucosii_bsp.a(alt_irq_handler.o)
                0x00000000000000fc                alt_irq_handler
 .exceptions    0x00000000000001d0       0x74 ../DikkeKoek_bsp/\libucosii_bsp.a(alt_instruction_exception_entry.o)
                0x00000000000001d0                alt_instruction_exception_entry
                0x0000000000000244                PROVIDE (__ram_exceptions_end, ABSOLUTE (.))
                0x0000000000000020                PROVIDE (__flash_exceptions_start, LOADADDR (.exceptions))

.text           0x0000000000000244    0x24748
                [!provide]                        PROVIDE (stext, ABSOLUTE (.))
 *(.interp)
 *(.hash)
 *(.dynsym)
 *(.dynstr)
 *(.gnu.version)
 *(.gnu.version_d)
 *(.gnu.version_r)
 *(.rel.init)
 *(.rela.init)
 *(.rel.text .rel.text.* .rel.gnu.linkonce.t.*)
 *(.rela.text .rela.text.* .rela.gnu.linkonce.t.*)
 *(.rel.fini)
 *(.rela.fini)
 *(.rel.rodata .rel.rodata.* .rel.gnu.linkonce.r.*)
 *(.rela.rodata .rela.rodata.* .rela.gnu.linkonce.r.*)
 *(.rel.data .rel.data.* .rel.gnu.linkonce.d.*)
 *(.rela.data .rela.data.* .rela.gnu.linkonce.d.*)
 *(.rel.tdata .rel.tdata.* .rel.gnu.linkonce.td.*)
 *(.rela.tdata .rela.tdata.* .rela.gnu.linkonce.td.*)
 *(.rel.tbss .rel.tbss.* .rel.gnu.linkonce.tb.*)
 *(.rela.tbss .rela.tbss.* .rela.gnu.linkonce.tb.*)
 *(.rel.ctors)
 *(.rela.ctors)
 *(.rel.dtors)
 *(.rela.dtors)
 *(.rel.got)
 *(.rela.got)
 *(.rel.sdata .rel.sdata.* .rel.gnu.linkonce.s.*)
 *(.rela.sdata .rela.sdata.* .rela.gnu.linkonce.s.*)
 *(.rel.sbss .rel.sbss.* .rel.gnu.linkonce.sb.*)
 *(.rela.sbss .rela.sbss.* .rela.gnu.linkonce.sb.*)
 *(.rel.sdata2 .rel.sdata2.* .rel.gnu.linkonce.s2.*)
 *(.rela.sdata2 .rela.sdata2.* .rela.gnu.linkonce.s2.*)
 *(.rel.sbss2 .rel.sbss2.* .rel.gnu.linkonce.sb2.*)
 *(.rela.sbss2 .rela.sbss2.* .rela.gnu.linkonce.sb2.*)
 *(.rel.bss .rel.bss.* .rel.gnu.linkonce.b.*)
 *(.rela.bss .rela.bss.* .rela.gnu.linkonce.b.*)
 *(.rel.plt)
 *(.rela.plt)
 *(.rel.dyn)
 *(.init)
 *(.plt)
 *(.text .stub .text.* .gnu.linkonce.t.*)
 .text          0x0000000000000244       0x3c ../DikkeKoek_bsp//obj/HAL/src/crt0.o
                0x0000000000000244                _start
 .text          0x0000000000000280     0x40b0 obj/default/algo_ucos.o
                0x0000000000000280                taskStartGame
                0x00000000000002d4                main
                0x0000000000000340                printCountPieces
                0x00000000000004bc                printBoard
                0x00000000000006c0                kingCapture
                0x0000000000000b74                deleteCaptureVector
                0x0000000000000c30                stripCaptureVector
                0x0000000000000e7c                addToMoveList
                0x0000000000000f5c                copyBoard
                0x0000000000001000                copyMoveList
                0x00000000000010a0                generateCaptureList
                0x0000000000001370                manCapture
                0x0000000000001678                manMove
                0x0000000000001828                checkIfCanMove
                0x0000000000001bb0                capture
                0x00000000000022b4                move
                0x0000000000002574                createKing
                0x0000000000002648                minimaxAlgorithmRecursive
                0x0000000000002ef8                minimaxAlgorithm
                0x00000000000039dc                algorithm
                0x0000000000003ba4                playerInput
                0x0000000000004048                play
                0x0000000000004160                createBoard
                0x0000000000004278                createEmptyBoard
 .text          0x0000000000004330      0x668 obj/default/vector.o
                0x0000000000004330                vectorInit
                0x000000000000437c                vectorCount
                0x00000000000043a4                vectorAdd
                0x00000000000044c4                vectorSet
                0x0000000000004524                vectorGet
                0x000000000000457c                vectorDelete
                0x00000000000046b0                vectorFree
                0x00000000000046ec                printLocation
                0x0000000000004744                printCapture
                0x0000000000004850                printVector
 .text          0x0000000000004998        0x0 c:/users/jasper/desktop/vhdl/quartuslitefiles/nios2eds/bin/gnu/h-x86_64-mingw32/bin/../lib/gcc/nios2-elf/5.3.0/../../../../../H-x86_64-mingw32/nios2-elf/lib/mhw-mulx\libc.a(lib_a-fgets.o)
 .text._fgets_r
                0x0000000000004998      0x144 c:/users/jasper/desktop/vhdl/quartuslitefiles/nios2eds/bin/gnu/h-x86_64-mingw32/bin/../lib/gcc/nios2-elf/5.3.0/../../../../../H-x86_64-mingw32/nios2-elf/lib/mhw-mulx\libc.a(lib_a-fgets.o)
                0x0000000000004998                _fgets_r
 .text.fgets    0x0000000000004adc       0x1c c:/users/jasper/desktop/vhdl/quartuslitefiles/nios2eds/bin/gnu/h-x86_64-mingw32/bin/../lib/gcc/nios2-elf/5.3.0/../../../../../H-x86_64-mingw32/nios2-elf/lib/mhw-mulx\libc.a(lib_a-fgets.o)
                0x0000000000004adc                fgets
 .text          0x0000000000004af8        0x0 c:/users/jasper/desktop/vhdl/quartuslitefiles/nios2eds/bin/gnu/h-x86_64-mingw32/bin/../lib/gcc/nios2-elf/5.3.0/../../../../../H-x86_64-mingw32/nios2-elf/lib/mhw-mulx\libc.a(lib_a-findfp.o)
 .text.__fp_unlock
                0x0000000000004af8        0x8 c:/users/jasper/desktop/vhdl/quartuslitefiles/nios2eds/bin/gnu/h-x86_64-mingw32/bin/../lib/gcc/nios2-elf/5.3.0/../../../../../H-x86_64-mingw32/nios2-elf/lib/mhw-mulx\libc.a(lib_a-findfp.o)
 .text._cleanup_r
                0x0000000000004b00        0xc c:/users/jasper/desktop/vhdl/quartuslitefiles/nios2eds/bin/gnu/h-x86_64-mingw32/bin/../lib/gcc/nios2-elf/5.3.0/../../../../../H-x86_64-mingw32/nios2-elf/lib/mhw-mulx\libc.a(lib_a-findfp.o)
                0x0000000000004b00                _cleanup_r
 .text.__sinit.part.1
                0x0000000000004b0c      0x19c c:/users/jasper/desktop/vhdl/quartuslitefiles/nios2eds/bin/gnu/h-x86_64-mingw32/bin/../lib/gcc/nios2-elf/5.3.0/../../../../../H-x86_64-mingw32/nios2-elf/lib/mhw-mulx\libc.a(lib_a-findfp.o)
 .text.__fp_lock
                0x0000000000004ca8        0x8 c:/users/jasper/desktop/vhdl/quartuslitefiles/nios2eds/bin/gnu/h-x86_64-mingw32/bin/../lib/gcc/nios2-elf/5.3.0/../../../../../H-x86_64-mingw32/nios2-elf/lib/mhw-mulx\libc.a(lib_a-findfp.o)
 .text.__sfmoreglue
                0x0000000000004cb0       0x68 c:/users/jasper/desktop/vhdl/quartuslitefiles/nios2eds/bin/gnu/h-x86_64-mingw32/bin/../lib/gcc/nios2-elf/5.3.0/../../../../../H-x86_64-mingw32/nios2-elf/lib/mhw-mulx\libc.a(lib_a-findfp.o)
                0x0000000000004cb0                __sfmoreglue
 .text.__sfp    0x0000000000004d18      0x118 c:/users/jasper/desktop/vhdl/quartuslitefiles/nios2eds/bin/gnu/h-x86_64-mingw32/bin/../lib/gcc/nios2-elf/5.3.0/../../../../../H-x86_64-mingw32/nios2-elf/lib/mhw-mulx\libc.a(lib_a-findfp.o)
                0x0000000000004d18                __sfp
 .text._cleanup
                0x0000000000004e30       0x18 c:/users/jasper/desktop/vhdl/quartuslitefiles/nios2eds/bin/gnu/h-x86_64-mingw32/bin/../lib/gcc/nios2-elf/5.3.0/../../../../../H-x86_64-mingw32/nios2-elf/lib/mhw-mulx\libc.a(lib_a-findfp.o)
                0x0000000000004e30                _cleanup
 .text.__sinit  0x0000000000004e48       0x10 c:/users/jasper/desktop/vhdl/quartuslitefiles/nios2eds/bin/gnu/h-x86_64-mingw32/bin/../lib/gcc/nios2-elf/5.3.0/../../../../../H-x86_64-mingw32/nios2-elf/lib/mhw-mulx\libc.a(lib_a-findfp.o)
                0x0000000000004e48                __sinit
 .text.__sfp_lock_acquire
                0x0000000000004e58        0x4 c:/users/jasper/desktop/vhdl/quartuslitefiles/nios2eds/bin/gnu/h-x86_64-mingw32/bin/../lib/gcc/nios2-elf/5.3.0/../../../../../H-x86_64-mingw32/nios2-elf/lib/mhw-mulx\libc.a(lib_a-findfp.o)
                0x0000000000004e58                __sfp_lock_acquire
 .text.__sfp_lock_release
                0x0000000000004e5c        0x4 c:/users/jasper/desktop/vhdl/quartuslitefiles/nios2eds/bin/gnu/h-x86_64-mingw32/bin/../lib/gcc/nios2-elf/5.3.0/../../../../../H-x86_64-mingw32/nios2-elf/lib/mhw-mulx\libc.a(lib_a-findfp.o)
                0x0000000000004e5c                __sfp_lock_release
 .text.__sinit_lock_acquire
                0x0000000000004e60        0x4 c:/users/jasper/desktop/vhdl/quartuslitefiles/nios2eds/bin/gnu/h-x86_64-mingw32/bin/../lib/gcc/nios2-elf/5.3.0/../../../../../H-x86_64-mingw32/nios2-elf/lib/mhw-mulx\libc.a(lib_a-findfp.o)
                0x0000000000004e60                __sinit_lock_acquire
 .text.__sinit_lock_release
                0x0000000000004e64        0x4 c:/users/jasper/desktop/vhdl/quartuslitefiles/nios2eds/bin/gnu/h-x86_64-mingw32/bin/../lib/gcc/nios2-elf/5.3.0/../../../../../H-x86_64-mingw32/nios2-elf/lib/mhw-mulx\libc.a(lib_a-findfp.o)
                0x0000000000004e64                __sinit_lock_release
 .text.__fp_lock_all
                0x0000000000004e68       0x18 c:/users/jasper/desktop/vhdl/quartuslitefiles/nios2eds/bin/gnu/h-x86_64-mingw32/bin/../lib/gcc/nios2-elf/5.3.0/../../../../../H-x86_64-mingw32/nios2-elf/lib/mhw-mulx\libc.a(lib_a-findfp.o)
                0x0000000000004e68                __fp_lock_all
 .text.__fp_unlock_all
                0x0000000000004e80       0x18 c:/users/jasper/desktop/vhdl/quartuslitefiles/nios2eds/bin/gnu/h-x86_64-mingw32/bin/../lib/gcc/nios2-elf/5.3.0/../../../../../H-x86_64-mingw32/nios2-elf/lib/mhw-mulx\libc.a(lib_a-findfp.o)
                0x0000000000004e80                __fp_unlock_all
 .text          0x0000000000004e98        0x0 c:/users/jasper/desktop/vhdl/quartuslitefiles/nios2eds/bin/gnu/h-x86_64-mingw32/bin/../lib/gcc/nios2-elf/5.3.0/../../../../../H-x86_64-mingw32/nios2-elf/lib/mhw-mulx\libc.a(lib_a-fwalk.o)
 .text._fwalk   0x0000000000004e98       0xc4 c:/users/jasper/desktop/vhdl/quartuslitefiles/nios2eds/bin/gnu/h-x86_64-mingw32/bin/../lib/gcc/nios2-elf/5.3.0/../../../../../H-x86_64-mingw32/nios2-elf/lib/mhw-mulx\libc.a(lib_a-fwalk.o)
                0x0000000000004e98                _fwalk
 .text._fwalk_reent
                0x0000000000004f5c       0xc4 c:/users/jasper/desktop/vhdl/quartuslitefiles/nios2eds/bin/gnu/h-x86_64-mingw32/bin/../lib/gcc/nios2-elf/5.3.0/../../../../../H-x86_64-mingw32/nios2-elf/lib/mhw-mulx\libc.a(lib_a-fwalk.o)
                0x0000000000004f5c                _fwalk_reent
 .text          0x0000000000005020        0x0 c:/users/jasper/desktop/vhdl/quartuslitefiles/nios2eds/bin/gnu/h-x86_64-mingw32/bin/../lib/gcc/nios2-elf/5.3.0/../../../../../H-x86_64-mingw32/nios2-elf/lib/mhw-mulx\libc.a(lib_a-impure.o)
 .text          0x0000000000005020        0x0 c:/users/jasper/desktop/vhdl/quartuslitefiles/nios2eds/bin/gnu/h-x86_64-mingw32/bin/../lib/gcc/nios2-elf/5.3.0/../../../../../H-x86_64-mingw32/nios2-elf/lib/mhw-mulx\libc.a(lib_a-malloc.o)
 .text.malloc   0x0000000000005020       0x14 c:/users/jasper/desktop/vhdl/quartuslitefiles/nios2eds/bin/gnu/h-x86_64-mingw32/bin/../lib/gcc/nios2-elf/5.3.0/../../../../../H-x86_64-mingw32/nios2-elf/lib/mhw-mulx\libc.a(lib_a-malloc.o)
                0x0000000000005020                malloc
 .text.free     0x0000000000005034       0x14 c:/users/jasper/desktop/vhdl/quartuslitefiles/nios2eds/bin/gnu/h-x86_64-mingw32/bin/../lib/gcc/nios2-elf/5.3.0/../../../../../H-x86_64-mingw32/nios2-elf/lib/mhw-mulx\libc.a(lib_a-malloc.o)
                0x0000000000005034                free
 .text          0x0000000000005048        0x0 c:/users/jasper/desktop/vhdl/quartuslitefiles/nios2eds/bin/gnu/h-x86_64-mingw32/bin/../lib/gcc/nios2-elf/5.3.0/../../../../../H-x86_64-mingw32/nios2-elf/lib/mhw-mulx\libc.a(lib_a-mallocr.o)
 .text._malloc_r
                0x0000000000005048      0x80c c:/users/jasper/desktop/vhdl/quartuslitefiles/nios2eds/bin/gnu/h-x86_64-mingw32/bin/../lib/gcc/nios2-elf/5.3.0/../../../../../H-x86_64-mingw32/nios2-elf/lib/mhw-mulx\libc.a(lib_a-mallocr.o)
                0x0000000000005048                _malloc_r
 .text          0x0000000000005854        0x0 c:/users/jasper/desktop/vhdl/quartuslitefiles/nios2eds/bin/gnu/h-x86_64-mingw32/bin/../lib/gcc/nios2-elf/5.3.0/../../../../../H-x86_64-mingw32/nios2-elf/lib/mhw-mulx\libc.a(lib_a-memchr.o)
 .text.memchr   0x0000000000005854       0xe4 c:/users/jasper/desktop/vhdl/quartuslitefiles/nios2eds/bin/gnu/h-x86_64-mingw32/bin/../lib/gcc/nios2-elf/5.3.0/../../../../../H-x86_64-mingw32/nios2-elf/lib/mhw-mulx\libc.a(lib_a-memchr.o)
                0x0000000000005854                memchr
 .text          0x0000000000005938        0x0 c:/users/jasper/desktop/vhdl/quartuslitefiles/nios2eds/bin/gnu/h-x86_64-mingw32/bin/../lib/gcc/nios2-elf/5.3.0/../../../../../H-x86_64-mingw32/nios2-elf/lib/mhw-mulx\libc.a(lib_a-memcpy.o)
 .text.memcpy   0x0000000000005938      0x148 c:/users/jasper/desktop/vhdl/quartuslitefiles/nios2eds/bin/gnu/h-x86_64-mingw32/bin/../lib/gcc/nios2-elf/5.3.0/../../../../../H-x86_64-mingw32/nios2-elf/lib/mhw-mulx\libc.a(lib_a-memcpy.o)
                0x0000000000005938                memcpy
 .text          0x0000000000005a80        0x0 c:/users/jasper/desktop/vhdl/quartuslitefiles/nios2eds/bin/gnu/h-x86_64-mingw32/bin/../lib/gcc/nios2-elf/5.3.0/../../../../../H-x86_64-mingw32/nios2-elf/lib/mhw-mulx\libc.a(lib_a-memset.o)
 .text.memset   0x0000000000005a80      0x128 c:/users/jasper/desktop/vhdl/quartuslitefiles/nios2eds/bin/gnu/h-x86_64-mingw32/bin/../lib/gcc/nios2-elf/5.3.0/../../../../../H-x86_64-mingw32/nios2-elf/lib/mhw-mulx\libc.a(lib_a-memset.o)
                0x0000000000005a80                memset
 .text          0x0000000000005ba8        0x0 c:/users/jasper/desktop/vhdl/quartuslitefiles/nios2eds/bin/gnu/h-x86_64-mingw32/bin/../lib/gcc/nios2-elf/5.3.0/../../../../../H-x86_64-mingw32/nios2-elf/lib/mhw-mulx\libc.a(lib_a-printf.o)
 .text._printf_r
                0x0000000000005ba8       0x30 c:/users/jasper/desktop/vhdl/quartuslitefiles/nios2eds/bin/gnu/h-x86_64-mingw32/bin/../lib/gcc/nios2-elf/5.3.0/../../../../../H-x86_64-mingw32/nios2-elf/lib/mhw-mulx\libc.a(lib_a-printf.o)
                0x0000000000005ba8                _printf_r
 .text.printf   0x0000000000005bd8       0x3c c:/users/jasper/desktop/vhdl/quartuslitefiles/nios2eds/bin/gnu/h-x86_64-mingw32/bin/../lib/gcc/nios2-elf/5.3.0/../../../../../H-x86_64-mingw32/nios2-elf/lib/mhw-mulx\libc.a(lib_a-printf.o)
                0x0000000000005bd8                printf
 .text          0x0000000000005c14        0x0 c:/users/jasper/desktop/vhdl/quartuslitefiles/nios2eds/bin/gnu/h-x86_64-mingw32/bin/../lib/gcc/nios2-elf/5.3.0/../../../../../H-x86_64-mingw32/nios2-elf/lib/mhw-mulx\libc.a(lib_a-putchar.o)
 .text._putchar_r
                0x0000000000005c14        0x8 c:/users/jasper/desktop/vhdl/quartuslitefiles/nios2eds/bin/gnu/h-x86_64-mingw32/bin/../lib/gcc/nios2-elf/5.3.0/../../../../../H-x86_64-mingw32/nios2-elf/lib/mhw-mulx\libc.a(lib_a-putchar.o)
                0x0000000000005c14                _putchar_r
 .text.putchar  0x0000000000005c1c       0x18 c:/users/jasper/desktop/vhdl/quartuslitefiles/nios2eds/bin/gnu/h-x86_64-mingw32/bin/../lib/gcc/nios2-elf/5.3.0/../../../../../H-x86_64-mingw32/nios2-elf/lib/mhw-mulx\libc.a(lib_a-putchar.o)
                0x0000000000005c1c                putchar
 .text          0x0000000000005c34        0x0 c:/users/jasper/desktop/vhdl/quartuslitefiles/nios2eds/bin/gnu/h-x86_64-mingw32/bin/../lib/gcc/nios2-elf/5.3.0/../../../../../H-x86_64-mingw32/nios2-elf/lib/mhw-mulx\libc.a(lib_a-puts.o)
 .text._puts_r  0x0000000000005c34       0xc0 c:/users/jasper/desktop/vhdl/quartuslitefiles/nios2eds/bin/gnu/h-x86_64-mingw32/bin/../lib/gcc/nios2-elf/5.3.0/../../../../../H-x86_64-mingw32/nios2-elf/lib/mhw-mulx\libc.a(lib_a-puts.o)
                0x0000000000005c34                _puts_r
 .text.puts     0x0000000000005cf4       0x14 c:/users/jasper/desktop/vhdl/quartuslitefiles/nios2eds/bin/gnu/h-x86_64-mingw32/bin/../lib/gcc/nios2-elf/5.3.0/../../../../../H-x86_64-mingw32/nios2-elf/lib/mhw-mulx\libc.a(lib_a-puts.o)
                0x0000000000005cf4                puts
 .text          0x0000000000005d08        0x0 c:/users/jasper/desktop/vhdl/quartuslitefiles/nios2eds/bin/gnu/h-x86_64-mingw32/bin/../lib/gcc/nios2-elf/5.3.0/../../../../../H-x86_64-mingw32/nios2-elf/lib/mhw-mulx\libc.a(lib_a-realloc.o)
 .text.realloc  0x0000000000005d08       0x18 c:/users/jasper/desktop/vhdl/quartuslitefiles/nios2eds/bin/gnu/h-x86_64-mingw32/bin/../lib/gcc/nios2-elf/5.3.0/../../../../../H-x86_64-mingw32/nios2-elf/lib/mhw-mulx\libc.a(lib_a-realloc.o)
                0x0000000000005d08                realloc
 .text          0x0000000000005d20        0x0 c:/users/jasper/desktop/vhdl/quartuslitefiles/nios2eds/bin/gnu/h-x86_64-mingw32/bin/../lib/gcc/nios2-elf/5.3.0/../../../../../H-x86_64-mingw32/nios2-elf/lib/mhw-mulx\libc.a(lib_a-reallocr.o)
 .text._realloc_r
                0x0000000000005d20      0x564 c:/users/jasper/desktop/vhdl/quartuslitefiles/nios2eds/bin/gnu/h-x86_64-mingw32/bin/../lib/gcc/nios2-elf/5.3.0/../../../../../H-x86_64-mingw32/nios2-elf/lib/mhw-mulx\libc.a(lib_a-reallocr.o)
                0x0000000000005d20                _realloc_r
 .text          0x0000000000006284        0x0 c:/users/jasper/desktop/vhdl/quartuslitefiles/nios2eds/bin/gnu/h-x86_64-mingw32/bin/../lib/gcc/nios2-elf/5.3.0/../../../../../H-x86_64-mingw32/nios2-elf/lib/mhw-mulx\libc.a(lib_a-refill.o)
 .text.lflush   0x0000000000006284       0x1c c:/users/jasper/desktop/vhdl/quartuslitefiles/nios2eds/bin/gnu/h-x86_64-mingw32/bin/../lib/gcc/nios2-elf/5.3.0/../../../../../H-x86_64-mingw32/nios2-elf/lib/mhw-mulx\libc.a(lib_a-refill.o)
 .text.__srefill_r
                0x00000000000062a0      0x1d4 c:/users/jasper/desktop/vhdl/quartuslitefiles/nios2eds/bin/gnu/h-x86_64-mingw32/bin/../lib/gcc/nios2-elf/5.3.0/../../../../../H-x86_64-mingw32/nios2-elf/lib/mhw-mulx\libc.a(lib_a-refill.o)
                0x00000000000062a0                __srefill_r
 .text          0x0000000000006474        0x0 c:/users/jasper/desktop/vhdl/quartuslitefiles/nios2eds/bin/gnu/h-x86_64-mingw32/bin/../lib/gcc/nios2-elf/5.3.0/../../../../../H-x86_64-mingw32/nios2-elf/lib/mhw-mulx\libc.a(lib_a-sbrkr.o)
 .text._sbrk_r  0x0000000000006474       0x54 c:/users/jasper/desktop/vhdl/quartuslitefiles/nios2eds/bin/gnu/h-x86_64-mingw32/bin/../lib/gcc/nios2-elf/5.3.0/../../../../../H-x86_64-mingw32/nios2-elf/lib/mhw-mulx\libc.a(lib_a-sbrkr.o)
                0x0000000000006474                _sbrk_r
 .text          0x00000000000064c8        0x0 c:/users/jasper/desktop/vhdl/quartuslitefiles/nios2eds/bin/gnu/h-x86_64-mingw32/bin/../lib/gcc/nios2-elf/5.3.0/../../../../../H-x86_64-mingw32/nios2-elf/lib/mhw-mulx\libc.a(lib_a-scanf.o)
 .text.scanf    0x00000000000064c8       0x3c c:/users/jasper/desktop/vhdl/quartuslitefiles/nios2eds/bin/gnu/h-x86_64-mingw32/bin/../lib/gcc/nios2-elf/5.3.0/../../../../../H-x86_64-mingw32/nios2-elf/lib/mhw-mulx\libc.a(lib_a-scanf.o)
                0x00000000000064c8                scanf
 .text._scanf_r
                0x0000000000006504       0x30 c:/users/jasper/desktop/vhdl/quartuslitefiles/nios2eds/bin/gnu/h-x86_64-mingw32/bin/../lib/gcc/nios2-elf/5.3.0/../../../../../H-x86_64-mingw32/nios2-elf/lib/mhw-mulx\libc.a(lib_a-scanf.o)
                0x0000000000006504                _scanf_r
 .text          0x0000000000006534        0x0 c:/users/jasper/desktop/vhdl/quartuslitefiles/nios2eds/bin/gnu/h-x86_64-mingw32/bin/../lib/gcc/nios2-elf/5.3.0/../../../../../H-x86_64-mingw32/nios2-elf/lib/mhw-mulx\libc.a(lib_a-stdio.o)
 .text.__sread  0x0000000000006534       0x54 c:/users/jasper/desktop/vhdl/quartuslitefiles/nios2eds/bin/gnu/h-x86_64-mingw32/bin/../lib/gcc/nios2-elf/5.3.0/../../../../../H-x86_64-mingw32/nios2-elf/lib/mhw-mulx\libc.a(lib_a-stdio.o)
                0x0000000000006534                __sread
 .text.__seofread
                0x0000000000006588        0x8 c:/users/jasper/desktop/vhdl/quartuslitefiles/nios2eds/bin/gnu/h-x86_64-mingw32/bin/../lib/gcc/nios2-elf/5.3.0/../../../../../H-x86_64-mingw32/nios2-elf/lib/mhw-mulx\libc.a(lib_a-stdio.o)
                0x0000000000006588                __seofread
 .text.__swrite
                0x0000000000006590       0x7c c:/users/jasper/desktop/vhdl/quartuslitefiles/nios2eds/bin/gnu/h-x86_64-mingw32/bin/../lib/gcc/nios2-elf/5.3.0/../../../../../H-x86_64-mingw32/nios2-elf/lib/mhw-mulx\libc.a(lib_a-stdio.o)
                0x0000000000006590                __swrite
 .text.__sseek  0x000000000000660c       0x5c c:/users/jasper/desktop/vhdl/quartuslitefiles/nios2eds/bin/gnu/h-x86_64-mingw32/bin/../lib/gcc/nios2-elf/5.3.0/../../../../../H-x86_64-mingw32/nios2-elf/lib/mhw-mulx\libc.a(lib_a-stdio.o)
                0x000000000000660c                __sseek
 .text.__sclose
                0x0000000000006668        0x8 c:/users/jasper/desktop/vhdl/quartuslitefiles/nios2eds/bin/gnu/h-x86_64-mingw32/bin/../lib/gcc/nios2-elf/5.3.0/../../../../../H-x86_64-mingw32/nios2-elf/lib/mhw-mulx\libc.a(lib_a-stdio.o)
                0x0000000000006668                __sclose
 .text          0x0000000000006670        0x0 c:/users/jasper/desktop/vhdl/quartuslitefiles/nios2eds/bin/gnu/h-x86_64-mingw32/bin/../lib/gcc/nios2-elf/5.3.0/../../../../../H-x86_64-mingw32/nios2-elf/lib/mhw-mulx\libc.a(lib_a-strlen.o)
 .text.strlen   0x0000000000006670       0x98 c:/users/jasper/desktop/vhdl/quartuslitefiles/nios2eds/bin/gnu/h-x86_64-mingw32/bin/../lib/gcc/nios2-elf/5.3.0/../../../../../H-x86_64-mingw32/nios2-elf/lib/mhw-mulx\libc.a(lib_a-strlen.o)
                0x0000000000006670                strlen
 .text          0x0000000000006708        0x0 c:/users/jasper/desktop/vhdl/quartuslitefiles/nios2eds/bin/gnu/h-x86_64-mingw32/bin/../lib/gcc/nios2-elf/5.3.0/../../../../../H-x86_64-mingw32/nios2-elf/lib/mhw-mulx\libc.a(lib_a-strtol.o)
 .text._strtol_r
                0x0000000000006708      0x238 c:/users/jasper/desktop/vhdl/quartuslitefiles/nios2eds/bin/gnu/h-x86_64-mingw32/bin/../lib/gcc/nios2-elf/5.3.0/../../../../../H-x86_64-mingw32/nios2-elf/lib/mhw-mulx\libc.a(lib_a-strtol.o)
                0x0000000000006708                _strtol_r
 .text.strtol   0x0000000000006940       0x1c c:/users/jasper/desktop/vhdl/quartuslitefiles/nios2eds/bin/gnu/h-x86_64-mingw32/bin/../lib/gcc/nios2-elf/5.3.0/../../../../../H-x86_64-mingw32/nios2-elf/lib/mhw-mulx\libc.a(lib_a-strtol.o)
                0x0000000000006940                strtol
 .text          0x000000000000695c        0x0 c:/users/jasper/desktop/vhdl/quartuslitefiles/nios2eds/bin/gnu/h-x86_64-mingw32/bin/../lib/gcc/nios2-elf/5.3.0/../../../../../H-x86_64-mingw32/nios2-elf/lib/mhw-mulx\libc.a(lib_a-vfprintf.o)
 .text.___vfprintf_internal_r
                0x000000000000695c     0x21f8 c:/users/jasper/desktop/vhdl/quartuslitefiles/nios2eds/bin/gnu/h-x86_64-mingw32/bin/../lib/gcc/nios2-elf/5.3.0/../../../../../H-x86_64-mingw32/nios2-elf/lib/mhw-mulx\libc.a(lib_a-vfprintf.o)
                0x000000000000695c                ___vfprintf_internal_r
 .text.__vfprintf_internal
                0x0000000000008b54       0x1c c:/users/jasper/desktop/vhdl/quartuslitefiles/nios2eds/bin/gnu/h-x86_64-mingw32/bin/../lib/gcc/nios2-elf/5.3.0/../../../../../H-x86_64-mingw32/nios2-elf/lib/mhw-mulx\libc.a(lib_a-vfprintf.o)
                0x0000000000008b54                __vfprintf_internal
 .text.__sbprintf
                0x0000000000008b70       0xbc c:/users/jasper/desktop/vhdl/quartuslitefiles/nios2eds/bin/gnu/h-x86_64-mingw32/bin/../lib/gcc/nios2-elf/5.3.0/../../../../../H-x86_64-mingw32/nios2-elf/lib/mhw-mulx\libc.a(lib_a-vfprintf.o)
 .text          0x0000000000008c2c        0x0 c:/users/jasper/desktop/vhdl/quartuslitefiles/nios2eds/bin/gnu/h-x86_64-mingw32/bin/../lib/gcc/nios2-elf/5.3.0/../../../../../H-x86_64-mingw32/nios2-elf/lib/mhw-mulx\libc.a(lib_a-vfscanf.o)
 .text.__svfscanf_r
                0x0000000000008c2c     0x17bc c:/users/jasper/desktop/vhdl/quartuslitefiles/nios2eds/bin/gnu/h-x86_64-mingw32/bin/../lib/gcc/nios2-elf/5.3.0/../../../../../H-x86_64-mingw32/nios2-elf/lib/mhw-mulx\libc.a(lib_a-vfscanf.o)
                0x0000000000008c2c                __svfscanf_r
 .text.vfscanf  0x000000000000a3e8       0x68 c:/users/jasper/desktop/vhdl/quartuslitefiles/nios2eds/bin/gnu/h-x86_64-mingw32/bin/../lib/gcc/nios2-elf/5.3.0/../../../../../H-x86_64-mingw32/nios2-elf/lib/mhw-mulx\libc.a(lib_a-vfscanf.o)
                0x000000000000a3e8                vfscanf
 .text.__svfscanf
                0x000000000000a450       0x1c c:/users/jasper/desktop/vhdl/quartuslitefiles/nios2eds/bin/gnu/h-x86_64-mingw32/bin/../lib/gcc/nios2-elf/5.3.0/../../../../../H-x86_64-mingw32/nios2-elf/lib/mhw-mulx\libc.a(lib_a-vfscanf.o)
                0x000000000000a450                __svfscanf
 .text._vfscanf_r
                0x000000000000a46c       0x4c c:/users/jasper/desktop/vhdl/quartuslitefiles/nios2eds/bin/gnu/h-x86_64-mingw32/bin/../lib/gcc/nios2-elf/5.3.0/../../../../../H-x86_64-mingw32/nios2-elf/lib/mhw-mulx\libc.a(lib_a-vfscanf.o)
                0x000000000000a46c                _vfscanf_r
 .text          0x000000000000a4b8        0x0 c:/users/jasper/desktop/vhdl/quartuslitefiles/nios2eds/bin/gnu/h-x86_64-mingw32/bin/../lib/gcc/nios2-elf/5.3.0/../../../../../H-x86_64-mingw32/nios2-elf/lib/mhw-mulx\libc.a(lib_a-writer.o)
 .text._write_r
                0x000000000000a4b8       0x60 c:/users/jasper/desktop/vhdl/quartuslitefiles/nios2eds/bin/gnu/h-x86_64-mingw32/bin/../lib/gcc/nios2-elf/5.3.0/../../../../../H-x86_64-mingw32/nios2-elf/lib/mhw-mulx\libc.a(lib_a-writer.o)
                0x000000000000a4b8                _write_r
 .text          0x000000000000a518        0x0 c:/users/jasper/desktop/vhdl/quartuslitefiles/nios2eds/bin/gnu/h-x86_64-mingw32/bin/../lib/gcc/nios2-elf/5.3.0/../../../../../H-x86_64-mingw32/nios2-elf/lib/mhw-mulx\libc.a(lib_a-wsetup.o)
 .text.__swsetup_r
                0x000000000000a518      0x154 c:/users/jasper/desktop/vhdl/quartuslitefiles/nios2eds/bin/gnu/h-x86_64-mingw32/bin/../lib/gcc/nios2-elf/5.3.0/../../../../../H-x86_64-mingw32/nios2-elf/lib/mhw-mulx\libc.a(lib_a-wsetup.o)
                0x000000000000a518                __swsetup_r
 .text          0x000000000000a66c        0x0 c:/users/jasper/desktop/vhdl/quartuslitefiles/nios2eds/bin/gnu/h-x86_64-mingw32/bin/../lib/gcc/nios2-elf/5.3.0/../../../../../H-x86_64-mingw32/nios2-elf/lib/mhw-mulx\libc.a(closer.o)
 .text._close_r
                0x000000000000a66c       0x54 c:/users/jasper/desktop/vhdl/quartuslitefiles/nios2eds/bin/gnu/h-x86_64-mingw32/bin/../lib/gcc/nios2-elf/5.3.0/../../../../../H-x86_64-mingw32/nios2-elf/lib/mhw-mulx\libc.a(closer.o)
                0x000000000000a66c                _close_r
 .text          0x000000000000a6c0        0x0 c:/users/jasper/desktop/vhdl/quartuslitefiles/nios2eds/bin/gnu/h-x86_64-mingw32/bin/../lib/gcc/nios2-elf/5.3.0/../../../../../H-x86_64-mingw32/nios2-elf/lib/mhw-mulx\libc.a(lib_a-ctype_.o)
 .text          0x000000000000a6c0        0x0 c:/users/jasper/desktop/vhdl/quartuslitefiles/nios2eds/bin/gnu/h-x86_64-mingw32/bin/../lib/gcc/nios2-elf/5.3.0/../../../../../H-x86_64-mingw32/nios2-elf/lib/mhw-mulx\libc.a(lib_a-dtoa.o)
 .text.quorem   0x000000000000a6c0      0x200 c:/users/jasper/desktop/vhdl/quartuslitefiles/nios2eds/bin/gnu/h-x86_64-mingw32/bin/../lib/gcc/nios2-elf/5.3.0/../../../../../H-x86_64-mingw32/nios2-elf/lib/mhw-mulx\libc.a(lib_a-dtoa.o)
 .text._dtoa_r  0x000000000000a8c0     0x1688 c:/users/jasper/desktop/vhdl/quartuslitefiles/nios2eds/bin/gnu/h-x86_64-mingw32/bin/../lib/gcc/nios2-elf/5.3.0/../../../../../H-x86_64-mingw32/nios2-elf/lib/mhw-mulx\libc.a(lib_a-dtoa.o)
                0x000000000000a8c0                _dtoa_r
 .text          0x000000000000bf48        0x0 c:/users/jasper/desktop/vhdl/quartuslitefiles/nios2eds/bin/gnu/h-x86_64-mingw32/bin/../lib/gcc/nios2-elf/5.3.0/../../../../../H-x86_64-mingw32/nios2-elf/lib/mhw-mulx\libc.a(lib_a-fclose.o)
 .text._fclose_r
                0x000000000000bf48       0xf0 c:/users/jasper/desktop/vhdl/quartuslitefiles/nios2eds/bin/gnu/h-x86_64-mingw32/bin/../lib/gcc/nios2-elf/5.3.0/../../../../../H-x86_64-mingw32/nios2-elf/lib/mhw-mulx\libc.a(lib_a-fclose.o)
                0x000000000000bf48                _fclose_r
 .text.fclose   0x000000000000c038       0x14 c:/users/jasper/desktop/vhdl/quartuslitefiles/nios2eds/bin/gnu/h-x86_64-mingw32/bin/../lib/gcc/nios2-elf/5.3.0/../../../../../H-x86_64-mingw32/nios2-elf/lib/mhw-mulx\libc.a(lib_a-fclose.o)
                0x000000000000c038                fclose
 .text          0x000000000000c04c        0x0 c:/users/jasper/desktop/vhdl/quartuslitefiles/nios2eds/bin/gnu/h-x86_64-mingw32/bin/../lib/gcc/nios2-elf/5.3.0/../../../../../H-x86_64-mingw32/nios2-elf/lib/mhw-mulx\libc.a(lib_a-fflush.o)
 .text.__sflush_r
                0x000000000000c04c      0x21c c:/users/jasper/desktop/vhdl/quartuslitefiles/nios2eds/bin/gnu/h-x86_64-mingw32/bin/../lib/gcc/nios2-elf/5.3.0/../../../../../H-x86_64-mingw32/nios2-elf/lib/mhw-mulx\libc.a(lib_a-fflush.o)
                0x000000000000c04c                __sflush_r
 .text._fflush_r
                0x000000000000c268       0x5c c:/users/jasper/desktop/vhdl/quartuslitefiles/nios2eds/bin/gnu/h-x86_64-mingw32/bin/../lib/gcc/nios2-elf/5.3.0/../../../../../H-x86_64-mingw32/nios2-elf/lib/mhw-mulx\libc.a(lib_a-fflush.o)
                0x000000000000c268                _fflush_r
 .text.fflush   0x000000000000c2c4       0x30 c:/users/jasper/desktop/vhdl/quartuslitefiles/nios2eds/bin/gnu/h-x86_64-mingw32/bin/../lib/gcc/nios2-elf/5.3.0/../../../../../H-x86_64-mingw32/nios2-elf/lib/mhw-mulx\libc.a(lib_a-fflush.o)
                0x000000000000c2c4                fflush
 .text          0x000000000000c2f4        0x0 c:/users/jasper/desktop/vhdl/quartuslitefiles/nios2eds/bin/gnu/h-x86_64-mingw32/bin/../lib/gcc/nios2-elf/5.3.0/../../../../../H-x86_64-mingw32/nios2-elf/lib/mhw-mulx\libc.a(lib_a-fread.o)
 .text._fread_r
                0x000000000000c2f4      0x22c c:/users/jasper/desktop/vhdl/quartuslitefiles/nios2eds/bin/gnu/h-x86_64-mingw32/bin/../lib/gcc/nios2-elf/5.3.0/../../../../../H-x86_64-mingw32/nios2-elf/lib/mhw-mulx\libc.a(lib_a-fread.o)
                0x000000000000c2f4                _fread_r
 .text.fread    0x000000000000c520       0x34 c:/users/jasper/desktop/vhdl/quartuslitefiles/nios2eds/bin/gnu/h-x86_64-mingw32/bin/../lib/gcc/nios2-elf/5.3.0/../../../../../H-x86_64-mingw32/nios2-elf/lib/mhw-mulx\libc.a(lib_a-fread.o)
                0x000000000000c520                fread
 .text          0x000000000000c554        0x0 c:/users/jasper/desktop/vhdl/quartuslitefiles/nios2eds/bin/gnu/h-x86_64-mingw32/bin/../lib/gcc/nios2-elf/5.3.0/../../../../../H-x86_64-mingw32/nios2-elf/lib/mhw-mulx\libc.a(lib_a-freer.o)
 .text._malloc_trim_r
                0x000000000000c554      0x124 c:/users/jasper/desktop/vhdl/quartuslitefiles/nios2eds/bin/gnu/h-x86_64-mingw32/bin/../lib/gcc/nios2-elf/5.3.0/../../../../../H-x86_64-mingw32/nios2-elf/lib/mhw-mulx\libc.a(lib_a-freer.o)
                0x000000000000c554                _malloc_trim_r
 .text._free_r  0x000000000000c678      0x310 c:/users/jasper/desktop/vhdl/quartuslitefiles/nios2eds/bin/gnu/h-x86_64-mingw32/bin/../lib/gcc/nios2-elf/5.3.0/../../../../../H-x86_64-mingw32/nios2-elf/lib/mhw-mulx\libc.a(lib_a-freer.o)
                0x000000000000c678                _free_r
 .text          0x000000000000c988        0x0 c:/users/jasper/desktop/vhdl/quartuslitefiles/nios2eds/bin/gnu/h-x86_64-mingw32/bin/../lib/gcc/nios2-elf/5.3.0/../../../../../H-x86_64-mingw32/nios2-elf/lib/mhw-mulx\libc.a(lib_a-fvwrite.o)
 .text.__sfvwrite_r
                0x000000000000c988      0x4bc c:/users/jasper/desktop/vhdl/quartuslitefiles/nios2eds/bin/gnu/h-x86_64-mingw32/bin/../lib/gcc/nios2-elf/5.3.0/../../../../../H-x86_64-mingw32/nios2-elf/lib/mhw-mulx\libc.a(lib_a-fvwrite.o)
                0x000000000000c988                __sfvwrite_r
 .text          0x000000000000ce44        0x0 c:/users/jasper/desktop/vhdl/quartuslitefiles/nios2eds/bin/gnu/h-x86_64-mingw32/bin/../lib/gcc/nios2-elf/5.3.0/../../../../../H-x86_64-mingw32/nios2-elf/lib/mhw-mulx\libc.a(lib_a-int_errno.o)
 .text          0x000000000000ce44        0x0 c:/users/jasper/desktop/vhdl/quartuslitefiles/nios2eds/bin/gnu/h-x86_64-mingw32/bin/../lib/gcc/nios2-elf/5.3.0/../../../../../H-x86_64-mingw32/nios2-elf/lib/mhw-mulx\libc.a(lib_a-iswspace.o)
 .text.iswspace
                0x000000000000ce44       0x30 c:/users/jasper/desktop/vhdl/quartuslitefiles/nios2eds/bin/gnu/h-x86_64-mingw32/bin/../lib/gcc/nios2-elf/5.3.0/../../../../../H-x86_64-mingw32/nios2-elf/lib/mhw-mulx\libc.a(lib_a-iswspace.o)
                0x000000000000ce44                iswspace
 .text          0x000000000000ce74        0x0 c:/users/jasper/desktop/vhdl/quartuslitefiles/nios2eds/bin/gnu/h-x86_64-mingw32/bin/../lib/gcc/nios2-elf/5.3.0/../../../../../H-x86_64-mingw32/nios2-elf/lib/mhw-mulx\libc.a(lib_a-locale.o)
 .text._setlocale_r
                0x000000000000ce74       0x7c c:/users/jasper/desktop/vhdl/quartuslitefiles/nios2eds/bin/gnu/h-x86_64-mingw32/bin/../lib/gcc/nios2-elf/5.3.0/../../../../../H-x86_64-mingw32/nios2-elf/lib/mhw-mulx\libc.a(lib_a-locale.o)
                0x000000000000ce74                _setlocale_r
 .text.__locale_charset
                0x000000000000cef0        0xc c:/users/jasper/desktop/vhdl/quartuslitefiles/nios2eds/bin/gnu/h-x86_64-mingw32/bin/../lib/gcc/nios2-elf/5.3.0/../../../../../H-x86_64-mingw32/nios2-elf/lib/mhw-mulx\libc.a(lib_a-locale.o)
                0x000000000000cef0                __locale_charset
 .text.__locale_mb_cur_max
                0x000000000000cefc       0x10 c:/users/jasper/desktop/vhdl/quartuslitefiles/nios2eds/bin/gnu/h-x86_64-mingw32/bin/../lib/gcc/nios2-elf/5.3.0/../../../../../H-x86_64-mingw32/nios2-elf/lib/mhw-mulx\libc.a(lib_a-locale.o)
                0x000000000000cefc                __locale_mb_cur_max
 .text.__locale_msgcharset
                0x000000000000cf0c        0xc c:/users/jasper/desktop/vhdl/quartuslitefiles/nios2eds/bin/gnu/h-x86_64-mingw32/bin/../lib/gcc/nios2-elf/5.3.0/../../../../../H-x86_64-mingw32/nios2-elf/lib/mhw-mulx\libc.a(lib_a-locale.o)
                0x000000000000cf0c                __locale_msgcharset
 .text.__locale_cjk_lang
                0x000000000000cf18        0x8 c:/users/jasper/desktop/vhdl/quartuslitefiles/nios2eds/bin/gnu/h-x86_64-mingw32/bin/../lib/gcc/nios2-elf/5.3.0/../../../../../H-x86_64-mingw32/nios2-elf/lib/mhw-mulx\libc.a(lib_a-locale.o)
                0x000000000000cf18                __locale_cjk_lang
 .text._localeconv_r
                0x000000000000cf20        0xc c:/users/jasper/desktop/vhdl/quartuslitefiles/nios2eds/bin/gnu/h-x86_64-mingw32/bin/../lib/gcc/nios2-elf/5.3.0/../../../../../H-x86_64-mingw32/nios2-elf/lib/mhw-mulx\libc.a(lib_a-locale.o)
                0x000000000000cf20                _localeconv_r
 .text.setlocale
                0x000000000000cf2c       0x18 c:/users/jasper/desktop/vhdl/quartuslitefiles/nios2eds/bin/gnu/h-x86_64-mingw32/bin/../lib/gcc/nios2-elf/5.3.0/../../../../../H-x86_64-mingw32/nios2-elf/lib/mhw-mulx\libc.a(lib_a-locale.o)
                0x000000000000cf2c                setlocale
 .text.localeconv
                0x000000000000cf44        0xc c:/users/jasper/desktop/vhdl/quartuslitefiles/nios2eds/bin/gnu/h-x86_64-mingw32/bin/../lib/gcc/nios2-elf/5.3.0/../../../../../H-x86_64-mingw32/nios2-elf/lib/mhw-mulx\libc.a(lib_a-locale.o)
                0x000000000000cf44                localeconv
 .text          0x000000000000cf50        0x0 c:/users/jasper/desktop/vhdl/quartuslitefiles/nios2eds/bin/gnu/h-x86_64-mingw32/bin/../lib/gcc/nios2-elf/5.3.0/../../../../../H-x86_64-mingw32/nios2-elf/lib/mhw-mulx\libc.a(lib_a-lseekr.o)
 .text._lseek_r
                0x000000000000cf50       0x60 c:/users/jasper/desktop/vhdl/quartuslitefiles/nios2eds/bin/gnu/h-x86_64-mingw32/bin/../lib/gcc/nios2-elf/5.3.0/../../../../../H-x86_64-mingw32/nios2-elf/lib/mhw-mulx\libc.a(lib_a-lseekr.o)
                0x000000000000cf50                _lseek_r
 .text          0x000000000000cfb0        0x0 c:/users/jasper/desktop/vhdl/quartuslitefiles/nios2eds/bin/gnu/h-x86_64-mingw32/bin/../lib/gcc/nios2-elf/5.3.0/../../../../../H-x86_64-mingw32/nios2-elf/lib/mhw-mulx\libc.a(lib_a-makebuf.o)
 .text.__smakebuf_r
                0x000000000000cfb0      0x1bc c:/users/jasper/desktop/vhdl/quartuslitefiles/nios2eds/bin/gnu/h-x86_64-mingw32/bin/../lib/gcc/nios2-elf/5.3.0/../../../../../H-x86_64-mingw32/nios2-elf/lib/mhw-mulx\libc.a(lib_a-makebuf.o)
                0x000000000000cfb0                __smakebuf_r
 .text          0x000000000000d16c        0x0 c:/users/jasper/desktop/vhdl/quartuslitefiles/nios2eds/bin/gnu/h-x86_64-mingw32/bin/../lib/gcc/nios2-elf/5.3.0/../../../../../H-x86_64-mingw32/nios2-elf/lib/mhw-mulx\libc.a(lib_a-mbrtowc.o)
 .text._mbrtowc_r
                0x000000000000d16c       0xac c:/users/jasper/desktop/vhdl/quartuslitefiles/nios2eds/bin/gnu/h-x86_64-mingw32/bin/../lib/gcc/nios2-elf/5.3.0/../../../../../H-x86_64-mingw32/nios2-elf/lib/mhw-mulx\libc.a(lib_a-mbrtowc.o)
                0x000000000000d16c                _mbrtowc_r
 .text.mbrtowc  0x000000000000d218       0xd8 c:/users/jasper/desktop/vhdl/quartuslitefiles/nios2eds/bin/gnu/h-x86_64-mingw32/bin/../lib/gcc/nios2-elf/5.3.0/../../../../../H-x86_64-mingw32/nios2-elf/lib/mhw-mulx\libc.a(lib_a-mbrtowc.o)
                0x000000000000d218                mbrtowc
 .text          0x000000000000d2f0        0x0 c:/users/jasper/desktop/vhdl/quartuslitefiles/nios2eds/bin/gnu/h-x86_64-mingw32/bin/../lib/gcc/nios2-elf/5.3.0/../../../../../H-x86_64-mingw32/nios2-elf/lib/mhw-mulx\libc.a(lib_a-mbtowc_r.o)
 .text.__ascii_mbtowc
                0x000000000000d2f0       0x44 c:/users/jasper/desktop/vhdl/quartuslitefiles/nios2eds/bin/gnu/h-x86_64-mingw32/bin/../lib/gcc/nios2-elf/5.3.0/../../../../../H-x86_64-mingw32/nios2-elf/lib/mhw-mulx\libc.a(lib_a-mbtowc_r.o)
                0x000000000000d2f0                __ascii_mbtowc
 .text._mbtowc_r
                0x000000000000d334       0x5c c:/users/jasper/desktop/vhdl/quartuslitefiles/nios2eds/bin/gnu/h-x86_64-mingw32/bin/../lib/gcc/nios2-elf/5.3.0/../../../../../H-x86_64-mingw32/nios2-elf/lib/mhw-mulx\libc.a(lib_a-mbtowc_r.o)
                0x000000000000d334                _mbtowc_r
 .text          0x000000000000d390        0x0 c:/users/jasper/desktop/vhdl/quartuslitefiles/nios2eds/bin/gnu/h-x86_64-mingw32/bin/../lib/gcc/nios2-elf/5.3.0/../../../../../H-x86_64-mingw32/nios2-elf/lib/mhw-mulx\libc.a(lib_a-memmove.o)
 .text.memmove  0x000000000000d390      0x15c c:/users/jasper/desktop/vhdl/quartuslitefiles/nios2eds/bin/gnu/h-x86_64-mingw32/bin/../lib/gcc/nios2-elf/5.3.0/../../../../../H-x86_64-mingw32/nios2-elf/lib/mhw-mulx\libc.a(lib_a-memmove.o)
                0x000000000000d390                memmove
 .text          0x000000000000d4ec        0x0 c:/users/jasper/desktop/vhdl/quartuslitefiles/nios2eds/bin/gnu/h-x86_64-mingw32/bin/../lib/gcc/nios2-elf/5.3.0/../../../../../H-x86_64-mingw32/nios2-elf/lib/mhw-mulx\libc.a(lib_a-mprec.o)
 .text._Balloc  0x000000000000d4ec       0xa8 c:/users/jasper/desktop/vhdl/quartuslitefiles/nios2eds/bin/gnu/h-x86_64-mingw32/bin/../lib/gcc/nios2-elf/5.3.0/../../../../../H-x86_64-mingw32/nios2-elf/lib/mhw-mulx\libc.a(lib_a-mprec.o)
                0x000000000000d4ec                _Balloc
 .text._Bfree   0x000000000000d594       0x28 c:/users/jasper/desktop/vhdl/quartuslitefiles/nios2eds/bin/gnu/h-x86_64-mingw32/bin/../lib/gcc/nios2-elf/5.3.0/../../../../../H-x86_64-mingw32/nios2-elf/lib/mhw-mulx\libc.a(lib_a-mprec.o)
                0x000000000000d594                _Bfree
 .text.__multadd
                0x000000000000d5bc      0x120 c:/users/jasper/desktop/vhdl/quartuslitefiles/nios2eds/bin/gnu/h-x86_64-mingw32/bin/../lib/gcc/nios2-elf/5.3.0/../../../../../H-x86_64-mingw32/nios2-elf/lib/mhw-mulx\libc.a(lib_a-mprec.o)
                0x000000000000d5bc                __multadd
 .text.__s2b    0x000000000000d6dc      0x104 c:/users/jasper/desktop/vhdl/quartuslitefiles/nios2eds/bin/gnu/h-x86_64-mingw32/bin/../lib/gcc/nios2-elf/5.3.0/../../../../../H-x86_64-mingw32/nios2-elf/lib/mhw-mulx\libc.a(lib_a-mprec.o)
                0x000000000000d6dc                __s2b
 .text.__hi0bits
                0x000000000000d7e0       0x68 c:/users/jasper/desktop/vhdl/quartuslitefiles/nios2eds/bin/gnu/h-x86_64-mingw32/bin/../lib/gcc/nios2-elf/5.3.0/../../../../../H-x86_64-mingw32/nios2-elf/lib/mhw-mulx\libc.a(lib_a-mprec.o)
                0x000000000000d7e0                __hi0bits
 .text.__lo0bits
                0x000000000000d848       0xb0 c:/users/jasper/desktop/vhdl/quartuslitefiles/nios2eds/bin/gnu/h-x86_64-mingw32/bin/../lib/gcc/nios2-elf/5.3.0/../../../../../H-x86_64-mingw32/nios2-elf/lib/mhw-mulx\libc.a(lib_a-mprec.o)
                0x000000000000d848                __lo0bits
 .text.__i2b    0x000000000000d8f8       0x3c c:/users/jasper/desktop/vhdl/quartuslitefiles/nios2eds/bin/gnu/h-x86_64-mingw32/bin/../lib/gcc/nios2-elf/5.3.0/../../../../../H-x86_64-mingw32/nios2-elf/lib/mhw-mulx\libc.a(lib_a-mprec.o)
                0x000000000000d8f8                __i2b
 .text.__multiply
                0x000000000000d934      0x1f8 c:/users/jasper/desktop/vhdl/quartuslitefiles/nios2eds/bin/gnu/h-x86_64-mingw32/bin/../lib/gcc/nios2-elf/5.3.0/../../../../../H-x86_64-mingw32/nios2-elf/lib/mhw-mulx\libc.a(lib_a-mprec.o)
                0x000000000000d934                __multiply
 .text.__pow5mult
                0x000000000000db2c      0x140 c:/users/jasper/desktop/vhdl/quartuslitefiles/nios2eds/bin/gnu/h-x86_64-mingw32/bin/../lib/gcc/nios2-elf/5.3.0/../../../../../H-x86_64-mingw32/nios2-elf/lib/mhw-mulx\libc.a(lib_a-mprec.o)
                0x000000000000db2c                __pow5mult
 .text.__lshift
                0x000000000000dc6c      0x148 c:/users/jasper/desktop/vhdl/quartuslitefiles/nios2eds/bin/gnu/h-x86_64-mingw32/bin/../lib/gcc/nios2-elf/5.3.0/../../../../../H-x86_64-mingw32/nios2-elf/lib/mhw-mulx\libc.a(lib_a-mprec.o)
                0x000000000000dc6c                __lshift
 .text.__mcmp   0x000000000000ddb4       0x60 c:/users/jasper/desktop/vhdl/quartuslitefiles/nios2eds/bin/gnu/h-x86_64-mingw32/bin/../lib/gcc/nios2-elf/5.3.0/../../../../../H-x86_64-mingw32/nios2-elf/lib/mhw-mulx\libc.a(lib_a-mprec.o)
                0x000000000000ddb4                __mcmp
 .text.__mdiff  0x000000000000de14      0x1fc c:/users/jasper/desktop/vhdl/quartuslitefiles/nios2eds/bin/gnu/h-x86_64-mingw32/bin/../lib/gcc/nios2-elf/5.3.0/../../../../../H-x86_64-mingw32/nios2-elf/lib/mhw-mulx\libc.a(lib_a-mprec.o)
                0x000000000000de14                __mdiff
 .text.__ulp    0x000000000000e010       0x64 c:/users/jasper/desktop/vhdl/quartuslitefiles/nios2eds/bin/gnu/h-x86_64-mingw32/bin/../lib/gcc/nios2-elf/5.3.0/../../../../../H-x86_64-mingw32/nios2-elf/lib/mhw-mulx\libc.a(lib_a-mprec.o)
                0x000000000000e010                __ulp
 .text.__b2d    0x000000000000e074      0x10c c:/users/jasper/desktop/vhdl/quartuslitefiles/nios2eds/bin/gnu/h-x86_64-mingw32/bin/../lib/gcc/nios2-elf/5.3.0/../../../../../H-x86_64-mingw32/nios2-elf/lib/mhw-mulx\libc.a(lib_a-mprec.o)
                0x000000000000e074                __b2d
 .text.__d2b    0x000000000000e180      0x14c c:/users/jasper/desktop/vhdl/quartuslitefiles/nios2eds/bin/gnu/h-x86_64-mingw32/bin/../lib/gcc/nios2-elf/5.3.0/../../../../../H-x86_64-mingw32/nios2-elf/lib/mhw-mulx\libc.a(lib_a-mprec.o)
                0x000000000000e180                __d2b
 .text.__ratio  0x000000000000e2cc       0xa4 c:/users/jasper/desktop/vhdl/quartuslitefiles/nios2eds/bin/gnu/h-x86_64-mingw32/bin/../lib/gcc/nios2-elf/5.3.0/../../../../../H-x86_64-mingw32/nios2-elf/lib/mhw-mulx\libc.a(lib_a-mprec.o)
                0x000000000000e2cc                __ratio
 .text._mprec_log10
                0x000000000000e370       0x74 c:/users/jasper/desktop/vhdl/quartuslitefiles/nios2eds/bin/gnu/h-x86_64-mingw32/bin/../lib/gcc/nios2-elf/5.3.0/../../../../../H-x86_64-mingw32/nios2-elf/lib/mhw-mulx\libc.a(lib_a-mprec.o)
                0x000000000000e370                _mprec_log10
 .text.__copybits
                0x000000000000e3e4       0x78 c:/users/jasper/desktop/vhdl/quartuslitefiles/nios2eds/bin/gnu/h-x86_64-mingw32/bin/../lib/gcc/nios2-elf/5.3.0/../../../../../H-x86_64-mingw32/nios2-elf/lib/mhw-mulx\libc.a(lib_a-mprec.o)
                0x000000000000e3e4                __copybits
 .text.__any_on
                0x000000000000e45c       0x8c c:/users/jasper/desktop/vhdl/quartuslitefiles/nios2eds/bin/gnu/h-x86_64-mingw32/bin/../lib/gcc/nios2-elf/5.3.0/../../../../../H-x86_64-mingw32/nios2-elf/lib/mhw-mulx\libc.a(lib_a-mprec.o)
                0x000000000000e45c                __any_on
 .text          0x000000000000e4e8        0x0 c:/users/jasper/desktop/vhdl/quartuslitefiles/nios2eds/bin/gnu/h-x86_64-mingw32/bin/../lib/gcc/nios2-elf/5.3.0/../../../../../H-x86_64-mingw32/nios2-elf/lib/mhw-mulx\libc.a(lib_a-putc.o)
 .text._putc_r  0x000000000000e4e8       0xa0 c:/users/jasper/desktop/vhdl/quartuslitefiles/nios2eds/bin/gnu/h-x86_64-mingw32/bin/../lib/gcc/nios2-elf/5.3.0/../../../../../H-x86_64-mingw32/nios2-elf/lib/mhw-mulx\libc.a(lib_a-putc.o)
                0x000000000000e4e8                _putc_r
 .text.putc     0x000000000000e588       0xc8 c:/users/jasper/desktop/vhdl/quartuslitefiles/nios2eds/bin/gnu/h-x86_64-mingw32/bin/../lib/gcc/nios2-elf/5.3.0/../../../../../H-x86_64-mingw32/nios2-elf/lib/mhw-mulx\libc.a(lib_a-putc.o)
                0x000000000000e588                putc
 .text          0x000000000000e650        0x0 c:/users/jasper/desktop/vhdl/quartuslitefiles/nios2eds/bin/gnu/h-x86_64-mingw32/bin/../lib/gcc/nios2-elf/5.3.0/../../../../../H-x86_64-mingw32/nios2-elf/lib/mhw-mulx\libc.a(lib_a-readr.o)
 .text._read_r  0x000000000000e650       0x60 c:/users/jasper/desktop/vhdl/quartuslitefiles/nios2eds/bin/gnu/h-x86_64-mingw32/bin/../lib/gcc/nios2-elf/5.3.0/../../../../../H-x86_64-mingw32/nios2-elf/lib/mhw-mulx\libc.a(lib_a-readr.o)
                0x000000000000e650                _read_r
 .text          0x000000000000e6b0        0x0 c:/users/jasper/desktop/vhdl/quartuslitefiles/nios2eds/bin/gnu/h-x86_64-mingw32/bin/../lib/gcc/nios2-elf/5.3.0/../../../../../H-x86_64-mingw32/nios2-elf/lib/mhw-mulx\libc.a(lib_a-s_fpclassify.o)
 .text.__fpclassifyd
                0x000000000000e6b0       0x74 c:/users/jasper/desktop/vhdl/quartuslitefiles/nios2eds/bin/gnu/h-x86_64-mingw32/bin/../lib/gcc/nios2-elf/5.3.0/../../../../../H-x86_64-mingw32/nios2-elf/lib/mhw-mulx\libc.a(lib_a-s_fpclassify.o)
                0x000000000000e6b0                __fpclassifyd
 .text          0x000000000000e724        0x0 c:/users/jasper/desktop/vhdl/quartuslitefiles/nios2eds/bin/gnu/h-x86_64-mingw32/bin/../lib/gcc/nios2-elf/5.3.0/../../../../../H-x86_64-mingw32/nios2-elf/lib/mhw-mulx\libc.a(lib_a-sccl.o)
 .text.__sccl   0x000000000000e724       0xd0 c:/users/jasper/desktop/vhdl/quartuslitefiles/nios2eds/bin/gnu/h-x86_64-mingw32/bin/../lib/gcc/nios2-elf/5.3.0/../../../../../H-x86_64-mingw32/nios2-elf/lib/mhw-mulx\libc.a(lib_a-sccl.o)
                0x000000000000e724                __sccl
 .text          0x000000000000e7f4        0x0 c:/users/jasper/desktop/vhdl/quartuslitefiles/nios2eds/bin/gnu/h-x86_64-mingw32/bin/../lib/gcc/nios2-elf/5.3.0/../../../../../H-x86_64-mingw32/nios2-elf/lib/mhw-mulx\libc.a(lib_a-sf_nan.o)
 .text.nanf     0x000000000000e7f4        0x8 c:/users/jasper/desktop/vhdl/quartuslitefiles/nios2eds/bin/gnu/h-x86_64-mingw32/bin/../lib/gcc/nios2-elf/5.3.0/../../../../../H-x86_64-mingw32/nios2-elf/lib/mhw-mulx\libc.a(lib_a-sf_nan.o)
                0x000000000000e7f4                nanf
 .text          0x000000000000e7fc        0x0 c:/users/jasper/desktop/vhdl/quartuslitefiles/nios2eds/bin/gnu/h-x86_64-mingw32/bin/../lib/gcc/nios2-elf/5.3.0/../../../../../H-x86_64-mingw32/nios2-elf/lib/mhw-mulx\libc.a(lib_a-sprintf.o)
 .text._sprintf_r
                0x000000000000e7fc       0x58 c:/users/jasper/desktop/vhdl/quartuslitefiles/nios2eds/bin/gnu/h-x86_64-mingw32/bin/../lib/gcc/nios2-elf/5.3.0/../../../../../H-x86_64-mingw32/nios2-elf/lib/mhw-mulx\libc.a(lib_a-sprintf.o)
                0x000000000000e7fc                _sprintf_r
 .text.sprintf  0x000000000000e854       0x6c c:/users/jasper/desktop/vhdl/quartuslitefiles/nios2eds/bin/gnu/h-x86_64-mingw32/bin/../lib/gcc/nios2-elf/5.3.0/../../../../../H-x86_64-mingw32/nios2-elf/lib/mhw-mulx\libc.a(lib_a-sprintf.o)
                0x000000000000e854                sprintf
 .text          0x000000000000e8c0        0x0 c:/users/jasper/desktop/vhdl/quartuslitefiles/nios2eds/bin/gnu/h-x86_64-mingw32/bin/../lib/gcc/nios2-elf/5.3.0/../../../../../H-x86_64-mingw32/nios2-elf/lib/mhw-mulx\libc.a(lib_a-strcmp.o)
 .text.strcmp   0x000000000000e8c0       0xdc c:/users/jasper/desktop/vhdl/quartuslitefiles/nios2eds/bin/gnu/h-x86_64-mingw32/bin/../lib/gcc/nios2-elf/5.3.0/../../../../../H-x86_64-mingw32/nios2-elf/lib/mhw-mulx\libc.a(lib_a-strcmp.o)
                0x000000000000e8c0                strcmp
 .text          0x000000000000e99c        0x0 c:/users/jasper/desktop/vhdl/quartuslitefiles/nios2eds/bin/gnu/h-x86_64-mingw32/bin/../lib/gcc/nios2-elf/5.3.0/../../../../../H-x86_64-mingw32/nios2-elf/lib/mhw-mulx\libc.a(lib_a-strtod.o)
 .text.sulp     0x000000000000e99c       0x64 c:/users/jasper/desktop/vhdl/quartuslitefiles/nios2eds/bin/gnu/h-x86_64-mingw32/bin/../lib/gcc/nios2-elf/5.3.0/../../../../../H-x86_64-mingw32/nios2-elf/lib/mhw-mulx\libc.a(lib_a-strtod.o)
 .text._strtod_r
                0x000000000000ea00     0x15f8 c:/users/jasper/desktop/vhdl/quartuslitefiles/nios2eds/bin/gnu/h-x86_64-mingw32/bin/../lib/gcc/nios2-elf/5.3.0/../../../../../H-x86_64-mingw32/nios2-elf/lib/mhw-mulx\libc.a(lib_a-strtod.o)
                0x000000000000ea00                _strtod_r
 .text.strtod   0x000000000000fff8       0x18 c:/users/jasper/desktop/vhdl/quartuslitefiles/nios2eds/bin/gnu/h-x86_64-mingw32/bin/../lib/gcc/nios2-elf/5.3.0/../../../../../H-x86_64-mingw32/nios2-elf/lib/mhw-mulx\libc.a(lib_a-strtod.o)
                0x000000000000fff8                strtod
 .text.strtof   0x0000000000010010      0x100 c:/users/jasper/desktop/vhdl/quartuslitefiles/nios2eds/bin/gnu/h-x86_64-mingw32/bin/../lib/gcc/nios2-elf/5.3.0/../../../../../H-x86_64-mingw32/nios2-elf/lib/mhw-mulx\libc.a(lib_a-strtod.o)
                0x0000000000010010                strtof
 .text          0x0000000000010110        0x0 c:/users/jasper/desktop/vhdl/quartuslitefiles/nios2eds/bin/gnu/h-x86_64-mingw32/bin/../lib/gcc/nios2-elf/5.3.0/../../../../../H-x86_64-mingw32/nios2-elf/lib/mhw-mulx\libc.a(lib_a-strtoll_r.o)
 .text._strtoll_r
                0x0000000000010110      0x2e0 c:/users/jasper/desktop/vhdl/quartuslitefiles/nios2eds/bin/gnu/h-x86_64-mingw32/bin/../lib/gcc/nios2-elf/5.3.0/../../../../../H-x86_64-mingw32/nios2-elf/lib/mhw-mulx\libc.a(lib_a-strtoll_r.o)
                0x0000000000010110                _strtoll_r
 .text          0x00000000000103f0        0x0 c:/users/jasper/desktop/vhdl/quartuslitefiles/nios2eds/bin/gnu/h-x86_64-mingw32/bin/../lib/gcc/nios2-elf/5.3.0/../../../../../H-x86_64-mingw32/nios2-elf/lib/mhw-mulx\libc.a(lib_a-strtoul.o)
 .text._strtoul_r
                0x00000000000103f0      0x24c c:/users/jasper/desktop/vhdl/quartuslitefiles/nios2eds/bin/gnu/h-x86_64-mingw32/bin/../lib/gcc/nios2-elf/5.3.0/../../../../../H-x86_64-mingw32/nios2-elf/lib/mhw-mulx\libc.a(lib_a-strtoul.o)
                0x00000000000103f0                _strtoul_r
 .text.strtoul  0x000000000001063c       0x1c c:/users/jasper/desktop/vhdl/quartuslitefiles/nios2eds/bin/gnu/h-x86_64-mingw32/bin/../lib/gcc/nios2-elf/5.3.0/../../../../../H-x86_64-mingw32/nios2-elf/lib/mhw-mulx\libc.a(lib_a-strtoul.o)
                0x000000000001063c                strtoul
 .text          0x0000000000010658        0x0 c:/users/jasper/desktop/vhdl/quartuslitefiles/nios2eds/bin/gnu/h-x86_64-mingw32/bin/../lib/gcc/nios2-elf/5.3.0/../../../../../H-x86_64-mingw32/nios2-elf/lib/mhw-mulx\libc.a(lib_a-strtoull_r.o)
 .text._strtoull_r
                0x0000000000010658      0x2d8 c:/users/jasper/desktop/vhdl/quartuslitefiles/nios2eds/bin/gnu/h-x86_64-mingw32/bin/../lib/gcc/nios2-elf/5.3.0/../../../../../H-x86_64-mingw32/nios2-elf/lib/mhw-mulx\libc.a(lib_a-strtoull_r.o)
                0x0000000000010658                _strtoull_r
 .text          0x0000000000010930        0x0 c:/users/jasper/desktop/vhdl/quartuslitefiles/nios2eds/bin/gnu/h-x86_64-mingw32/bin/../lib/gcc/nios2-elf/5.3.0/../../../../../H-x86_64-mingw32/nios2-elf/lib/mhw-mulx\libc.a(lib_a-svfprintf.o)
 .text.___svfprintf_internal_r
                0x0000000000010930     0x21d8 c:/users/jasper/desktop/vhdl/quartuslitefiles/nios2eds/bin/gnu/h-x86_64-mingw32/bin/../lib/gcc/nios2-elf/5.3.0/../../../../../H-x86_64-mingw32/nios2-elf/lib/mhw-mulx\libc.a(lib_a-svfprintf.o)
                0x0000000000010930                ___svfprintf_internal_r
 .text          0x0000000000012b08        0x0 c:/users/jasper/desktop/vhdl/quartuslitefiles/nios2eds/bin/gnu/h-x86_64-mingw32/bin/../lib/gcc/nios2-elf/5.3.0/../../../../../H-x86_64-mingw32/nios2-elf/lib/mhw-mulx\libc.a(lib_a-ungetc.o)
 .text.__submore
                0x0000000000012b08       0xd4 c:/users/jasper/desktop/vhdl/quartuslitefiles/nios2eds/bin/gnu/h-x86_64-mingw32/bin/../lib/gcc/nios2-elf/5.3.0/../../../../../H-x86_64-mingw32/nios2-elf/lib/mhw-mulx\libc.a(lib_a-ungetc.o)
                0x0000000000012b08                __submore
 .text._ungetc_r
                0x0000000000012bdc      0x194 c:/users/jasper/desktop/vhdl/quartuslitefiles/nios2eds/bin/gnu/h-x86_64-mingw32/bin/../lib/gcc/nios2-elf/5.3.0/../../../../../H-x86_64-mingw32/nios2-elf/lib/mhw-mulx\libc.a(lib_a-ungetc.o)
                0x0000000000012bdc                _ungetc_r
 .text.ungetc   0x0000000000012d70       0x18 c:/users/jasper/desktop/vhdl/quartuslitefiles/nios2eds/bin/gnu/h-x86_64-mingw32/bin/../lib/gcc/nios2-elf/5.3.0/../../../../../H-x86_64-mingw32/nios2-elf/lib/mhw-mulx\libc.a(lib_a-ungetc.o)
                0x0000000000012d70                ungetc
 .text          0x0000000000012d88        0x0 c:/users/jasper/desktop/vhdl/quartuslitefiles/nios2eds/bin/gnu/h-x86_64-mingw32/bin/../lib/gcc/nios2-elf/5.3.0/../../../../../H-x86_64-mingw32/nios2-elf/lib/mhw-mulx\libc.a(lib_a-vfiprintf.o)
 .text.__sprint_r.part.0
                0x0000000000012d88       0xfc c:/users/jasper/desktop/vhdl/quartuslitefiles/nios2eds/bin/gnu/h-x86_64-mingw32/bin/../lib/gcc/nios2-elf/5.3.0/../../../../../H-x86_64-mingw32/nios2-elf/lib/mhw-mulx\libc.a(lib_a-vfiprintf.o)
 .text.__sprint_r
                0x0000000000012e84       0x18 c:/users/jasper/desktop/vhdl/quartuslitefiles/nios2eds/bin/gnu/h-x86_64-mingw32/bin/../lib/gcc/nios2-elf/5.3.0/../../../../../H-x86_64-mingw32/nios2-elf/lib/mhw-mulx\libc.a(lib_a-vfiprintf.o)
                0x0000000000012e84                __sprint_r
 .text.___vfiprintf_internal_r
                0x0000000000012e9c     0x145c c:/users/jasper/desktop/vhdl/quartuslitefiles/nios2eds/bin/gnu/h-x86_64-mingw32/bin/../lib/gcc/nios2-elf/5.3.0/../../../../../H-x86_64-mingw32/nios2-elf/lib/mhw-mulx\libc.a(lib_a-vfiprintf.o)
                0x0000000000012e9c                ___vfiprintf_internal_r
 .text.__vfiprintf_internal
                0x00000000000142f8       0x1c c:/users/jasper/desktop/vhdl/quartuslitefiles/nios2eds/bin/gnu/h-x86_64-mingw32/bin/../lib/gcc/nios2-elf/5.3.0/../../../../../H-x86_64-mingw32/nios2-elf/lib/mhw-mulx\libc.a(lib_a-vfiprintf.o)
                0x00000000000142f8                __vfiprintf_internal
 .text.__sbprintf
                0x0000000000014314       0xbc c:/users/jasper/desktop/vhdl/quartuslitefiles/nios2eds/bin/gnu/h-x86_64-mingw32/bin/../lib/gcc/nios2-elf/5.3.0/../../../../../H-x86_64-mingw32/nios2-elf/lib/mhw-mulx\libc.a(lib_a-vfiprintf.o)
 .text          0x00000000000143d0        0x0 c:/users/jasper/desktop/vhdl/quartuslitefiles/nios2eds/bin/gnu/h-x86_64-mingw32/bin/../lib/gcc/nios2-elf/5.3.0/../../../../../H-x86_64-mingw32/nios2-elf/lib/mhw-mulx\libc.a(lib_a-wbuf.o)
 .text.__swbuf_r
                0x00000000000143d0      0x140 c:/users/jasper/desktop/vhdl/quartuslitefiles/nios2eds/bin/gnu/h-x86_64-mingw32/bin/../lib/gcc/nios2-elf/5.3.0/../../../../../H-x86_64-mingw32/nios2-elf/lib/mhw-mulx\libc.a(lib_a-wbuf.o)
                0x00000000000143d0                __swbuf_r
 .text.__swbuf  0x0000000000014510       0x18 c:/users/jasper/desktop/vhdl/quartuslitefiles/nios2eds/bin/gnu/h-x86_64-mingw32/bin/../lib/gcc/nios2-elf/5.3.0/../../../../../H-x86_64-mingw32/nios2-elf/lib/mhw-mulx\libc.a(lib_a-wbuf.o)
                0x0000000000014510                __swbuf
 .text          0x0000000000014528        0x0 c:/users/jasper/desktop/vhdl/quartuslitefiles/nios2eds/bin/gnu/h-x86_64-mingw32/bin/../lib/gcc/nios2-elf/5.3.0/../../../../../H-x86_64-mingw32/nios2-elf/lib/mhw-mulx\libc.a(lib_a-callocr.o)
 .text._calloc_r
                0x0000000000014528       0xc4 c:/users/jasper/desktop/vhdl/quartuslitefiles/nios2eds/bin/gnu/h-x86_64-mingw32/bin/../lib/gcc/nios2-elf/5.3.0/../../../../../H-x86_64-mingw32/nios2-elf/lib/mhw-mulx\libc.a(lib_a-callocr.o)
                0x0000000000014528                _calloc_r
 .text          0x00000000000145ec        0x0 c:/users/jasper/desktop/vhdl/quartuslitefiles/nios2eds/bin/gnu/h-x86_64-mingw32/bin/../lib/gcc/nios2-elf/5.3.0/../../../../../H-x86_64-mingw32/nios2-elf/lib/mhw-mulx\libc.a(lib_a-fputwc.o)
 .text.__fputwc
                0x00000000000145ec      0x164 c:/users/jasper/desktop/vhdl/quartuslitefiles/nios2eds/bin/gnu/h-x86_64-mingw32/bin/../lib/gcc/nios2-elf/5.3.0/../../../../../H-x86_64-mingw32/nios2-elf/lib/mhw-mulx\libc.a(lib_a-fputwc.o)
                0x00000000000145ec                __fputwc
 .text._fputwc_r
                0x0000000000014750       0x24 c:/users/jasper/desktop/vhdl/quartuslitefiles/nios2eds/bin/gnu/h-x86_64-mingw32/bin/../lib/gcc/nios2-elf/5.3.0/../../../../../H-x86_64-mingw32/nios2-elf/lib/mhw-mulx\libc.a(lib_a-fputwc.o)
                0x0000000000014750                _fputwc_r
 .text.fputwc   0x0000000000014774       0x80 c:/users/jasper/desktop/vhdl/quartuslitefiles/nios2eds/bin/gnu/h-x86_64-mingw32/bin/../lib/gcc/nios2-elf/5.3.0/../../../../../H-x86_64-mingw32/nios2-elf/lib/mhw-mulx\libc.a(lib_a-fputwc.o)
                0x0000000000014774                fputwc
 .text          0x00000000000147f4        0x0 c:/users/jasper/desktop/vhdl/quartuslitefiles/nios2eds/bin/gnu/h-x86_64-mingw32/bin/../lib/gcc/nios2-elf/5.3.0/../../../../../H-x86_64-mingw32/nios2-elf/lib/mhw-mulx\libc.a(lib_a-fstatr.o)
 .text._fstat_r
                0x00000000000147f4       0x5c c:/users/jasper/desktop/vhdl/quartuslitefiles/nios2eds/bin/gnu/h-x86_64-mingw32/bin/../lib/gcc/nios2-elf/5.3.0/../../../../../H-x86_64-mingw32/nios2-elf/lib/mhw-mulx\libc.a(lib_a-fstatr.o)
                0x00000000000147f4                _fstat_r
 .text          0x0000000000014850        0x0 c:/users/jasper/desktop/vhdl/quartuslitefiles/nios2eds/bin/gnu/h-x86_64-mingw32/bin/../lib/gcc/nios2-elf/5.3.0/../../../../../H-x86_64-mingw32/nios2-elf/lib/mhw-mulx\libc.a(lib_a-gdtoa-gethex.o)
 .text.rshift   0x0000000000014850      0x100 c:/users/jasper/desktop/vhdl/quartuslitefiles/nios2eds/bin/gnu/h-x86_64-mingw32/bin/../lib/gcc/nios2-elf/5.3.0/../../../../../H-x86_64-mingw32/nios2-elf/lib/mhw-mulx\libc.a(lib_a-gdtoa-gethex.o)
 .text.__gethex
                0x0000000000014950      0x830 c:/users/jasper/desktop/vhdl/quartuslitefiles/nios2eds/bin/gnu/h-x86_64-mingw32/bin/../lib/gcc/nios2-elf/5.3.0/../../../../../H-x86_64-mingw32/nios2-elf/lib/mhw-mulx\libc.a(lib_a-gdtoa-gethex.o)
                0x0000000000014950                __gethex
 .text          0x0000000000015180        0x0 c:/users/jasper/desktop/vhdl/quartuslitefiles/nios2eds/bin/gnu/h-x86_64-mingw32/bin/../lib/gcc/nios2-elf/5.3.0/../../../../../H-x86_64-mingw32/nios2-elf/lib/mhw-mulx\libc.a(lib_a-gdtoa-hexnan.o)
 .text.__hexnan
                0x0000000000015180      0x25c c:/users/jasper/desktop/vhdl/quartuslitefiles/nios2eds/bin/gnu/h-x86_64-mingw32/bin/../lib/gcc/nios2-elf/5.3.0/../../../../../H-x86_64-mingw32/nios2-elf/lib/mhw-mulx\libc.a(lib_a-gdtoa-hexnan.o)
                0x0000000000015180                __hexnan
 .text          0x00000000000153dc        0x0 c:/users/jasper/desktop/vhdl/quartuslitefiles/nios2eds/bin/gnu/h-x86_64-mingw32/bin/../lib/gcc/nios2-elf/5.3.0/../../../../../H-x86_64-mingw32/nios2-elf/lib/mhw-mulx\libc.a(lib_a-isattyr.o)
 .text._isatty_r
                0x00000000000153dc       0x54 c:/users/jasper/desktop/vhdl/quartuslitefiles/nios2eds/bin/gnu/h-x86_64-mingw32/bin/../lib/gcc/nios2-elf/5.3.0/../../../../../H-x86_64-mingw32/nios2-elf/lib/mhw-mulx\libc.a(lib_a-isattyr.o)
                0x00000000000153dc                _isatty_r
 .text          0x0000000000015430        0x0 c:/users/jasper/desktop/vhdl/quartuslitefiles/nios2eds/bin/gnu/h-x86_64-mingw32/bin/../lib/gcc/nios2-elf/5.3.0/../../../../../H-x86_64-mingw32/nios2-elf/lib/mhw-mulx\libc.a(lib_a-strncmp.o)
 .text.strncmp  0x0000000000015430       0xd0 c:/users/jasper/desktop/vhdl/quartuslitefiles/nios2eds/bin/gnu/h-x86_64-mingw32/bin/../lib/gcc/nios2-elf/5.3.0/../../../../../H-x86_64-mingw32/nios2-elf/lib/mhw-mulx\libc.a(lib_a-strncmp.o)
                0x0000000000015430                strncmp
 .text          0x0000000000015500        0x0 c:/users/jasper/desktop/vhdl/quartuslitefiles/nios2eds/bin/gnu/h-x86_64-mingw32/bin/../lib/gcc/nios2-elf/5.3.0/../../../../../H-x86_64-mingw32/nios2-elf/lib/mhw-mulx\libc.a(lib_a-svfiprintf.o)
 .text.__ssprint_r
                0x0000000000015500      0x1d0 c:/users/jasper/desktop/vhdl/quartuslitefiles/nios2eds/bin/gnu/h-x86_64-mingw32/bin/../lib/gcc/nios2-elf/5.3.0/../../../../../H-x86_64-mingw32/nios2-elf/lib/mhw-mulx\libc.a(lib_a-svfiprintf.o)
                0x0000000000015500                __ssprint_r
 .text.___svfiprintf_internal_r
                0x00000000000156d0     0x123c c:/users/jasper/desktop/vhdl/quartuslitefiles/nios2eds/bin/gnu/h-x86_64-mingw32/bin/../lib/gcc/nios2-elf/5.3.0/../../../../../H-x86_64-mingw32/nios2-elf/lib/mhw-mulx\libc.a(lib_a-svfiprintf.o)
                0x00000000000156d0                ___svfiprintf_internal_r
 .text          0x000000000001690c        0x0 c:/users/jasper/desktop/vhdl/quartuslitefiles/nios2eds/bin/gnu/h-x86_64-mingw32/bin/../lib/gcc/nios2-elf/5.3.0/../../../../../H-x86_64-mingw32/nios2-elf/lib/mhw-mulx\libc.a(lib_a-wcrtomb.o)
 .text._wcrtomb_r
                0x000000000001690c       0x9c c:/users/jasper/desktop/vhdl/quartuslitefiles/nios2eds/bin/gnu/h-x86_64-mingw32/bin/../lib/gcc/nios2-elf/5.3.0/../../../../../H-x86_64-mingw32/nios2-elf/lib/mhw-mulx\libc.a(lib_a-wcrtomb.o)
                0x000000000001690c                _wcrtomb_r
 .text.wcrtomb  0x00000000000169a8       0xc0 c:/users/jasper/desktop/vhdl/quartuslitefiles/nios2eds/bin/gnu/h-x86_64-mingw32/bin/../lib/gcc/nios2-elf/5.3.0/../../../../../H-x86_64-mingw32/nios2-elf/lib/mhw-mulx\libc.a(lib_a-wcrtomb.o)
                0x00000000000169a8                wcrtomb
 .text          0x0000000000016a68        0x0 c:/users/jasper/desktop/vhdl/quartuslitefiles/nios2eds/bin/gnu/h-x86_64-mingw32/bin/../lib/gcc/nios2-elf/5.3.0/../../../../../H-x86_64-mingw32/nios2-elf/lib/mhw-mulx\libc.a(lib_a-wctomb_r.o)
 .text.__ascii_wctomb
                0x0000000000016a68       0x30 c:/users/jasper/desktop/vhdl/quartuslitefiles/nios2eds/bin/gnu/h-x86_64-mingw32/bin/../lib/gcc/nios2-elf/5.3.0/../../../../../H-x86_64-mingw32/nios2-elf/lib/mhw-mulx\libc.a(lib_a-wctomb_r.o)
                0x0000000000016a68                __ascii_wctomb
 .text._wctomb_r
                0x0000000000016a98       0x5c c:/users/jasper/desktop/vhdl/quartuslitefiles/nios2eds/bin/gnu/h-x86_64-mingw32/bin/../lib/gcc/nios2-elf/5.3.0/../../../../../H-x86_64-mingw32/nios2-elf/lib/mhw-mulx\libc.a(lib_a-wctomb_r.o)
                0x0000000000016a98                _wctomb_r
 .text          0x0000000000016af4       0x74 c:/users/jasper/desktop/vhdl/quartuslitefiles/nios2eds/bin/gnu/h-x86_64-mingw32/bin/../lib/gcc/nios2-elf/5.3.0/mhw-mulx\libgcc.a(_fixunsdfsi.o)
                0x0000000000016af4                __fixunsdfsi
 .text          0x0000000000016b68      0x578 c:/users/jasper/desktop/vhdl/quartuslitefiles/nios2eds/bin/gnu/h-x86_64-mingw32/bin/../lib/gcc/nios2-elf/5.3.0/mhw-mulx\libgcc.a(_udivdi3.o)
                0x0000000000016b68                __udivdi3
 .text          0x00000000000170e0      0x538 c:/users/jasper/desktop/vhdl/quartuslitefiles/nios2eds/bin/gnu/h-x86_64-mingw32/bin/../lib/gcc/nios2-elf/5.3.0/mhw-mulx\libgcc.a(_umoddi3.o)
                0x00000000000170e0                __umoddi3
 .text          0x0000000000017618      0x1b4 c:/users/jasper/desktop/vhdl/quartuslitefiles/nios2eds/bin/gnu/h-x86_64-mingw32/bin/../lib/gcc/nios2-elf/5.3.0/mhw-mulx\libgcc.a(lib2-divmod.o)
                0x0000000000017618                __divsi3
                0x000000000001769c                __modsi3
                0x0000000000017710                __udivsi3
                0x0000000000017774                __umodsi3
 .text          0x00000000000177cc       0x78 c:/users/jasper/desktop/vhdl/quartuslitefiles/nios2eds/bin/gnu/h-x86_64-mingw32/bin/../lib/gcc/nios2-elf/5.3.0/mhw-mulx\libgcc.a(eqsf2.o)
                0x00000000000177cc                __eqsf2
                0x00000000000177cc                __nesf2
 .text          0x0000000000017844       0xbc c:/users/jasper/desktop/vhdl/quartuslitefiles/nios2eds/bin/gnu/h-x86_64-mingw32/bin/../lib/gcc/nios2-elf/5.3.0/mhw-mulx\libgcc.a(gesf2.o)
                0x0000000000017844                __gesf2
                0x0000000000017844                __gtsf2
 .text          0x0000000000017900       0xc8 c:/users/jasper/desktop/vhdl/quartuslitefiles/nios2eds/bin/gnu/h-x86_64-mingw32/bin/../lib/gcc/nios2-elf/5.3.0/mhw-mulx\libgcc.a(lesf2.o)
                0x0000000000017900                __ltsf2
                0x0000000000017900                __lesf2
 .text          0x00000000000179c8      0x8ac c:/users/jasper/desktop/vhdl/quartuslitefiles/nios2eds/bin/gnu/h-x86_64-mingw32/bin/../lib/gcc/nios2-elf/5.3.0/mhw-mulx\libgcc.a(adddf3.o)
                0x00000000000179c8                __adddf3
 .text          0x0000000000018274      0x8e8 c:/users/jasper/desktop/vhdl/quartuslitefiles/nios2eds/bin/gnu/h-x86_64-mingw32/bin/../lib/gcc/nios2-elf/5.3.0/mhw-mulx\libgcc.a(divdf3.o)
                0x0000000000018274                __divdf3
 .text          0x0000000000018b5c       0x88 c:/users/jasper/desktop/vhdl/quartuslitefiles/nios2eds/bin/gnu/h-x86_64-mingw32/bin/../lib/gcc/nios2-elf/5.3.0/mhw-mulx\libgcc.a(eqdf2.o)
                0x0000000000018b5c                __nedf2
                0x0000000000018b5c                __eqdf2
 .text          0x0000000000018be4       0xdc c:/users/jasper/desktop/vhdl/quartuslitefiles/nios2eds/bin/gnu/h-x86_64-mingw32/bin/../lib/gcc/nios2-elf/5.3.0/mhw-mulx\libgcc.a(gedf2.o)
                0x0000000000018be4                __gedf2
                0x0000000000018be4                __gtdf2
 .text          0x0000000000018cc0       0xf4 c:/users/jasper/desktop/vhdl/quartuslitefiles/nios2eds/bin/gnu/h-x86_64-mingw32/bin/../lib/gcc/nios2-elf/5.3.0/mhw-mulx\libgcc.a(ledf2.o)
                0x0000000000018cc0                __ledf2
                0x0000000000018cc0                __ltdf2
 .text          0x0000000000018db4      0x718 c:/users/jasper/desktop/vhdl/quartuslitefiles/nios2eds/bin/gnu/h-x86_64-mingw32/bin/../lib/gcc/nios2-elf/5.3.0/mhw-mulx\libgcc.a(muldf3.o)
                0x0000000000018db4                __muldf3
 .text          0x00000000000194cc      0x8fc c:/users/jasper/desktop/vhdl/quartuslitefiles/nios2eds/bin/gnu/h-x86_64-mingw32/bin/../lib/gcc/nios2-elf/5.3.0/mhw-mulx\libgcc.a(subdf3.o)
                0x00000000000194cc                __subdf3
 .text          0x0000000000019dc8       0x80 c:/users/jasper/desktop/vhdl/quartuslitefiles/nios2eds/bin/gnu/h-x86_64-mingw32/bin/../lib/gcc/nios2-elf/5.3.0/mhw-mulx\libgcc.a(fixdfsi.o)
                0x0000000000019dc8                __fixdfsi
 .text          0x0000000000019e48       0xdc c:/users/jasper/desktop/vhdl/quartuslitefiles/nios2eds/bin/gnu/h-x86_64-mingw32/bin/../lib/gcc/nios2-elf/5.3.0/mhw-mulx\libgcc.a(floatsidf.o)
                0x0000000000019e48                __floatsidf
 .text          0x0000000000019f24       0xa8 c:/users/jasper/desktop/vhdl/quartuslitefiles/nios2eds/bin/gnu/h-x86_64-mingw32/bin/../lib/gcc/nios2-elf/5.3.0/mhw-mulx\libgcc.a(floatunsidf.o)
                0x0000000000019f24                __floatunsidf
 .text          0x0000000000019fcc      0x1a8 c:/users/jasper/desktop/vhdl/quartuslitefiles/nios2eds/bin/gnu/h-x86_64-mingw32/bin/../lib/gcc/nios2-elf/5.3.0/mhw-mulx\libgcc.a(truncdfsf2.o)
                0x0000000000019fcc                __truncdfsf2
 .text          0x000000000001a174        0x0 c:/users/jasper/desktop/vhdl/quartuslitefiles/nios2eds/bin/gnu/h-x86_64-mingw32/bin/../lib/gcc/nios2-elf/5.3.0/mhw-mulx\libgcc.a(_clz.o)
 .text          0x000000000001a174       0x64 c:/users/jasper/desktop/vhdl/quartuslitefiles/nios2eds/bin/gnu/h-x86_64-mingw32/bin/../lib/gcc/nios2-elf/5.3.0/mhw-mulx\libgcc.a(_clzsi2.o)
                0x000000000001a174                __clzsi2
 .text          0x000000000001a1d8      0x10c ../DikkeKoek_bsp/\libucosii_bsp.a(alt_close.o)
                0x000000000001a214                close
 .text          0x000000000001a2e4       0x2c ../DikkeKoek_bsp/\libucosii_bsp.a(alt_dev.o)
 .text          0x000000000001a310        0x0 ../DikkeKoek_bsp/\libucosii_bsp.a(alt_errno.o)
 .text          0x000000000001a310       0xec ../DikkeKoek_bsp/\libucosii_bsp.a(alt_fstat.o)
                0x000000000001a34c                fstat
 .text          0x000000000001a3fc       0xe0 ../DikkeKoek_bsp/\libucosii_bsp.a(alt_isatty.o)
                0x000000000001a438                isatty
 .text          0x000000000001a4dc       0xec ../DikkeKoek_bsp/\libucosii_bsp.a(alt_load.o)
                0x000000000001a544                alt_load
 .text          0x000000000001a5c8      0x110 ../DikkeKoek_bsp/\libucosii_bsp.a(alt_lseek.o)
                0x000000000001a604                lseek
 .text          0x000000000001a6d8       0xbc ../DikkeKoek_bsp/\libucosii_bsp.a(alt_main.o)
                0x000000000001a6d8                alt_main
 .text          0x000000000001a794      0x138 ../DikkeKoek_bsp/\libucosii_bsp.a(alt_read.o)
                0x000000000001a7d0                read
 .text          0x000000000001a8cc       0x64 ../DikkeKoek_bsp/\libucosii_bsp.a(alt_release_fd.o)
                0x000000000001a8cc                alt_release_fd
 .text          0x000000000001a930       0xb0 ../DikkeKoek_bsp/\libucosii_bsp.a(alt_sbrk.o)
                0x000000000001a930                sbrk
 .text          0x000000000001a9e0      0x134 ../DikkeKoek_bsp/\libucosii_bsp.a(alt_write.o)
                0x000000000001aa1c                write
 .text          0x000000000001ab14      0x124 ../DikkeKoek_bsp/\libucosii_bsp.a(alt_env_lock.o)
                0x000000000001ab14                __env_lock
                0x000000000001abd8                __env_unlock
 .text          0x000000000001ac38      0x1ec ../DikkeKoek_bsp/\libucosii_bsp.a(alt_malloc_lock.o)
                0x000000000001ac38                __malloc_lock
                0x000000000001ad58                __malloc_unlock
 .text          0x000000000001ae24     0x2024 ../DikkeKoek_bsp/\libucosii_bsp.a(os_core.o)
                0x000000000001ae24                OSEventNameGet
                0x000000000001af44                OSEventNameSet
                0x000000000001b084                OSEventPendMulti
                0x000000000001b694                OSInit
                0x000000000001b6ec                OSIntEnter
                0x000000000001b738                OSIntExit
                0x000000000001b830                OSSchedLock
                0x000000000001b8bc                OSSchedUnlock
                0x000000000001b998                OSStart
                0x000000000001ba08                OSStatInit
                0x000000000001bab8                OSTimeTick
                0x000000000001bcd8                OSVersion
                0x000000000001bcf8                OS_Dummy
                0x000000000001bd18                OS_EventTaskRdy
                0x000000000001beb0                OS_EventTaskWait
                0x000000000001bfc0                OS_EventTaskWaitMulti
                0x000000000001c110                OS_EventTaskRemove
                0x000000000001c1c8                OS_EventTaskRemoveMulti
                0x000000000001c2c8                OS_EventWaitListInit
                0x000000000001c6a8                OS_MemClr
                0x000000000001c6fc                OS_MemCopy
                0x000000000001c764                OS_Sched
                0x000000000001c8a8                OS_StrCopy
                0x000000000001c91c                OS_StrLen
                0x000000000001c970                OS_TaskIdle
                0x000000000001c9cc                OS_TaskStat
                0x000000000001caa8                OS_TaskStatStkChk
                0x000000000001cb74                OS_TCBInit
 .text          0x000000000001ce48      0x190 ../DikkeKoek_bsp/\libucosii_bsp.a(os_dbg.o)
                0x000000000001ce48                OSDebugInit
 .text          0x000000000001cfd8     0x1714 ../DikkeKoek_bsp/\libucosii_bsp.a(os_flag.o)
                0x000000000001cfd8                OSFlagAccept
                0x000000000001d2e0                OSFlagCreate
                0x000000000001d3e8                OSFlagDel
                0x000000000001d630                OSFlagNameGet
                0x000000000001d758                OSFlagNameSet
                0x000000000001d8a4                OSFlagPend
                0x000000000001de5c                OSFlagPendGetFlagsRdy
                0x000000000001debc                OSFlagPost
                0x000000000001e250                OSFlagQuery
                0x000000000001e474                OS_FlagInit
                0x000000000001e648                OS_FlagUnlink
 .text          0x000000000001e6ec      0x754 ../DikkeKoek_bsp/\libucosii_bsp.a(os_mem.o)
                0x000000000001e6ec                OSMemCreate
                0x000000000001e8c0                OSMemGet
                0x000000000001e9b0                OSMemNameGet
                0x000000000001eaa0                OSMemNameSet
                0x000000000001ebb4                OSMemPut
                0x000000000001ec8c                OSMemQuery
                0x000000000001ed74                OS_MemInit
 .text          0x000000000001ee40     0x1104 ../DikkeKoek_bsp/\libucosii_bsp.a(os_q.o)
                0x000000000001ee40                OSQAccept
                0x000000000001ef80                OSQCreate
                0x000000000001f12c                OSQDel
                0x000000000001f3ac                OSQFlush
                0x000000000001f464                OSQPend
                0x000000000001f6f0                OSQPendAbort
                0x000000000001f85c                OSQPost
                0x000000000001f9c4                OSQPostFront
                0x000000000001fb34                OSQPostOpt
                0x000000000001fd40                OSQQuery
                0x000000000001fe9c                OS_QInit
 .text          0x000000000001ff44      0xa60 ../DikkeKoek_bsp/\libucosii_bsp.a(os_sem.o)
                0x000000000001ff44                OSSemAccept
                0x000000000001fff4                OSSemCreate
                0x00000000000200cc                OSSemDel
                0x000000000002030c                OSSemPend
                0x0000000000020518                OSSemPendAbort
                0x0000000000020684                OSSemPost
                0x0000000000020794                OSSemQuery
                0x00000000000208a4                OSSemSet
 .text          0x00000000000209a4     0x176c ../DikkeKoek_bsp/\libucosii_bsp.a(os_task.o)
                0x00000000000209a4                OSTaskChangePrio
                0x0000000000020e94                OSTaskCreate
                0x0000000000021040                OSTaskCreateExt
                0x0000000000021224                OSTaskDel
                0x0000000000021568                OSTaskDelReq
                0x00000000000216b8                OSTaskNameGet
                0x0000000000021850                OSTaskNameSet
                0x0000000000021a04                OSTaskResume
                0x0000000000021bd8                OSTaskStkChk
                0x0000000000021d98                OSTaskSuspend
                0x0000000000021f7c                OSTaskQuery
                0x00000000000220a0                OS_TaskStkClr
 .text          0x0000000000022110      0x4f4 ../DikkeKoek_bsp/\libucosii_bsp.a(os_time.o)
                0x0000000000022110                OSTimeDly
                0x0000000000022214                OSTimeDlyHMSM
                0x0000000000022374                OSTimeDlyResume
                0x0000000000022548                OSTimeGet
                0x00000000000225a4                OSTimeSet
 .text          0x0000000000022604       0xb4 ../DikkeKoek_bsp/\libucosii_bsp.a(alt_sys_init.o)
                0x0000000000022638                alt_irq_init
                0x0000000000022670                alt_sys_init
 .text          0x00000000000226b8      0x164 ../DikkeKoek_bsp/\libucosii_bsp.a(altera_avalon_jtag_uart_fd.o)
                0x00000000000226b8                altera_avalon_jtag_uart_read_fd
                0x0000000000022718                altera_avalon_jtag_uart_write_fd
                0x0000000000022778                altera_avalon_jtag_uart_close_fd
                0x00000000000227c8                altera_avalon_jtag_uart_ioctl_fd
 .text          0x000000000002281c      0x558 ../DikkeKoek_bsp/\libucosii_bsp.a(altera_avalon_jtag_uart_init.o)
                0x000000000002281c                altera_avalon_jtag_uart_init
                0x0000000000022d0c                altera_avalon_jtag_uart_close
 .text          0x0000000000022d74       0xf0 ../DikkeKoek_bsp/\libucosii_bsp.a(altera_avalon_jtag_uart_ioctl.o)
                0x0000000000022d74                altera_avalon_jtag_uart_ioctl
 .text          0x0000000000022e64      0x2bc ../DikkeKoek_bsp/\libucosii_bsp.a(altera_avalon_jtag_uart_read.o)
                0x0000000000022e64                altera_avalon_jtag_uart_read
 .text          0x0000000000023120      0x2c4 ../DikkeKoek_bsp/\libucosii_bsp.a(altera_avalon_jtag_uart_write.o)
                0x0000000000023120                altera_avalon_jtag_uart_write
 .text          0x00000000000233e4      0x12c ../DikkeKoek_bsp/\libucosii_bsp.a(alt_alarm_start.o)
                0x00000000000233e4                alt_alarm_start
 .text          0x0000000000023510       0x20 ../DikkeKoek_bsp/\libucosii_bsp.a(alt_dcache_flush_all.o)
                0x0000000000023510                alt_dcache_flush_all
 .text          0x0000000000023530       0xe0 ../DikkeKoek_bsp/\libucosii_bsp.a(alt_dev_llist_insert.o)
                0x000000000002356c                alt_dev_llist_insert
 .text          0x0000000000023610       0x60 ../DikkeKoek_bsp/\libucosii_bsp.a(alt_do_ctors.o)
                0x0000000000023610                _do_ctors
 .text          0x0000000000023670       0x60 ../DikkeKoek_bsp/\libucosii_bsp.a(alt_do_dtors.o)
                0x0000000000023670                _do_dtors
 .text          0x00000000000236d0       0x34 ../DikkeKoek_bsp/\libucosii_bsp.a(alt_icache_flush_all.o)
                0x00000000000236d0                alt_icache_flush_all
 .text          0x0000000000023704      0x1b0 ../DikkeKoek_bsp/\libucosii_bsp.a(alt_iic.o)
                0x0000000000023704                alt_ic_isr_register
                0x0000000000023754                alt_ic_irq_enable
                0x00000000000237dc                alt_ic_irq_disable
                0x0000000000023868                alt_ic_irq_enabled
 .text          0x00000000000238b4       0xf0 ../DikkeKoek_bsp/\libucosii_bsp.a(alt_iic_isr_register.o)
                0x00000000000238b4                alt_iic_isr_register
 .text          0x00000000000239a4      0x140 ../DikkeKoek_bsp/\libucosii_bsp.a(alt_io_redirect.o)
                0x0000000000023a68                alt_io_redirect
 .text          0x0000000000023ae4        0x0 ../DikkeKoek_bsp/\libucosii_bsp.a(alt_irq_entry.o)
 .text          0x0000000000023ae4        0x0 ../DikkeKoek_bsp/\libucosii_bsp.a(alt_irq_handler.o)
 .text          0x0000000000023ae4        0x0 ../DikkeKoek_bsp/\libucosii_bsp.a(alt_irq_vars.o)
 .text          0x0000000000023ae4      0x254 ../DikkeKoek_bsp/\libucosii_bsp.a(alt_open.o)
                0x0000000000023be4                open
 .text          0x0000000000023d38      0x1a4 ../DikkeKoek_bsp/\libucosii_bsp.a(alt_tick.o)
                0x0000000000023d38                alt_alarm_stop
                0x0000000000023dd4                alt_tick
 .text          0x0000000000023edc       0x24 ../DikkeKoek_bsp/\libucosii_bsp.a(altera_nios2_gen2_irq.o)
                0x0000000000023edc                altera_nios2_gen2_irq_init
 .text          0x0000000000023f00       0xd0 ../DikkeKoek_bsp/\libucosii_bsp.a(os_cpu_a.o)
                0x0000000000023f00                OSCtxSw
                0x0000000000023f00                OSIntCtxSw
                0x0000000000023f8c                OSStartHighRdy
                0x0000000000023fac                OSStartTsk
 .text          0x0000000000023fd0      0x288 ../DikkeKoek_bsp/\libucosii_bsp.a(os_cpu_c.o)
                0x0000000000023fd0                OSTaskStkInit
                0x000000000002412c                OSTaskCreateHook
                0x0000000000024150                OSTaskDelHook
                0x0000000000024174                OSTaskSwHook
                0x0000000000024194                OSTaskStatHook
                0x00000000000241b4                OSTimeTickHook
                0x00000000000241d4                OSInitHookBegin
                0x00000000000241f4                OSInitHookEnd
                0x0000000000024214                OSTaskIdleHook
                0x0000000000024234                OSTCBInitHook
 .text          0x0000000000024258        0x0 ../DikkeKoek_bsp/\libucosii_bsp.a(alt_exception_entry.o)
 .text          0x0000000000024258       0x90 ../DikkeKoek_bsp/\libucosii_bsp.a(alt_find_dev.o)
                0x0000000000024258                alt_find_dev
 .text          0x00000000000242e8      0x108 ../DikkeKoek_bsp/\libucosii_bsp.a(alt_find_file.o)
                0x00000000000242e8                alt_find_file
 .text          0x00000000000243f0       0xdc ../DikkeKoek_bsp/\libucosii_bsp.a(alt_get_fd.o)
                0x00000000000243f0                alt_get_fd
 .text          0x00000000000244cc       0x90 ../DikkeKoek_bsp/\libucosii_bsp.a(alt_icache_flush.o)
                0x00000000000244cc                alt_icache_flush
 .text          0x000000000002455c       0x9c ../DikkeKoek_bsp/\libucosii_bsp.a(alt_instruction_exception_entry.o)
                0x000000000002455c                alt_exception_cause_generated_bad_addr
 .text          0x00000000000245f8        0x0 c:/users/jasper/desktop/vhdl/quartuslitefiles/nios2eds/bin/gnu/h-x86_64-mingw32/bin/../lib/gcc/nios2-elf/5.3.0/../../../../../H-x86_64-mingw32/nios2-elf/lib/mhw-mulx\libc.a(lib_a-atexit.o)
 .text.atexit   0x00000000000245f8       0x14 c:/users/jasper/desktop/vhdl/quartuslitefiles/nios2eds/bin/gnu/h-x86_64-mingw32/bin/../lib/gcc/nios2-elf/5.3.0/../../../../../H-x86_64-mingw32/nios2-elf/lib/mhw-mulx\libc.a(lib_a-atexit.o)
                0x00000000000245f8                atexit
 .text          0x000000000002460c        0x0 c:/users/jasper/desktop/vhdl/quartuslitefiles/nios2eds/bin/gnu/h-x86_64-mingw32/bin/../lib/gcc/nios2-elf/5.3.0/../../../../../H-x86_64-mingw32/nios2-elf/lib/mhw-mulx\libc.a(lib_a-exit.o)
 .text.exit     0x000000000002460c       0x38 c:/users/jasper/desktop/vhdl/quartuslitefiles/nios2eds/bin/gnu/h-x86_64-mingw32/bin/../lib/gcc/nios2-elf/5.3.0/../../../../../H-x86_64-mingw32/nios2-elf/lib/mhw-mulx\libc.a(lib_a-exit.o)
                0x000000000002460c                exit
 .text          0x0000000000024644        0x0 c:/users/jasper/desktop/vhdl/quartuslitefiles/nios2eds/bin/gnu/h-x86_64-mingw32/bin/../lib/gcc/nios2-elf/5.3.0/../../../../../H-x86_64-mingw32/nios2-elf/lib/mhw-mulx\libc.a(lib_a-memcmp.o)
 .text.memcmp   0x0000000000024644       0x7c c:/users/jasper/desktop/vhdl/quartuslitefiles/nios2eds/bin/gnu/h-x86_64-mingw32/bin/../lib/gcc/nios2-elf/5.3.0/../../../../../H-x86_64-mingw32/nios2-elf/lib/mhw-mulx\libc.a(lib_a-memcmp.o)
                0x0000000000024644                memcmp
 .text          0x00000000000246c0        0x0 c:/users/jasper/desktop/vhdl/quartuslitefiles/nios2eds/bin/gnu/h-x86_64-mingw32/bin/../lib/gcc/nios2-elf/5.3.0/../../../../../H-x86_64-mingw32/nios2-elf/lib/mhw-mulx\libc.a(lib_a-__atexit.o)
 .text.__register_exitproc
                0x00000000000246c0      0x118 c:/users/jasper/desktop/vhdl/quartuslitefiles/nios2eds/bin/gnu/h-x86_64-mingw32/bin/../lib/gcc/nios2-elf/5.3.0/../../../../../H-x86_64-mingw32/nios2-elf/lib/mhw-mulx\libc.a(lib_a-__atexit.o)
                0x00000000000246c0                __register_exitproc
 .text          0x00000000000247d8        0x0 c:/users/jasper/desktop/vhdl/quartuslitefiles/nios2eds/bin/gnu/h-x86_64-mingw32/bin/../lib/gcc/nios2-elf/5.3.0/../../../../../H-x86_64-mingw32/nios2-elf/lib/mhw-mulx\libc.a(lib_a-__call_atexit.o)
 .text.__call_exitprocs
                0x00000000000247d8      0x180 c:/users/jasper/desktop/vhdl/quartuslitefiles/nios2eds/bin/gnu/h-x86_64-mingw32/bin/../lib/gcc/nios2-elf/5.3.0/../../../../../H-x86_64-mingw32/nios2-elf/lib/mhw-mulx\libc.a(lib_a-__call_atexit.o)
                0x00000000000247d8                __call_exitprocs
 .text          0x0000000000024958       0x34 ../DikkeKoek_bsp/\libucosii_bsp.a(alt_exit.o)
                0x0000000000024958                _exit
 *(.gnu.warning.*)
 *(.fini)
                [!provide]                        PROVIDE (__etext, ABSOLUTE (.))
                [!provide]                        PROVIDE (_etext, ABSOLUTE (.))
                [!provide]                        PROVIDE (etext, ABSOLUTE (.))
 *(.eh_frame_hdr)
                0x000000000002498c                . = ALIGN (0x4)
                [!provide]                        PROVIDE (__preinit_array_start, ABSOLUTE (.))
 *(.preinit_array)
                [!provide]                        PROVIDE (__preinit_array_end, ABSOLUTE (.))
                [!provide]                        PROVIDE (__init_array_start, ABSOLUTE (.))
 *(.init_array)
                [!provide]                        PROVIDE (__init_array_end, ABSOLUTE (.))
                [!provide]                        PROVIDE (__fini_array_start, ABSOLUTE (.))
 *(.fini_array)
                [!provide]                        PROVIDE (__fini_array_end, ABSOLUTE (.))
 *(.eh_frame)
 *(.gcc_except_table .gcc_except_table.*)
 *(.dynamic)
                0x000000000002498c                PROVIDE (__CTOR_LIST__, ABSOLUTE (.))
 *(.ctors)
 *(SORT(.ctors.*))
                0x000000000002498c                PROVIDE (__CTOR_END__, ABSOLUTE (.))
                0x000000000002498c                PROVIDE (__DTOR_LIST__, ABSOLUTE (.))
 *(.dtors)
 *(SORT(.dtors.*))
                0x000000000002498c                PROVIDE (__DTOR_END__, ABSOLUTE (.))
 *(.jcr)
                0x000000000002498c                . = ALIGN (0x4)

.rodata         0x000000000002498c     0x1398
                0x000000000002498c                PROVIDE (__ram_rodata_start, ABSOLUTE (.))
                0x000000000002498c                . = ALIGN (0x4)
 *(.rodata .rodata.* .gnu.linkonce.r.*)
 .rodata        0x000000000002498c      0xaa6 obj/default/algo_ucos.o
 *fill*         0x0000000000025432        0x2 
 .rodata        0x0000000000025434       0x86 obj/default/vector.o
 *fill*         0x00000000000254ba        0x2 
 .rodata.str1.4
                0x00000000000254bc        0x2 c:/users/jasper/desktop/vhdl/quartuslitefiles/nios2eds/bin/gnu/h-x86_64-mingw32/bin/../lib/gcc/nios2-elf/5.3.0/../../../../../H-x86_64-mingw32/nios2-elf/lib/mhw-mulx\libc.a(lib_a-impure.o)
 *fill*         0x00000000000254be        0x2 
 .rodata.str1.4
                0x00000000000254c0        0x2 c:/users/jasper/desktop/vhdl/quartuslitefiles/nios2eds/bin/gnu/h-x86_64-mingw32/bin/../lib/gcc/nios2-elf/5.3.0/../../../../../H-x86_64-mingw32/nios2-elf/lib/mhw-mulx\libc.a(lib_a-puts.o)
 *fill*         0x00000000000254c2        0x2 
 .rodata.str1.4
                0x00000000000254c4       0x42 c:/users/jasper/desktop/vhdl/quartuslitefiles/nios2eds/bin/gnu/h-x86_64-mingw32/bin/../lib/gcc/nios2-elf/5.3.0/../../../../../H-x86_64-mingw32/nios2-elf/lib/mhw-mulx\libc.a(lib_a-vfprintf.o)
 .rodata.zeroes.4404
                0x0000000000025506       0x10 c:/users/jasper/desktop/vhdl/quartuslitefiles/nios2eds/bin/gnu/h-x86_64-mingw32/bin/../lib/gcc/nios2-elf/5.3.0/../../../../../H-x86_64-mingw32/nios2-elf/lib/mhw-mulx\libc.a(lib_a-vfprintf.o)
 .rodata.blanks.4403
                0x0000000000025516       0x10 c:/users/jasper/desktop/vhdl/quartuslitefiles/nios2eds/bin/gnu/h-x86_64-mingw32/bin/../lib/gcc/nios2-elf/5.3.0/../../../../../H-x86_64-mingw32/nios2-elf/lib/mhw-mulx\libc.a(lib_a-vfprintf.o)
 *fill*         0x0000000000025526        0x2 
 .rodata.str1.4
                0x0000000000025528        0x5 c:/users/jasper/desktop/vhdl/quartuslitefiles/nios2eds/bin/gnu/h-x86_64-mingw32/bin/../lib/gcc/nios2-elf/5.3.0/../../../../../H-x86_64-mingw32/nios2-elf/lib/mhw-mulx\libc.a(lib_a-vfscanf.o)
 *fill*         0x000000000002552d        0x1 
 .rodata.basefix.4359
                0x000000000002552e       0x22 c:/users/jasper/desktop/vhdl/quartuslitefiles/nios2eds/bin/gnu/h-x86_64-mingw32/bin/../lib/gcc/nios2-elf/5.3.0/../../../../../H-x86_64-mingw32/nios2-elf/lib/mhw-mulx\libc.a(lib_a-vfscanf.o)
 .rodata._ctype_