Archive member included to satisfy reference by file (symbol)

c:/users/jasper/desktop/vhdl/quartuslitefiles/nios2eds/bin/gnu/h-x86_64-mingw32/bin/../lib/gcc/nios2-elf/5.3.0/../../../../../H-x86_64-mingw32/nios2-elf/lib/mhw-mulx\libc.a(lib_a-fgets.o)
                              obj/default/algo_ucos.o (fgets)
c:/users/jasper/desktop/vhdl/quartuslitefiles/nios2eds/bin/gnu/h-x86_64-mingw32/bin/../lib/gcc/nios2-elf/5.3.0/../../../../../H-x86_64-mingw32/nios2-elf/lib/mhw-mulx\libc.a(lib_a-findfp.o)
                              c:/users/jasper/desktop/vhdl/quartuslitefiles/nios2eds/bin/gnu/h-x86_64-mingw32/bin/../lib/gcc/nios2-elf/5.3.0/../../../../../H-x86_64-mingw32/nios2-elf/lib/mhw-mulx\libc.a(lib_a-fgets.o) (__sinit)
c:/users/jasper/desktop/vhdl/quartuslitefiles/nios2eds/bin/gnu/h-x86_64-mingw32/bin/../lib/gcc/nios2-elf/5.3.0/../../../../../H-x86_64-mingw32/nios2-elf/lib/mhw-mulx\libc.a(lib_a-fwalk.o)
                              c:/users/jasper/desktop/vhdl/quartuslitefiles/nios2eds/bin/gnu/h-x86_64-mingw32/bin/../lib/gcc/nios2-elf/5.3.0/../../../../../H-x86_64-mingw32/nios2-elf/lib/mhw-mulx\libc.a(lib_a-findfp.o) (_fwalk)
c:/users/jasper/desktop/vhdl/quartuslitefiles/nios2eds/bin/gnu/h-x86_64-mingw32/bin/../lib/gcc/nios2-elf/5.3.0/../../../../../H-x86_64-mingw32/nios2-elf/lib/mhw-mulx\libc.a(lib_a-impure.o)
                              c:/users/jasper/desktop/vhdl/quartuslitefiles/nios2eds/bin/gnu/h-x86_64-mingw32/bin/../lib/gcc/nios2-elf/5.3.0/../../../../../H-x86_64-mingw32/nios2-elf/lib/mhw-mulx\libc.a(lib_a-findfp.o) (_global_impure_ptr)
c:/users/jasper/desktop/vhdl/quartuslitefiles/nios2eds/bin/gnu/h-x86_64-mingw32/bin/../lib/gcc/nios2-elf/5.3.0/../../../../../H-x86_64-mingw32/nios2-elf/lib/mhw-mulx\libc.a(lib_a-malloc.o)
                              obj/default/algo_ucos.o (malloc)
c:/users/jasper/desktop/vhdl/quartuslitefiles/nios2eds/bin/gnu/h-x86_64-mingw32/bin/../lib/gcc/nios2-elf/5.3.0/../../../../../H-x86_64-mingw32/nios2-elf/lib/mhw-mulx\libc.a(lib_a-mallocr.o)
                              c:/users/jasper/desktop/vhdl/quartuslitefiles/nios2eds/bin/gnu/h-x86_64-mingw32/bin/../lib/gcc/nios2-elf/5.3.0/../../../../../H-x86_64-mingw32/nios2-elf/lib/mhw-mulx\libc.a(lib_a-findfp.o) (_malloc_r)
c:/users/jasper/desktop/vhdl/quartuslitefiles/nios2eds/bin/gnu/h-x86_64-mingw32/bin/../lib/gcc/nios2-elf/5.3.0/../../../../../H-x86_64-mingw32/nios2-elf/lib/mhw-mulx\libc.a(lib_a-memchr.o)
                              c:/users/jasper/desktop/vhdl/quartuslitefiles/nios2eds/bin/gnu/h-x86_64-mingw32/bin/../lib/gcc/nios2-elf/5.3.0/../../../../../H-x86_64-mingw32/nios2-elf/lib/mhw-mulx\libc.a(lib_a-fgets.o) (memchr)
c:/users/jasper/desktop/vhdl/quartuslitefiles/nios2eds/bin/gnu/h-x86_64-mingw32/bin/../lib/gcc/nios2-elf/5.3.0/../../../../../H-x86_64-mingw32/nios2-elf/lib/mhw-mulx\libc.a(lib_a-memcpy.o)
                              obj/default/algo_ucos.o (memcpy)
c:/users/jasper/desktop/vhdl/quartuslitefiles/nios2eds/bin/gnu/h-x86_64-mingw32/bin/../lib/gcc/nios2-elf/5.3.0/../../../../../H-x86_64-mingw32/nios2-elf/lib/mhw-mulx\libc.a(lib_a-memset.o)
                              obj/default/vector.o (memset)
c:/users/jasper/desktop/vhdl/quartuslitefiles/nios2eds/bin/gnu/h-x86_64-mingw32/bin/../lib/gcc/nios2-elf/5.3.0/../../../../../H-x86_64-mingw32/nios2-elf/lib/mhw-mulx\libc.a(lib_a-printf.o)
                              obj/default/algo_ucos.o (printf)
c:/users/jasper/desktop/vhdl/quartuslitefiles/nios2eds/bin/gnu/h-x86_64-mingw32/bin/../lib/gcc/nios2-elf/5.3.0/../../../../../H-x86_64-mingw32/nios2-elf/lib/mhw-mulx\libc.a(lib_a-putchar.o)
                              obj/default/algo_ucos.o (putchar)
c:/users/jasper/desktop/vhdl/quartuslitefiles/nios2eds/bin/gnu/h-x86_64-mingw32/bin/../lib/gcc/nios2-elf/5.3.0/../../../../../H-x86_64-mingw32/nios2-elf/lib/mhw-mulx\libc.a(lib_a-puts.o)
                              obj/default/algo_ucos.o (puts)
c:/users/jasper/desktop/vhdl/quartuslitefiles/nios2eds/bin/gnu/h-x86_64-mingw32/bin/../lib/gcc/nios2-elf/5.3.0/../../../../../H-x86_64-mingw32/nios2-elf/lib/mhw-mulx\libc.a(lib_a-realloc.o)
                              obj/default/vector.o (realloc)
c:/users/jasper/desktop/vhdl/quartuslitefiles/nios2eds/bin/gnu/h-x86_64-mingw32/bin/../lib/gcc/nios2-elf/5.3.0/../../../../../H-x86_64-mingw32/nios2-elf/lib/mhw-mulx\libc.a(lib_a-reallocr.o)
                              c:/users/jasper/desktop/vhdl/quartuslitefiles/nios2eds/bin/gnu/h-x86_64-mingw32/bin/../lib/gcc/nios2-elf/5.3.0/../../../../../H-x86_64-mingw32/nios2-elf/lib/mhw-mulx\libc.a(lib_a-realloc.o) (_realloc_r)
c:/users/jasper/desktop/vhdl/quartuslitefiles/nios2eds/bin/gnu/h-x86_64-mingw32/bin/../lib/gcc/nios2-elf/5.3.0/../../../../../H-x86_64-mingw32/nios2-elf/lib/mhw-mulx\libc.a(lib_a-refill.o)
[...]
Memory Configuration

Name             Origin             Length             Attributes
reset            0x0000000000000000 0x0000000000000020
SDRAM            0x0000000000000020 0x0000000003ffffe0
*default*        0x0000000000000000 0xffffffffffffffff

Linker script and memory map

LOAD ../DikkeKoek_bsp//obj/HAL/src/crt0.o
LOAD obj/default/algo_ucos.o
LOAD obj/default/vector.o
LOAD c:/users/jasper/desktop/vhdl/quartuslitefiles/nios2eds/bin/gnu/h-x86_64-mingw32/bin/../lib/gcc/nios2-elf/5.3.0/../../../../../H-x86_64-mingw32/nios2-elf/lib/mhw-mulx\libstdc++.a
LOAD c:/users/jasper/desktop/vhdl/quartuslitefiles/nios2eds/bin/gnu/h-x86_64-mingw32/bin/../lib/gcc/nios2-elf/5.3.0/../../../../../H-x86_64-mingw32/nios2-elf/lib/mhw-mulx\libm.a
LOAD c:/users/jasper/desktop/vhdl/quartuslitefiles/nios2eds/bin/gnu/h-x86_64-mingw32/bin/../lib/gcc/nios2-elf/5.3.0/mhw-mulx\libgcc.a
START GROUP
LOAD c:/users/jasper/desktop/vhdl/quartuslitefiles/nios2eds/bin/gnu/h-x86_64-mingw32/bin/../lib/gcc/nios2-elf/5.3.0/../../../../../H-x86_64-mingw32/nios2-elf/lib/mhw-mulx\libc.a
LOAD c:/users/jasper/desktop/vhdl/quartuslitefiles/nios2eds/bin/gnu/h-x86_64-mingw32/bin/../lib/gcc/nios2-elf/5.3.0/mhw-mulx\libgcc.a
LOAD ../DikkeKoek_bsp/\libucosii_bsp.a
LOAD c:/users/jasper/desktop/vhdl/quartuslitefiles/nios2eds/bin/gnu/h-x86_64-mingw32/bin/../lib/gcc/nios2-elf/5.3.0/../../../../../H-x86_64-mingw32/nios2-elf/lib/mhw-mulx\libm.a
END GROUP
LOAD c:/users/jasper/desktop/vhdl/quartuslitefiles/nios2eds/bin/gnu/h-x86_64-mingw32/bin/../lib/gcc/nios2-elf/5.3.0/mhw-mulx\libgcc.a
                0x0000000000000000                __alt_mem_SDRAM = 0x0

.entry          0x0000000000000000       0x20
 *(.entry)
 .entry         0x0000000000000000       0x20 ../DikkeKoek_bsp//obj/HAL/src/crt0.o
                0x0000000000000000                __reset

.exceptions     0x0000000000000020      0x224
                0x0000000000000020                PROVIDE (__ram_exceptions_start, ABSOLUTE (.))
                0x0000000000000020                . = ALIGN (0x20)
 *(.irq)
 *(.exceptions.entry.label)
 .exceptions.entry.label
                0x0000000000000020        0x0 ../DikkeKoek_bsp/\libucosii_bsp.a(alt_irq_entry.o)
                0x0000000000000020                alt_irq_entry
 .exceptions.entry.label
                0x0000000000000020        0x0 ../DikkeKoek_bsp/\libucosii_bsp.a(alt_exception_entry.o)
                0x0000000000000020                alt_exception
 *(.exceptions.entry.user)
 *(.exceptions.entry.ecc_fatal)
 *(.exceptions.entry)
 .exceptions.entry
                0x0000000000000020       0x54 ../DikkeKoek_bsp/\libucosii_bsp.a(alt_exception_entry.o)
 *(.exceptions.irqtest.user)
 *(.exceptions.irqtest)
 .exceptions.irqtest
                0x0000000000000074       0x10 ../DikkeKoek_bsp/\libucosii_bsp.a(alt_irq_entry.o)
 *(.exceptions.irqhandler.user)
 *(.exceptions.irqhandler)
 .exceptions.irqhandler
                0x0000000000000084        0x4 ../DikkeKoek_bsp/\libucosii_bsp.a(alt_irq_entry.o)
 *(.exceptions.irqreturn.user)
 *(.exceptions.irqreturn)
 .exceptions.irqreturn
                0x0000000000000088        0x4 ../DikkeKoek_bsp/\libucosii_bsp.a(alt_irq_entry.o)
 *(.exceptions.notirq.label)
 .exceptions.notirq.label
                0x000000000000008c        0x0 ../DikkeKoek_bsp/\libucosii_bsp.a(alt_irq_entry.o)
 *(.exceptions.notirq.user)
 *(.exceptions.notirq)
 .exceptions.notirq
                0x000000000000008c        0x8 ../DikkeKoek_bsp/\libucosii_bsp.a(alt_exception_entry.o)
 *(.exceptions.soft.user)
 *(.exceptions.soft)
 *(.exceptions.unknown.user)
 *(.exceptions.unknown)
 .exceptions.unknown
                0x0000000000000094       0x14 ../DikkeKoek_bsp/\libucosii_bsp.a(alt_exception_entry.o)
 *(.exceptions.exit.label)
 .exceptions.exit.label
                0x00000000000000a8        0x0 ../DikkeKoek_bsp/\libucosii_bsp.a(alt_irq_entry.o)
 .exceptions.exit.label
                0x00000000000000a8        0x0 ../DikkeKoek_bsp/\libucosii_bsp.a(alt_exception_entry.o)
 *(.exceptions.exit.user)
 *(.exceptions.exit)
 .exceptions.exit
                0x00000000000000a8       0x54 ../DikkeKoek_bsp/\libucosii_bsp.a(alt_exception_entry.o)
 *(.exceptions)
 .exceptions    0x00000000000000fc       0xd4 ../DikkeKoek_bsp/\libucosii_bsp.a(alt_irq_handler.o)
                0x00000000000000fc                alt_irq_handler
 .exceptions    0x00000000000001d0       0x74 ../DikkeKoek_bsp/\libucosii_bsp.a(alt_instruction_exception_entry.o)
                0x00000000000001d0                alt_instruction_exception_entry
                0x0000000000000244                PROVIDE (__ram_exceptions_end, ABSOLUTE (.))
                0x0000000000000020                PROVIDE (__flash_exceptions_start, LOADADDR (.exceptions))

.text           0x0000000000000244    0x242d8
                [!provide]                        PROVIDE (stext, ABSOLUTE (.))
 *(.interp)
 *(.hash)
 *(.dynsym)
 *(.dynstr)
 *(.gnu.version)
 *(.gnu.version_d)
 *(.gnu.version_r)
 *(.rel.init)
 *(.rela.init)
 *(.rel.text .rel.text.* .rel.gnu.linkonce.t.*)
 *(.rela.text .rela.text.* .rela.gnu.linkonce.t.*)
 *(.rel.fini)
 *(.rela.fini)
 *(.rel.rodata .rel.rodata.* .rel.gnu.linkonce.r.*)
 *(.rela.rodata .rela.rodata.* .rela.gnu.linkonce.r.*)
 *(.rel.data .rel.data.* .rel.gnu.linkonce.d.*)
 *(.rela.data .rela.data.* .rela.gnu.linkonce.d.*)
 *(.rel.tdata .rel.tdata.* .rel.gnu.linkonce.td.*)
 *(.rela.tdata .rela.tdata.* .rela.gnu.linkonce.td.*)
 *(.rel.tbss .rel.tbss.* .rel.gnu.linkonce.tb.*)
 *(.rela.tbss .rela.tbss.* .rela.gnu.linkonce.tb.*)
 *(.rel.ctors)
 *(.rela.ctors)
 *(.rel.dtors)
 *(.rela.dtors)
 *(.rel.got)
 *(.rela.got)
 *(.rel.sdata .rel.sdata.* .rel.gnu.linkonce.s.*)
 *(.rela.sdata .rela.sdata.* .rela.gnu.linkonce.s.*)
 *(.rel.sbss .rel.sbss.* .rel.gnu.linkonce.sb.*)
 *(.rela.sbss .rela.sbss.* .rela.gnu.linkonce.sb.*)
 *(.rel.sdata2 .rel.sdata2.* .rel.gnu.linkonce.s2.*)
 *(.rela.sdata2 .rela.sdata2.* .rela.gnu.linkonce.s2.*)
 *(.rel.sbss2 .rel.sbss2.* .rel.gnu.linkonce.sb2.*)
 *(.rela.sbss2 .rela.sbss2.* .rela.gnu.linkonce.sb2.*)
 *(.rel.bss .rel.bss.* .rel.gnu.linkonce.b.*)
 *(.rela.bss .rela.bss.* .rela.gnu.linkonce.b.*)
 *(.rel.plt)
 *(.rela.plt)
 *(.rel.dyn)
 *(.init)
 *(.plt)
 *(.text .stub .text.* .gnu.linkonce.t.*)
 .text          0x0000000000000244       0x3c ../DikkeKoek_bsp//obj/HAL/src/crt0.o
                0x0000000000000244                _start
 .text          0x0000000000000280     0x3c40 obj/default/algo_ucos.o
                0x0000000000000280                taskStartGame
                0x00000000000002b0                main
                0x000000000000032c                printCountPieces
                0x00000000000004a8                printBoard
                0x00000000000006ac                kingCapture
                0x0000000000000af8                deleteCaptureVector
                0x0000000000000bb4                deleteMoveVector
                0x0000000000000c54                stripCaptureVector
                0x0000000000000e4c                initMoveList
                0x0000000000000ebc                addToMoveList
                0x0000000000000f2c                copyMoveList
                0x0000000000000fec                countMoveList
                0x0000000000001038                generateCaptureList
                0x00000000000011ac                manCapture
                0x0000000000001420                checkIfCanMove
                0x00000000000017a8                capture
                0x0000000000001d94                move
                0x0000000000001f64                createKing
                0x0000000000002038                minimaxAlgorithmRecursive
                0x00000000000029b0                minimaxAlgorithm
                0x0000000000003600                playerInput
                0x0000000000003aa4                taskPlayer
                0x0000000000003aec                taskEnemy
                0x0000000000003b60                play
                0x0000000000003cf0                createBoard
                0x0000000000003e08                createEmptyBoard
 .text          0x0000000000003ec0      0x668 obj/default/vector.o
                0x0000000000003ec0                vectorInit
                0x0000000000003f0c                vectorCount
                0x0000000000003f34                vectorAdd
                0x0000000000004054                vectorSet
                0x00000000000040b4                vectorGet
                0x000000000000410c                vectorDelete
                0x0000000000004240                vectorFree
                0x000000000000427c                printLocation
                0x00000000000042d4                printCapture
                0x00000000000043e0                printVector
 .text          0x0000000000004528        0x0 c:/users/jasper/desktop/vhdl/quartuslitefiles/nios2eds/bin/gnu/h-x86_64-mingw32/bin/../lib/gcc/nios2-elf/5.3.0/../../../../../H-x86_64-mingw32/nios2-elf/lib/mhw-mulx\libc.a(lib_a-fgets.o)
 .text._fgets_r
                0x0000000000004528      0x144 c:/users/jasper/desktop/vhdl/quartuslitefiles/nios2eds/bin/gnu/h-x86_64-mingw32/bin/../lib/gcc/nios2-elf/5.3.0/../../../../../H-x86_64-mingw32/nios2-elf/lib/mhw-mulx\libc.a(lib_a-fgets.o)
                0x0000000000004528                _fgets_r
 .text.fgets    0x000000000000466c       0x1c c:/users/jasper/desktop/vhdl/quartuslitefiles/nios2eds/bin/gnu/h-x86_64-mingw32/bin/../lib/gcc/nios2-elf/5.3.0/../../../../../H-x86_64-mingw32/nios2-elf/lib/mhw-mulx\libc.a(lib_a-fgets.o)
                0x000000000000466c                fgets
 .text          0x0000000000004688        0x0 c:/users/jasper/desktop/vhdl/quartuslitefiles/nios2eds/bin/gnu/h-x86_64-mingw32/bin/../lib/gcc/nios2-elf/5.3.0/../../../../../H-x86_64-mingw32/nios2-elf/lib/mhw-mulx\libc.a(lib_a-findfp.o)
 .text.__fp_unlock
                0x0000000000004688        0x8 c:/users/jasper/desktop/vhdl/quartuslitefiles/nios2eds/bin/gnu/h-x86_64-mingw32/bin/../lib/gcc/nios2-elf/5.3.0/../../../../../H-x86_64-mingw32/nios2-elf/lib/mhw-mulx\libc.a(lib_a-findfp.o)
 .text._cleanup_r
                0x0000000000004690        0xc c:/users/jasper/desktop/vhdl/quartuslitefiles/nios2eds/bin/gnu/h-x86_64-mingw32/bin/../lib/gcc/nios2-elf/5.3.0/../../../../../H-x86_64-mingw32/nios2-elf/lib/mhw-mulx\libc.a(lib_a-findfp.o)
                0x0000000000004690                _cleanup_r
 .text.__sinit.part.1
                0x000000000000469c      0x19c c:/users/jasper/desktop/vhdl/quartuslitefiles/nios2eds/bin/gnu/h-x86_64-mingw32/bin/../lib/gcc/nios2-elf/5.3.0/../../../../../H-x86_64-mingw32/nios2-elf/lib/mhw-mulx\libc.a(lib_a-findfp.o)
 .text.__fp_lock
                0x0000000000004838        0x8 c:/users/jasper/desktop/vhdl/quartuslitefiles/nios2eds/bin/gnu/h-x86_64-mingw32/bin/../lib/gcc/nios2-elf/5.3.0/../../../../../H-x86_64-mingw32/nios2-elf/lib/mhw-mulx\libc.a(lib_a-findfp.o)
 .text.__sfmoreglue
                0x0000000000004840       0x68 c:/users/jasper/desktop/vhdl/quartuslitefiles/nios2eds/bin/gnu/h-x86_64-mingw32/bin/../lib/gcc/nios2-elf/5.3.0/../../../../../H-x86_64-mingw32/nios2-elf/lib/mhw-mulx\libc.a(lib_a-findfp.o)
                0x0000000000004840                __sfmoreglue
 .text.__sfp    0x00000000000048a8      0x118 c:/users/jasper/desktop/vhdl/quartuslitefiles/nios2eds/bin/gnu/h-x86_64-mingw32/bin/../lib/gcc/nios2-elf/5.3.0/../../../../../H-x86_64-mingw32/nios2-elf/lib/mhw-mulx\libc.a(lib_a-findfp.o)
                0x00000000000048a8                __sfp
 .text._cleanup
                0x00000000000049c0       0x18 c:/users/jasper/desktop/vhdl/quartuslitefiles/nios2eds/bin/gnu/h-x86_64-mingw32/bin/../lib/gcc/nios2-elf/5.3.0/../../../../../H-x86_64-mingw32/nios2-elf/lib/mhw-mulx\libc.a(lib_a-findfp.o)
                0x00000000000049c0                _cleanup
 .text.__sinit  0x00000000000049d8       0x10 c:/users/jasper/desktop/vhdl/quartuslitefiles/nios2eds/bin/gnu/h-x86_64-mingw32/bin/../lib/gcc/nios2-elf/5.3.0/../../../../../H-x86_64-mingw32/nios2-elf/lib/mhw-mulx\libc.a(lib_a-findfp.o)
                0x00000000000049d8                __sinit
 .text.__sfp_lock_acquire
                0x00000000000049e8        0x4 c:/users/jasper/desktop/vhdl/quartuslitefiles/nios2eds/bin/gnu/h-x86_64-mingw32/bin/../lib/gcc/nios2-elf/5.3.0/../../../../../H-x86_64-mingw32/nios2-elf/lib/mhw-mulx\libc.a(lib_a-findfp.o)
                0x00000000000049e8                __sfp_lock_acquire
 .text.__sfp_lock_release
                0x00000000000049ec        0x4 c:/users/jasper/desktop/vhdl/quartuslitefiles/nios2eds/bin/gnu/h-x86_64-mingw32/bin/../lib/gcc/nios2-elf/5.3.0/../../../../../H-x86_64-mingw32/nios2-elf/lib/mhw-mulx\libc.a(lib_a-findfp.o)
                0x00000000000049ec                __sfp_lock_release
 .text.__sinit_lock_acquire
                0x00000000000049f0        0x4 c:/users/jasper/desktop/vhdl/quartuslitefiles/nios2eds/bin/gnu/h-x86_64-mingw32/bin/../lib/gcc/nios2-elf/5.3.0/../../../../../H-x86_64-mingw32/nios2-elf/lib/mhw-mulx\libc.a(lib_a-findfp.o)
                0x00000000000049f0                __sinit_lock_acquire
 .text.__sinit_lock_release
                0x00000000000049f4        0x4 c:/users/jasper/desktop/vhdl/quartuslitefiles/nios2eds/bin/gnu/h-x86_64-mingw32/bin/../lib/gcc/nios2-elf/5.3.0/../../../../../H-x86_64-mingw32/nios2-elf/lib/mhw-mulx\libc.a(lib_a-findfp.o)
                0x00000000000049f4                __sinit_lock_release
 .text.__fp_lock_all
                0x00000000000049f8       0x18 c:/users/jasper/desktop/vhdl/quartuslitefiles/nios2eds/bin/gnu/h-x86_64-mingw32/bin/../lib/gcc/nios2-elf/5.3.0/../../../../../H-x86_64-mingw32/nios2-elf/lib/mhw-mulx\libc.a(lib_a-findfp.o)
                0x00000000000049f8                __fp_lock_all
 .text.__fp_unlock_all
                0x0000000000004a10       0x18 c:/users/jasper/desktop/vhdl/quartuslitefiles/nios2eds/bin/gnu/h-x86_64-mingw32/bin/../lib/gcc/nios2-elf/5.3.0/../../../../../H-x86_64-mingw32/nios2-elf/lib/mhw-mulx\libc.a(lib_a-findfp.o)
                0x0000000000004a10                __fp_unlock_all
 .text          0x0000000000004a28        0x0 c:/users/jasper/desktop/vhdl/quartuslitefiles/nios2eds/bin/gnu/h-x86_64-mingw32/bin/../lib/gcc/nios2-elf/5.3.0/../../../../../H-x86_64-mingw32/nios2-elf/lib/mhw-mulx\libc.a(lib_a-fwalk.o)
 .text._fwalk   0x0000000000004a28       0xc4 c:/users/jasper/desktop/vhdl/quartuslitefiles/nios2eds/bin/gnu/h-x86_64-mingw32/bin/../lib/gcc/nios2-elf/5.3.0/../../../../../H-x86_64-mingw32/nios2-elf/lib/mhw-mulx\libc.a(lib_a-fwalk.o)
                0x0000000000004a28                _fwalk
 .text._fwalk_reent
                0x0000000000004aec       0xc4 c:/users/jasper/desktop/vhdl/quartuslitefiles/nios2eds/bin/gnu/h-x86_64-mingw32/bin/../lib/gcc/nios2-elf/5.3.0/../../../../../H-x86_64-mingw32/nios2-elf/lib/mhw-mulx\libc.a(lib_a-fwalk.o)
                0x0000000000004aec                _fwalk_reent
 .text          0x0000000000004bb0        0x0 c:/users/jasper/desktop/vhdl/quartuslitefiles/nios2eds/bin/gnu/h-x86_64-mingw32/bin/../lib/gcc/nios2-elf/5.3.0/../../../../../H-x86_64-mingw32/nios2-elf/lib/mhw-mulx\libc.a(lib_a-impure.o)
 .text          0x0000000000004bb0        0x0 c:/users/jasper/desktop/vhdl/quartuslitefiles/nios2eds/bin/gnu/h-x86_64-mingw32/bin/../lib/gcc/nios2-elf/5.3.0/../../../../../H-x86_64-mingw32/nios2-elf/lib/mhw-mulx\libc.a(lib_a-malloc.o)
 .text.malloc   0x0000000000004bb0       0x14 c:/users/jasper/desktop/vhdl/quartuslitefiles/nios2eds/bin/gnu/h-x86_64-mingw32/bin/../lib/gcc/nios2-elf/5.3.0/../../../../../H-x86_64-mingw32/nios2-elf/lib/mhw-mulx\libc.a(lib_a-malloc.o)
                0x0000000000004bb0                malloc
 .text.free     0x0000000000004bc4       0x14 c:/users/jasper/desktop/vhdl/quartuslitefiles/nios2eds/bin/gnu/h-x86_64-mingw32/bin/../lib/gcc/nios2-elf/5.3.0/../../../../../H-x86_64-mingw32/nios2-elf/lib/mhw-mulx\libc.a(lib_a-malloc.o)
                0x0000000000004bc4                free
 .text          0x0000000000004bd8        0x0 c:/users/jasper/desktop/vhdl/quartuslitefiles/nios2eds/bin/gnu/h-x86_64-mingw32/bin/../lib/gcc/nios2-elf/5.3.0/../../../../../H-x86_64-mingw32/nios2-elf/lib/mhw-mulx\libc.a(lib_a-mallocr.o)
 .text._malloc_r
                0x0000000000004bd8      0x80c c:/users/jasper/desktop/vhdl/quartuslitefiles/nios2eds/bin/gnu/h-x86_64-mingw32/bin/../lib/gcc/nios2-elf/5.3.0/../../../../../H-x86_64-mingw32/nios2-elf/lib/mhw-mulx\libc.a(lib_a-mallocr.o)
                0x0000000000004bd8                _malloc_r
 .text          0x00000000000053e4        0x0 c:/users/jasper/desktop/vhdl/quartuslitefiles/nios2eds/bin/gnu/h-x86_64-mingw32/bin/../lib/gcc/nios2-elf/5.3.0/../../../../../H-x86_64-mingw32/nios2-elf/lib/mhw-mulx\libc.a(lib_a-memchr.o)
 .text.memchr   0x00000000000053e4       0xe4 c:/users/jasper/desktop/vhdl/quartuslitefiles/nios2eds/bin/gnu/h-x86_64-mingw32/bin/../lib/gcc/nios2-elf/5.3.0/../../../../../H-x86_64-mingw32/nios2-elf/lib/mhw-mulx\libc.a(lib_a-memchr.o)
                0x00000000000053e4                memchr
 .text          0x00000000000054c8        0x0 c:/users/jasper/desktop/vhdl/quartuslitefiles/nios2eds/bin/gnu/h-x86_64-mingw32/bin/../lib/gcc/nios2-elf/5.3.0/../../../../../H-x86_64-mingw32/nios2-elf/lib/mhw-mulx\libc.a(lib_a-memcpy.o)
 .text.memcpy   0x00000000000054c8      0x148 c:/users/jasper/desktop/vhdl/quartuslitefiles/nios2eds/bin/gnu/h-x86_64-mingw32/bin/../lib/gcc/nios2-elf/5.3.0/../../../../../H-x86_64-mingw32/nios2-elf/lib/mhw-mulx\libc.a(lib_a-memcpy.o)
                0x00000000000054c8                memcpy
 .text          0x0000000000005610        0x0 c:/users/jasper/desktop/vhdl/quartuslitefiles/nios2eds/bin/gnu/h-x86_64-mingw32/bin/../lib/gcc/nios2-elf/5.3.0/../../../../../H-x86_64-mingw32/nios2-elf/lib/mhw-mulx\libc.a(lib_a-memset.o)
 .text.memset   0x0000000000005610      0x128 c:/users/jasper/desktop/vhdl/quartuslitefiles/nios2eds/bin/gnu/h-x86_64-mingw32/bin/../lib/gcc/nios2-elf/5.3.0/../../../../../H-x86_64-mingw32/nios2-elf/lib/mhw-mulx\libc.a(lib_a-memset.o)
                0x0000000000005610                memset
 .text          0x0000000000005738        0x0 c:/users/jasper/desktop/vhdl/quartuslitefiles/nios2eds/bin/gnu/h-x86_64-mingw32/bin/../lib/gcc/nios2-elf/5.3.0/../../../../../H-x86_64-mingw32/nios2-elf/lib/mhw-mulx\libc.a(lib_a-printf.o)
 .text._printf_r
                0x0000000000005738       0x30 c:/users/jasper/desktop/vhdl/quartuslitefiles/nios2eds/bin/gnu/h-x86_64-mingw32/bin/../lib/gcc/nios2-elf/5.3.0/../../../../../H-x86_64-mingw32/nios2-elf/lib/mhw-mulx\libc.a(lib_a-printf.o)
                0x0000000000005738                _printf_r
 .text.printf   0x0000000000005768       0x3c c:/users/jasper/desktop/vhdl/quartuslitefiles/nios2eds/bin/gnu/h-x86_64-mingw32/bin/../lib/gcc/nios2-elf/5.3.0/../../../../../H-x86_64-mingw32/nios2-elf/lib/mhw-mulx\libc.a(lib_a-printf.o)
                0x0000000000005768                printf
 .text          0x00000000000057a4        0x0 c:/users/jasper/desktop/vhdl/quartuslitefiles/nios2eds/bin/gnu/h-x86_64-mingw32/bin/../lib/gcc/nios2-elf/5.3.0/../../../../../H-x86_64-mingw32/nios2-elf/lib/mhw-mulx\libc.a(lib_a-putchar.o)
 .text._putchar_r
                0x00000000000057a4        0x8 c:/users/jasper/desktop/vhdl/quartuslitefiles/nios2eds/bin/gnu/h-x86_64-mingw32/bin/../lib/gcc/nios2-elf/5.3.0/../../../../../H-x86_64-mingw32/nios2-elf/lib/mhw-mulx\libc.a(lib_a-putchar.o)
                0x00000000000057a4                _putchar_r
 .text.putchar  0x00000000000057ac       0x18 c:/users/jasper/desktop/vhdl/quartuslitefiles/nios2eds/bin/gnu/h-x86_64-mingw32/bin/../lib/gcc/nios2-elf/5.3.0/../../../../../H-x86_64-mingw32/nios2-elf/lib/mhw-mulx\libc.a(lib_a-putchar.o)
                0x00000000000057ac                putchar
 .text          0x00000000000057c4        0x0 c:/users/jasper/desktop/vhdl/quartuslitefiles/nios2eds/bin/gnu/h-x86_64-mingw32/bin/../lib/gcc/nios2-elf/5.3.0/../../../../../H-x86_64-mingw32/nios2-elf/lib/mhw-mulx\libc.a(lib_a-puts.o)
 .text._puts_r  0x00000000000057c4       0xc0 c:/users/jasper/desktop/vhdl/quartuslitefiles/nios2eds/bin/gnu/h-x86_64-mingw32/bin/../lib/gcc/nios2-elf/5.3.0/../../../../../H-x86_64-mingw32/nios2-elf/lib/mhw-mulx\libc.a(lib_a-puts.o)
                0x00000000000057c4                _puts_r
 .text.puts     0x0000000000005884       0x14 c:/users/jasper/desktop/vhdl/quartuslitefiles/nios2eds/bin/gnu/h-x86_64-mingw32/bin/../lib/gcc/nios2-elf/5.3.0/../../../../../H-x86_64-mingw32/nios2-elf/lib/mhw-mulx\libc.a(lib_a-puts.o)
                0x0000000000005884                puts
 .text          0x0000000000005898        0x0 c:/users/jasper/desktop/vhdl/quartuslitefiles/nios2eds/bin/gnu/h-x86_64-mingw32/bin/../lib/gcc/nios2-elf/5.3.0/../../../../../H-x86_64-mingw32/nios2-elf/lib/mhw-mulx\libc.a(lib_a-realloc.o)
 .text.realloc  0x0000000000005898       0x18 c:/users/jasper/desktop/vhdl/quartuslitefiles/nios2eds/bin/gnu/h-x86_64-mingw32/bin/../lib/gcc/nios2-elf/5.3.0/../../../../../H-x86_64-mingw32/nios2-elf/lib/mhw-mulx\libc.a(lib_a-realloc.o)
                0x0000000000005898                realloc
 .text          0x00000000000058b0        0x0 c:/users/jasper/desktop/vhdl/quartuslitefiles/nios2eds/bin/gnu/h-x86_64-mingw32/bin/../lib/gcc/nios2-elf/5.3.0/../../../../../H-x86_64-mingw32/nios2-elf/lib/mhw-mulx\libc.a(lib_a-reallocr.o)
 .text._realloc_r
                0x00000000000058b0      0x564 c:/users/jasper/desktop/vhdl/quartuslitefiles/nios2eds/bin/gnu/h-x86_64-mingw32/bin/../lib/gcc/nios2-elf/5.3.0/../../../../../H-x86_64-mingw32/nios2-elf/lib/mhw-mulx\libc.a(lib_a-reallocr.o)
                0x00000000000058b0                _realloc_r
 .text          0x0000000000005e14        0x0 c:/users/jasper/desktop/vhdl/quartuslitefiles/nios2eds/bin/gnu/h-x86_64-mingw32/bin/../lib/gcc/nios2-elf/5.3.0/../../../../../H-x86_64-mingw32/nios2-elf/lib/mhw-mulx\libc.a(lib_a-refill.o)
 .text.lflush   0x0000000000005e14       0x1c c:/users/jasper/desktop/vhdl/quartuslitefiles/nios2eds/bin/gnu/h-x86_64-mingw32/bin/../lib/gcc/nios2-elf/5.3.0/../../../../../H-x86_64-mingw32/nios2-elf/lib/mhw-mulx\libc.a(lib_a-refill.o)
 .text.__srefill_r
                0x0000000000005e30      0x1d4 c:/users/jasper/desktop/vhdl/quartuslitefiles/nios2eds/bin/gnu/h-x86_64-mingw32/bin/../lib/gcc/nios2-elf/5.3.0/../../../../../H-x86_64-mingw32/nios2-elf/lib/mhw-mulx\libc.a(lib_a-refill.o)
                0x0000000000005e30                __srefill_r
 .text          0x0000000000006004        0x0 c:/users/jasper/desktop/vhdl/quartuslitefiles/nios2eds/bin/gnu/h-x86_64-mingw32/bin/../lib/gcc/nios2-elf/5.3.0/../../../../../H-x86_64-mingw32/nios2-elf/lib/mhw-mulx\libc.a(lib_a-sbrkr.o)
 .text._sbrk_r  0x0000000000006004       0x54 c:/users/jasper/desktop/vhdl/quartuslitefiles/nios2eds/bin/gnu/h-x86_64-mingw32/bin/../lib/gcc/nios2-elf/5.3.0/../../../../../H-x86_64-mingw32/nios2-elf/lib/mhw-mulx\libc.a(lib_a-sbrkr.o)
                0x0000000000006004                _sbrk_r
 .text          0x0000000000006058        0x0 c:/users/jasper/desktop/vhdl/quartuslitefiles/nios2eds/bin/gnu/h-x86_64-mingw32/bin/../lib/gcc/nios2-elf/5.3.0/../../../../../H-x86_64-mingw32/nios2-elf/lib/mhw-mulx\libc.a(lib_a-scanf.o)
 .text.scanf    0x0000000000006058       0x3c c:/users/jasper/desktop/vhdl/quartuslitefiles/nios2eds/bin/gnu/h-x86_64-mingw32/bin/../lib/gcc/nios2-elf/5.3.0/../../../../../H-x86_64-mingw32/nios2-elf/lib/mhw-mulx\libc.a(lib_a-scanf.o)
                0x0000000000006058                scanf
 .text._scanf_r
                0x0000000000006094       0x30 c:/users/jasper/desktop/vhdl/quartuslitefiles/nios2eds/bin/gnu/h-x86_64-mingw32/bin/../lib/gcc/nios2-elf/5.3.0/../../../../../H-x86_64-mingw32/nios2-elf/lib/mhw-mulx\libc.a(lib_a-scanf.o)
                0x0000000000006094                _scanf_r
 .text          0x00000000000060c4        0x0 c:/users/jasper/desktop/vhdl/quartuslitefiles/nios2eds/bin/gnu/h-x86_64-mingw32/bin/../lib/gcc/nios2-elf/5.3.0/../../../../../H-x86_64-mingw32/nios2-elf/lib/mhw-mulx\libc.a(lib_a-stdio.o)
 .text.__sread  0x00000000000060c4       0x54 c:/users/jasper/desktop/vhdl/quartuslitefiles/nios2eds/bin/gnu/h-x86_64-mingw32/bin/../lib/gcc/nios2-elf/5.3.0/../../../../../H-x86_64-mingw32/nios2-elf/lib/mhw-mulx\libc.a(lib_a-stdio.o)
                0x00000000000060c4                __sread
 .text.__seofread
                0x0000000000006118        0x8 c:/users/jasper/desktop/vhdl/quartuslitefiles/nios2eds/bin/gnu/h-x86_64-mingw32/bin/../lib/gcc/nios2-elf/5.3.0/../../../../../H-x86_64-mingw32/nios2-elf/lib/mhw-mulx\libc.a(lib_a-stdio.o)
                0x0000000000006118                __seofread
 .text.__swrite
                0x0000000000006120       0x7c c:/users/jasper/desktop/vhdl/quartuslitefiles/nios2eds/bin/gnu/h-x86_64-mingw32/bin/../lib/gcc/nios2-elf/5.3.0/../../../../../H-x86_64-mingw32/nios2-elf/lib/mhw-mulx\libc.a(lib_a-stdio.o)
                0x0000000000006120                __swrite
 .text.__sseek  0x000000000000619c       0x5c c:/users/jasper/desktop/vhdl/quartuslitefiles/nios2eds/bin/gnu/h-x86_64-mingw32/bin/../lib/gcc/nios2-elf/5.3.0/../../../../../H-x86_64-mingw32/nios2-elf/lib/mhw-mulx\libc.a(lib_a-stdio.o)
                0x000000000000619c                __sseek
 .text.__sclose
                0x00000000000061f8        0x8 c:/users/jasper/desktop/vhdl/quartuslitefiles/nios2eds/bin/gnu/h-x86_64-mingw32/bin/../lib/gcc/nios2-elf/5.3.0/../../../../../H-x86_64-mingw32/nios2-elf/lib/mhw-mulx\libc.a(lib_a-stdio.o)
                0x00000000000061f8                __sclose
 .text          0x0000000000006200        0x0 c:/users/jasper/desktop/vhdl/quartuslitefiles/nios2eds/bin/gnu/h-x86_64-mingw32/bin/../lib/gcc/nios2-elf/5.3.0/../../../../../H-x86_64-mingw32/nios2-elf/lib/mhw-mulx\libc.a(lib_a-strlen.o)
 .text.strlen   0x0000000000006200       0x98 c:/users/jasper/desktop/vhdl/quartuslitefiles/nios2eds/bin/gnu/h-x86_64-mingw32/bin/../lib/gcc/nios2-elf/5.3.0/../../../../../H-x86_64-mingw32/nios2-elf/lib/mhw-mulx\libc.a(lib_a-strlen.o)
                0x0000000000006200                strlen
 .text          0x0000000000006298        0x0 c:/users/jasper/desktop/vhdl/quartuslitefiles/nios2eds/bin/gnu/h-x86_64-mingw32/bin/../lib/gcc/nios2-elf/5.3.0/../../../../../H-x86_64-mingw32/nios2-elf/lib/mhw-mulx\libc.a(lib_a-strtol.o)
 .text._strtol_r
                0x0000000000006298      0x238 c:/users/jasper/desktop/vhdl/quartuslitefiles/nios2eds/bin/gnu/h-x86_64-mingw32/bin/../lib/gcc/nios2-elf/5.3.0/../../../../../H-x86_64-mingw32/nios2-elf/lib/mhw-mulx\libc.a(lib_a-strtol.o)
                0x0000000000006298                _strtol_r
 .text.strtol   0x00000000000064d0       0x1c c:/users/jasper/desktop/vhdl/quartuslitefiles/nios2eds/bin/gnu/h-x86_64-mingw32/bin/../lib/gcc/nios2-elf/5.3.0/../../../../../H-x86_64-mingw32/nios2-elf/lib/mhw-mulx\libc.a(lib_a-strtol.o)
                0x00000000000064d0                strtol
 .text          0x00000000000064ec        0x0 c:/users/jasper/desktop/vhdl/quartuslitefiles/nios2eds/bin/gnu/h-x86_64-mingw32/bin/../lib/gcc/nios2-elf/5.3.0/../../../../../H-x86_64-mingw32/nios2-elf/lib/mhw-mulx\libc.a(lib_a-vfprintf.o)
 .text.___vfprintf_internal_r
                0x00000000000064ec     0x21f8 c:/users/jasper/desktop/vhdl/quartuslitefiles/nios2eds/bin/gnu/h-x86_64-mingw32/bin/../lib/gcc/nios2-elf/5.3.0/../../../../../H-x86_64-mingw32/nios2-elf/lib/mhw-mulx\libc.a(lib_a-vfprintf.o)
                0x00000000000064ec                ___vfprintf_internal_r
 .text.__vfprintf_internal
                0x00000000000086e4       0x1c c:/users/jasper/desktop/vhdl/quartuslitefiles/nios2eds/bin/gnu/h-x86_64-mingw32/bin/../lib/gcc/nios2-elf/5.3.0/../../../../../H-x86_64-mingw32/nios2-elf/lib/mhw-mulx\libc.a(lib_a-vfprintf.o)
                0x00000000000086e4                __vfprintf_internal
 .text.__sbprintf
                0x0000000000008700       0xbc c:/users/jasper/desktop/vhdl/quartuslitefiles/nios2eds/bin/gnu/h-x86_64-mingw32/bin/../lib/gcc/nios2-elf/5.3.0/../../../../../H-x86_64-mingw32/nios2-elf/lib/mhw-mulx\libc.a(lib_a-vfprintf.o)
 .text          0x00000000000087bc        0x0 c:/users/jasper/desktop/vhdl/quartuslitefiles/nios2eds/bin/gnu/h-x86_64-mingw32/bin/../lib/gcc/nios2-elf/5.3.0/../../../../../H-x86_64-mingw32/nios2-elf/lib/mhw-mulx\libc.a(lib_a-vfscanf.o)
 .text.__svfscanf_r
                0x00000000000087bc     0x17bc c:/users/jasper/desktop/vhdl/quartuslitefiles/nios2eds/bin/gnu/h-x86_64-mingw32/bin/../lib/gcc/nios2-elf/5.3.0/../../../../../H-x86_64-mingw32/nios2-elf/lib/mhw-mulx\libc.a(lib_a-vfscanf.o)
                0x00000000000087bc                __svfscanf_r
 .text.vfscanf  0x0000000000009f78       0x68 c:/users/jasper/desktop/vhdl/quartuslitefiles/nios2eds/bin/gnu/h-x86_64-mingw32/bin/../lib/gcc/nios2-elf/5.3.0/../../../../../H-x86_64-mingw32/nios2-elf/lib/mhw-mulx\libc.a(lib_a-vfscanf.o)
                0x0000000000009f78                vfscanf
 .text.__svfscanf
                0x0000000000009fe0       0x1c c:/users/jasper/desktop/vhdl/quartuslitefiles/nios2eds/bin/gnu/h-x86_64-mingw32/bin/../lib/gcc/nios2-elf/5.3.0/../../../../../H-x86_64-mingw32/nios2-elf/lib/mhw-mulx\libc.a(lib_a-vfscanf.o)
                0x0000000000009fe0                __svfscanf
 .text._vfscanf_r
                0x0000000000009ffc       0x4c c:/users/jasper/desktop/vhdl/quartuslitefiles/nios2eds/bin/gnu/h-x86_64-mingw32/bin/../lib/gcc/nios2-elf/5.3.0/../../../../../H-x86_64-mingw32/nios2-elf/lib/mhw-mulx\libc.a(lib_a-vfscanf.o)
                0x0000000000009ffc                _vfscanf_r
 .text          0x000000000000a048        0x0 c:/users/jasper/desktop/vhdl/quartuslitefiles/nios2eds/bin/gnu/h-x86_64-mingw32/bin/../lib/gcc/nios2-elf/5.3.0/../../../../../H-x86_64-mingw32/nios2-elf/lib/mhw-mulx\libc.a(lib_a-writer.o)
 .text._write_r
                0x000000000000a048       0x60 c:/users/jasper/desktop/vhdl/quartuslitefiles/nios2eds/bin/gnu/h-x86_64-mingw32/bin/../lib/gcc/nios2-elf/5.3.0/../../../../../H-x86_64-mingw32/nios2-elf/lib/mhw-mulx\libc.a(lib_a-writer.o)
                0x000000000000a048                _write_r
 .text          0x000000000000a0a8        0x0 c:/users/jasper/desktop/vhdl/quartuslitefiles/nios2eds/bin/gnu/h-x86_64-mingw32/bin/../lib/gcc/nios2-elf/5.3.0/../../../../../H-x86_64-mingw32/nios2-elf/lib/mhw-mulx\libc.a(lib_a-wsetup.o)
 .text.__swsetup_r
                0x000000000000a0a8      0x154 c:/users/jasper/desktop/vhdl/quartuslitefiles/nios2eds/bin/gnu/h-x86_64-mingw32/bin/../lib/gcc/nios2-elf/5.3.0/../../../../../H-x86_64-mingw32/nios2-elf/lib/mhw-mulx\libc.a(lib_a-wsetup.o)
                0x000000000000a0a8                __swsetup_r
 .text          0x000000000000a1fc        0x0 c:/users/jasper/desktop/vhdl/quartuslitefiles/nios2eds/bin/gnu/h-x86_64-mingw32/bin/../lib/gcc/nios2-elf/5.3.0/../../../../../H-x86_64-mingw32/nios2-elf/lib/mhw-mulx\libc.a(closer.o)
 .text._close_r
                0x000000000000a1fc       0x54 c:/users/jasper/desktop/vhdl/quartuslitefiles/nios2eds/bin/gnu/h-x86_64-mingw32/bin/../lib/gcc/nios2-elf/5.3.0/../../../../../H-x86_64-mingw32/nios2-elf/lib/mhw-mulx\libc.a(closer.o)
                0x000000000000a1fc                _close_r
 .text          0x000000000000a250        0x0 c:/users/jasper/desktop/vhdl/quartuslitefiles/nios2eds/bin/gnu/h-x86_64-mingw32/bin/../lib/gcc/nios2-elf/5.3.0/../../../../../H-x86_64-mingw32/nios2-elf/lib/mhw-mulx\libc.a(lib_a-ctype_.o)
 .text          0x000000000000a250        0x0 c:/users/jasper/desktop/vhdl/quartuslitefiles/nios2eds/bin/gnu/h-x86_64-mingw32/bin/../lib/gcc/nios2-elf/5.3.0/../../../../../H-x86_64-mingw32/nios2-elf/lib/mhw-mulx\libc.a(lib_a-dtoa.o)
 .text.quorem   0x000000000000a250      0x200 c:/users/jasper/desktop/vhdl/quartuslitefiles/nios2eds/bin/gnu/h-x86_64-mingw32/bin/../lib/gcc/nios2-elf/5.3.0/../../../../../H-x86_64-mingw32/nios2-elf/lib/mhw-mulx\libc.a(lib_a-dtoa.o)
 .text._dtoa_r  0x000000000000a450     0x1688 c:/users/jasper/desktop/vhdl/quartuslitefiles/nios2eds/bin/gnu/h-x86_64-mingw32/bin/../lib/gcc/nios2-elf/5.3.0/../../../../../H-x86_64-mingw32/nios2-elf/lib/mhw-mulx\libc.a(lib_a-dtoa.o)
                0x000000000000a450                _dtoa_r
 .text          0x000000000000bad8        0x0 c:/users/jasper/desktop/vhdl/quartuslitefiles/nios2eds/bin/gnu/h-x86_64-mingw32/bin/../lib/gcc/nios2-elf/5.3.0/../../../../../H-x86_64-mingw32/nios2-elf/lib/mhw-mulx\libc.a(lib_a-fclose.o)
 .text._fclose_r
                0x000000000000bad8       0xf0 c:/users/jasper/desktop/vhdl/quartuslitefiles/nios2eds/bin/gnu/h-x86_64-mingw32/bin/../lib/gcc/nios2-elf/5.3.0/../../../../../H-x86_64-mingw32/nios2-elf/lib/mhw-mulx\libc.a(lib_a-fclose.o)
                0x000000000000bad8                _fclose_r
 .text.fclose   0x000000000000bbc8       0x14 c:/users/jasper/desktop/vhdl/quartuslitefiles/nios2eds/bin/gnu/h-x86_64-mingw32/bin/../lib/gcc/nios2-elf/5.3.0/../../../../../H-x86_64-mingw32/nios2-elf/lib/mhw-mulx\libc.a(lib_a-fclose.o)
                0x000000000000bbc8                fclose
 .text          0x000000000000bbdc        0x0 c:/users/jasper/desktop/vhdl/quartuslitefiles/nios2eds/bin/gnu/h-x86_64-mingw32/bin/../lib/gcc/nios2-elf/5.3.0/../../../../../H-x86_64-mingw32/nios2-elf/lib/mhw-mulx\libc.a(lib_a-fflush.o)
 .text.__sflush_r
                0x000000000000bbdc      0x21c c:/users/jasper/desktop/vhdl/quartuslitefiles/nios2eds/bin/gnu/h-x86_64-mingw32/bin/../lib/gcc/nios2-elf/5.3.0/../../../../../H-x86_64-mingw32/nios2-elf/lib/mhw-mulx\libc.a(lib_a-fflush.o)
                0x000000000000bbdc                __sflush_r
 .text._fflush_r
                0x000000000000bdf8       0x5c c:/users/jasper/desktop/vhdl/quartuslitefiles/nios2eds/bin/gnu/h-x86_64-mingw32/bin/../lib/gcc/nios2-elf/5.3.0/../../../../../H-x86_64-mingw32/nios2-elf/lib/mhw-mulx\libc.a(lib_a-fflush.o)
                0x000000000000bdf8                _fflush_r
 .text.fflush   0x000000000000be54       0x30 c:/users/jasper/desktop/vhdl/quartuslitefiles/nios2eds/bin/gnu/h-x86_64-mingw32/bin/../lib/gcc/nios2-elf/5.3.0/../../../../../H-x86_64-mingw32/nios2-elf/lib/mhw-mulx\libc.a(lib_a-fflush.o)
                0x000000000000be54                fflush
 .text          0x000000000000be84        0x0 c:/users/jasper/desktop/vhdl/quartuslitefiles/nios2eds/bin/gnu/h-x86_64-mingw32/bin/../lib/gcc/nios2-elf/5.3.0/../../../../../H-x86_64-mingw32/nios2-elf/lib/mhw-mulx\libc.a(lib_a-fread.o)
 .text._fread_r
                0x000000000000be84      0x22c c:/users/jasper/desktop/vhdl/quartuslitefiles/nios2eds/bin/gnu/h-x86_64-mingw32/bin/../lib/gcc/nios2-elf/5.3.0/../../../../../H-x86_64-mingw32/nios2-elf/lib/mhw-mulx\libc.a(lib_a-fread.o)
                0x000000000000be84                _fread_r
 .text.fread    0x000000000000c0b0       0x34 c:/users/jasper/desktop/vhdl/quartuslitefiles/nios2eds/bin/gnu/h-x86_64-mingw32/bin/../lib/gcc/nios2-elf/5.3.0/../../../../../H-x86_64-mingw32/nios2-elf/lib/mhw-mulx\libc.a(lib_a-fread.o)
                0x000000000000c0b0                fread
 .text          0x000000000000c0e4        0x0 c:/users/jasper/desktop/vhdl/quartuslitefiles/nios2eds/bin/gnu/h-x86_64-mingw32/bin/../lib/gcc/nios2-elf/5.3.0/../../../../../H-x86_64-mingw32/nios2-elf/lib/mhw-mulx\libc.a(lib_a-freer.o)
 .text._malloc_trim_r
                0x000000000000c0e4      0x124 c:/users/jasper/desktop/vhdl/quartuslitefiles/nios2eds/bin/gnu/h-x86_64-mingw32/bin/../lib/gcc/nios2-elf/5.3.0/../../../../../H-x86_64-mingw32/nios2-elf/lib/mhw-mulx\libc.a(lib_a-freer.o)
                0x000000000000c0e4                _malloc_trim_r
 .text._free_r  0x000000000000c208      0x310 c:/users/jasper/desktop/vhdl/quartuslitefiles/nios2eds/bin/gnu/h-x86_64-mingw32/bin/../lib/gcc/nios2-elf/5.3.0/../../../../../H-x86_64-mingw32/nios2-elf/lib/mhw-mulx\libc.a(lib_a-freer.o)
                0x000000000000c208                _free_r
 .text          0x000000000000c518        0x0 c:/users/jasper/desktop/vhdl/quartuslitefiles/nios2eds/bin/gnu/h-x86_64-mingw32/bin/../lib/gcc/nios2-elf/5.3.0/../../../../../H-x86_64-mingw32/nios2-elf/lib/mhw-mulx\libc.a(lib_a-fvwrite.o)
 .text.__sfvwrite_r
                0x000000000000c518      0x4bc c:/users/jasper/desktop/vhdl/quartuslitefiles/nios2eds/bin/gnu/h-x86_64-mingw32/bin/../lib/gcc/nios2-elf/5.3.0/../../../../../H-x86_64-mingw32/nios2-elf/lib/mhw-mulx\libc.a(lib_a-fvwrite.o)
                0x000000000000c518                __sfvwrite_r
 .text          0x000000000000c9d4        0x0 c:/users/jasper/desktop/vhdl/quartuslitefiles/nios2eds/bin/gnu/h-x86_64-mingw32/bin/../lib/gcc/nios2-elf/5.3.0/../../../../../H-x86_64-mingw32/nios2-elf/lib/mhw-mulx\libc.a(lib_a-int_errno.o)
 .text          0x000000000000c9d4        0x0 c:/users/jasper/desktop/vhdl/quartuslitefiles/nios2eds/bin/gnu/h-x86_64-mingw32/bin/../lib/gcc/nios2-elf/5.3.0/../../../../../H-x86_64-mingw32/nios2-elf/lib/mhw-mulx\libc.a(lib_a-iswspace.o)
 .text.iswspace
                0x000000000000c9d4       0x30 c:/users/jasper/desktop/vhdl/quartuslitefiles/nios2eds/bin/gnu/h-x86_64-mingw32/bin/../lib/gcc/nios2-elf/5.3.0/../../../../../H-x86_64-mingw32/nios2-elf/lib/mhw-mulx\libc.a(lib_a-iswspace.o)
                0x000000000000c9d4                iswspace
 .text          0x000000000000ca04        0x0 c:/users/jasper/desktop/vhdl/quartuslitefiles/nios2eds/bin/gnu/h-x86_64-mingw32/bin/../lib/gcc/nios2-elf/5.3.0/../../../../../H-x86_64-mingw32/nios2-elf/lib/mhw-mulx\libc.a(lib_a-locale.o)
 .text._setlocale_r
                0x000000000000ca04       0x7c c:/users/jasper/desktop/vhdl/quartuslitefiles/nios2eds/bin/gnu/h-x86_64-mingw32/bin/../lib/gcc/nios2-elf/5.3.0/../../../../../H-x86_64-mingw32/nios2-elf/lib/mhw-mulx\libc.a(lib_a-locale.o)
                0x000000000000ca04                _setlocale_r
 .text.__locale_charset
                0x000000000000ca80        0xc c:/users/jasper/desktop/vhdl/quartuslitefiles/nios2eds/bin/gnu/h-x86_64-mingw32/bin/../lib/gcc/nios2-elf/5.3.0/../../../../../H-x86_64-mingw32/nios2-elf/lib/mhw-mulx\libc.a(lib_a-locale.o)
                0x000000000000ca80                __locale_charset
 .text.__locale_mb_cur_max
                0x000000000000ca8c       0x10 c:/users/jasper/desktop/vhdl/quartuslitefiles/nios2eds/bin/gnu/h-x86_64-mingw32/bin/../lib/gcc/nios2-elf/5.3.0/../../../../../H-x86_64-mingw32/nios2-elf/lib/mhw-mulx\libc.a(lib_a-locale.o)
                0x000000000000ca8c                __locale_mb_cur_max
 .text.__locale_msgcharset
                0x000000000000ca9c        0xc c:/users/jasper/desktop/vhdl/quartuslitefiles/nios2eds/bin/gnu/h-x86_64-mingw32/bin/../lib/gcc/nios2-elf/5.3.0/../../../../../H-x86_64-mingw32/nios2-elf/lib/mhw-mulx\libc.a(lib_a-locale.o)
                0x000000000000ca9c                __locale_msgcharset
 .text.__locale_cjk_lang
                0x000000000000caa8        0x8 c:/users/jasper/desktop/vhdl/quartuslitefiles/nios2eds/bin/gnu/h-x86_64-mingw32/bin/../lib/gcc/nios2-elf/5.3.0/../../../../../H-x86_64-mingw32/nios2-elf/lib/mhw-mulx\libc.a(lib_a-locale.o)
                0x000000000000caa8                __locale_cjk_lang
 .text._localeconv_r
                0x000000000000cab0        0xc c:/users/jasper/desktop/vhdl/quartuslitefiles/nios2eds/bin/gnu/h-x86_64-mingw32/bin/../lib/gcc/nios2-elf/5.3.0/../../../../../H-x86_64-mingw32/nios2-elf/lib/mhw-mulx\libc.a(lib_a-locale.o)
                0x000000000000cab0                _localeconv_r
 .text.setlocale
                0x000000000000cabc       0x18 c:/users/jasper/desktop/vhdl/quartuslitefiles/nios2eds/bin/gnu/h-x86_64-mingw32/bin/../lib/gcc/nios2-elf/5.3.0/../../../../../H-x86_64-mingw32/nios2-elf/lib/mhw-mulx\libc.a(lib_a-locale.o)
                0x000000000000cabc                setlocale
 .text.localeconv
                0x000000000000cad4        0xc c:/users/jasper/desktop/vhdl/quartuslitefiles/nios2eds/bin/gnu/h-x86_64-mingw32/bin/../lib/gcc/nios2-elf/5.3.0/../../../../../H-x86_64-mingw32/nios2-elf/lib/mhw-mulx\libc.a(lib_a-locale.o)
                0x000000000000cad4                localeconv
 .text          0x000000000000cae0        0x0 c:/users/jasper/desktop/vhdl/quartuslitefiles/nios2eds/bin/gnu/h-x86_64-mingw32/bin/../lib/gcc/nios2-elf/5.3.0/../../../../../H-x86_64-mingw32/nios2-elf/lib/mhw-mulx\libc.a(lib_a-lseekr.o)
 .text._lseek_r
                0x000000000000cae0       0x60 c:/users/jasper/desktop/vhdl/quartuslitefiles/nios2eds/bin/gnu/h-x86_64-mingw32/bin/../lib/gcc/nios2-elf/5.3.0/../../../../../H-x86_64-mingw32/nios2-elf/lib/mhw-mulx\libc.a(lib_a-lseekr.o)
                0x000000000000cae0                _lseek_r
 .text          0x000000000000cb40        0x0 c:/users/jasper/desktop/vhdl/quartuslitefiles/nios2eds/bin/gnu/h-x86_64-mingw32/bin/../lib/gcc/nios2-elf/5.3.0/../../../../../H-x86_64-mingw32/nios2-elf/lib/mhw-mulx\libc.a(lib_a-makebuf.o)
 .text.__smakebuf_r
                0x000000000000cb40      0x1bc c:/users/jasper/desktop/vhdl/quartuslitefiles/nios2eds/bin/gnu/h-x86_64-mingw32/bin/../lib/gcc/nios2-elf/5.3.0/../../../../../H-x86_64-mingw32/nios2-elf/lib/mhw-mulx\libc.a(lib_a-makebuf.o)
                0x000000000000cb40                __smakebuf_r
 .text          0x000000000000ccfc        0x0 c:/users/jasper/desktop/vhdl/quartuslitefiles/nios2eds/bin/gnu/h-x86_64-mingw32/bin/../lib/gcc/nios2-elf/5.3.0/../../../../../H-x86_64-mingw32/nios2-elf/lib/mhw-mulx\libc.a(lib_a-mbrtowc.o)
 .text._mbrtowc_r
                0x000000000000ccfc       0xac c:/users/jasper/desktop/vhdl/quartuslitefiles/nios2eds/bin/gnu/h-x86_64-mingw32/bin/../lib/gcc/nios2-elf/5.3.0/../../../../../H-x86_64-mingw32/nios2-elf/lib/mhw-mulx\libc.a(lib_a-mbrtowc.o)
                0x000000000000ccfc                _mbrtowc_r
 .text.mbrtowc  0x000000000000cda8       0xd8 c:/users/jasper/desktop/vhdl/quartuslitefiles/nios2eds/bin/gnu/h-x86_64-mingw32/bin/../lib/gcc/nios2-elf/5.3.0/../../../../../H-x86_64-mingw32/nios2-elf/lib/mhw-mulx\libc.a(lib_a-mbrtowc.o)
                0x000000000000cda8                mbrtowc
 .text          0x000000000000ce80        0x0 c:/users/jasper/desktop/vhdl/quartuslitefiles/nios2eds/bin/gnu/h-x86_64-mingw32/bin/../lib/gcc/nios2-elf/5.3.0/../../../../../H-x86_64-mingw32/nios2-elf/lib/mhw-mulx\libc.a(lib_a-mbtowc_r.o)
 .text.__ascii_mbtowc
                0x000000000000ce80       0x44 c:/users/jasper/desktop/vhdl/quartuslitefiles/nios2eds/bin/gnu/h-x86_64-mingw32/bin/../lib/gcc/nios2-elf/5.3.0/../../../../../H-x86_64-mingw32/nios2-elf/lib/mhw-mulx\libc.a(lib_a-mbtowc_r.o)
                0x000000000000ce80                __ascii_mbtowc
 .text._mbtowc_r
                0x000000000000cec4       0x5c c:/users/jasper/desktop/vhdl/quartuslitefiles/nios2eds/bin/gnu/h-x86_64-mingw32/bin/../lib/gcc/nios2-elf/5.3.0/../../../../../H-x86_64-mingw32/nios2-elf/lib/mhw-mulx\libc.a(lib_a-mbtowc_r.o)
                0x000000000000cec4                _mbtowc_r
 .text          0x000000000000cf20        0x0 c:/users/jasper/desktop/vhdl/quartuslitefiles/nios2eds/bin/gnu/h-x86_64-mingw32/bin/../lib/gcc/nios2-elf/5.3.0/../../../../../H-x86_64-mingw32/nios2-elf/lib/mhw-mulx\libc.a(lib_a-memmove.o)
 .text.memmove  0x000000000000cf20      0x15c c:/users/jasper/desktop/vhdl/quartuslitefiles/nios2eds/bin/gnu/h-x86_64-mingw32/bin/../lib/gcc/nios2-elf/5.3.0/../../../../../H-x86_64-mingw32/nios2-elf/lib/mhw-mulx\libc.a(lib_a-memmove.o)
                0x000000000000cf20                memmove
 .text          0x000000000000d07c        0x0 c:/users/jasper/desktop/vhdl/quartuslitefiles/nios2eds/bin/gnu/h-x86_64-mingw32/bin/../lib/gcc/nios2-elf/5.3.0/../../../../../H-x86_64-mingw32/nios2-elf/lib/mhw-mulx\libc.a(lib_a-mprec.o)
 .text._Balloc  0x000000000000d07c       0xa8 c:/users/jasper/desktop/vhdl/quartuslitefiles/nios2eds/bin/gnu/h-x86_64-mingw32/bin/../lib/gcc/nios2-elf/5.3.0/../../../../../H-x86_64-mingw32/nios2-elf/lib/mhw-mulx\libc.a(lib_a-mprec.o)
                0x000000000000d07c                _Balloc
 .text._Bfree   0x000000000000d124       0x28 c:/users/jasper/desktop/vhdl/quartuslitefiles/nios2eds/bin/gnu/h-x86_64-mingw32/bin/../lib/gcc/nios2-elf/5.3.0/../../../../../H-x86_64-mingw32/nios2-elf/lib/mhw-mulx\libc.a(lib_a-mprec.o)
                0x000000000000d124                _Bfree
 .text.__multadd
                0x000000000000d14c      0x120 c:/users/jasper/desktop/vhdl/quartuslitefiles/nios2eds/bin/gnu/h-x86_64-mingw32/bin/../lib/gcc/nios2-elf/5.3.0/../../../../../H-x86_64-mingw32/nios2-elf/lib/mhw-mulx\libc.a(lib_a-mprec.o)
                0x000000000000d14c                __multadd
 .text.__s2b    0x000000000000d26c      0x104 c:/users/jasper/desktop/vhdl/quartuslitefiles/nios2eds/bin/gnu/h-x86_64-mingw32/bin/../lib/gcc/nios2-elf/5.3.0/../../../../../H-x86_64-mingw32/nios2-elf/lib/mhw-mulx\libc.a(lib_a-mprec.o)
                0x000000000000d26c                __s2b
 .text.__hi0bits
                0x000000000000d370       0x68 c:/users/jasper/desktop/vhdl/quartuslitefiles/nios2eds/bin/gnu/h-x86_64-mingw32/bin/../lib/gcc/nios2-elf/5.3.0/../../../../../H-x86_64-mingw32/nios2-elf/lib/mhw-mulx\libc.a(lib_a-mprec.o)
                0x000000000000d370                __hi0bits
 .text.__lo0bits
                0x000000000000d3d8       0xb0 c:/users/jasper/desktop/vhdl/quartuslitefiles/nios2eds/bin/gnu/h-x86_64-mingw32/bin/../lib/gcc/nios2-elf/5.3.0/../../../../../H-x86_64-mingw32/nios2-elf/lib/mhw-mulx\libc.a(lib_a-mprec.o)
                0x000000000000d3d8                __lo0bits
 .text.__i2b    0x000000000000d488       0x3c c:/users/jasper/desktop/vhdl/quartuslitefiles/nios2eds/bin/gnu/h-x86_64-mingw32/bin/../lib/gcc/nios2-elf/5.3.0/../../../../../H-x86_64-mingw32/nios2-elf/lib/mhw-mulx\libc.a(lib_a-mprec.o)
                0x000000000000d488                __i2b
 .text.__multiply
                0x000000000000d4c4      0x1f8 c:/users/jasper/desktop/vhdl/quartuslitefiles/nios2eds/bin/gnu/h-x86_64-mingw32/bin/../lib/gcc/nios2-elf/5.3.0/../../../../../H-x86_64-mingw32/nios2-elf/lib/mhw-mulx\libc.a(lib_a-mprec.o)
                0x000000000000d4c4                __multiply
 .text.__pow5mult
                0x000000000000d6bc      0x140 c:/users/jasper/desktop/vhdl/quartuslitefiles/nios2eds/bin/gnu/h-x86_64-mingw32/bin/../lib/gcc/nios2-elf/5.3.0/../../../../../H-x86_64-mingw32/nios2-elf/lib/mhw-mulx\libc.a(lib_a-mprec.o)
                0x000000000000d6bc                __pow5mult
 .text.__lshift
                0x000000000000d7fc      0x148 c:/users/jasper/desktop/vhdl/quartuslitefiles/nios2eds/bin/gnu/h-x86_64-mingw32/bin/../lib/gcc/nios2-elf/5.3.0/../../../../../H-x86_64-mingw32/nios2-elf/lib/mhw-mulx\libc.a(lib_a-mprec.o)
                0x000000000000d7fc                __lshift
 .text.__mcmp   0x000000000000d944       0x60 c:/users/jasper/desktop/vhdl/quartuslitefiles/nios2eds/bin/gnu/h-x86_64-mingw32/bin/../lib/gcc/nios2-elf/5.3.0/../../../../../H-x86_64-mingw32/nios2-elf/lib/mhw-mulx\libc.a(lib_a-mprec.o)
                0x000000000000d944                __mcmp
 .text.__mdiff  0x000000000000d9a4      0x1fc c:/users/jasper/desktop/vhdl/quartuslitefiles/nios2eds/bin/gnu/h-x86_64-mingw32/bin/../lib/gcc/nios2-elf/5.3.0/../../../../../H-x86_64-mingw32/nios2-elf/lib/mhw-mulx\libc.a(lib_a-mprec.o)
                0x000000000000d9a4                __mdiff
 .text.__ulp    0x000000000000dba0       0x64 c:/users/jasper/desktop/vhdl/quartuslitefiles/nios2eds/bin/gnu/h-x86_64-mingw32/bin/../lib/gcc/nios2-elf/5.3.0/../../../../../H-x86_64-mingw32/nios2-elf/lib/mhw-mulx\libc.a(lib_a-mprec.o)
                0x000000000000dba0                __ulp
 .text.__b2d    0x000000000000dc04      0x10c c:/users/jasper/desktop/vhdl/quartuslitefiles/nios2eds/bin/gnu/h-x86_64-mingw32/bin/../lib/gcc/nios2-elf/5.3.0/../../../../../H-x86_64-mingw32/nios2-elf/lib/mhw-mulx\libc.a(lib_a-mprec.o)
                0x000000000000dc04                __b2d
 .text.__d2b    0x000000000000dd10      0x14c c:/users/jasper/desktop/vhdl/quartuslitefiles/nios2eds/bin/gnu/h-x86_64-mingw32/bin/../lib/gcc/nios2-elf/5.3.0/../../../../../H-x86_64-mingw32/nios2-elf/lib/mhw-mulx\libc.a(lib_a-mprec.o)
                0x000000000000dd10                __d2b
 .text.__ratio  0x000000000000de5c       0xa4 c:/users/jasper/desktop/vhdl/quartuslitefiles/nios2eds/bin/gnu/h-x86_64-mingw32/bin/../lib/gcc/nios2-elf/5.3.0/../../../../../H-x86_64-mingw32/nios2-elf/lib/mhw-mulx\libc.a(lib_a-mprec.o)
                0x000000000000de5c                __ratio
 .text._mprec_log10
                0x000000000000df00       0x74 c:/users/jasper/desktop/vhdl/quartuslitefiles/nios2eds/bin/gnu/h-x86_64-mingw32/bin/../lib/gcc/nios2-elf/5.3.0/../../../../../H-x86_64-mingw32/nios2-elf/lib/mhw-mulx\libc.a(lib_a-mprec.o)
                0x000000000000df00                _mprec_log10
 .text.__copybits
                0x000000000000df74       0x78 c:/users/jasper/desktop/vhdl/quartuslitefiles/nios2eds/bin/gnu/h-x86_64-mingw32/bin/../lib/gcc/nios2-elf/5.3.0/../../../../../H-x86_64-mingw32/nios2-elf/lib/mhw-mulx\libc.a(lib_a-mprec.o)
                0x000000000000df74                __copybits
 .text.__any_on
                0x000000000000dfec       0x8c c:/users/jasper/desktop/vhdl/quartuslitefiles/nios2eds/bin/gnu/h-x86_64-mingw32/bin/../lib/gcc/nios2-elf/5.3.0/../../../../../H-x86_64-mingw32/nios2-elf/lib/mhw-mulx\libc.a(lib_a-mprec.o)
                0x000000000000dfec                __any_on
 .text          0x000000000000e078        0x0 c:/users/jasper/desktop/vhdl/quartuslitefiles/nios2eds/bin/gnu/h-x86_64-mingw32/bin/../lib/gcc/nios2-elf/5.3.0/../../../../../H-x86_64-mingw32/nios2-elf/lib/mhw-mulx\libc.a(lib_a-putc.o)
 .text._putc_r  0x000000000000e078       0xa0 c:/users/jasper/desktop/vhdl/quartuslitefiles/nios2eds/bin/gnu/h-x86_64-mingw32/bin/../lib/gcc/nios2-elf/5.3.0/../../../../../H-x86_64-mingw32/nios2-elf/lib/mhw-mulx\libc.a(lib_a-putc.o)
                0x000000000000e078                _putc_r
 .text.putc     0x000000000000e118       0xc8 c:/users/jasper/desktop/vhdl/quartuslitefiles/nios2eds/bin/gnu/h-x86_64-mingw32/bin/../lib/gcc/nios2-elf/5.3.0/../../../../../H-x86_64-mingw32/nios2-elf/lib/mhw-mulx\libc.a(lib_a-putc.o)
                0x000000000000e118                putc
 .text          0x000000000000e1e0        0x0 c:/users/jasper/desktop/vhdl/quartuslitefiles/nios2eds/bin/gnu/h-x86_64-mingw32/bin/../lib/gcc/nios2-elf/5.3.0/../../../../../H-x86_64-mingw32/nios2-elf/lib/mhw-mulx\libc.a(lib_a-readr.o)
 .text._read_r  0x000000000000e1e0       0x60 c:/users/jasper/desktop/vhdl/quartuslitefiles/nios2eds/bin/gnu/h-x86_64-mingw32/bin/../lib/gcc/nios2-elf/5.3.0/../../../../../H-x86_64-mingw32/nios2-elf/lib/mhw-mulx\libc.a(lib_a-readr.o)
                0x000000000000e1e0                _read_r
 .text          0x000000000000e240        0x0 c:/users/jasper/desktop/vhdl/quartuslitefiles/nios2eds/bin/gnu/h-x86_64-mingw32/bin/../lib/gcc/nios2-elf/5.3.0/../../../../../H-x86_64-mingw32/nios2-elf/lib/mhw-mulx\libc.a(lib_a-s_fpclassify.o)
 .text.__fpclassifyd
                0x000000000000e240       0x74 c:/users/jasper/desktop/vhdl/quartuslitefiles/nios2eds/bin/gnu/h-x86_64-mingw32/bin/../lib/gcc/nios2-elf/5.3.0/../../../../../H-x86_64-mingw32/nios2-elf/lib/mhw-mulx\libc.a(lib_a-s_fpclassify.o)
                0x000000000000e240                __fpclassifyd
 .text          0x000000000000e2b4        0x0 c:/users/jasper/desktop/vhdl/quartuslitefiles/nios2eds/bin/gnu/h-x86_64-mingw32/bin/../lib/gcc/nios2-elf/5.3.0/../../../../../H-x86_64-mingw32/nios2-elf/lib/mhw-mulx\libc.a(lib_a-sccl.o)
 .text.__sccl   0x000000000000e2b4       0xd0 c:/users/jasper/desktop/vhdl/quartuslitefiles/nios2eds/bin/gnu/h-x86_64-mingw32/bin/../lib/gcc/nios2-elf/5.3.0/../../../../../H-x86_64-mingw32/nios2-elf/lib/mhw-mulx\libc.a(lib_a-sccl.o)
                0x000000000000e2b4                __sccl
 .text          0x000000000000e384        0x0 c:/users/jasper/desktop/vhdl/quartuslitefiles/nios2eds/bin/gnu/h-x86_64-mingw32/bin/../lib/gcc/nios2-elf/5.3.0/../../../../../H-x86_64-mingw32/nios2-elf/lib/mhw-mulx\libc.a(lib_a-sf_nan.o)
 .text.nanf     0x000000000000e384        0x8 c:/users/jasper/desktop/vhdl/quartuslitefiles/nios2eds/bin/gnu/h-x86_64-mingw32/bin/../lib/gcc/nios2-elf/5.3.0/../../../../../H-x86_64-mingw32/nios2-elf/lib/mhw-mulx\libc.a(lib_a-sf_nan.o)
                0x000000000000e384                nanf
 .text          0x000000000000e38c        0x0 c:/users/jasper/desktop/vhdl/quartuslitefiles/nios2eds/bin/gnu/h-x86_64-mingw32/bin/../lib/gcc/nios2-elf/5.3.0/../../../../../H-x86_64-mingw32/nios2-elf/lib/mhw-mulx\libc.a(lib_a-sprintf.o)
 .text._sprintf_r
                0x000000000000e38c       0x58 c:/users/jasper/desktop/vhdl/quartuslitefiles/nios2eds/bin/gnu/h-x86_64-mingw32/bin/../lib/gcc/nios2-elf/5.3.0/../../../../../H-x86_64-mingw32/nios2-elf/lib/mhw-mulx\libc.a(lib_a-sprintf.o)
                0x000000000000e38c                _sprintf_r
 .text.sprintf  0x000000000000e3e4       0x6c c:/users/jasper/desktop/vhdl/quartuslitefiles/nios2eds/bin/gnu/h-x86_64-mingw32/bin/../lib/gcc/nios2-elf/5.3.0/../../../../../H-x86_64-mingw32/nios2-elf/lib/mhw-mulx\libc.a(lib_a-sprintf.o)
                0x000000000000e3e4                sprintf
 .text          0x000000000000e450        0x0 c:/users/jasper/desktop/vhdl/quartuslitefiles/nios2eds/bin/gnu/h-x86_64-mingw32/bin/../lib/gcc/nios2-elf/5.3.0/../../../../../H-x86_64-mingw32/nios2-elf/lib/mhw-mulx\libc.a(lib_a-strcmp.o)
 .text.strcmp   0x000000000000e450       0xdc c:/users/jasper/desktop/vhdl/quartuslitefiles/nios2eds/bin/gnu/h-x86_64-mingw32/bin/../lib/gcc/nios2-elf/5.3.0/../../../../../H-x86_64-mingw32/nios2-elf/lib/mhw-mulx\libc.a(lib_a-strcmp.o)
                0x000000000000e450                strcmp
 .text          0x000000000000e52c        0x0 c:/users/jasper/desktop/vhdl/quartuslitefiles/nios2eds/bin/gnu/h-x86_64-mingw32/bin/../lib/gcc/nios2-elf/5.3.0/../../../../../H-x86_64-mingw32/nios2-elf/lib/mhw-mulx\libc.a(lib_a-strtod.o)
 .text.sulp     0x000000000000e52c       0x64 c:/users/jasper/desktop/vhdl/quartuslitefiles/nios2eds/bin/gnu/h-x86_64-mingw32/bin/../lib/gcc/nios2-elf/5.3.0/../../../../../H-x86_64-mingw32/nios2-elf/lib/mhw-mulx\libc.a(lib_a-strtod.o)
 .text._strtod_r
                0x000000000000e590     0x15f8 c:/users/jasper/desktop/vhdl/quartuslitefiles/nios2eds/bin/gnu/h-x86_64-mingw32/bin/../lib/gcc/nios2-elf/5.3.0/../../../../../H-x86_64-mingw32/nios2-elf/lib/mhw-mulx\libc.a(lib_a-strtod.o)
                0x000000000000e590                _strtod_r
 .text.strtod   0x000000000000fb88       0x18 c:/users/jasper/desktop/vhdl/quartuslitefiles/nios2eds/bin/gnu/h-x86_64-mingw32/bin/../lib/gcc/nios2-elf/5.3.0/../../../../../H-x86_64-mingw32/nios2-elf/lib/mhw-mulx\libc.a(lib_a-strtod.o)
                0x000000000000fb88                strtod
 .text.strtof   0x000000000000fba0      0x100 c:/users/jasper/desktop/vhdl/quartuslitefiles/nios2eds/bin/gnu/h-x86_64-mingw32/bin/../lib/gcc/nios2-elf/5.3.0/../../../../../H-x86_64-mingw32/nios2-elf/lib/mhw-mulx\libc.a(lib_a-strtod.o)
                0x000000000000fba0                strtof
 .text          0x000000000000fca0        0x0 c:/users/jasper/desktop/vhdl/quartuslitefiles/nios2eds/bin/gnu/h-x86_64-mingw32/bin/../lib/gcc/nios2-elf/5.3.0/../../../../../H-x86_64-mingw32/nios2-elf/lib/mhw-mulx\libc.a(lib_a-strtoll_r.o)
 .text._strtoll_r
                0x000000000000fca0      0x2e0 c:/users/jasper/desktop/vhdl/quartuslitefiles/nios2eds/bin/gnu/h-x86_64-mingw32/bin/../lib/gcc/nios2-elf/5.3.0/../../../../../H-x86_64-mingw32/nios2-elf/lib/mhw-mulx\libc.a(lib_a-strtoll_r.o)
                0x000000000000fca0                _strtoll_r
 .text          0x000000000000ff80        0x0 c:/users/jasper/desktop/vhdl/quartuslitefiles/nios2eds/bin/gnu/h-x86_64-mingw32/bin/../lib/gcc/nios2-elf/5.3.0/../../../../../H-x86_64-mingw32/nios2-elf/lib/mhw-mulx\libc.a(lib_a-strtoul.o)
 .text._strtoul_r
                0x000000000000ff80      0x24c c:/users/jasper/desktop/vhdl/quartuslitefiles/nios2eds/bin/gnu/h-x86_64-mingw32/bin/../lib/gcc/nios2-elf/5.3.0/../../../../../H-x86_64-mingw32/nios2-elf/lib/mhw-mulx\libc.a(lib_a-strtoul.o)
                0x000000000000ff80                _strtoul_r
 .text.strtoul  0x00000000000101cc       0x1c c:/users/jasper/desktop/vhdl/quartuslitefiles/nios2eds/bin/gnu/h-x86_64-mingw32/bin/../lib/gcc/nios2-elf/5.3.0/../../../../../H-x86_64-mingw32/nios2-elf/lib/mhw-mulx\libc.a(lib_a-strtoul.o)
                0x00000000000101cc                strtoul
 .text          0x00000000000101e8        0x0 c:/users/jasper/desktop/vhdl/quartuslitefiles/nios2eds/bin/gnu/h-x86_64-mingw32/bin/../lib/gcc/nios2-elf/5.3.0/../../../../../H-x86_64-mingw32/nios2-elf/lib/mhw-mulx\libc.a(lib_a-strtoull_r.o)
 .text._strtoull_r
                0x00000000000101e8      0x2d8 c:/users/jasper/desktop/vhdl/quartuslitefiles/nios2eds/bin/gnu/h-x86_64-mingw32/bin/../lib/gcc/nios2-elf/5.3.0/../../../../../H-x86_64-mingw32/nios2-elf/lib/mhw-mulx\libc.a(lib_a-strtoull_r.o)
                0x00000000000101e8                _strtoull_r
 .text          0x00000000000104c0        0x0 c:/users/jasper/desktop/vhdl/quartuslitefiles/nios2eds/bin/gnu/h-x86_64-mingw32/bin/../lib/gcc/nios2-elf/5.3.0/../../../../../H-x86_64-mingw32/nios2-elf/lib/mhw-mulx\libc.a(lib_a-svfprintf.o)
 .text.___svfprintf_internal_r
                0x00000000000104c0     0x21d8 c:/users/jasper/desktop/vhdl/quartuslitefiles/nios2eds/bin/gnu/h-x86_64-mingw32/bin/../lib/gcc/nios2-elf/5.3.0/../../../../../H-x86_64-mingw32/nios2-elf/lib/mhw-mulx\libc.a(lib_a-svfprintf.o)
                0x00000000000104c0                ___svfprintf_internal_r
 .text          0x0000000000012698        0x0 c:/users/jasper/desktop/vhdl/quartuslitefiles/nios2eds/bin/gnu/h-x86_64-mingw32/bin/../lib/gcc/nios2-elf/5.3.0/../../../../../H-x86_64-mingw32/nios2-elf/lib/mhw-mulx\libc.a(lib_a-ungetc.o)
 .text.__submore
                0x0000000000012698       0xd4 c:/users/jasper/desktop/vhdl/quartuslitefiles/nios2eds/bin/gnu/h-x86_64-mingw32/bin/../lib/gcc/nios2-elf/5.3.0/../../../../../H-x86_64-mingw32/nios2-elf/lib/mhw-mulx\libc.a(lib_a-ungetc.o)
                0x0000000000012698                __submore
 .text._ungetc_r
                0x000000000001276c      0x194 c:/users/jasper/desktop/vhdl/quartuslitefiles/nios2eds/bin/gnu/h-x86_64-mingw32/bin/../lib/gcc/nios2-elf/5.3.0/../../../../../H-x86_64-mingw32/nios2-elf/lib/mhw-mulx\libc.a(lib_a-ungetc.o)
                0x000000000001276c                _ungetc_r
 .text.ungetc   0x0000000000012900       0x18 c:/users/jasper/desktop/vhdl/quartuslitefiles/nios2eds/bin/gnu/h-x86_64-mingw32/bin/../lib/gcc/nios2-elf/5.3.0/../../../../../H-x86_64-mingw32/nios2-elf/lib/mhw-mulx\libc.a(lib_a-ungetc.o)
                0x0000000000012900                ungetc
 .text          0x0000000000012918        0x0 c:/users/jasper/desktop/vhdl/quartuslitefiles/nios2eds/bin/gnu/h-x86_64-mingw32/bin/../lib/gcc/nios2-elf/5.3.0/../../../../../H-x86_64-mingw32/nios2-elf/lib/mhw-mulx\libc.a(lib_a-vfiprintf.o)
 .text.__sprint_r.part.0
                0x0000000000012918       0xfc c:/users/jasper/desktop/vhdl/quartuslitefiles/nios2eds/bin/gnu/h-x86_64-mingw32/bin/../lib/gcc/nios2-elf/5.3.0/../../../../../H-x86_64-mingw32/nios2-elf/lib/mhw-mulx\libc.a(lib_a-vfiprintf.o)
 .text.__sprint_r
                0x0000000000012a14       0x18 c:/users/jasper/desktop/vhdl/quartuslitefiles/nios2eds/bin/gnu/h-x86_64-mingw32/bin/../lib/gcc/nios2-elf/5.3.0/../../../../../H-x86_64-mingw32/nios2-elf/lib/mhw-mulx\libc.a(lib_a-vfiprintf.o)
                0x0000000000012a14                __sprint_r
 .text.___vfiprintf_internal_r
                0x0000000000012a2c     0x145c c:/users/jasper/desktop/vhdl/quartuslitefiles/nios2eds/bin/gnu/h-x86_64-mingw32/bin/../lib/gcc/nios2-elf/5.3.0/../../../../../H-x86_64-mingw32/nios2-elf/lib/mhw-mulx\libc.a(lib_a-vfiprintf.o)
                0x0000000000012a2c                ___vfiprintf_internal_r
 .text.__vfiprintf_internal
                0x0000000000013e88       0x1c c:/users/jasper/desktop/vhdl/quartuslitefiles/nios2eds/bin/gnu/h-x86_64-mingw32/bin/../lib/gcc/nios2-elf/5.3.0/../../../../../H-x86_64-mingw32/nios2-elf/lib/mhw-mulx\libc.a(lib_a-vfiprintf.o)
                0x0000000000013e88                __vfiprintf_internal
 .text.__sbprintf
                0x0000000000013ea4       0xbc c:/users/jasper/desktop/vhdl/quartuslitefiles/nios2eds/bin/gnu/h-x86_64-mingw32/bin/../lib/gcc/nios2-elf/5.3.0/../../../../../H-x86_64-mingw32/nios2-elf/lib/mhw-mulx\libc.a(lib_a-vfiprintf.o)
 .text          0x0000000000013f60        0x0 c:/users/jasper/desktop/vhdl/quartuslitefiles/nios2eds/bin/gnu/h-x86_64-mingw32/bin/../lib/gcc/nios2-elf/5.3.0/../../../../../H-x86_64-mingw32/nios2-elf/lib/mhw-mulx\libc.a(lib_a-wbuf.o)
 .text.__swbuf_r
                0x0000000000013f60      0x140 c:/users/jasper/desktop/vhdl/quartuslitefiles/nios2eds/bin/gnu/h-x86_64-mingw32/bin/../lib/gcc/nios2-elf/5.3.0/../../../../../H-x86_64-mingw32/nios2-elf/lib/mhw-mulx\libc.a(lib_a-wbuf.o)
                0x0000000000013f60                __swbuf_r
 .text.__swbuf  0x00000000000140a0       0x18 c:/users/jasper/desktop/vhdl/quartuslitefiles/nios2eds/bin/gnu/h-x86_64-mingw32/bin/../lib/gcc/nios2-elf/5.3.0/../../../../../H-x86_64-mingw32/nios2-elf/lib/mhw-mulx\libc.a(lib_a-wbuf.o)
                0x00000000000140a0                __swbuf
 .text          0x00000000000140b8        0x0 c:/users/jasper/desktop/vhdl/quartuslitefiles/nios2eds/bin/gnu/h-x86_64-mingw32/bin/../lib/gcc/nios2-elf/5.3.0/../../../../../H-x86_64-mingw32/nios2-elf/lib/mhw-mulx\libc.a(lib_a-callocr.o)
 .text._calloc_r
                0x00000000000140b8       0xc4 c:/users/jasper/desktop/vhdl/quartuslitefiles/nios2eds/bin/gnu/h-x86_64-mingw32/bin/../lib/gcc/nios2-elf/5.3.0/../../../../../H-x86_64-mingw32/nios2-elf/lib/mhw-mulx\libc.a(lib_a-callocr.o)
                0x00000000000140b8                _calloc_r
 .text          0x000000000001417c        0x0 c:/users/jasper/desktop/vhdl/quartuslitefiles/nios2eds/bin/gnu/h-x86_64-mingw32/bin/../lib/gcc/nios2-elf/5.3.0/../../../../../H-x86_64-mingw32/nios2-elf/lib/mhw-mulx\libc.a(lib_a-fputwc.o)
 .text.__fputwc
                0x000000000001417c      0x164 c:/users/jasper/desktop/vhdl/quartuslitefiles/nios2eds/bin/gnu/h-x86_64-mingw32/bin/../lib/gcc/nios2-elf/5.3.0/../../../../../H-x86_64-mingw32/nios2-elf/lib/mhw-mulx\libc.a(lib_a-fputwc.o)
                0x000000000001417c                __fputwc
 .text._fputwc_r
                0x00000000000142e0       0x24 c:/users/jasper/desktop/vhdl/quartuslitefiles/nios2eds/bin/gnu/h-x86_64-mingw32/bin/../lib/gcc/nios2-elf/5.3.0/../../../../../H-x86_64-mingw32/nios2-elf/lib/mhw-mulx\libc.a(lib_a-fputwc.o)
                0x00000000000142e0                _fputwc_r
 .text.fputwc   0x0000000000014304       0x80 c:/users/jasper/desktop/vhdl/quartuslitefiles/nios2eds/bin/gnu/h-x86_64-mingw32/bin/../lib/gcc/nios2-elf/5.3.0/../../../../../H-x86_64-mingw32/nios2-elf/lib/mhw-mulx\libc.a(lib_a-fputwc.o)
                0x0000000000014304                fputwc
 .text          0x0000000000014384        0x0 c:/users/jasper/desktop/vhdl/quartuslitefiles/nios2eds/bin/gnu/h-x86_64-mingw32/bin/../lib/gcc/nios2-elf/5.3.0/../../../../../H-x86_64-mingw32/nios2-elf/lib/mhw-mulx\libc.a(lib_a-fstatr.o)
 .text._fstat_r
                0x0000000000014384       0x5c c:/users/jasper/desktop/vhdl/quartuslitefiles/nios2eds/bin/gnu/h-x86_64-mingw32/bin/../lib/gcc/nios2-elf/5.3.0/../../../../../H-x86_64-mingw32/nios2-elf/lib/mhw-mulx\libc.a(lib_a-fstatr.o)
                0x0000000000014384                _fstat_r
 .text          0x00000000000143e0        0x0 c:/users/jasper/desktop/vhdl/quartuslitefiles/nios2eds/bin/gnu/h-x86_64-mingw32/bin/../lib/gcc/nios2-elf/5.3.0/../../../../../H-x86_64-mingw32/nios2-elf/lib/mhw-mulx\libc.a(lib_a-gdtoa-gethex.o)
 .text.rshift   0x00000000000143e0      0x100 c:/users/jasper/desktop/vhdl/quartuslitefiles/nios2eds/bin/gnu/h-x86_64-mingw32/bin/../lib/gcc/nios2-elf/5.3.0/../../../../../H-x86_64-mingw32/nios2-elf/lib/mhw-mulx\libc.a(lib_a-gdtoa-gethex.o)
 .text.__gethex
                0x00000000000144e0      0x830 c:/users/jasper/desktop/vhdl/quartuslitefiles/nios2eds/bin/gnu/h-x86_64-mingw32/bin/../lib/gcc/nios2-elf/5.3.0/../../../../../H-x86_64-mingw32/nios2-elf/lib/mhw-mulx\libc.a(lib_a-gdtoa-gethex.o)
                0x00000000000144e0                __gethex
 .text          0x0000000000014d10        0x0 c:/users/jasper/desktop/vhdl/quartuslitefiles/nios2eds/bin/gnu/h-x86_64-mingw32/bin/../lib/gcc/nios2-elf/5.3.0/../../../../../H-x86_64-mingw32/nios2-elf/lib/mhw-mulx\libc.a(lib_a-gdtoa-hexnan.o)
 .text.__hexnan
                0x0000000000014d10      0x25c c:/users/jasper/desktop/vhdl/quartuslitefiles/nios2eds/bin/gnu/h-x86_64-mingw32/bin/../lib/gcc/nios2-elf/5.3.0/../../../../../H-x86_64-mingw32/nios2-elf/lib/mhw-mulx\libc.a(lib_a-gdtoa-hexnan.o)
                0x0000000000014d10                __hexnan
 .text          0x0000000000014f6c        0x0 c:/users/jasper/desktop/vhdl/quartuslitefiles/nios2eds/bin/gnu/h-x86_64-mingw32/bin/../lib/gcc/nios2-elf/5.3.0/../../../../../H-x86_64-mingw32/nios2-elf/lib/mhw-mulx\libc.a(lib_a-isattyr.o)
 .text._isatty_r
                0x0000000000014f6c       0x54 c:/users/jasper/desktop/vhdl/quartuslitefiles/nios2eds/bin/gnu/h-x86_64-mingw32/bin/../lib/gcc/nios2-elf/5.3.0/../../../../../H-x86_64-mingw32/nios2-elf/lib/mhw-mulx\libc.a(lib_a-isattyr.o)
                0x0000000000014f6c                _isatty_r
 .text          0x0000000000014fc0        0x0 c:/users/jasper/desktop/vhdl/quartuslitefiles/nios2eds/bin/gnu/h-x86_64-mingw32/bin/../lib/gcc/nios2-elf/5.3.0/../../../../../H-x86_64-mingw32/nios2-elf/lib/mhw-mulx\libc.a(lib_a-strncmp.o)
 .text.strncmp  0x0000000000014fc0       0xd0 c:/users/jasper/desktop/vhdl/quartuslitefiles/nios2eds/bin/gnu/h-x86_64-mingw32/bin/../lib/gcc/nios2-elf/5.3.0/../../../../../H-x86_64-mingw32/nios2-elf/lib/mhw-mulx\libc.a(lib_a-strncmp.o)
                0x0000000000014fc0                strncmp
 .text          0x0000000000015090        0x0 c:/users/jasper/desktop/vhdl/quartuslitefiles/nios2eds/bin/gnu/h-x86_64-mingw32/bin/../lib/gcc/nios2-elf/5.3.0/../../../../../H-x86_64-mingw32/nios2-elf/lib/mhw-mulx\libc.a(lib_a-svfiprintf.o)
 .text.__ssprint_r
                0x0000000000015090      0x1d0 c:/users/jasper/desktop/vhdl/quartuslitefiles/nios2eds/bin/gnu/h-x86_64-mingw32/bin/../lib/gcc/nios2-elf/5.3.0/../../../../../H-x86_64-mingw32/nios2-elf/lib/mhw-mulx\libc.a(lib_a-svfiprintf.o)
                0x0000000000015090                __ssprint_r
 .text.___svfiprintf_internal_r
                0x0000000000015260     0x123c c:/users/jasper/desktop/vhdl/quartuslitefiles/nios2eds/bin/gnu/h-x86_64-mingw32/bin/../lib/gcc/nios2-elf/5.3.0/../../../../../H-x86_64-mingw32/nios2-elf/lib/mhw-mulx\libc.a(lib_a-svfiprintf.o)
                0x0000000000015260                ___svfiprintf_internal_r
 .text          0x000000000001649c        0x0 c:/users/jasper/desktop/vhdl/quartuslitefiles/nios2eds/bin/gnu/h-x86_64-mingw32/bin/../lib/gcc/nios2-elf/5.3.0/../../../../../H-x86_64-mingw32/nios2-elf/lib/mhw-mulx\libc.a(lib_a-wcrtomb.o)
 .text._wcrtomb_r
                0x000000000001649c       0x9c c:/users/jasper/desktop/vhdl/quartuslitefiles/nios2eds/bin/gnu/h-x86_64-mingw32/bin/../lib/gcc/nios2-elf/5.3.0/../../../../../H-x86_64-mingw32/nios2-elf/lib/mhw-mulx\libc.a(lib_a-wcrtomb.o)
                0x000000000001649c                _wcrtomb_r
 .text.wcrtomb  0x0000000000016538       0xc0 c:/users/jasper/desktop/vhdl/quartuslitefiles/nios2eds/bin/gnu/h-x86_64-mingw32/bin/../lib/gcc/nios2-elf/5.3.0/../../../../../H-x86_64-mingw32/nios2-elf/lib/mhw-mulx\libc.a(lib_a-wcrtomb.o)
                0x0000000000016538                wcrtomb
 .text          0x00000000000165f8        0x0 c:/users/jasper/desktop/vhdl/quartuslitefiles/nios2eds/bin/gnu/h-x86_64-mingw32/bin/../lib/gcc/nios2-elf/5.3.0/../../../../../H-x86_64-mingw32/nios2-elf/lib/mhw-mulx\libc.a(lib_a-wctomb_r.o)
 .text.__ascii_wctomb
                0x00000000000165f8       0x30 c:/users/jasper/desktop/vhdl/quartuslitefiles/nios2eds/bin/gnu/h-x86_64-mingw32/bin/../lib/gcc/nios2-elf/5.3.0/../../../../../H-x86_64-mingw32/nios2-elf/lib/mhw-mulx\libc.a(lib_a-wctomb_r.o)
                0x00000000000165f8                __ascii_wctomb
 .text._wctomb_r
                0x0000000000016628       0x5c c:/users/jasper/desktop/vhdl/quartuslitefiles/nios2eds/bin/gnu/h-x86_64-mingw32/bin/../lib/gcc/nios2-elf/5.3.0/../../../../../H-x86_64-mingw32/nios2-elf/lib/mhw-mulx\libc.a(lib_a-wctomb_r.o)
                0x0000000000016628                _wctomb_r
 .text          0x0000000000016684       0x74 c:/users/jasper/desktop/vhdl/quartuslitefiles/nios2eds/bin/gnu/h-x86_64-mingw32/bin/../lib/gcc/nios2-elf/5.3.0/mhw-mulx\libgcc.a(_fixunsdfsi.o)
                0x0000000000016684                __fixunsdfsi
 .text          0x00000000000166f8      0x578 c:/users/jasper/desktop/vhdl/quartuslitefiles/nios2eds/bin/gnu/h-x86_64-mingw32/bin/../lib/gcc/nios2-elf/5.3.0/mhw-mulx\libgcc.a(_udivdi3.o)
                0x00000000000166f8                __udivdi3
 .text          0x0000000000016c70      0x538 c:/users/jasper/desktop/vhdl/quartuslitefiles/nios2eds/bin/gnu/h-x86_64-mingw32/bin/../lib/gcc/nios2-elf/5.3.0/mhw-mulx\libgcc.a(_umoddi3.o)
                0x0000000000016c70                __umoddi3
 .text          0x00000000000171a8      0x1b4 c:/users/jasper/desktop/vhdl/quartuslitefiles/nios2eds/bin/gnu/h-x86_64-mingw32/bin/../lib/gcc/nios2-elf/5.3.0/mhw-mulx\libgcc.a(lib2-divmod.o)
                0x00000000000171a8                __divsi3
                0x000000000001722c                __modsi3
                0x00000000000172a0                __udivsi3
                0x0000000000017304                __umodsi3
 .text          0x000000000001735c       0x78 c:/users/jasper/desktop/vhdl/quartuslitefiles/nios2eds/bin/gnu/h-x86_64-mingw32/bin/../lib/gcc/nios2-elf/5.3.0/mhw-mulx\libgcc.a(eqsf2.o)
                0x000000000001735c                __eqsf2
                0x000000000001735c                __nesf2
 .text          0x00000000000173d4       0xbc c:/users/jasper/desktop/vhdl/quartuslitefiles/nios2eds/bin/gnu/h-x86_64-mingw32/bin/../lib/gcc/nios2-elf/5.3.0/mhw-mulx\libgcc.a(gesf2.o)
                0x00000000000173d4                __gesf2
                0x00000000000173d4                __gtsf2
 .text          0x0000000000017490       0xc8 c:/users/jasper/desktop/vhdl/quartuslitefiles/nios2eds/bin/gnu/h-x86_64-mingw32/bin/../lib/gcc/nios2-elf/5.3.0/mhw-mulx\libgcc.a(lesf2.o)
                0x0000000000017490                __ltsf2
                0x0000000000017490                __lesf2
 .text          0x0000000000017558      0x8ac c:/users/jasper/desktop/vhdl/quartuslitefiles/nios2eds/bin/gnu/h-x86_64-mingw32/bin/../lib/gcc/nios2-elf/5.3.0/mhw-mulx\libgcc.a(adddf3.o)
                0x0000000000017558                __adddf3
 .text          0x0000000000017e04      0x8e8 c:/users/jasper/desktop/vhdl/quartuslitefiles/nios2eds/bin/gnu/h-x86_64-mingw32/bin/../lib/gcc/nios2-elf/5.3.0/mhw-mulx\libgcc.a(divdf3.o)
                0x0000000000017e04                __divdf3
 .text          0x00000000000186ec       0x88 c:/users/jasper/desktop/vhdl/quartuslitefiles/nios2eds/bin/gnu/h-x86_64-mingw32/bin/../lib/gcc/nios2-elf/5.3.0/mhw-mulx\libgcc.a(eqdf2.o)
                0x00000000000186ec                __nedf2
                0x00000000000186ec                __eqdf2
 .text          0x0000000000018774       0xdc c:/users/jasper/desktop/vhdl/quartuslitefiles/nios2eds/bin/gnu/h-x86_64-mingw32/bin/../lib/gcc/nios2-elf/5.3.0/mhw-mulx\libgcc.a(gedf2.o)
                0x0000000000018774                __gedf2
                0x0000000000018774                __gtdf2
 .text          0x0000000000018850       0xf4 c:/users/jasper/desktop/vhdl/quartuslitefiles/nios2eds/bin/gnu/h-x86_64-mingw32/bin/../lib/gcc/nios2-elf/5.3.0/mhw-mulx\libgcc.a(ledf2.o)
                0x0000000000018850                __ledf2
                0x0000000000018850                __ltdf2
 .text          0x0000000000018944      0x718 c:/users/jasper/desktop/vhdl/quartuslitefiles/nios2eds/bin/gnu/h-x86_64-mingw32/bin/../lib/gcc/nios2-elf/5.3.0/mhw-mulx\libgcc.a(muldf3.o)
                0x0000000000018944                __muldf3
 .text          0x000000000001905c      0x8fc c:/users/jasper/desktop/vhdl/quartuslitefiles/nios2eds/bin/gnu/h-x86_64-mingw32/bin/../lib/gcc/nios2-elf/5.3.0/mhw-mulx\libgcc.a(subdf3.o)
                0x000000000001905c                __subdf3
 .text          0x0000000000019958       0x80 c:/users/jasper/desktop/vhdl/quartuslitefiles/nios2eds/bin/gnu/h-x86_64-mingw32/bin/../lib/gcc/nios2-elf/5.3.0/mhw-mulx\libgcc.a(fixdfsi.o)
                0x0000000000019958                __fixdfsi
 .text          0x00000000000199d8       0xdc c:/users/jasper/desktop/vhdl/quartuslitefiles/nios2eds/bin/gnu/h-x86_64-mingw32/bin/../lib/gcc/nios2-elf/5.3.0/mhw-mulx\libgcc.a(floatsidf.o)
                0x00000000000199d8                __floatsidf
 .text          0x0000000000019ab4       0xa8 c:/users/jasper/desktop/vhdl/quartuslitefiles/nios2eds/bin/gnu/h-x86_64-mingw32/bin/../lib/gcc/nios2-elf/5.3.0/mhw-mulx\libgcc.a(floatunsidf.o)
                0x0000000000019ab4                __floatunsidf
 .text          0x0000000000019b5c      0x1a8 c:/users/jasper/desktop/vhdl/quartuslitefiles/nios2eds/bin/gnu/h-x86_64-mingw32/bin/../lib/gcc/nios2-elf/5.3.0/mhw-mulx\libgcc.a(truncdfsf2.o)
                0x0000000000019b5c                __truncdfsf2
 .text          0x0000000000019d04        0x0 c:/users/jasper/desktop/vhdl/quartuslitefiles/nios2eds/bin/gnu/h-x86_64-mingw32/bin/../lib/gcc/nios2-elf/5.3.0/mhw-mulx\libgcc.a(_clz.o)
 .text          0x0000000000019d04       0x64 c:/users/jasper/desktop/vhdl/quartuslitefiles/nios2eds/bin/gnu/h-x86_64-mingw32/bin/../lib/gcc/nios2-elf/5.3.0/mhw-mulx\libgcc.a(_clzsi2.o)
                0x0000000000019d04                __clzsi2
 .text          0x0000000000019d68      0x10c ../DikkeKoek_bsp/\libucosii_bsp.a(alt_close.o)
                0x0000000000019da4                close
 .text          0x0000000000019e74       0x2c ../DikkeKoek_bsp/\libucosii_bsp.a(alt_dev.o)
 .text          0x0000000000019ea0        0x0 ../DikkeKoek_bsp/\libucosii_bsp.a(alt_errno.o)
 .text          0x0000000000019ea0       0xec ../DikkeKoek_bsp/\libucosii_bsp.a(alt_fstat.o)
                0x0000000000019edc                fstat
 .text          0x0000000000019f8c       0xe0 ../DikkeKoek_bsp/\libucosii_bsp.a(alt_isatty.o)
                0x0000000000019fc8                isatty
 .text          0x000000000001a06c       0xec ../DikkeKoek_bsp/\libucosii_bsp.a(alt_load.o)
                0x000000000001a0d4                alt_load
 .text          0x000000000001a158      0x110 ../DikkeKoek_bsp/\libucosii_bsp.a(alt_lseek.o)
                0x000000000001a194                lseek
 .text          0x000000000001a268       0xbc ../DikkeKoek_bsp/\libucosii_bsp.a(alt_main.o)
                0x000000000001a268                alt_main
 .text          0x000000000001a324      0x138 ../DikkeKoek_bsp/\libucosii_bsp.a(alt_read.o)
                0x000000000001a360                read
 .text          0x000000000001a45c       0x64 ../DikkeKoek_bsp/\libucosii_bsp.a(alt_release_fd.o)
                0x000000000001a45c                alt_release_fd
 .text          0x000000000001a4c0       0xb0 ../DikkeKoek_bsp/\libucosii_bsp.a(alt_sbrk.o)
                0x000000000001a4c0                sbrk
 .text          0x000000000001a570      0x134 ../DikkeKoek_bsp/\libucosii_bsp.a(alt_write.o)
                0x000000000001a5ac                write
 .text          0x000000000001a6a4      0x124 ../DikkeKoek_bsp/\libucosii_bsp.a(alt_env_lock.o)
                0x000000000001a6a4                __env_lock
                0x000000000001a768                __env_unlock
 .text          0x000000000001a7c8      0x1ec ../DikkeKoek_bsp/\libucosii_bsp.a(alt_malloc_lock.o)
                0x000000000001a7c8                __malloc_lock
                0x000000000001a8e8                __malloc_unlock
 .text          0x000000000001a9b4     0x2024 ../DikkeKoek_bsp/\libucosii_bsp.a(os_core.o)
                0x000000000001a9b4                OSEventNameGet
                0x000000000001aad4                OSEventNameSet
                0x000000000001ac14                OSEventPendMulti
                0x000000000001b224                OSInit
                0x000000000001b27c                OSIntEnter
                0x000000000001b2c8                OSIntExit
                0x000000000001b3c0                OSSchedLock
                0x000000000001b44c                OSSchedUnlock
                0x000000000001b528                OSStart
                0x000000000001b598                OSStatInit
                0x000000000001b648                OSTimeTick
                0x000000000001b868                OSVersion
                0x000000000001b888                OS_Dummy
                0x000000000001b8a8                OS_EventTaskRdy
                0x000000000001ba40                OS_EventTaskWait
                0x000000000001bb50                OS_EventTaskWaitMulti
                0x000000000001bca0                OS_EventTaskRemove
                0x000000000001bd58                OS_EventTaskRemoveMulti
                0x000000000001be58                OS_EventWaitListInit
                0x000000000001c238                OS_MemClr
                0x000000000001c28c                OS_MemCopy
                0x000000000001c2f4                OS_Sched
                0x000000000001c438                OS_StrCopy
                0x000000000001c4ac                OS_StrLen
                0x000000000001c500                OS_TaskIdle
                0x000000000001c55c                OS_TaskStat
                0x000000000001c638                OS_TaskStatStkChk
                0x000000000001c704                OS_TCBInit
 .text          0x000000000001c9d8      0x190 ../DikkeKoek_bsp/\libucosii_bsp.a(os_dbg.o)
                0x000000000001c9d8                OSDebugInit
 .text          0x000000000001cb68     0x1714 ../DikkeKoek_bsp/\libucosii_bsp.a(os_flag.o)
                0x000000000001cb68                OSFlagAccept
                0x000000000001ce70                OSFlagCreate
                0x000000000001cf78                OSFlagDel
                0x000000000001d1c0                OSFlagNameGet
                0x000000000001d2e8                OSFlagNameSet
                0x000000000001d434                OSFlagPend
                0x000000000001d9ec                OSFlagPendGetFlagsRdy
                0x000000000001da4c                OSFlagPost
                0x000000000001dde0                OSFlagQuery
                0x000000000001e004                OS_FlagInit
                0x000000000001e1d8                OS_FlagUnlink
 .text          0x000000000001e27c      0x754 ../DikkeKoek_bsp/\libucosii_bsp.a(os_mem.o)
                0x000000000001e27c                OSMemCreate
                0x000000000001e450                OSMemGet
                0x000000000001e540                OSMemNameGet
                0x000000000001e630                OSMemNameSet
                0x000000000001e744                OSMemPut
                0x000000000001e81c                OSMemQuery
                0x000000000001e904                OS_MemInit
 .text          0x000000000001e9d0     0x1104 ../DikkeKoek_bsp/\libucosii_bsp.a(os_q.o)
                0x000000000001e9d0                OSQAccept
                0x000000000001eb10                OSQCreate
                0x000000000001ecbc                OSQDel
                0x000000000001ef3c                OSQFlush
                0x000000000001eff4                OSQPend
                0x000000000001f280                OSQPendAbort
                0x000000000001f3ec                OSQPost
                0x000000000001f554                OSQPostFront
                0x000000000001f6c4                OSQPostOpt
                0x000000000001f8d0                OSQQuery
                0x000000000001fa2c                OS_QInit
 .text          0x000000000001fad4      0xa60 ../DikkeKoek_bsp/\libucosii_bsp.a(os_sem.o)
                0x000000000001fad4                OSSemAccept
                0x000000000001fb84                OSSemCreate
                0x000000000001fc5c                OSSemDel
                0x000000000001fe9c                OSSemPend
                0x00000000000200a8                OSSemPendAbort
                0x0000000000020214                OSSemPost
                0x0000000000020324                OSSemQuery
                0x0000000000020434                OSSemSet
 .text          0x0000000000020534     0x176c ../DikkeKoek_bsp/\libucosii_bsp.a(os_task.o)
                0x0000000000020534                OSTaskChangePrio
                0x0000000000020a24                OSTaskCreate
                0x0000000000020bd0                OSTaskCreateExt
                0x0000000000020db4                OSTaskDel
                0x00000000000210f8                OSTaskDelReq
                0x0000000000021248                OSTaskNameGet
                0x00000000000213e0                OSTaskNameSet
                0x0000000000021594                OSTaskResume
                0x0000000000021768                OSTaskStkChk
                0x0000000000021928                OSTaskSuspend
                0x0000000000021b0c                OSTaskQuery
                0x0000000000021c30                OS_TaskStkClr
 .text          0x0000000000021ca0      0x4f4 ../DikkeKoek_bsp/\libucosii_bsp.a(os_time.o)
                0x0000000000021ca0                OSTimeDly
                0x0000000000021da4                OSTimeDlyHMSM
                0x0000000000021f04                OSTimeDlyResume
                0x00000000000220d8                OSTimeGet
                0x0000000000022134                OSTimeSet
 .text          0x0000000000022194       0xb4 ../DikkeKoek_bsp/\libucosii_bsp.a(alt_sys_init.o)
                0x00000000000221c8                alt_irq_init
                0x0000000000022200                alt_sys_init
 .text          0x0000000000022248      0x164 ../DikkeKoek_bsp/\libucosii_bsp.a(altera_avalon_jtag_uart_fd.o)
                0x0000000000022248                altera_avalon_jtag_uart_read_fd
                0x00000000000222a8                altera_avalon_jtag_uart_write_fd
                0x0000000000022308                altera_avalon_jtag_uart_close_fd
                0x0000000000022358                altera_avalon_jtag_uart_ioctl_fd
 .text          0x00000000000223ac      0x558 ../DikkeKoek_bsp/\libucosii_bsp.a(altera_avalon_jtag_uart_init.o)
                0x00000000000223ac                altera_avalon_jtag_uart_init
                0x000000000002289c                altera_avalon_jtag_uart_close
 .text          0x0000000000022904       0xf0 ../DikkeKoek_bsp/\libucosii_bsp.a(altera_avalon_jtag_uart_ioctl.o)
                0x0000000000022904                altera_avalon_jtag_uart_ioctl
 .text          0x00000000000229f4      0x2bc ../DikkeKoek_bsp/\libucosii_bsp.a(altera_avalon_jtag_uart_read.o)
                0x00000000000229f4                altera_avalon_jtag_uart_read
 .text          0x0000000000022cb0      0x2c4 ../DikkeKoek_bsp/\libucosii_bsp.a(altera_avalon_jtag_uart_write.o)
                0x0000000000022cb0                altera_avalon_jtag_uart_write
 .text          0x0000000000022f74      0x12c ../DikkeKoek_bsp/\libucosii_bsp.a(alt_alarm_start.o)
                0x0000000000022f74                alt_alarm_start
 .text          0x00000000000230a0       0x20 ../DikkeKoek_bsp/\libucosii_bsp.a(alt_dcache_flush_all.o)
                0x00000000000230a0                alt_dcache_flush_all
 .text          0x00000000000230c0       0xe0 ../DikkeKoek_bsp/\libucosii_bsp.a(alt_dev_llist_insert.o)
                0x00000000000230fc                alt_dev_llist_insert
 .text          0x00000000000231a0       0x60 ../DikkeKoek_bsp/\libucosii_bsp.a(alt_do_ctors.o)
                0x00000000000231a0                _do_ctors
 .text          0x0000000000023200       0x60 ../DikkeKoek_bsp/\libucosii_bsp.a(alt_do_dtors.o)
                0x0000000000023200                _do_dtors
 .text          0x0000000000023260       0x34 ../DikkeKoek_bsp/\libucosii_bsp.a(alt_icache_flush_all.o)
                0x0000000000023260                alt_icache_flush_all
 .text          0x0000000000023294      0x1b0 ../DikkeKoek_bsp/\libucosii_bsp.a(alt_iic.o)
                0x0000000000023294                alt_ic_isr_register
                0x00000000000232e4                alt_ic_irq_enable
                0x000000000002336c                alt_ic_irq_disable
                0x00000000000233f8                alt_ic_irq_enabled
 .text          0x0000000000023444       0xf0 ../DikkeKoek_bsp/\libucosii_bsp.a(alt_iic_isr_register.o)
                0x0000000000023444                alt_iic_isr_register
 .text          0x0000000000023534      0x140 ../DikkeKoek_bsp/\libucosii_bsp.a(alt_io_redirect.o)
                0x00000000000235f8                alt_io_redirect
 .text          0x0000000000023674        0x0 ../DikkeKoek_bsp/\libucosii_bsp.a(alt_irq_entry.o)
 .text          0x0000000000023674        0x0 ../DikkeKoek_bsp/\libucosii_bsp.a(alt_irq_handler.o)
 .text          0x0000000000023674        0x0 ../DikkeKoek_bsp/\libucosii_bsp.a(alt_irq_vars.o)
 .text          0x0000000000023674      0x254 ../DikkeKoek_bsp/\libucosii_bsp.a(alt_open.o)
                0x0000000000023774                open
 .text          0x00000000000238c8      0x1a4 ../DikkeKoek_bsp/\libucosii_bsp.a(alt_tick.o)
                0x00000000000238c8                alt_alarm_stop
                0x0000000000023964                alt_tick
 .text          0x0000000000023a6c       0x24 ../DikkeKoek_bsp/\libucosii_bsp.a(altera_nios2_gen2_irq.o)
                0x0000000000023a6c                altera_nios2_gen2_irq_init
 .text          0x0000000000023a90       0xd0 ../DikkeKoek_bsp/\libucosii_bsp.a(os_cpu_a.o)
                0x0000000000023a90                OSCtxSw
                0x0000000000023a90                OSIntCtxSw
                0x0000000000023b1c                OSStartHighRdy
                0x0000000000023b3c                OSStartTsk
 .text          0x0000000000023b60      0x288 ../DikkeKoek_bsp/\libucosii_bsp.a(os_cpu_c.o)
                0x0000000000023b60                OSTaskStkInit
                0x0000000000023cbc                OSTaskCreateHook
                0x0000000000023ce0                OSTaskDelHook
                0x0000000000023d04                OSTaskSwHook
                0x0000000000023d24                OSTaskStatHook
                0x0000000000023d44                OSTimeTickHook
                0x0000000000023d64                OSInitHookBegin
                0x0000000000023d84                OSInitHookEnd
                0x0000000000023da4                OSTaskIdleHook
                0x0000000000023dc4                OSTCBInitHook
 .text          0x0000000000023de8        0x0 ../DikkeKoek_bsp/\libucosii_bsp.a(alt_exception_entry.o)
 .text          0x0000000000023de8       0x90 ../DikkeKoek_bsp/\libucosii_bsp.a(alt_find_dev.o)
                0x0000000000023de8                alt_find_dev
 .text          0x0000000000023e78      0x108 ../DikkeKoek_bsp/\libucosii_bsp.a(alt_find_file.o)
                0x0000000000023e78                alt_find_file
 .text          0x0000000000023f80       0xdc ../DikkeKoek_bsp/\libucosii_bsp.a(alt_get_fd.o)
                0x0000000000023f80                alt_get_fd
 .text          0x000000000002405c       0x90 ../DikkeKoek_bsp/\libucosii_bsp.a(alt_icache_flush.o)
                0x000000000002405c                alt_icache_flush
 .text          0x00000000000240ec       0x9c ../DikkeKoek_bsp/\libucosii_bsp.a(alt_instruction_exception_entry.o)
                0x00000000000240ec                alt_exception_cause_generated_bad_addr
 .text          0x0000000000024188        0x0 c:/users/jasper/desktop/vhdl/quartuslitefiles/nios2eds/bin/gnu/h-x86_64-mingw32/bin/../lib/gcc/nios2-elf/5.3.0/../../../../../H-x86_64-mingw32/nios2-elf/lib/mhw-mulx\libc.a(lib_a-atexit.o)
 .text.atexit   0x0000000000024188       0x14 c:/users/jasper/desktop/vhdl/quartuslitefiles/nios2eds/bin/gnu/h-x86_64-mingw32/bin/../lib/gcc/nios2-elf/5.3.0/../../../../../H-x86_64-mingw32/nios2-elf/lib/mhw-mulx\libc.a(lib_a-atexit.o)
                0x0000000000024188                atexit
 .text          0x000000000002419c        0x0 c:/users/jasper/desktop/vhdl/quartuslitefiles/nios2eds/bin/gnu/h-x86_64-mingw32/bin/../lib/gcc/nios2-elf/5.3.0/../../../../../H-x86_64-mingw32/nios2-elf/lib/mhw-mulx\libc.a(lib_a-exit.o)
 .text.exit     0x000000000002419c       0x38 c:/users/jasper/desktop/vhdl/quartuslitefiles/nios2eds/bin/gnu/h-x86_64-mingw32/bin/../lib/gcc/nios2-elf/5.3.0/../../../../../H-x86_64-mingw32/nios2-elf/lib/mhw-mulx\libc.a(lib_a-exit.o)
                0x000000000002419c                exit
 .text          0x00000000000241d4        0x0 c:/users/jasper/desktop/vhdl/quartuslitefiles/nios2eds/bin/gnu/h-x86_64-mingw32/bin/../lib/gcc/nios2-elf/5.3.0/../../../../../H-x86_64-mingw32/nios2-elf/lib/mhw-mulx\libc.a(lib_a-memcmp.o)
 .text.memcmp   0x00000000000241d4       0x7c c:/users/jasper/desktop/vhdl/quartuslitefiles/nios2eds/bin/gnu/h-x86_64-mingw32/bin/../lib/gcc/nios2-elf/5.3.0/../../../../../H-x86_64-mingw32/nios2-elf/lib/mhw-mulx\libc.a(lib_a-memcmp.o)
                0x00000000000241d4                memcmp
 .text          0x0000000000024250        0x0 c:/users/jasper/desktop/vhdl/quartuslitefiles/nios2eds/bin/gnu/h-x86_64-mingw32/bin/../lib/gcc/nios2-elf/5.3.0/../../../../../H-x86_64-mingw32/nios2-elf/lib/mhw-mulx\libc.a(lib_a-__atexit.o)
 .text.__register_exitproc
                0x0000000000024250      0x118 c:/users/jasper/desktop/vhdl/quartuslitefiles/nios2eds/bin/gnu/h-x86_64-mingw32/bin/../lib/gcc/nios2-elf/5.3.0/../../../../../H-x86_64-mingw32/nios2-elf/lib/mhw-mulx\libc.a(lib_a-__atexit.o)
                0x0000000000024250                __register_exitproc
 .text          0x0000000000024368        0x0 c:/users/jasper/desktop/vhdl/quartuslitefiles/nios2eds/bin/gnu/h-x86_64-mingw32/bin/../lib/gcc/nios2-elf/5.3.0/../../../../../H-x86_64-mingw32/nios2-elf/lib/mhw-mulx\libc.a(lib_a-__call_atexit.o)
 .text.__call_exitprocs
                0x0000000000024368      0x180 c:/users/jasper/desktop/vhdl/quartuslitefiles/nios2eds/bin/gnu/h-x86_64-mingw32/bin/../lib/gcc/nios2-elf/5.3.0/../../../../../H-x86_64-mingw32/nios2-elf/lib/mhw-mulx\libc.a(lib_a-__call_atexit.o)
                0x0000000000024368                __call_exitprocs
 .text          0x00000000000244e8       0x34 ../DikkeKoek_bsp/\libucosii_bsp.a(alt_exit.o)
                0x00000000000244e8                _exit
 *(.gnu.warning.*)
 *(.fini)
                [!provide]                        PROVIDE (__etext, ABSOLUTE (.))
                [!provide]                        PROVIDE (_etext, ABSOLUTE (.))
                [!provide]                        PROVIDE (etext, ABSOLUTE (.))
 *(.eh_frame_hdr)
                0x000000000002451c                . = ALIGN (0x4)
                [!provide]                        PROVIDE (__preinit_array_start, ABSOLUTE (.))
 *(.preinit_array)
                [!provide]                        PROVIDE (__preinit_array_end, ABSOLUTE (.))
                [!provide]                        PROVIDE (__init_array_start, ABSOLUTE (.))
 *(.init_array)
                [!provide]                        PROVIDE (__init_array_end, ABSOLUTE (.))
                [!provide]                        PROVIDE (__fini_array_start, ABSOLUTE (.))
 *(.fini_array)
                [!provide]                        PROVIDE (__fini_array_end, ABSOLUTE (.))
 *(.eh_frame)
 *(.gcc_except_table .gcc_except_table.*)
 *(.dynamic)
                0x000000000002451c                PROVIDE (__CTOR_LIST__, ABSOLUTE (.))
 *(.ctors)
 *(SORT(.ctors.*))
                0x000000000002451c                PROVIDE (__CTOR_END__, ABSOLUTE (.))
                0x000000000002451c                PROVIDE (__DTOR_LIST__, ABSOLUTE (.))
 *(.dtors)
 *(SORT(.dtors.*))
                0x000000000002451c                PROVIDE (__DTOR_END__, ABSOLUTE (.))
 *(.jcr)
                0x000000000002451c                . = ALIGN (0x4)

.rodata         0x000000000002451c      0xaf0
                0x000000000002451c                PROVIDE (__ram_rodata_start, ABSOLUTE (.))
                0x000000000002451c                . = ALIGN (0x4)
 *(.rodata .rodata.* .gnu.linkonce.r.*)
 .rodata        0x000000000002451c      0x1fe obj/default/algo_ucos.o
 *fill*         0x000000000002471a        0x2 
 .rodata        0x000000000002471c       0x86 obj/default/vector.o
 *fill*         0x00000000000247a2        0x2 
 .rodata.str1.4
                0x00000000000247a4        0x2 c:/users/jasper/desktop/vhdl/quartuslitefiles/nios2eds/bin/gnu/h-x86_64-mingw32/bin/../lib/gcc/nios2-elf/5.3.0/../../../../../H-x86_64-mingw32/nios2-elf/lib/mhw-mulx\libc.a(lib_a-impure.o)
 *fill*         0x00000000000247a6        0x2 
 .rodata.str1.4
                0x00000000000247a8        0x2 c:/users/jasper/desktop/vhdl/quartuslitefiles/nios2eds/bin/gnu/h-x86_64-mingw32/bin/../lib/gcc/nios2-elf/5.3.0/../../../../../H-x86_64-mingw32/nios2-elf/lib/mhw-mulx\libc.a(lib_a-puts.o)
 *fill*         0x00000000000247aa        0x2 
 .rodata.str1.4
                0x00000000000247ac       0x42 c:/users/jasper/desktop/vhdl/quartuslitefiles/nios2eds/bin/gnu/h-x86_64-mingw32/bin/../lib/gcc/nios2-elf/5.3.0/../../../../../H-x86_64-mingw32/nios2-elf/lib/mhw-mulx\libc.a(lib_a-vfprintf.o)
 .rodata.zeroes.4404
                0x00000000000247ee       0x10 c:/users/jasper/desktop/vhdl/quartuslitefiles/nios2eds/bin/gnu/h-x86_64-mingw32/bin/../lib/gcc/nios2-elf/5.3.0/../../../../../H-x86_64-mingw32/nios2-elf/lib/mhw-mulx\libc.a(lib_a-vfprintf.o)
 .rodata.blanks.4403
                0x00000000000247fe       0x10 c:/users/jasper/desktop/vhdl/quartuslitefiles/nios2eds/bin/gnu/h-x86_64-mingw32/bin/../lib/gcc/nios2-elf/5.3.0/../../../../../H-x86_64-mingw32/nios2-elf/lib/mhw-mulx\libc.a(lib_a-vfprintf.o)
 *fill*         0x000000000002480e        0x2 
 .rodata.str1.4
                0x0000000000024810        0x5 c:/users/jasper/desktop/vhdl/quartuslitefiles/nios2eds/bin/gnu/h-x86_64-mingw32/bin/../lib/gcc/nios2-elf/5.3.0/../../../../../H-x86_64-mingw32/nios2-elf/lib/mhw-mulx\libc.a(lib_a-vfscanf.o)
 *fill*         0x0000000000024815        0x1 
 .rodata.basefix.4359