------------------------------------------------------------
TimeQuest Timing Analyzer Summary
------------------------------------------------------------

Type  : Slow 1200mV 85C Model Setup 'ov7670_pclk'
Slack : -6.091
TNS   : -2981.307

Type  : Slow 1200mV 85C Model Setup 'Inst_four_clocks_pll|altpll_component|auto_generated|pll1|clk[0]'
Slack : -3.511
TNS   : -9.491

Type  : Slow 1200mV 85C Model Setup 'Inst_four_clocks_pll|altpll_component|auto_generated|pll1|clk[3]'
Slack : 1.743
TNS   : 0.000

Type  : Slow 1200mV 85C Model Setup 'Inst_four_clocks_pll|altpll_component|auto_generated|pll1|clk[2]'
Slack : 11.120
TNS   : 0.000

Type  : Slow 1200mV 85C Model Hold 'ov7670_pclk'
Slack : 0.178
TNS   : 0.000

Type  : Slow 1200mV 85C Model Hold 'Inst_four_clocks_pll|altpll_component|auto_generated|pll1|clk[3]'
Slack : 0.344
TNS   : 0.000

Type  : Slow 1200mV 85C Model Hold 'Inst_four_clocks_pll|altpll_component|auto_generated|pll1|clk[2]'
Slack : 0.367
TNS   : 0.000

Type  : Slow 1200mV 85C Model Hold 'Inst_four_clocks_pll|altpll_component|auto_generated|pll1|clk[0]'
Slack : 0.402
TNS   : 0.000

Type  : Slow 1200mV 85C Model Minimum Pulse Width 'ov7670_pclk'
Slack : -3.000
TNS   : -1617.802

Type  : Slow 1200mV 85C Model Minimum Pulse Width 'Inst_four_clocks_pll|altpll_component|auto_generated|pll1|clk[0]'
Slack : 4.706
TNS   : 0.000

Type  : Slow 1200mV 85C Model Minimum Pulse Width 'Inst_four_clocks_pll|altpll_component|auto_generated|pll1|clk[2]'
Slack : 9.709
TNS   : 0.000

Type  : Slow 1200mV 85C Model Minimum Pulse Width 'clk_50'
Slack : 9.891
TNS   : 0.000

Type  : Slow 1200mV 85C Model Minimum Pulse Width 'Inst_four_clocks_pll|altpll_component|auto_generated|pll1|clk[3]'
Slack : 19.705
TNS   : 0.000

Type  : Slow 1200mV 0C Model Setup 'ov7670_pclk'
Slack : -5.556
TNS   : -2709.273

Type  : Slow 1200mV 0C Model Setup 'Inst_four_clocks_pll|altpll_component|auto_generated|pll1|clk[0]'
Slack : -3.085
TNS   : -3.567

Type  : Slow 1200mV 0C Model Setup 'Inst_four_clocks_pll|altpll_component|auto_generated|pll1|clk[3]'
Slack : 2.270
TNS   : 0.000

Type  : Slow 1200mV 0C Model Setup 'Inst_four_clocks_pll|altpll_component|auto_generated|pll1|clk[2]'
Slack : 11.954
TNS   : 0.000

Type  : Slow 1200mV 0C Model Hold 'ov7670_pclk'
Slack : 0.214
TNS   : 0.000

Type  : Slow 1200mV 0C Model Hold 'Inst_four_clocks_pll|altpll_component|auto_generated|pll1|clk[3]'
Slack : 0.344
TNS   : 0.000

Type  : Slow 1200mV 0C Model Hold 'Inst_four_clocks_pll|altpll_component|auto_generated|pll1|clk[0]'
Slack : 0.354
TNS   : 0.000

Type  : Slow 1200mV 0C Model Hold 'Inst_four_clocks_pll|altpll_component|auto_generated|pll1|clk[2]'
Slack : 0.355
TNS   : 0.000

Type  : Slow 1200mV 0C Model Minimum Pulse Width 'ov7670_pclk'
Slack : -3.000
TNS   : -1591.789

Type  : Slow 1200mV 0C Model Minimum Pulse Width 'Inst_four_clocks_pll|altpll_component|auto_generated|pll1|clk[0]'
Slack : 4.692
TNS   : 0.000

Type  : Slow 1200mV 0C Model Minimum Pulse Width 'Inst_four_clocks_pll|altpll_component|auto_generated|pll1|clk[2]'
Slack : 9.709
TNS   : 0.000

Type  : Slow 1200mV 0C Model Minimum Pulse Width 'clk_50'
Slack : 9.887
TNS   : 0.000

Type  : Slow 1200mV 0C Model Minimum Pulse Width 'Inst_four_clocks_pll|altpll_component|auto_generated|pll1|clk[3]'
Slack : 19.693
TNS   : 0.000

Type  : Fast 1200mV 0C Model Setup 'ov7670_pclk'
Slack : -2.739
TNS   : -1272.380

Type  : Fast 1200mV 0C Model Setup 'Inst_four_clocks_pll|altpll_component|auto_generated|pll1|clk[0]'
Slack : -1.328
TNS   : -1.328

Type  : Fast 1200mV 0C Model Setup 'Inst_four_clocks_pll|altpll_component|auto_generated|pll1|clk[3]'
Slack : 5.267
TNS   : 0.000

Type  : Fast 1200mV 0C Model Setup 'Inst_four_clocks_pll|altpll_component|auto_generated|pll1|clk[2]'
Slack : 15.825
TNS   : 0.000

Type  : Fast 1200mV 0C Model Hold 'ov7670_pclk'
Slack : 0.029
TNS   : 0.000

Type  : Fast 1200mV 0C Model Hold 'Inst_four_clocks_pll|altpll_component|auto_generated|pll1|clk[3]'
Slack : 0.134
TNS   : 0.000

Type  : Fast 1200mV 0C Model Hold 'Inst_four_clocks_pll|altpll_component|auto_generated|pll1|clk[2]'
Slack : 0.155
TNS   : 0.000

Type  : Fast 1200mV 0C Model Hold 'Inst_four_clocks_pll|altpll_component|auto_generated|pll1|clk[0]'
Slack : 0.181
TNS   : 0.000

Type  : Fast 1200mV 0C Model Minimum Pulse Width 'ov7670_pclk'
Slack : -3.000
TNS   : -802.245

Type  : Fast 1200mV 0C Model Minimum Pulse Width 'Inst_four_clocks_pll|altpll_component|auto_generated|pll1|clk[0]'
Slack : 4.779
TNS   : 0.000

Type  : Fast 1200mV 0C Model Minimum Pulse Width 'clk_50'
Slack : 9.574
TNS   : 0.000

Type  : Fast 1200mV 0C Model Minimum Pulse Width 'Inst_four_clocks_pll|altpll_component|auto_generated|pll1|clk[2]'
Slack : 9.754
TNS   : 0.000

Type  : Fast 1200mV 0C Model Minimum Pulse Width 'Inst_four_clocks_pll|altpll_component|auto_generated|pll1|clk[3]'
Slack : 19.750
TNS   : 0.000

------------------------------------------------------------
