Archive member included to satisfy reference by file (symbol)

c:/intelfpga_lite/16.1/nios2eds/bin/gnu/h-x86_64-mingw32/bin/../lib/gcc/nios2-elf/5.3.0/../../../../../H-x86_64-mingw32/nios2-elf/lib/mhw-mulx\libc.a(lib_a-puts.o)
                              obj/default/hello_ucosii.o (puts)
c:/intelfpga_lite/16.1/nios2eds/bin/gnu/h-x86_64-mingw32/bin/../lib/gcc/nios2-elf/5.3.0/../../../../../H-x86_64-mingw32/nios2-elf/lib/mhw-mulx\libc.a(lib_a-strlen.o)
                              c:/intelfpga_lite/16.1/nios2eds/bin/gnu/h-x86_64-mingw32/bin/../lib/gcc/nios2-elf/5.3.0/../../../../../H-x86_64-mingw32/nios2-elf/lib/mhw-mulx\libc.a(lib_a-puts.o) (strlen)
c:/intelfpga_lite/16.1/nios2eds/bin/gnu/h-x86_64-mingw32/bin/../lib/gcc/nios2-elf/5.3.0/../../../../../H-x86_64-mingw32/nios2-elf/lib/mhw-mulx\libc.a(lib_a-findfp.o)
                              c:/intelfpga_lite/16.1/nios2eds/bin/gnu/h-x86_64-mingw32/bin/../lib/gcc/nios2-elf/5.3.0/../../../../../H-x86_64-mingw32/nios2-elf/lib/mhw-mulx\libc.a(lib_a-puts.o) (__sinit)
c:/intelfpga_lite/16.1/nios2eds/bin/gnu/h-x86_64-mingw32/bin/../lib/gcc/nios2-elf/5.3.0/../../../../../H-x86_64-mingw32/nios2-elf/lib/mhw-mulx\libc.a(lib_a-fvwrite.o)
                              c:/intelfpga_lite/16.1/nios2eds/bin/gnu/h-x86_64-mingw32/bin/../lib/gcc/nios2-elf/5.3.0/../../../../../H-x86_64-mingw32/nios2-elf/lib/mhw-mulx\libc.a(lib_a-puts.o) (__sfvwrite_r)
c:/intelfpga_lite/16.1/nios2eds/bin/gnu/h-x86_64-mingw32/bin/../lib/gcc/nios2-elf/5.3.0/../../../../../H-x86_64-mingw32/nios2-elf/lib/mhw-mulx\libc.a(lib_a-fwalk.o)
                              c:/intelfpga_lite/16.1/nios2eds/bin/gnu/h-x86_64-mingw32/bin/../lib/gcc/nios2-elf/5.3.0/../../../../../H-x86_64-mingw32/nios2-elf/lib/mhw-mulx\libc.a(lib_a-findfp.o) (_fwalk)
c:/intelfpga_lite/16.1/nios2eds/bin/gnu/h-x86_64-mingw32/bin/../lib/gcc/nios2-elf/5.3.0/../../../../../H-x86_64-mingw32/nios2-elf/lib/mhw-mulx\libc.a(lib_a-impure.o)
                              c:/intelfpga_lite/16.1/nios2eds/bin/gnu/h-x86_64-mingw32/bin/../lib/gcc/nios2-elf/5.3.0/../../../../../H-x86_64-mingw32/nios2-elf/lib/mhw-mulx\libc.a(lib_a-findfp.o) (_global_impure_ptr)
c:/intelfpga_lite/16.1/nios2eds/bin/gnu/h-x86_64-mingw32/bin/../lib/gcc/nios2-elf/5.3.0/../../../../../H-x86_64-mingw32/nios2-elf/lib/mhw-mulx\libc.a(lib_a-mallocr.o)
                              c:/intelfpga_lite/16.1/nios2eds/bin/gnu/h-x86_64-mingw32/bin/../lib/gcc/nios2-elf/5.3.0/../../../../../H-x86_64-mingw32/nios2-elf/lib/mhw-mulx\libc.a(lib_a-findfp.o) (_malloc_r)
c:/intelfpga_lite/16.1/nios2eds/bin/gnu/h-x86_64-mingw32/bin/../lib/gcc/nios2-elf/5.3.0/../../../../../H-x86_64-mingw32/nios2-elf/lib/mhw-mulx\libc.a(lib_a-memchr.o)
                              c:/intelfpga_lite/16.1/nios2eds/bin/gnu/h-x86_64-mingw32/bin/../lib/gcc/nios2-elf/5.3.0/../../../../../H-x86_64-mingw32/nios2-elf/lib/mhw-mulx\libc.a(lib_a-fvwrite.o) (memchr)
c:/intelfpga_lite/16.1/nios2eds/bin/gnu/h-x86_64-mingw32/bin/../lib/gcc/nios2-elf/5.3.0/../../../../../H-x86_64-mingw32/nios2-elf/lib/mhw-mulx\libc.a(lib_a-memcpy.o)
                              c:/intelfpga_lite/16.1/nios2eds/bin/gnu/h-x86_64-mingw32/bin/../lib/gcc/nios2-elf/5.3.0/../../../../../H-x86_64-mingw32/nios2-elf/lib/mhw-mulx\libc.a(lib_a-fvwrite.o) (memcpy)
c:/intelfpga_lite/16.1/nios2eds/bin/gnu/h-x86_64-mingw32/bin/../lib/gcc/nios2-elf/5.3.0/../../../../../H-x86_64-mingw32/nios2-elf/lib/mhw-mulx\libc.a(lib_a-memmove.o)
                              c:/intelfpga_lite/16.1/nios2eds/bin/gnu/h-x86_64-mingw32/bin/../lib/gcc/nios2-elf/5.3.0/../../../../../H-x86_64-mingw32/nios2-elf/lib/mhw-mulx\libc.a(lib_a-fvwrite.o) (memmove)
c:/intelfpga_lite/16.1/nios2eds/bin/gnu/h-x86_64-mingw32/bin/../lib/gcc/nios2-elf/5.3.0/../../../../../H-x86_64-mingw32/nios2-elf/lib/mhw-mulx\libc.a(lib_a-memset.o)
                              c:/intelfpga_lite/16.1/nios2eds/bin/gnu/h-x86_64-mingw32/bin/../lib/gcc/nios2-elf/5.3.0/../../../../../H-x86_64-mingw32/nios2-elf/lib/mhw-mulx\libc.a(lib_a-findfp.o) (memset)
c:/intelfpga_lite/16.1/nios2eds/bin/gnu/h-x86_64-mingw32/bin/../lib/gcc/nios2-elf/5.3.0/../../../../../H-x86_64-mingw32/nios2-elf/lib/mhw-mulx\libc.a(lib_a-reallocr.o)
                              c:/intelfpga_lite/16.1/nios2eds/bin/gnu/h-x86_64-mingw32/bin/../lib/gcc/nios2-elf/5.3.0/../../../../../H-x86_64-mingw32/nios2-elf/lib/mhw-mulx\libc.a(lib_a-fvwrite.o) (_realloc_r)
c:/intelfpga_lite/16.1/nios2eds/bin/gnu/h-x86_64-mingw32/bin/../lib/gcc/nios2-elf/5.3.0/../../../../../H-x86_64-mingw32/nios2-elf/lib/mhw-mulx\libc.a(lib_a-sbrkr.o)
                              c:/intelfpga_lite/16.1/nios2eds/bin/gnu/h-x86_64-mingw32/bin/../lib/gcc/nios2-elf/5.3.0/../../../../../H-x86_64-mingw32/nios2-elf/lib/mhw-mulx\libc.a(lib_a-mallocr.o) (_sbrk_r)
c:/intelfpga_lite/16.1/nios2eds/bin/gnu/h-x86_64-mingw32/bin/../lib/gcc/nios2-elf/5.3.0/../../../../../H-x86_64-mingw32/nios2-elf/lib/mhw-mulx\libc.a(lib_a-stdio.o)
[...]
Memory Configuration

Name             Origin             Length             Attributes
reset            0x0000000000000000 0x0000000000000020
SDRAM            0x0000000000000020 0x0000000003ffffe0
VGA_Subsystem_Char_Buf_Subsystem_Onchip_SRAM 0x0000000009000000 0x0000000000002000
*default*        0x0000000000000000 0xffffffffffffffff

Linker script and memory map

LOAD C:/Users/Artee/Documents/ESAKBS2/nioseclipse_bsp//obj/HAL/src/crt0.o
LOAD obj/default/hello_ucosii.o
LOAD c:/intelfpga_lite/16.1/nios2eds/bin/gnu/h-x86_64-mingw32/bin/../lib/gcc/nios2-elf/5.3.0/../../../../../H-x86_64-mingw32/nios2-elf/lib/mhw-mulx\libstdc++.a
LOAD c:/intelfpga_lite/16.1/nios2eds/bin/gnu/h-x86_64-mingw32/bin/../lib/gcc/nios2-elf/5.3.0/../../../../../H-x86_64-mingw32/nios2-elf/lib/mhw-mulx\libm.a
LOAD c:/intelfpga_lite/16.1/nios2eds/bin/gnu/h-x86_64-mingw32/bin/../lib/gcc/nios2-elf/5.3.0/mhw-mulx\libgcc.a
START GROUP
LOAD c:/intelfpga_lite/16.1/nios2eds/bin/gnu/h-x86_64-mingw32/bin/../lib/gcc/nios2-elf/5.3.0/../../../../../H-x86_64-mingw32/nios2-elf/lib/mhw-mulx\libc.a
LOAD c:/intelfpga_lite/16.1/nios2eds/bin/gnu/h-x86_64-mingw32/bin/../lib/gcc/nios2-elf/5.3.0/mhw-mulx\libgcc.a
LOAD C:/Users/Artee/Documents/ESAKBS2/nioseclipse_bsp/\libucosii_bsp.a
LOAD c:/intelfpga_lite/16.1/nios2eds/bin/gnu/h-x86_64-mingw32/bin/../lib/gcc/nios2-elf/5.3.0/../../../../../H-x86_64-mingw32/nios2-elf/lib/mhw-mulx\libm.a
END GROUP
LOAD c:/intelfpga_lite/16.1/nios2eds/bin/gnu/h-x86_64-mingw32/bin/../lib/gcc/nios2-elf/5.3.0/mhw-mulx\libgcc.a
                0x0000000000000000                __alt_mem_SDRAM = 0x0
                0x0000000009000000                __alt_mem_VGA_Subsystem_Char_Buf_Subsystem_Onchip_SRAM = 0x9000000

.entry          0x0000000000000000       0x20
 *(.entry)
 .entry         0x0000000000000000       0x20 C:/Users/Artee/Documents/ESAKBS2/nioseclipse_bsp//obj/HAL/src/crt0.o
                0x0000000000000000                __reset

.exceptions     0x0000000000000020      0x228
                0x0000000000000020                PROVIDE (__ram_exceptions_start, ABSOLUTE (.))
                0x0000000000000020                . = ALIGN (0x20)
 *(.irq)
 *(.exceptions.entry.label)
 .exceptions.entry.label
                0x0000000000000020        0x0 C:/Users/Artee/Documents/ESAKBS2/nioseclipse_bsp/\libucosii_bsp.a(alt_irq_entry.o)
                0x0000000000000020                alt_irq_entry
 .exceptions.entry.label
                0x0000000000000020        0x0 C:/Users/Artee/Documents/ESAKBS2/nioseclipse_bsp/\libucosii_bsp.a(alt_exception_entry.o)
                0x0000000000000020                alt_exception
 *(.exceptions.entry.user)
 *(.exceptions.entry.ecc_fatal)
 *(.exceptions.entry)
 .exceptions.entry
                0x0000000000000020       0x54 C:/Users/Artee/Documents/ESAKBS2/nioseclipse_bsp/\libucosii_bsp.a(alt_exception_entry.o)
 *(.exceptions.irqtest.user)
 *(.exceptions.irqtest)
 .exceptions.irqtest
                0x0000000000000074       0x10 C:/Users/Artee/Documents/ESAKBS2/nioseclipse_bsp/\libucosii_bsp.a(alt_irq_entry.o)
 *(.exceptions.irqhandler.user)
 *(.exceptions.irqhandler)
 .exceptions.irqhandler
                0x0000000000000084        0x4 C:/Users/Artee/Documents/ESAKBS2/nioseclipse_bsp/\libucosii_bsp.a(alt_irq_entry.o)
 *(.exceptions.irqreturn.user)
 *(.exceptions.irqreturn)
 .exceptions.irqreturn
                0x0000000000000088        0x4 C:/Users/Artee/Documents/ESAKBS2/nioseclipse_bsp/\libucosii_bsp.a(alt_irq_entry.o)
 *(.exceptions.notirq.label)
 .exceptions.notirq.label
                0x000000000000008c        0x0 C:/Users/Artee/Documents/ESAKBS2/nioseclipse_bsp/\libucosii_bsp.a(alt_irq_entry.o)
 *(.exceptions.notirq.user)
 *(.exceptions.notirq)
 .exceptions.notirq
                0x000000000000008c        0x8 C:/Users/Artee/Documents/ESAKBS2/nioseclipse_bsp/\libucosii_bsp.a(alt_exception_entry.o)
 *(.exceptions.soft.user)
 *(.exceptions.soft)
 *(.exceptions.unknown.user)
 *(.exceptions.unknown)
 .exceptions.unknown
                0x0000000000000094       0x14 C:/Users/Artee/Documents/ESAKBS2/nioseclipse_bsp/\libucosii_bsp.a(alt_exception_entry.o)
 *(.exceptions.exit.label)
 .exceptions.exit.label
                0x00000000000000a8        0x0 C:/Users/Artee/Documents/ESAKBS2/nioseclipse_bsp/\libucosii_bsp.a(alt_irq_entry.o)
 .exceptions.exit.label
                0x00000000000000a8        0x0 C:/Users/Artee/Documents/ESAKBS2/nioseclipse_bsp/\libucosii_bsp.a(alt_exception_entry.o)
 *(.exceptions.exit.user)
 *(.exceptions.exit)
 .exceptions.exit
                0x00000000000000a8       0x54 C:/Users/Artee/Documents/ESAKBS2/nioseclipse_bsp/\libucosii_bsp.a(alt_exception_entry.o)
 *(.exceptions)
 .exceptions    0x00000000000000fc       0xd8 C:/Users/Artee/Documents/ESAKBS2/nioseclipse_bsp/\libucosii_bsp.a(alt_irq_handler.o)
                0x00000000000000fc                alt_irq_handler
 .exceptions    0x00000000000001d4       0x74 C:/Users/Artee/Documents/ESAKBS2/nioseclipse_bsp/\libucosii_bsp.a(alt_instruction_exception_entry.o)
                0x00000000000001d4                alt_instruction_exception_entry
                0x0000000000000248                PROVIDE (__ram_exceptions_end, ABSOLUTE (.))
                0x0000000000000020                PROVIDE (__flash_exceptions_start, LOADADDR (.exceptions))

.text           0x0000000000000248     0xf128
                [!provide]                        PROVIDE (stext, ABSOLUTE (.))
 *(.interp)
 *(.hash)
 *(.dynsym)
 *(.dynstr)
 *(.gnu.version)
 *(.gnu.version_d)
 *(.gnu.version_r)
 *(.rel.init)
 *(.rela.init)
 *(.rel.text .rel.text.* .rel.gnu.linkonce.t.*)
 *(.rela.text .rela.text.* .rela.gnu.linkonce.t.*)
 *(.rel.fini)
 *(.rela.fini)
 *(.rel.rodata .rel.rodata.* .rel.gnu.linkonce.r.*)
 *(.rela.rodata .rela.rodata.* .rela.gnu.linkonce.r.*)
 *(.rel.data .rel.data.* .rel.gnu.linkonce.d.*)
 *(.rela.data .rela.data.* .rela.gnu.linkonce.d.*)
 *(.rel.tdata .rel.tdata.* .rel.gnu.linkonce.td.*)
 *(.rela.tdata .rela.tdata.* .rela.gnu.linkonce.td.*)
 *(.rel.tbss .rel.tbss.* .rel.gnu.linkonce.tb.*)
 *(.rela.tbss .rela.tbss.* .rela.gnu.linkonce.tb.*)
 *(.rel.ctors)
 *(.rela.ctors)
 *(.rel.dtors)
 *(.rela.dtors)
 *(.rel.got)
 *(.rela.got)
 *(.rel.sdata .rel.sdata.* .rel.gnu.linkonce.s.*)
 *(.rela.sdata .rela.sdata.* .rela.gnu.linkonce.s.*)
 *(.rel.sbss .rel.sbss.* .rel.gnu.linkonce.sb.*)
 *(.rela.sbss .rela.sbss.* .rela.gnu.linkonce.sb.*)
 *(.rel.sdata2 .rel.sdata2.* .rel.gnu.linkonce.s2.*)
 *(.rela.sdata2 .rela.sdata2.* .rela.gnu.linkonce.s2.*)
 *(.rel.sbss2 .rel.sbss2.* .rel.gnu.linkonce.sb2.*)
 *(.rela.sbss2 .rela.sbss2.* .rela.gnu.linkonce.sb2.*)
 *(.rel.bss .rel.bss.* .rel.gnu.linkonce.b.*)
 *(.rela.bss .rela.bss.* .rela.gnu.linkonce.b.*)
 *(.rel.plt)
 *(.rela.plt)
 *(.rel.dyn)
 *(.init)
 *(.plt)
 *(.text .stub .text.* .gnu.linkonce.t.*)
 .text          0x0000000000000248       0x3c C:/Users/Artee/Documents/ESAKBS2/nioseclipse_bsp//obj/HAL/src/crt0.o
                0x0000000000000248                _start
 .text          0x0000000000000284      0x11c obj/default/hello_ucosii.o
                0x0000000000000284                task1
                0x00000000000002bc                task2
                0x00000000000002f4                main
 .text          0x00000000000003a0        0x0 c:/intelfpga_lite/16.1/nios2eds/bin/gnu/h-x86_64-mingw32/bin/../lib/gcc/nios2-elf/5.3.0/../../../../../H-x86_64-mingw32/nios2-elf/lib/mhw-mulx\libc.a(lib_a-puts.o)
 .text._puts_r  0x00000000000003a0       0xc0 c:/intelfpga_lite/16.1/nios2eds/bin/gnu/h-x86_64-mingw32/bin/../lib/gcc/nios2-elf/5.3.0/../../../../../H-x86_64-mingw32/nios2-elf/lib/mhw-mulx\libc.a(lib_a-puts.o)
                0x00000000000003a0                _puts_r
 .text.puts     0x0000000000000460       0x14 c:/intelfpga_lite/16.1/nios2eds/bin/gnu/h-x86_64-mingw32/bin/../lib/gcc/nios2-elf/5.3.0/../../../../../H-x86_64-mingw32/nios2-elf/lib/mhw-mulx\libc.a(lib_a-puts.o)
                0x0000000000000460                puts
 .text          0x0000000000000474        0x0 c:/intelfpga_lite/16.1/nios2eds/bin/gnu/h-x86_64-mingw32/bin/../lib/gcc/nios2-elf/5.3.0/../../../../../H-x86_64-mingw32/nios2-elf/lib/mhw-mulx\libc.a(lib_a-strlen.o)
 .text.strlen   0x0000000000000474       0x98 c:/intelfpga_lite/16.1/nios2eds/bin/gnu/h-x86_64-mingw32/bin/../lib/gcc/nios2-elf/5.3.0/../../../../../H-x86_64-mingw32/nios2-elf/lib/mhw-mulx\libc.a(lib_a-strlen.o)
                0x0000000000000474                strlen
 .text          0x000000000000050c        0x0 c:/intelfpga_lite/16.1/nios2eds/bin/gnu/h-x86_64-mingw32/bin/../lib/gcc/nios2-elf/5.3.0/../../../../../H-x86_64-mingw32/nios2-elf/lib/mhw-mulx\libc.a(lib_a-findfp.o)
 .text.__fp_unlock
                0x000000000000050c        0x8 c:/intelfpga_lite/16.1/nios2eds/bin/gnu/h-x86_64-mingw32/bin/../lib/gcc/nios2-elf/5.3.0/../../../../../H-x86_64-mingw32/nios2-elf/lib/mhw-mulx\libc.a(lib_a-findfp.o)
 .text._cleanup_r
                0x0000000000000514        0xc c:/intelfpga_lite/16.1/nios2eds/bin/gnu/h-x86_64-mingw32/bin/../lib/gcc/nios2-elf/5.3.0/../../../../../H-x86_64-mingw32/nios2-elf/lib/mhw-mulx\libc.a(lib_a-findfp.o)
                0x0000000000000514                _cleanup_r
 .text.__sinit.part.1
                0x0000000000000520      0x19c c:/intelfpga_lite/16.1/nios2eds/bin/gnu/h-x86_64-mingw32/bin/../lib/gcc/nios2-elf/5.3.0/../../../../../H-x86_64-mingw32/nios2-elf/lib/mhw-mulx\libc.a(lib_a-findfp.o)
 .text.__fp_lock
                0x00000000000006bc        0x8 c:/intelfpga_lite/16.1/nios2eds/bin/gnu/h-x86_64-mingw32/bin/../lib/gcc/nios2-elf/5.3.0/../../../../../H-x86_64-mingw32/nios2-elf/lib/mhw-mulx\libc.a(lib_a-findfp.o)
 .text.__sfmoreglue
                0x00000000000006c4       0x68 c:/intelfpga_lite/16.1/nios2eds/bin/gnu/h-x86_64-mingw32/bin/../lib/gcc/nios2-elf/5.3.0/../../../../../H-x86_64-mingw32/nios2-elf/lib/mhw-mulx\libc.a(lib_a-findfp.o)
                0x00000000000006c4                __sfmoreglue
 .text.__sfp    0x000000000000072c      0x118 c:/intelfpga_lite/16.1/nios2eds/bin/gnu/h-x86_64-mingw32/bin/../lib/gcc/nios2-elf/5.3.0/../../../../../H-x86_64-mingw32/nios2-elf/lib/mhw-mulx\libc.a(lib_a-findfp.o)
                0x000000000000072c                __sfp
 .text._cleanup
                0x0000000000000844       0x18 c:/intelfpga_lite/16.1/nios2eds/bin/gnu/h-x86_64-mingw32/bin/../lib/gcc/nios2-elf/5.3.0/../../../../../H-x86_64-mingw32/nios2-elf/lib/mhw-mulx\libc.a(lib_a-findfp.o)
                0x0000000000000844                _cleanup
 .text.__sinit  0x000000000000085c       0x10 c:/intelfpga_lite/16.1/nios2eds/bin/gnu/h-x86_64-mingw32/bin/../lib/gcc/nios2-elf/5.3.0/../../../../../H-x86_64-mingw32/nios2-elf/lib/mhw-mulx\libc.a(lib_a-findfp.o)
                0x000000000000085c                __sinit
 .text.__sfp_lock_acquire
                0x000000000000086c        0x4 c:/intelfpga_lite/16.1/nios2eds/bin/gnu/h-x86_64-mingw32/bin/../lib/gcc/nios2-elf/5.3.0/../../../../../H-x86_64-mingw32/nios2-elf/lib/mhw-mulx\libc.a(lib_a-findfp.o)
                0x000000000000086c                __sfp_lock_acquire
 .text.__sfp_lock_release
                0x0000000000000870        0x4 c:/intelfpga_lite/16.1/nios2eds/bin/gnu/h-x86_64-mingw32/bin/../lib/gcc/nios2-elf/5.3.0/../../../../../H-x86_64-mingw32/nios2-elf/lib/mhw-mulx\libc.a(lib_a-findfp.o)
                0x0000000000000870                __sfp_lock_release
 .text.__sinit_lock_acquire
                0x0000000000000874        0x4 c:/intelfpga_lite/16.1/nios2eds/bin/gnu/h-x86_64-mingw32/bin/../lib/gcc/nios2-elf/5.3.0/../../../../../H-x86_64-mingw32/nios2-elf/lib/mhw-mulx\libc.a(lib_a-findfp.o)
                0x0000000000000874                __sinit_lock_acquire
 .text.__sinit_lock_release
                0x0000000000000878        0x4 c:/intelfpga_lite/16.1/nios2eds/bin/gnu/h-x86_64-mingw32/bin/../lib/gcc/nios2-elf/5.3.0/../../../../../H-x86_64-mingw32/nios2-elf/lib/mhw-mulx\libc.a(lib_a-findfp.o)
                0x0000000000000878                __sinit_lock_release
 .text.__fp_lock_all
                0x000000000000087c       0x18 c:/intelfpga_lite/16.1/nios2eds/bin/gnu/h-x86_64-mingw32/bin/../lib/gcc/nios2-elf/5.3.0/../../../../../H-x86_64-mingw32/nios2-elf/lib/mhw-mulx\libc.a(lib_a-findfp.o)
                0x000000000000087c                __fp_lock_all
 .text.__fp_unlock_all
                0x0000000000000894       0x18 c:/intelfpga_lite/16.1/nios2eds/bin/gnu/h-x86_64-mingw32/bin/../lib/gcc/nios2-elf/5.3.0/../../../../../H-x86_64-mingw32/nios2-elf/lib/mhw-mulx\libc.a(lib_a-findfp.o)
                0x0000000000000894                __fp_unlock_all
 .text          0x00000000000008ac        0x0 c:/intelfpga_lite/16.1/nios2eds/bin/gnu/h-x86_64-mingw32/bin/../lib/gcc/nios2-elf/5.3.0/../../../../../H-x86_64-mingw32/nios2-elf/lib/mhw-mulx\libc.a(lib_a-fvwrite.o)
 .text.__sfvwrite_r
                0x00000000000008ac      0x4bc c:/intelfpga_lite/16.1/nios2eds/bin/gnu/h-x86_64-mingw32/bin/../lib/gcc/nios2-elf/5.3.0/../../../../../H-x86_64-mingw32/nios2-elf/lib/mhw-mulx\libc.a(lib_a-fvwrite.o)
                0x00000000000008ac                __sfvwrite_r
 .text          0x0000000000000d68        0x0 c:/intelfpga_lite/16.1/nios2eds/bin/gnu/h-x86_64-mingw32/bin/../lib/gcc/nios2-elf/5.3.0/../../../../../H-x86_64-mingw32/nios2-elf/lib/mhw-mulx\libc.a(lib_a-fwalk.o)
 .text._fwalk   0x0000000000000d68       0xc4 c:/intelfpga_lite/16.1/nios2eds/bin/gnu/h-x86_64-mingw32/bin/../lib/gcc/nios2-elf/5.3.0/../../../../../H-x86_64-mingw32/nios2-elf/lib/mhw-mulx\libc.a(lib_a-fwalk.o)
                0x0000000000000d68                _fwalk
 .text._fwalk_reent
                0x0000000000000e2c       0xc4 c:/intelfpga_lite/16.1/nios2eds/bin/gnu/h-x86_64-mingw32/bin/../lib/gcc/nios2-elf/5.3.0/../../../../../H-x86_64-mingw32/nios2-elf/lib/mhw-mulx\libc.a(lib_a-fwalk.o)
                0x0000000000000e2c                _fwalk_reent
 .text          0x0000000000000ef0        0x0 c:/intelfpga_lite/16.1/nios2eds/bin/gnu/h-x86_64-mingw32/bin/../lib/gcc/nios2-elf/5.3.0/../../../../../H-x86_64-mingw32/nios2-elf/lib/mhw-mulx\libc.a(lib_a-impure.o)
 .text          0x0000000000000ef0        0x0 c:/intelfpga_lite/16.1/nios2eds/bin/gnu/h-x86_64-mingw32/bin/../lib/gcc/nios2-elf/5.3.0/../../../../../H-x86_64-mingw32/nios2-elf/lib/mhw-mulx\libc.a(lib_a-mallocr.o)
 .text._malloc_r
                0x0000000000000ef0      0x80c c:/intelfpga_lite/16.1/nios2eds/bin/gnu/h-x86_64-mingw32/bin/../lib/gcc/nios2-elf/5.3.0/../../../../../H-x86_64-mingw32/nios2-elf/lib/mhw-mulx\libc.a(lib_a-mallocr.o)
                0x0000000000000ef0                _malloc_r
 .text          0x00000000000016fc        0x0 c:/intelfpga_lite/16.1/nios2eds/bin/gnu/h-x86_64-mingw32/bin/../lib/gcc/nios2-elf/5.3.0/../../../../../H-x86_64-mingw32/nios2-elf/lib/mhw-mulx\libc.a(lib_a-memchr.o)
 .text.memchr   0x00000000000016fc       0xe4 c:/intelfpga_lite/16.1/nios2eds/bin/gnu/h-x86_64-mingw32/bin/../lib/gcc/nios2-elf/5.3.0/../../../../../H-x86_64-mingw32/nios2-elf/lib/mhw-mulx\libc.a(lib_a-memchr.o)
                0x00000000000016fc                memchr
 .text          0x00000000000017e0        0x0 c:/intelfpga_lite/16.1/nios2eds/bin/gnu/h-x86_64-mingw32/bin/../lib/gcc/nios2-elf/5.3.0/../../../../../H-x86_64-mingw32/nios2-elf/lib/mhw-mulx\libc.a(lib_a-memcpy.o)
 .text.memcpy   0x00000000000017e0      0x148 c:/intelfpga_lite/16.1/nios2eds/bin/gnu/h-x86_64-mingw32/bin/../lib/gcc/nios2-elf/5.3.0/../../../../../H-x86_64-mingw32/nios2-elf/lib/mhw-mulx\libc.a(lib_a-memcpy.o)
                0x00000000000017e0                memcpy
 .text          0x0000000000001928        0x0 c:/intelfpga_lite/16.1/nios2eds/bin/gnu/h-x86_64-mingw32/bin/../lib/gcc/nios2-elf/5.3.0/../../../../../H-x86_64-mingw32/nios2-elf/lib/mhw-mulx\libc.a(lib_a-memmove.o)
 .text.memmove  0x0000000000001928      0x15c c:/intelfpga_lite/16.1/nios2eds/bin/gnu/h-x86_64-mingw32/bin/../lib/gcc/nios2-elf/5.3.0/../../../../../H-x86_64-mingw32/nios2-elf/lib/mhw-mulx\libc.a(lib_a-memmove.o)
                0x0000000000001928                memmove
 .text          0x0000000000001a84        0x0 c:/intelfpga_lite/16.1/nios2eds/bin/gnu/h-x86_64-mingw32/bin/../lib/gcc/nios2-elf/5.3.0/../../../../../H-x86_64-mingw32/nios2-elf/lib/mhw-mulx\libc.a(lib_a-memset.o)
 .text.memset   0x0000000000001a84      0x128 c:/intelfpga_lite/16.1/nios2eds/bin/gnu/h-x86_64-mingw32/bin/../lib/gcc/nios2-elf/5.3.0/../../../../../H-x86_64-mingw32/nios2-elf/lib/mhw-mulx\libc.a(lib_a-memset.o)
                0x0000000000001a84                memset
 .text          0x0000000000001bac        0x0 c:/intelfpga_lite/16.1/nios2eds/bin/gnu/h-x86_64-mingw32/bin/../lib/gcc/nios2-elf/5.3.0/../../../../../H-x86_64-mingw32/nios2-elf/lib/mhw-mulx\libc.a(lib_a-reallocr.o)
 .text._realloc_r
                0x0000000000001bac      0x564 c:/intelfpga_lite/16.1/nios2eds/bin/gnu/h-x86_64-mingw32/bin/../lib/gcc/nios2-elf/5.3.0/../../../../../H-x86_64-mingw32/nios2-elf/lib/mhw-mulx\libc.a(lib_a-reallocr.o)
                0x0000000000001bac                _realloc_r
 .text          0x0000000000002110        0x0 c:/intelfpga_lite/16.1/nios2eds/bin/gnu/h-x86_64-mingw32/bin/../lib/gcc/nios2-elf/5.3.0/../../../../../H-x86_64-mingw32/nios2-elf/lib/mhw-mulx\libc.a(lib_a-sbrkr.o)
 .text._sbrk_r  0x0000000000002110       0x54 c:/intelfpga_lite/16.1/nios2eds/bin/gnu/h-x86_64-mingw32/bin/../lib/gcc/nios2-elf/5.3.0/../../../../../H-x86_64-mingw32/nios2-elf/lib/mhw-mulx\libc.a(lib_a-sbrkr.o)
                0x0000000000002110                _sbrk_r
 .text          0x0000000000002164        0x0 c:/intelfpga_lite/16.1/nios2eds/bin/gnu/h-x86_64-mingw32/bin/../lib/gcc/nios2-elf/5.3.0/../../../../../H-x86_64-mingw32/nios2-elf/lib/mhw-mulx\libc.a(lib_a-stdio.o)
 .text.__sread  0x0000000000002164       0x54 c:/intelfpga_lite/16.1/nios2eds/bin/gnu/h-x86_64-mingw32/bin/../lib/gcc/nios2-elf/5.3.0/../../../../../H-x86_64-mingw32/nios2-elf/lib/mhw-mulx\libc.a(lib_a-stdio.o)
                0x0000000000002164                __sread
 .text.__seofread
                0x00000000000021b8        0x8 c:/intelfpga_lite/16.1/nios2eds/bin/gnu/h-x86_64-mingw32/bin/../lib/gcc/nios2-elf/5.3.0/../../../../../H-x86_64-mingw32/nios2-elf/lib/mhw-mulx\libc.a(lib_a-stdio.o)
                0x00000000000021b8                __seofread
 .text.__swrite
                0x00000000000021c0       0x7c c:/intelfpga_lite/16.1/nios2eds/bin/gnu/h-x86_64-mingw32/bin/../lib/gcc/nios2-elf/5.3.0/../../../../../H-x86_64-mingw32/nios2-elf/lib/mhw-mulx\libc.a(lib_a-stdio.o)
                0x00000000000021c0                __swrite
 .text.__sseek  0x000000000000223c       0x5c c:/intelfpga_lite/16.1/nios2eds/bin/gnu/h-x86_64-mingw32/bin/../lib/gcc/nios2-elf/5.3.0/../../../../../H-x86_64-mingw32/nios2-elf/lib/mhw-mulx\libc.a(lib_a-stdio.o)
                0x000000000000223c                __sseek
 .text.__sclose
                0x0000000000002298        0x8 c:/intelfpga_lite/16.1/nios2eds/bin/gnu/h-x86_64-mingw32/bin/../lib/gcc/nios2-elf/5.3.0/../../../../../H-x86_64-mingw32/nios2-elf/lib/mhw-mulx\libc.a(lib_a-stdio.o)
                0x0000000000002298                __sclose
 .text          0x00000000000022a0        0x0 c:/intelfpga_lite/16.1/nios2eds/bin/gnu/h-x86_64-mingw32/bin/../lib/gcc/nios2-elf/5.3.0/../../../../../H-x86_64-mingw32/nios2-elf/lib/mhw-mulx\libc.a(lib_a-writer.o)
 .text._write_r
                0x00000000000022a0       0x60 c:/intelfpga_lite/16.1/nios2eds/bin/gnu/h-x86_64-mingw32/bin/../lib/gcc/nios2-elf/5.3.0/../../../../../H-x86_64-mingw32/nios2-elf/lib/mhw-mulx\libc.a(lib_a-writer.o)
                0x00000000000022a0                _write_r
 .text          0x0000000000002300        0x0 c:/intelfpga_lite/16.1/nios2eds/bin/gnu/h-x86_64-mingw32/bin/../lib/gcc/nios2-elf/5.3.0/../../../../../H-x86_64-mingw32/nios2-elf/lib/mhw-mulx\libc.a(lib_a-wsetup.o)
 .text.__swsetup_r
                0x0000000000002300      0x154 c:/intelfpga_lite/16.1/nios2eds/bin/gnu/h-x86_64-mingw32/bin/../lib/gcc/nios2-elf/5.3.0/../../../../../H-x86_64-mingw32/nios2-elf/lib/mhw-mulx\libc.a(lib_a-wsetup.o)
                0x0000000000002300                __swsetup_r
 .text          0x0000000000002454        0x0 c:/intelfpga_lite/16.1/nios2eds/bin/gnu/h-x86_64-mingw32/bin/../lib/gcc/nios2-elf/5.3.0/../../../../../H-x86_64-mingw32/nios2-elf/lib/mhw-mulx\libc.a(closer.o)
 .text._close_r
                0x0000000000002454       0x54 c:/intelfpga_lite/16.1/nios2eds/bin/gnu/h-x86_64-mingw32/bin/../lib/gcc/nios2-elf/5.3.0/../../../../../H-x86_64-mingw32/nios2-elf/lib/mhw-mulx\libc.a(closer.o)
                0x0000000000002454                _close_r
 .text          0x00000000000024a8        0x0 c:/intelfpga_lite/16.1/nios2eds/bin/gnu/h-x86_64-mingw32/bin/../lib/gcc/nios2-elf/5.3.0/../../../../../H-x86_64-mingw32/nios2-elf/lib/mhw-mulx\libc.a(lib_a-fclose.o)
 .text._fclose_r
                0x00000000000024a8       0xf0 c:/intelfpga_lite/16.1/nios2eds/bin/gnu/h-x86_64-mingw32/bin/../lib/gcc/nios2-elf/5.3.0/../../../../../H-x86_64-mingw32/nios2-elf/lib/mhw-mulx\libc.a(lib_a-fclose.o)
                0x00000000000024a8                _fclose_r
 .text.fclose   0x0000000000002598       0x14 c:/intelfpga_lite/16.1/nios2eds/bin/gnu/h-x86_64-mingw32/bin/../lib/gcc/nios2-elf/5.3.0/../../../../../H-x86_64-mingw32/nios2-elf/lib/mhw-mulx\libc.a(lib_a-fclose.o)
                0x0000000000002598                fclose
 .text          0x00000000000025ac        0x0 c:/intelfpga_lite/16.1/nios2eds/bin/gnu/h-x86_64-mingw32/bin/../lib/gcc/nios2-elf/5.3.0/../../../../../H-x86_64-mingw32/nios2-elf/lib/mhw-mulx\libc.a(lib_a-fflush.o)
 .text.__sflush_r
                0x00000000000025ac      0x21c c:/intelfpga_lite/16.1/nios2eds/bin/gnu/h-x86_64-mingw32/bin/../lib/gcc/nios2-elf/5.3.0/../../../../../H-x86_64-mingw32/nios2-elf/lib/mhw-mulx\libc.a(lib_a-fflush.o)
                0x00000000000025ac                __sflush_r
 .text._fflush_r
                0x00000000000027c8       0x5c c:/intelfpga_lite/16.1/nios2eds/bin/gnu/h-x86_64-mingw32/bin/../lib/gcc/nios2-elf/5.3.0/../../../../../H-x86_64-mingw32/nios2-elf/lib/mhw-mulx\libc.a(lib_a-fflush.o)
                0x00000000000027c8                _fflush_r
 .text.fflush   0x0000000000002824       0x30 c:/intelfpga_lite/16.1/nios2eds/bin/gnu/h-x86_64-mingw32/bin/../lib/gcc/nios2-elf/5.3.0/../../../../../H-x86_64-mingw32/nios2-elf/lib/mhw-mulx\libc.a(lib_a-fflush.o)
                0x0000000000002824                fflush
 .text          0x0000000000002854        0x0 c:/intelfpga_lite/16.1/nios2eds/bin/gnu/h-x86_64-mingw32/bin/../lib/gcc/nios2-elf/5.3.0/../../../../../H-x86_64-mingw32/nios2-elf/lib/mhw-mulx\libc.a(lib_a-freer.o)
 .text._malloc_trim_r
                0x0000000000002854      0x124 c:/intelfpga_lite/16.1/nios2eds/bin/gnu/h-x86_64-mingw32/bin/../lib/gcc/nios2-elf/5.3.0/../../../../../H-x86_64-mingw32/nios2-elf/lib/mhw-mulx\libc.a(lib_a-freer.o)
                0x0000000000002854                _malloc_trim_r
 .text._free_r  0x0000000000002978      0x310 c:/intelfpga_lite/16.1/nios2eds/bin/gnu/h-x86_64-mingw32/bin/../lib/gcc/nios2-elf/5.3.0/../../../../../H-x86_64-mingw32/nios2-elf/lib/mhw-mulx\libc.a(lib_a-freer.o)
                0x0000000000002978                _free_r
 .text          0x0000000000002c88        0x0 c:/intelfpga_lite/16.1/nios2eds/bin/gnu/h-x86_64-mingw32/bin/../lib/gcc/nios2-elf/5.3.0/../../../../../H-x86_64-mingw32/nios2-elf/lib/mhw-mulx\libc.a(lib_a-int_errno.o)
 .text          0x0000000000002c88        0x0 c:/intelfpga_lite/16.1/nios2eds/bin/gnu/h-x86_64-mingw32/bin/../lib/gcc/nios2-elf/5.3.0/../../../../../H-x86_64-mingw32/nios2-elf/lib/mhw-mulx\libc.a(lib_a-lseekr.o)
 .text._lseek_r
                0x0000000000002c88       0x60 c:/intelfpga_lite/16.1/nios2eds/bin/gnu/h-x86_64-mingw32/bin/../lib/gcc/nios2-elf/5.3.0/../../../../../H-x86_64-mingw32/nios2-elf/lib/mhw-mulx\libc.a(lib_a-lseekr.o)
                0x0000000000002c88                _lseek_r
 .text          0x0000000000002ce8        0x0 c:/intelfpga_lite/16.1/nios2eds/bin/gnu/h-x86_64-mingw32/bin/../lib/gcc/nios2-elf/5.3.0/../../../../../H-x86_64-mingw32/nios2-elf/lib/mhw-mulx\libc.a(lib_a-makebuf.o)
 .text.__smakebuf_r
                0x0000000000002ce8      0x1bc c:/intelfpga_lite/16.1/nios2eds/bin/gnu/h-x86_64-mingw32/bin/../lib/gcc/nios2-elf/5.3.0/../../../../../H-x86_64-mingw32/nios2-elf/lib/mhw-mulx\libc.a(lib_a-makebuf.o)
                0x0000000000002ce8                __smakebuf_r
 .text          0x0000000000002ea4        0x0 c:/intelfpga_lite/16.1/nios2eds/bin/gnu/h-x86_64-mingw32/bin/../lib/gcc/nios2-elf/5.3.0/../../../../../H-x86_64-mingw32/nios2-elf/lib/mhw-mulx\libc.a(lib_a-readr.o)
 .text._read_r  0x0000000000002ea4       0x60 c:/intelfpga_lite/16.1/nios2eds/bin/gnu/h-x86_64-mingw32/bin/../lib/gcc/nios2-elf/5.3.0/../../../../../H-x86_64-mingw32/nios2-elf/lib/mhw-mulx\libc.a(lib_a-readr.o)
                0x0000000000002ea4                _read_r
 .text          0x0000000000002f04        0x0 c:/intelfpga_lite/16.1/nios2eds/bin/gnu/h-x86_64-mingw32/bin/../lib/gcc/nios2-elf/5.3.0/../../../../../H-x86_64-mingw32/nios2-elf/lib/mhw-mulx\libc.a(lib_a-fstatr.o)
 .text._fstat_r
                0x0000000000002f04       0x5c c:/intelfpga_lite/16.1/nios2eds/bin/gnu/h-x86_64-mingw32/bin/../lib/gcc/nios2-elf/5.3.0/../../../../../H-x86_64-mingw32/nios2-elf/lib/mhw-mulx\libc.a(lib_a-fstatr.o)
                0x0000000000002f04                _fstat_r
 .text          0x0000000000002f60        0x0 c:/intelfpga_lite/16.1/nios2eds/bin/gnu/h-x86_64-mingw32/bin/../lib/gcc/nios2-elf/5.3.0/../../../../../H-x86_64-mingw32/nios2-elf/lib/mhw-mulx\libc.a(lib_a-isattyr.o)
 .text._isatty_r
                0x0000000000002f60       0x54 c:/intelfpga_lite/16.1/nios2eds/bin/gnu/h-x86_64-mingw32/bin/../lib/gcc/nios2-elf/5.3.0/../../../../../H-x86_64-mingw32/nios2-elf/lib/mhw-mulx\libc.a(lib_a-isattyr.o)
                0x0000000000002f60                _isatty_r
 .text          0x0000000000002fb4      0x1b4 c:/intelfpga_lite/16.1/nios2eds/bin/gnu/h-x86_64-mingw32/bin/../lib/gcc/nios2-elf/5.3.0/mhw-mulx\libgcc.a(lib2-divmod.o)
                0x0000000000002fb4                __divsi3
                0x0000000000003038                __modsi3
                0x00000000000030ac                __udivsi3
                0x0000000000003110                __umodsi3
 .text          0x0000000000003168      0x10c C:/Users/Artee/Documents/ESAKBS2/nioseclipse_bsp/\libucosii_bsp.a(alt_close.o)
                0x00000000000031a4                close
 .text          0x0000000000003274       0x2c C:/Users/Artee/Documents/ESAKBS2/nioseclipse_bsp/\libucosii_bsp.a(alt_dev.o)
 .text          0x00000000000032a0        0x0 C:/Users/Artee/Documents/ESAKBS2/nioseclipse_bsp/\libucosii_bsp.a(alt_errno.o)
 .text          0x00000000000032a0       0xec C:/Users/Artee/Documents/ESAKBS2/nioseclipse_bsp/\libucosii_bsp.a(alt_fstat.o)
                0x00000000000032dc                fstat
 .text          0x000000000000338c       0xe0 C:/Users/Artee/Documents/ESAKBS2/nioseclipse_bsp/\libucosii_bsp.a(alt_isatty.o)
                0x00000000000033c8                isatty
 .text          0x000000000000346c       0xec C:/Users/Artee/Documents/ESAKBS2/nioseclipse_bsp/\libucosii_bsp.a(alt_load.o)
                0x00000000000034d4                alt_load
 .text          0x0000000000003558      0x110 C:/Users/Artee/Documents/ESAKBS2/nioseclipse_bsp/\libucosii_bsp.a(alt_lseek.o)
                0x0000000000003594                lseek
 .text          0x0000000000003668       0xbc C:/Users/Artee/Documents/ESAKBS2/nioseclipse_bsp/\libucosii_bsp.a(alt_main.o)
                0x0000000000003668                alt_main
 .text          0x0000000000003724      0x138 C:/Users/Artee/Documents/ESAKBS2/nioseclipse_bsp/\libucosii_bsp.a(alt_read.o)
                0x0000000000003760                read
 .text          0x000000000000385c       0x64 C:/Users/Artee/Documents/ESAKBS2/nioseclipse_bsp/\libucosii_bsp.a(alt_release_fd.o)
                0x000000000000385c                alt_release_fd
 .text          0x00000000000038c0       0xb0 C:/Users/Artee/Documents/ESAKBS2/nioseclipse_bsp/\libucosii_bsp.a(alt_sbrk.o)
                0x00000000000038c0                sbrk
 .text          0x0000000000003970      0x134 C:/Users/Artee/Documents/ESAKBS2/nioseclipse_bsp/\libucosii_bsp.a(alt_write.o)
                0x00000000000039ac                write
 .text          0x0000000000003aa4      0x124 C:/Users/Artee/Documents/ESAKBS2/nioseclipse_bsp/\libucosii_bsp.a(alt_env_lock.o)
                0x0000000000003aa4                __env_lock
                0x0000000000003b68                __env_unlock
 .text          0x0000000000003bc8      0x1ec C:/Users/Artee/Documents/ESAKBS2/nioseclipse_bsp/\libucosii_bsp.a(alt_malloc_lock.o)
                0x0000000000003bc8                __malloc_lock
                0x0000000000003ce8                __malloc_unlock
 .text          0x0000000000003db4     0x2024 C:/Users/Artee/Documents/ESAKBS2/nioseclipse_bsp/\libucosii_bsp.a(os_core.o)
                0x0000000000003db4                OSEventNameGet
                0x0000000000003ed4                OSEventNameSet
                0x0000000000004014                OSEventPendMulti
                0x0000000000004624                OSInit
                0x000000000000467c                OSIntEnter
                0x00000000000046c8                OSIntExit
                0x00000000000047c0                OSSchedLock
                0x000000000000484c                OSSchedUnlock
                0x0000000000004928                OSStart
                0x0000000000004998                OSStatInit
                0x0000000000004a48                OSTimeTick
                0x0000000000004c68                OSVersion
                0x0000000000004c88                OS_Dummy
                0x0000000000004ca8                OS_EventTaskRdy
                0x0000000000004e40                OS_EventTaskWait
                0x0000000000004f50                OS_EventTaskWaitMulti
                0x00000000000050a0                OS_EventTaskRemove
                0x0000000000005158                OS_EventTaskRemoveMulti
                0x0000000000005258                OS_EventWaitListInit
                0x0000000000005638                OS_MemClr
                0x000000000000568c                OS_MemCopy
                0x00000000000056f4                OS_Sched
                0x0000000000005838                OS_StrCopy
                0x00000000000058ac                OS_StrLen
                0x0000000000005900                OS_TaskIdle
                0x000000000000595c                OS_TaskStat
                0x0000000000005a38                OS_TaskStatStkChk
                0x0000000000005b04                OS_TCBInit
 .text          0x0000000000005dd8      0x190 C:/Users/Artee/Documents/ESAKBS2/nioseclipse_bsp/\libucosii_bsp.a(os_dbg.o)
                0x0000000000005dd8                OSDebugInit
 .text          0x0000000000005f68     0x1714 C:/Users/Artee/Documents/ESAKBS2/nioseclipse_bsp/\libucosii_bsp.a(os_flag.o)
                0x0000000000005f68                OSFlagAccept
                0x0000000000006270                OSFlagCreate
                0x0000000000006378                OSFlagDel
                0x00000000000065c0                OSFlagNameGet
                0x00000000000066e8                OSFlagNameSet
                0x0000000000006834                OSFlagPend
                0x0000000000006dec                OSFlagPendGetFlagsRdy
                0x0000000000006e4c                OSFlagPost
                0x00000000000071e0                OSFlagQuery
                0x0000000000007404                OS_FlagInit
                0x00000000000075d8                OS_FlagUnlink
 .text          0x000000000000767c      0x754 C:/Users/Artee/Documents/ESAKBS2/nioseclipse_bsp/\libucosii_bsp.a(os_mem.o)
                0x000000000000767c                OSMemCreate
                0x0000000000007850                OSMemGet
                0x0000000000007940                OSMemNameGet
                0x0000000000007a30                OSMemNameSet
                0x0000000000007b44                OSMemPut
                0x0000000000007c1c                OSMemQuery
                0x0000000000007d04                OS_MemInit
 .text          0x0000000000007dd0     0x1104 C:/Users/Artee/Documents/ESAKBS2/nioseclipse_bsp/\libucosii_bsp.a(os_q.o)
                0x0000000000007dd0                OSQAccept
                0x0000000000007f10                OSQCreate
                0x00000000000080bc                OSQDel
                0x000000000000833c                OSQFlush
                0x00000000000083f4                OSQPend
                0x0000000000008680                OSQPendAbort
                0x00000000000087ec                OSQPost
                0x0000000000008954                OSQPostFront
                0x0000000000008ac4                OSQPostOpt
                0x0000000000008cd0                OSQQuery
                0x0000000000008e2c                OS_QInit
 .text          0x0000000000008ed4      0xa60 C:/Users/Artee/Documents/ESAKBS2/nioseclipse_bsp/\libucosii_bsp.a(os_sem.o)
                0x0000000000008ed4                OSSemAccept
                0x0000000000008f84                OSSemCreate
                0x000000000000905c                OSSemDel
                0x000000000000929c                OSSemPend
                0x00000000000094a8                OSSemPendAbort
                0x0000000000009614                OSSemPost
                0x0000000000009724                OSSemQuery
                0x0000000000009834                OSSemSet
 .text          0x0000000000009934     0x176c C:/Users/Artee/Documents/ESAKBS2/nioseclipse_bsp/\libucosii_bsp.a(os_task.o)
                0x0000000000009934                OSTaskChangePrio
                0x0000000000009e24                OSTaskCreate
                0x0000000000009fd0                OSTaskCreateExt
                0x000000000000a1b4                OSTaskDel
                0x000000000000a4f8                OSTaskDelReq
                0x000000000000a648                OSTaskNameGet
                0x000000000000a7e0                OSTaskNameSet
                0x000000000000a994                OSTaskResume
                0x000000000000ab68                OSTaskStkChk
                0x000000000000ad28                OSTaskSuspend
                0x000000000000af0c                OSTaskQuery
                0x000000000000b030                OS_TaskStkClr
 .text          0x000000000000b0a0      0x4f4 C:/Users/Artee/Documents/ESAKBS2/nioseclipse_bsp/\libucosii_bsp.a(os_time.o)
                0x000000000000b0a0                OSTimeDly
                0x000000000000b1a4                OSTimeDlyHMSM
                0x000000000000b304                OSTimeDlyResume
                0x000000000000b4d8                OSTimeGet
                0x000000000000b534                OSTimeSet
 .text          0x000000000000b594      0x880 C:/Users/Artee/Documents/ESAKBS2/nioseclipse_bsp/\libucosii_bsp.a(alt_sys_init.o)
                0x000000000000b5c8                alt_irq_init
                0x000000000000b600                alt_sys_init
 .text          0x000000000000be14      0x164 C:/Users/Artee/Documents/ESAKBS2/nioseclipse_bsp/\libucosii_bsp.a(altera_avalon_jtag_uart_fd.o)
                0x000000000000be14                altera_avalon_jtag_uart_read_fd
                0x000000000000be74                altera_avalon_jtag_uart_write_fd
                0x000000000000bed4                altera_avalon_jtag_uart_close_fd
                0x000000000000bf24                altera_avalon_jtag_uart_ioctl_fd
 .text          0x000000000000bf78      0x550 C:/Users/Artee/Documents/ESAKBS2/nioseclipse_bsp/\libucosii_bsp.a(altera_avalon_jtag_uart_init.o)
                0x000000000000bf78                altera_avalon_jtag_uart_init
                0x000000000000c460                altera_avalon_jtag_uart_close
 .text          0x000000000000c4c8       0xf0 C:/Users/Artee/Documents/ESAKBS2/nioseclipse_bsp/\libucosii_bsp.a(altera_avalon_jtag_uart_ioctl.o)
                0x000000000000c4c8                altera_avalon_jtag_uart_ioctl
 .text          0x000000000000c5b8      0x2bc C:/Users/Artee/Documents/ESAKBS2/nioseclipse_bsp/\libucosii_bsp.a(altera_avalon_jtag_uart_read.o)
                0x000000000000c5b8                altera_avalon_jtag_uart_read
 .text          0x000000000000c874      0x2c4 C:/Users/Artee/Documents/ESAKBS2/nioseclipse_bsp/\libucosii_bsp.a(altera_avalon_jtag_uart_write.o)
                0x000000000000c874                altera_avalon_jtag_uart_write
 .text          0x000000000000cb38       0xf0 C:/Users/Artee/Documents/ESAKBS2/nioseclipse_bsp/\libucosii_bsp.a(altera_avalon_timer_sc.o)
                0x000000000000cbb4                alt_avalon_timer_sc_init
 .text          0x000000000000cc28      0x4f4 C:/Users/Artee/Documents/ESAKBS2/nioseclipse_bsp/\libucosii_bsp.a(altera_up_avalon_character_lcd.o)
                0x000000000000cc28                get_DDRAM_addr
                0x000000000000cc9c                alt_up_character_lcd_send_cmd
                0x000000000000ccdc                alt_up_character_lcd_init
                0x000000000000cd14                alt_up_character_lcd_open_dev
                0x000000000000cd50                alt_up_character_lcd_write
                0x000000000000cdcc                alt_up_character_lcd_string
                0x000000000000ce44                alt_up_character_lcd_write_fd
                0x000000000000ce94                alt_up_character_lcd_set_cursor_pos
                0x000000000000cf08                alt_up_character_lcd_shift_cursor
                0x000000000000cf94                alt_up_character_lcd_shift_display
                0x000000000000d020                alt_up_character_lcd_erase_pos
                0x000000000000d0ac                alt_up_character_lcd_cursor_off
                0x000000000000d0e4                alt_up_character_lcd_cursor_blink_on
 .text          0x000000000000d11c      0x38c C:/Users/Artee/Documents/ESAKBS2/nioseclipse_bsp/\libucosii_bsp.a(altera_up_avalon_irda.o)
                0x000000000000d11c                alt_up_irda_enable_read_interrupt
                0x000000000000d178                alt_up_irda_disable_read_interrupt
                0x000000000000d1d8                alt_up_irda_get_used_space_in_read_FIFO
                0x000000000000d218                alt_up_irda_get_available_space_in_write_FIFO
                0x000000000000d254                alt_up_irda_check_parity
                0x000000000000d298                alt_up_irda_write_data
                0x000000000000d2d8                alt_up_irda_read_data
                0x000000000000d34c                alt_up_irda_read_fd
                0x000000000000d3dc                alt_up_irda_write_fd
                0x000000000000d46c                alt_up_irda_open_dev
 .text          0x000000000000d4a8      0x6b0 C:/Users/Artee/Documents/ESAKBS2/nioseclipse_bsp/\libucosii_bsp.a(altera_up_avalon_ps2.o)
                0x000000000000d4a8                read_RI_bit
                0x000000000000d4dc                read_RE_bit
                0x000000000000d50c                read_CE_bit
                0x000000000000d540                read_num_bytes_available
                0x000000000000d570                read_data_valid
                0x000000000000d5a4                read_data_byte
                0x000000000000d5d0                alt_up_ps2_init
                0x000000000000d698                alt_up_ps2_enable_read_interrupt
                0x000000000000d6f4                alt_up_ps2_disable_read_interrupt
                0x000000000000d754                alt_up_ps2_write_data_byte
                0x000000000000d7c8                alt_up_ps2_wait_for_ack
                0x000000000000d830                alt_up_ps2_write_data_byte_with_ack
                0x000000000000d894                alt_up_ps2_read_data_byte_timeout
                0x000000000000d930                alt_up_ps2_read_data_byte
                0x000000000000d9a0                alt_up_ps2_clear_fifo
                0x000000000000d9f8                alt_up_ps2_read_fd
                0x000000000000da84                alt_up_ps2_write_fd
                0x000000000000db1c                alt_up_ps2_open_dev
 .text          0x000000000000db58      0x390 C:/Users/Artee/Documents/ESAKBS2/nioseclipse_bsp/\libucosii_bsp.a(altera_up_avalon_rs232.o)
                0x000000000000db58                alt_up_rs232_enable_read_interrupt
                0x000000000000dbb4                alt_up_rs232_disable_read_interrupt
                0x000000000000dc14                alt_up_rs232_get_used_space_in_read_FIFO
                0x000000000000dc54                alt_up_rs232_get_available_space_in_write_FIFO
                0x000000000000dc90                alt_up_rs232_check_parity
                0x000000000000dcd4                alt_up_rs232_write_data
                0x000000000000dd14                alt_up_rs232_read_data
                0x000000000000dd88                alt_up_rs232_read_fd
                0x000000000000de18                alt_up_rs232_write_fd
                0x000000000000deac                alt_up_rs232_open_dev
 .text          0x000000000000dee8      0x12c C:/Users/Artee/Documents/ESAKBS2/nioseclipse_bsp/\libucosii_bsp.a(alt_alarm_start.o)
                0x000000000000dee8                alt_alarm_start
 .text          0x000000000000e014       0x20 C:/Users/Artee/Documents/ESAKBS2/nioseclipse_bsp/\libucosii_bsp.a(alt_dcache_flush_all.o)
                0x000000000000e014                alt_dcache_flush_all
 .text          0x000000000000e034       0xe0 C:/Users/Artee/Documents/ESAKBS2/nioseclipse_bsp/\libucosii_bsp.a(alt_dev_llist_insert.o)
                0x000000000000e070                alt_dev_llist_insert
 .text          0x000000000000e114       0x60 C:/Users/Artee/Documents/ESAKBS2/nioseclipse_bsp/\libucosii_bsp.a(alt_do_ctors.o)
                0x000000000000e114                _do_ctors
 .text          0x000000000000e174       0x60 C:/Users/Artee/Documents/ESAKBS2/nioseclipse_bsp/\libucosii_bsp.a(alt_do_dtors.o)
                0x000000000000e174                _do_dtors
 .text          0x000000000000e1d4       0x90 C:/Users/Artee/Documents/ESAKBS2/nioseclipse_bsp/\libucosii_bsp.a(alt_find_dev.o)
                0x000000000000e1d4                alt_find_dev
 .text          0x000000000000e264       0x34 C:/Users/Artee/Documents/ESAKBS2/nioseclipse_bsp/\libucosii_bsp.a(alt_icache_flush_all.o)
                0x000000000000e264                alt_icache_flush_all
 .text          0x000000000000e298      0x140 C:/Users/Artee/Documents/ESAKBS2/nioseclipse_bsp/\libucosii_bsp.a(alt_io_redirect.o)
                0x000000000000e35c                alt_io_redirect
 .text          0x000000000000e3d8      0x180 C:/Users/Artee/Documents/ESAKBS2/nioseclipse_bsp/\libucosii_bsp.a(alt_irq_register.o)
                0x000000000000e3d8                alt_irq_register
 .text          0x000000000000e558        0x0 C:/Users/Artee/Documents/ESAKBS2/nioseclipse_bsp/\libucosii_bsp.a(alt_irq_vars.o)
 .text          0x000000000000e558      0x254 C:/Users/Artee/Documents/ESAKBS2/nioseclipse_bsp/\libucosii_bsp.a(alt_open.o)
                0x000000000000e658                open
 .text          0x000000000000e7ac      0x1a4 C:/Users/Artee/Documents/ESAKBS2/nioseclipse_bsp/\libucosii_bsp.a(alt_tick.o)
                0x000000000000e7ac                alt_alarm_stop
                0x000000000000e848                alt_tick
 .text          0x000000000000e950       0x24 C:/Users/Artee/Documents/ESAKBS2/nioseclipse_bsp/\libucosii_bsp.a(altera_nios2_gen2_irq.o)
                0x000000000000e950                altera_nios2_gen2_irq_init
 .text          0x000000000000e974       0xd0 C:/Users/Artee/Documents/ESAKBS2/nioseclipse_bsp/\libucosii_bsp.a(os_cpu_a.o)
                0x000000000000e974                OSCtxSw
                0x000000000000e974                OSIntCtxSw
                0x000000000000ea00                OSStartHighRdy
                0x000000000000ea20                OSStartTsk
 .text          0x000000000000ea44      0x288 C:/Users/Artee/Documents/ESAKBS2/nioseclipse_bsp/\libucosii_bsp.a(os_cpu_c.o)
                0x000000000000ea44                OSTaskStkInit
                0x000000000000eba0                OSTaskCreateHook
                0x000000000000ebc4                OSTaskDelHook
                0x000000000000ebe8                OSTaskSwHook
                0x000000000000ec08                OSTaskStatHook
                0x000000000000ec28                OSTimeTickHook
                0x000000000000ec48                OSInitHookBegin
                0x000000000000ec68                OSInitHookEnd
                0x000000000000ec88                OSTaskIdleHook
                0x000000000000eca8                OSTCBInitHook
 .text          0x000000000000eccc      0x108 C:/Users/Artee/Documents/ESAKBS2/nioseclipse_bsp/\libucosii_bsp.a(alt_find_file.o)
                0x000000000000eccc                alt_find_file
 .text          0x000000000000edd4       0xdc C:/Users/Artee/Documents/ESAKBS2/nioseclipse_bsp/\libucosii_bsp.a(alt_get_fd.o)
                0x000000000000edd4                alt_get_fd
 .text          0x000000000000eeb0       0x90 C:/Users/Artee/Documents/ESAKBS2/nioseclipse_bsp/\libucosii_bsp.a(alt_icache_flush.o)
                0x000000000000eeb0                alt_icache_flush
 .text          0x000000000000ef40        0x0 C:/Users/Artee/Documents/ESAKBS2/nioseclipse_bsp/\libucosii_bsp.a(alt_irq_entry.o)
 .text          0x000000000000ef40        0x0 C:/Users/Artee/Documents/ESAKBS2/nioseclipse_bsp/\libucosii_bsp.a(alt_irq_handler.o)
 .text          0x000000000000ef40        0x0 C:/Users/Artee/Documents/ESAKBS2/nioseclipse_bsp/\libucosii_bsp.a(alt_exception_entry.o)
 .text          0x000000000000ef40       0x9c C:/Users/Artee/Documents/ESAKBS2/nioseclipse_bsp/\libucosii_bsp.a(alt_instruction_exception_entry.o)
                0x000000000000ef40                alt_exception_cause_generated_bad_addr
 .text          0x000000000000efdc        0x0 c:/intelfpga_lite/16.1/nios2eds/bin/gnu/h-x86_64-mingw32/bin/../lib/gcc/nios2-elf/5.3.0/../../../../../H-x86_64-mingw32/nios2-elf/lib/mhw-mulx\libc.a(lib_a-atexit.o)
 .text.atexit   0x000000000000efdc       0x14 c:/intelfpga_lite/16.1/nios2eds/bin/gnu/h-x86_64-mingw32/bin/../lib/gcc/nios2-elf/5.3.0/../../../../../H-x86_64-mingw32/nios2-elf/lib/mhw-mulx\libc.a(lib_a-atexit.o)
                0x000000000000efdc                atexit
 .text          0x000000000000eff0        0x0 c:/intelfpga_lite/16.1/nios2eds/bin/gnu/h-x86_64-mingw32/bin/../lib/gcc/nios2-elf/5.3.0/../../../../../H-x86_64-mingw32/nios2-elf/lib/mhw-mulx\libc.a(lib_a-exit.o)
 .text.exit     0x000000000000eff0       0x38 c:/intelfpga_lite/16.1/nios2eds/bin/gnu/h-x86_64-mingw32/bin/../lib/gcc/nios2-elf/5.3.0/../../../../../H-x86_64-mingw32/nios2-elf/lib/mhw-mulx\libc.a(lib_a-exit.o)
                0x000000000000eff0                exit
 .text          0x000000000000f028        0x0 c:/intelfpga_lite/16.1/nios2eds/bin/gnu/h-x86_64-mingw32/bin/../lib/gcc/nios2-elf/5.3.0/../../../../../H-x86_64-mingw32/nios2-elf/lib/mhw-mulx\libc.a(lib_a-memcmp.o)
 .text.memcmp   0x000000000000f028       0x7c c:/intelfpga_lite/16.1/nios2eds/bin/gnu/h-x86_64-mingw32/bin/../lib/gcc/nios2-elf/5.3.0/../../../../../H-x86_64-mingw32/nios2-elf/lib/mhw-mulx\libc.a(lib_a-memcmp.o)
                0x000000000000f028                memcmp
 .text          0x000000000000f0a4        0x0 c:/intelfpga_lite/16.1/nios2eds/bin/gnu/h-x86_64-mingw32/bin/../lib/gcc/nios2-elf/5.3.0/../../../../../H-x86_64-mingw32/nios2-elf/lib/mhw-mulx\libc.a(lib_a-__atexit.o)
 .text.__register_exitproc
                0x000000000000f0a4      0x118 c:/intelfpga_lite/16.1/nios2eds/bin/gnu/h-x86_64-mingw32/bin/../lib/gcc/nios2-elf/5.3.0/../../../../../H-x86_64-mingw32/nios2-elf/lib/mhw-mulx\libc.a(lib_a-__atexit.o)
                0x000000000000f0a4                __register_exitproc
 .text          0x000000000000f1bc        0x0 c:/intelfpga_lite/16.1/nios2eds/bin/gnu/h-x86_64-mingw32/bin/../lib/gcc/nios2-elf/5.3.0/../../../../../H-x86_64-mingw32/nios2-elf/lib/mhw-mulx\libc.a(lib_a-__call_atexit.o)
 .text.__call_exitprocs
                0x000000000000f1bc      0x180 c:/intelfpga_lite/16.1/nios2eds/bin/gnu/h-x86_64-mingw32/bin/../lib/gcc/nios2-elf/5.3.0/../../../../../H-x86_64-mingw32/nios2-elf/lib/mhw-mulx\libc.a(lib_a-__call_atexit.o)
                0x000000000000f1bc                __call_exitprocs
 .text          0x000000000000f33c       0x34 C:/Users/Artee/Documents/ESAKBS2/nioseclipse_bsp/\libucosii_bsp.a(alt_exit.o)
                0x000000000000f33c                _exit
 *(.gnu.warning.*)
 *(.fini)
                [!provide]                        PROVIDE (__etext, ABSOLUTE (.))
                [!provide]                        PROVIDE (_etext, ABSOLUTE (.))
                [!provide]                        PROVIDE (etext, ABSOLUTE (.))
 *(.eh_frame_hdr)
                0x000000000000f370                . = ALIGN (0x4)
                [!provide]                        PROVIDE (__preinit_array_start, ABSOLUTE (.))
 *(.preinit_array)
                [!provide]                        PROVIDE (__preinit_array_end, ABSOLUTE (.))
                [!provide]                        PROVIDE (__init_array_start, ABSOLUTE (.))
 *(.init_array)
                [!provide]                        PROVIDE (__init_array_end, ABSOLUTE (.))
                [!provide]                        PROVIDE (__fini_array_start, ABSOLUTE (.))
 *(.fini_array)
                [!provide]                        PROVIDE (__fini_array_end, ABSOLUTE (.))
 *(.eh_frame)
 *(.gcc_except_table .gcc_except_table.*)
 *(.dynamic)
                0x000000000000f370                PROVIDE (__CTOR_LIST__, ABSOLUTE (.))
 *(.ctors)
 *(SORT(.ctors.*))
                0x000000000000f370                PROVIDE (__CTOR_END__, ABSOLUTE (.))
                0x000000000000f370                PROVIDE (__DTOR_LIST__, ABSOLUTE (.))
 *(.dtors)
 *(SORT(.dtors.*))
                0x000000000000f370                PROVIDE (__DTOR_END__, ABSOLUTE (.))
 *(.jcr)
                0x000000000000f370                . = ALIGN (0x4)

.rodata         0x000000000000f370      0x320
                0x000000000000f370                PROVIDE (__ram_rodata_start, ABSOLUTE (.))
                0x000000000000f370                . = ALIGN (0x4)
 *(.rodata .rodata.* .gnu.linkonce.r.*)
 .rodata        0x000000000000f370       0x25 obj/default/hello_ucosii.o
 *fill*         0x000000000000f395        0x3 
 .rodata.str1.4
                0x000000000000f398        0x2 c:/intelfpga_lite/16.1/nios2eds/bin/gnu/h-x86_64-mingw32/bin/../lib/gcc/nios2-elf/5.3.0/../../../../../H-x86_64-mingw32/nios2-elf/lib/mhw-mulx\libc.a(lib_a-puts.o)
 *fill*         0x000000000000f39a        0x2 
 .rodata.str1.4
                0x000000000000f39c        0x4 c:/intelfpga_lite/16.1/nios2eds/bin/gnu/h-x86_64-mingw32/bin/../lib/gcc/nios2-elf/5.3.0/../../../../../H-x86_64-mingw32/nios2-elf/lib/mhw-mulx\libc.a(lib_a-impure.o)
                                          0x2 (size before relaxing)
 .rodata        0x000000000000f3a0        0xa C:/Users/Artee/Documents/ESAKBS2/nioseclipse_bsp/\libucosii_bsp.a(alt_dev.o)
 *fill*         0x000000000000f3aa        0x2 
 .rodata        0x000000000000f3ac        0xf C:/Users/Artee/Documents/ESAKBS2/nioseclipse_bsp/\libucosii_bsp.a(alt_main.o)
 *fill*         0x000000000000f3bb        0x1 
 .rodata        0x000000000000f3bc      0x11e C:/Users/Artee/Documents/ESAKBS2/nioseclipse_bsp/\libucosii_bsp.a(os_core.o)
                0x000000000000f3bc                OSUnMapTbl
 *fill*         0x000000000000f4da        0x2 
 .rodata        0x000000000000f4dc      0x1ad C:/Users/Artee/Documents/ESAKBS2/nioseclipse_bsp/\libucosii_bsp.a(alt_sys_init.o)
 *fill*         0x000000000000f689        0x3 
 .rodata        0x000000000000f68c        0x2 C:/Users/Artee/Documents/ESAKBS2/nioseclipse_bsp/\libucosii_bsp.a(os_cpu_c.o)
 *(.rodata1)
                0x000000000000f690                . = ALIGN (0x4)
 *fill*         0x000000000000f68e        0x2 
                0x000000000000f690                PROVIDE (__ram_rodata_end, ABSOLUTE (.))
                0x000000000000f370                PROVIDE (__flash_rodata_start, LOADADDR (.rodata))

.rwdata         0x000000000000f690     0x1ee8 load address 0x0000000000011578
                0x000000000000f690                PROVIDE (__ram_rwdata_start, ABSOLUTE (.))
                0x000000000000f690                . = ALIGN (0x4)
 *(.got.plt)
 *(.got)
 *(.data1)
 *(.data .data.* .gnu.linkonce.d.*)
 .data          0x000000000000f690        0x0 C:/Users/Artee/Documents/ESAKBS2/nioseclipse_bsp//obj/HAL/src/crt0.o
 .data          0x000000000000f690        0x0 obj/default/hello_ucosii.o
 .data          0x000000000000f690        0x0 c:/intelfpga_lite/16.1/nios2eds/bin/gnu/h-x86_64-mingw32/bin/../lib/gcc/nios2-elf/5.3.0/../../../../../H-x86_64-mingw32/nios2-elf/lib/mhw-mulx\libc.a(lib_a-puts.o)
 .data          0x000000000000f690        0x0 c:/intelfpga_lite/16.1/nios2eds/bin/gnu/h-x86_64-mingw32/bin/../lib/gcc/nios2-elf/5.3.0/../../../../../H-x86_64-mingw32/nios2-elf/lib/mhw-mulx\libc.a(lib_a-strlen.o)
 .data          0x000000000000f690        0x0 c:/intelfpga_lite/16.1/nios2eds/bin/gnu/h-x86_64-mingw32/bin/../lib/gcc/nios2-elf/5.3.0/../../../../../H-x86_64-mingw32/nios2-elf/lib/mhw-mulx\libc.a(lib_a-findfp.o)
 .data          0x000000000000f690        0x0 c:/intelfpga_lite/16.1/nios2eds/bin/gnu/h-x86_64-mingw32/bin/../lib/gcc/nios2-elf/5.3.0/../../../../../H-x86_64-mingw32/nios2-elf/lib/mhw-mulx\libc.a(lib_a-fvwrite.o)
 .data          0x000000000000f690        0x0 c:/intelfpga_lite/16.1/nios2eds/bin/gnu/h-x86_64-mingw32/bin/../lib/gcc/nios2-elf/5.3.0/../../../../../H-x86_64-mingw32/nios2-elf/lib/mhw-mulx\libc.a(lib_a-fwalk.o)
 .data          0x000000000000f690        0x0 c:/intelfpga_lite/16.1/nios2eds/bin/gnu/h-x86_64-mingw32/bin/../lib/gcc/nios2-elf/5.3.0/../../../../../H-x86_64-mingw32/nios2-elf/lib/mhw-mulx\libc.a(lib_a-impure.o)
 .data.impure_data
                0x000000000000f690      0x424 c:/intelfpga_lite/16.1/nios2eds/bin/gnu/h-x86_64-mingw32/bin/../lib/gcc/nios2-elf/5.3.0/../../../../../H-x86_64-mingw32/nios2-elf/lib/mhw-mulx\libc.a(lib_a-impure.o)
 .data          0x000000000000fab4        0x0 c:/intelfpga_lite/16.1/nios2eds/bin/gnu/h-x86_64-mingw32/bin/../lib/gcc/nios2-elf/5.3.0/../../../../../H-x86_64-mingw32/nios2-elf/lib/mhw-mulx\libc.a(lib_a-mallocr.o)
 .data.__malloc_av_
                0x000000000000fab4      0x408 c:/intelfpga_lite/16.1/nios2eds/bin/gnu/h-x86_64-mingw32/bin/../lib/gcc/nios2-elf/5.3.0/../../../../../H-x86_64-mingw32/nios2-elf/lib/mhw-mulx\libc.a(lib_a-mallocr.o)
                0x000000000000fab4                __malloc_av_
 .data          0x000000000000febc        0x0 c:/intelfpga_lite/16.1/nios2eds/bin/gnu/h-x86_64-mingw32/bin/../lib/gcc/nios2-elf/5.3.0/../../../../../H-x86_64-mingw32/nios2-elf/lib/mhw-mulx\libc.a(lib_a-memchr.o)
 .data          0x000000000000febc        0x0 c:/intelfpga_lite/16.1/nios2eds/bin/gnu/h-x86_64-mingw32/bin/../lib/gcc/nios2-elf/5.3.0/../../../../../H-x86_64-mingw32/nios2-elf/lib/mhw-mulx\libc.a(lib_a-memcpy.o)
 .data          0x000000000000febc        0x0 c:/intelfpga_lite/16.1/nios2eds/bin/gnu/h-x86_64-mingw32/bin/../lib/gcc/nios2-elf/5.3.0/../../../../../H-x86_64-mingw32/nios2-elf/lib/mhw-mulx\libc.a(lib_a-memmove.o)
 .data          0x000000000000febc        0x0 c:/intelfpga_lite/16.1/nios2eds/bin/gnu/h-x86_64-mingw32/bin/../lib/gcc/nios2-elf/5.3.0/../../../../../H-x86_64-mingw32/nios2-elf/lib/mhw-mulx\libc.a(lib_a-memset.o)
 .data          0x000000000000febc        0x0 c:/intelfpga_lite/16.1/nios2eds/bin/gnu/h-x86_64-mingw32/bin/../lib/gcc/nios2-elf/5.3.0/../../../../../H-x86_64-mingw32/nios2-elf/lib/mhw-mulx\libc.a(lib_a-reallocr.o)
 .data          0x000000000000febc        0x0 c:/intelfpga_lite/16.1/nios2eds/bin/gnu/h-x86_64-mingw32/bin/../lib/gcc/nios2-elf/5.3.0/../../../../../H-x86_64-mingw32/nios2-elf/lib/mhw-mulx\libc.a(lib_a-sbrkr.o)
 .data          0x000000000000febc        0x0 c:/intelfpga_lite/16.1/nios2eds/bin/gnu/h-x86_64-mingw32/bin/../lib/gcc/nios2-elf/5.3.0/../../../../../H-x86_64-mingw32/nios2-elf/lib/mhw-mulx\libc.a(lib_a-stdio.o)
 .data          0x000000000000febc        0x0 c:/intelfpga_lite/16.1/nios2eds/bin/gnu/h-x86_64-mingw32/bin/../lib/gcc/nios2-elf/5.3.0/../../../../../H-x86_64-mingw32/nios2-elf/lib/mhw-mulx\libc.a(lib_a-writer.o)
 .data          0x000000000000febc        0x0 c:/intelfpga_lite/16.1/nios2eds/bin/gnu/h-x86_64-mingw32/bin/../lib/gcc/nios2-elf/5.3.0/../../../../../H-x86_64-mingw32/nios2-elf/lib/mhw-mulx\libc.a(lib_a-wsetup.o)
 .data          0x000000000000febc        0x0 c:/intelfpga_lite/16.1/nios2eds/bin/gnu/h-x86_64-mingw32/bin/../lib/gcc/nios2-elf/5.3.0/../../../../../H-x86_64-mingw32/nios2-elf/lib/mhw-mulx\libc.a(closer.o)
 .data          0x000000000000febc        0x0 c:/intelfpga_lite/16.1/nios2eds/bin/gnu/h-x86_64-mingw32/bin/../lib/gcc/nios2-elf/5.3.0/../../../../../H-x86_64-mingw32/nios2-elf/lib/mhw-mulx\libc.a(lib_a-fclose.o)
 .data          0x000000000000febc        0x0 c:/intelfpga_lite/16.1/nios2eds/bin/gnu/h-x86_64-mingw32/bin/../lib/gcc/nios2-elf/5.3.0/../../../../../H-x86_64-mingw32/nios2-elf/lib/mhw-mulx\libc.a(lib_a-fflush.o)
 .data          0x000000000000febc        0x0 c:/intelfpga_lite/16.1/nios2eds/bin/gnu/h-x86_64-mingw32/bin/../lib/gcc/nios2-elf/5.3.0/../../../../../H-x86_64-mingw32/nios2-elf/lib/mhw-mulx\libc.a(lib_a-freer.o)
 .data          0x000000000000febc        0x0 c:/intelfpga_lite/16.1/nios2eds/bin/gnu/h-x86_64-mingw32/bin/../lib/gcc/nios2-elf/5.3.0/../../../../../H-x86_64-mingw32/nios2-elf/lib/mhw-mulx\libc.a(lib_a-int_errno.o)
 .data          0x000000000000febc        0x0 c:/intelfpga_lite/16.1/nios2eds/bin/gnu/h-x86_64-mingw32/bin/../lib/gcc/nios2-elf/5.3.0/../../../../../H-x86_64-mingw32/nios2-elf/lib/mhw-mulx\libc.a(lib_a-lseekr.o)
 .data          0x000000000000febc        0x0 c:/intelfpga_lite/16.1/nios2eds/bin/gnu/h-x86_64-mingw32/bin/../lib/gcc/nios2-elf/5.3.0/../../../../../H-x86_64-mingw32/nios2-elf/lib/mhw-mulx\libc.a(lib_a-makebuf.o)
 .data          0x000000000000febc        0x0 c:/intelfpga_lite/16.1/nios2eds/bin/gnu/h-x86_64-mingw32/bin/../lib/gcc/nios2-elf/5.3.0/../../../../../H-x86_64-mingw32/nios2-elf/lib/mhw-mulx\libc.a(lib_a-readr.o)
 .data          0x000000000000febc        0x0 c:/intelfpga_lite/16.1/nios2eds/bin/gnu/h-x86_64-mingw32/bin/../lib/gcc/nios2-elf/5.3.0/../../../../../H-x86_64-mingw32/nios2-elf/lib/mhw-mulx\libc.a(lib_a-fstatr.o)
 .data          0x000000000000febc        0x0 c:/intelfpga_lite/16.1/nios2eds/bin/gnu/h-x86_64-mingw32/bin/../lib/gcc/nios2-elf/5.3.0/../../../../../H-x86_64-mingw32/nios2-elf/lib/mhw-mulx\libc.a(lib_a-isattyr.o)
 .data          0x000000000000febc        0x0 c:/intelfpga_lite/16.1/nios2eds/bin/gnu/h-x86_64-mingw32/bin/../lib/gcc/nios2-elf/5.3.0/mhw-mulx\libgcc.a(lib2-divmod.o)
 .data          0x000000000000febc        0x0 C:/Users/Artee/Documents/ESAKBS2/nioseclipse_bsp/\libucosii_bsp.a(alt_close.o)
 .data          0x000000000000febc      0x1a8 C:/Users/Artee/Documents/ESAKBS2/nioseclipse_bsp/\libucosii_bsp.a(alt_dev.o)
                0x000000000000febc                alt_dev_null
                0x000000000000fee4                alt_fd_list
 .data          0x0000000000010064        0x0 C:/Users/Artee/Documents/ESAKBS2/nioseclipse_bsp/\libucosii_bsp.a(alt_errno.o)
 .data          0x0000000000010064        0x0 C:/Users/Artee/Documents/ESAKBS2/nioseclipse_bsp/\libucosii_bsp.a(alt_fstat.o)
 .data          0x0000000000010064        0x0 C:/Users/Artee/Documents/ESAKBS2/nioseclipse_bsp/\libucosii_bsp.a(alt_isatty.o)
 .data          0x0000000000010064        0x0 C:/Users/Artee/Documents/ESAKBS2/nioseclipse_bsp/\libucosii_bsp.a(alt_load.o)
 .data          0x0000000000010064        0x0 C:/Users/Artee/Documents/ESAKBS2/nioseclipse_bsp/\libucosii_bsp.a(alt_lseek.o)
 .data          0x0000000000010064        0x0 C:/Users/Artee/Documents/ESAKBS2/nioseclipse_bsp/\libucosii_bsp.a(alt_main.o)
 .data          0x0000000000010064        0x0 C:/Users/Artee/Documents/ESAKBS2/nioseclipse_bsp/\libucosii_bsp.a(alt_read.o)
 .data          0x0000000000010064        0x0 C:/Users/Artee/Documents/ESAKBS2/nioseclipse_bsp/\libucosii_bsp.a(alt_release_fd.o)
 .data          0x0000000000010064        0x0 C:/Users/Artee/Documents/ESAKBS2/nioseclipse_bsp/\libucosii_bsp.a(alt_sbrk.o)
 .data          0x0000000000010064        0x0 C:/Users/Artee/Documents/ESAKBS2/nioseclipse_bsp/\libucosii_bsp.a(alt_write.o)
 .data          0x0000000000010064        0x0 C:/Users/Artee/Documents/ESAKBS2/nioseclipse_bsp/\libucosii_bsp.a(alt_env_lock.o)
 .data          0x0000000000010064        0x0 C:/Users/Artee/Documents/ESAKBS2/nioseclipse_bsp/\libucosii_bsp.a(alt_malloc_lock.o)
 .data          0x0000000000010064        0x0 C:/Users/Artee/Documents/ESAKBS2/nioseclipse_bsp/\libucosii_bsp.a(os_core.o)
 .data          0x0000000000010064        0x0 C:/Users/Artee/Documents/ESAKBS2/nioseclipse_bsp/\libucosii_bsp.a(os_dbg.o)
 .data          0x0000000000010064        0x0 C:/Users/Artee/Documents/ESAKBS2/nioseclipse_bsp/\libucosii_bsp.a(os_flag.o)
 .data          0x0000000000010064        0x0 C:/Users/Artee/Documents/ESAKBS2/nioseclipse_bsp/\libucosii_bsp.a(os_mem.o)
 .data          0x0000000000010064        0x0 C:/Users/Artee/Documents/ESAKBS2/nioseclipse_bsp/\libucosii_bsp.a(os_q.o)
 .data          0x0000000000010064        0x0 C:/Users/Artee/Documents/ESAKBS2/nioseclipse_bsp/\libucosii_bsp.a(os_sem.o)
 .data          0x0000000000010064        0x0 C:/Users/Artee/Documents/ESAKBS2/nioseclipse_bsp/\libucosii_bsp.a(os_task.o)
 .data          0x0000000000010064        0x0 C:/Users/Artee/Documents/ESAKBS2/nioseclipse_bsp/\libucosii_bsp.a(os_time.o)
 .data          0x0000000000010064     0x1460 C:/Users/Artee/Documents/ESAKBS2/nioseclipse_bsp/\libucosii_bsp.a(alt_sys_init.o)
 .data          0x00000000000114c4        0x0 C:/Users/Artee/Documents/ESAKBS2/nioseclipse_bsp/\libucosii_bsp.a(altera_avalon_jtag_uart_fd.o)
 .data          0x00000000000114c4        0x0 C:/Users/Artee/Documents/ESAKBS2/nioseclipse_bsp/\libucosii_bsp.a(altera_avalon_jtag_uart_init.o)
 .data          0x00000000000114c4        0x0 C:/Users/Artee/Documents/ESAKBS2/nioseclipse_bsp/\libucosii_bsp.a(altera_avalon_jtag_uart_ioctl.o)
 .data          0x00000000000114c4        0x0 C:/Users/Artee/Documents/ESAKBS2/nioseclipse_bsp/\libucosii_bsp.a(altera_avalon_jtag_uart_read.o)
 .data          0x00000000000114c4        0x0 C:/Users/Artee/Documents/ESAKBS2/nioseclipse_bsp/\libucosii_bsp.a(altera_avalon_jtag_uart_write.o)
 .data          0x00000000000114c4        0x0 C:/Users/Artee/Documents/ESAKBS2/nioseclipse_bsp/\libucosii_bsp.a(altera_avalon_timer_sc.o)
 .data          0x00000000000114c4        0x0 C:/Users/Artee/Documents/ESAKBS2/nioseclipse_bsp/\libucosii_bsp.a(altera_up_avalon_character_lcd.o)
 .data          0x00000000000114c4        0x0 C:/Users/Artee/Documents/ESAKBS2/nioseclipse_bsp/\libucosii_bsp.a(altera_up_avalon_irda.o)
 .data          0x00000000000114c4        0x0 C:/Users/Artee/Documents/ESAKBS2/nioseclipse_bsp/\libucosii_bsp.a(altera_up_avalon_ps2.o)
 .data          0x00000000000114c4        0x0 C:/Users/Artee/Documents/ESAKBS2/nioseclipse_bsp/\libucosii_bsp.a(altera_up_avalon_rs232.o)
 .data          0x00000000000114c4        0x0 C:/Users/Artee/Documents/ESAKBS2/nioseclipse_bsp/\libucosii_bsp.a(alt_alarm_start.o)
 .data          0x00000000000114c4        0x0 C:/Users/Artee/Documents/ESAKBS2/nioseclipse_bsp/\libucosii_bsp.a(alt_dcache_flush_all.o)
 .data          0x00000000000114c4        0x0 C:/Users/Artee/Documents/ESAKBS2/nioseclipse_bsp/\libucosii_bsp.a(alt_dev_llist_insert.o)
 .data          0x00000000000114c4        0x0 C:/Users/Artee/Documents/ESAKBS2/nioseclipse_bsp/\libucosii_bsp.a(alt_do_ctors.o)
 .data          0x00000000000114c4        0x0 C:/Users/Artee/Documents/ESAKBS2/nioseclipse_bsp/\libucosii_bsp.a(alt_do_dtors.o)
 .data          0x00000000000114c4        0x0 C:/Users/Artee/Documents/ESAKBS2/nioseclipse_bsp/\libucosii_bsp.a(alt_find_dev.o)
 .data          0x00000000000114c4        0x0 C:/Users/Artee/Documents/ESAKBS2/nioseclipse_bsp/\libucosii_bsp.a(alt_icache_flush_all.o)
 .data          0x00000000000114c4        0x0 C:/Users/Artee/Documents/ESAKBS2/nioseclipse_bsp/\libucosii_bsp.a(alt_io_redirect.o)
 .data          0x00000000000114c4        0x0 C:/Users/Artee/Documents/ESAKBS2/nioseclipse_bsp/\libucosii_bsp.a(alt_irq_register.o)
 .data          0x00000000000114c4        0x0 C:/Users/Artee/Documents/ESAKBS2/nioseclipse_bsp/\libucosii_bsp.a(alt_irq_vars.o)
 .data          0x00000000000114c4        0x0 C:/Users/Artee/Documents/ESAKBS2/nioseclipse_bsp/\libucosii_bsp.a(alt_open.o)
 .data          0x00000000000114c4        0x0 C:/Users/Artee/Documents/ESAKBS2/nioseclipse_bsp/\libucosii_bsp.a(alt_tick.o)
 .data          0x00000000000114c4        0x0 C:/Users/Artee/Documents/ESAKBS2/nioseclipse_bsp/\libucosii_bsp.a(altera_nios2_gen2_irq.o)
 .data          0x00000000000114c4        0x0 C:/Users/Artee/Documents/ESAKBS2/nioseclipse_bsp/\libucosii_bsp.a(os_cpu_a.o)
 .data          0x00000000000114c4        0x0 C:/Users/Artee/Documents/ESAKBS2/nioseclipse_bsp/\libucosii_bsp.a(os_cpu_c.o)
 .data          0x00000000000114c4        0x0 C:/Users/Artee/Documents/ESAKBS2/nioseclipse_bsp/\libucosii_bsp.a(alt_find_file.o)
 .data          0x00000000000114c4        0x0 C:/Users/Artee/Documents/ESAKBS2/nioseclipse_bsp/\libucosii_bsp.a(alt_get_fd.o)
 .data          0x00000000000114c4        0x0 C:/Users/Artee/Documents/ESAKBS2/nioseclipse_bsp/\libucosii_bsp.a(alt_icache_flush.o)
 .data          0x00000000000114c4        0x0 C:/Users/Artee/Documents/ESAKBS2/nioseclipse_bsp/\libucosii_bsp.a(alt_irq_entry.o)
 .data          0x00000000000114c4        0x0 C:/Users/Artee/Documents/ESAKBS2/nioseclipse_bsp/\libucosii_bsp.a(alt_irq_handler.o)
 .data          0x00000000000114c4        0x0 C:/Users/Artee/Documents/ESAKBS2/nioseclipse_bsp/\libucosii_bsp.a(alt_exception_entry.o)
 .data          0x00000000000114c4        0x0 C:/Users/Artee/Documents/ESAKBS2/nioseclipse_bsp/\libucosii_bsp.a(alt_instruction_exception_entry.o)
 .data          0x00000000000114c4        0x0 c:/intelfpga_lite/16.1/nios2eds/bin/gnu/h-x86_64-mingw32/bin/../lib/gcc/nios2-elf/5.3.0/../../../../../H-x86_64-mingw32/nios2-elf/lib/mhw-mulx\libc.a(lib_a-atexit.o)
 .data          0x00000000000114c4        0x0 c:/intelfpga_lite/16.1/nios2eds/bin/gnu/h-x86_64-mingw32/bin/../lib/gcc/nios2-elf/5.3.0/../../../../../H-x86_64-mingw32/nios2-elf/lib/mhw-mulx\libc.a(lib_a-exit.o)
 .data          0x00000000000114c4        0x0 c:/intelfpga_lite/16.1/nios2eds/bin/gnu/h-x86_64-mingw32/bin/../lib/gcc/nios2-elf/5.3.0/../../../../../H-x86_64-mingw32/nios2-elf/lib/mhw-mulx\libc.a(lib_a-memcmp.o)
 .data          0x00000000000114c4        0x0 c:/intelfpga_lite/16.1/nios2eds/bin/gnu/h-x86_64-mingw32/bin/../lib/gcc/nios2-elf/5.3.0/../../../../../H-x86_64-mingw32/nios2-elf/lib/mhw-mulx\libc.a(lib_a-__atexit.o)
 .data          0x00000000000114c4        0x0 c:/intelfpga_lite/16.1/nios2eds/bin/gnu/h-x86_64-mingw32/bin/../lib/gcc/nios2-elf/5.3.0/../../../../../H-x86_64-mingw32/nios2-elf/lib/mhw-mulx\libc.a(lib_a-__call_atexit.o)
 .data          0x00000000000114c4        0x0 C:/Users/Artee/Documents/ESAKBS2/nioseclipse_bsp/\libucosii_bsp.a(alt_exit.o)
                0x00000000000194c4                _gp = ABSOLUTE ((. + 0x8000))
                [!provide]                        PROVIDE (gp, _gp)
 *(.rwdata .rwdata.*)
 *(.sdata .sdata.* .gnu.linkonce.s.*)
 .sdata._global_impure_ptr
                0x00000000000114c4        0x4 c:/intelfpga_lite/16.1/nios2eds/bin/gnu/h-x86_64-mingw32/bin/../lib/gcc/nios2-elf/5.3.0/../../../../../H-x86_64-mingw32/nios2-elf/lib/mhw-mulx\libc.a(lib_a-impure.o)
                0x00000000000114c4                _global_impure_ptr
 .sdata._impure_ptr
                0x00000000000114c8        0x4 c:/intelfpga_lite/16.1/nios2eds/bin/gnu/h-x86_64-mingw32/bin/../lib/gcc/nios2-elf/5.3.0/../../../../../H-x86_64-mingw32/nios2-elf/lib/mhw-mulx\libc.a(lib_a-impure.o)
                0x00000000000114c8                _impure_ptr
 .sdata.__malloc_sbrk_base
                0x00000000000114cc        0x4 c:/intelfpga_lite/16.1/nios2eds/bin/gnu/h-x86_64-mingw32/bin/../lib/gcc/nios2-elf/5.3.0/../../../../../H-x86_64-mingw32/nios2-elf/lib/mhw-mulx\libc.a(lib_a-mallocr.o)
                0x00000000000114cc                __malloc_sbrk_base
 .sdata.__malloc_trim_threshold
                0x00000000000114d0        0x4 c:/intelfpga_lite/16.1/nios2eds/bin/gnu/h-x86_64-mingw32/bin/../lib/gcc/nios2-elf/5.3.0/../../../../../H-x86_64-mingw32/nios2-elf/lib/mhw-mulx\libc.a(lib_a-mallocr.o)
                0x00000000000114d0                __malloc_trim_threshold
 .sdata         0x00000000000114d4       0x14 C:/Users/Artee/Documents/ESAKBS2/nioseclipse_bsp/\libucosii_bsp.a(alt_dev.o)
                0x00000000000114d4                alt_fs_list
                0x00000000000114dc                alt_dev_list
                0x00000000000114e4                alt_max_fd
 .sdata         0x00000000000114e8        0x4 C:/Users/Artee/Documents/ESAKBS2/nioseclipse_bsp/\libucosii_bsp.a(alt_errno.o)
                0x00000000000114e8                alt_errno
 .sdata         0x00000000000114ec        0x4 C:/Users/Artee/Documents/ESAKBS2/nioseclipse_bsp/\libucosii_bsp.a(alt_sbrk.o)
 .sdata         0x00000000000114f0        0x4 C:/Users/Artee/Documents/ESAKBS2/nioseclipse_bsp/\libucosii_bsp.a(alt_env_lock.o)
 .sdata         0x00000000000114f4        0x4 C:/Users/Artee/Documents/ESAKBS2/nioseclipse_bsp/\libucosii_bsp.a(alt_malloc_lock.o)
 .sdata         0x00000000000114f8       0x72 C:/Users/Artee/Documents/ESAKBS2/nioseclipse_bsp/\libucosii_bsp.a(os_dbg.o)
                0x00000000000114f8                OSDebugEn
                0x00000000000114fc                OSEndiannessTest
                0x0000000000011500                OSEventEn
                0x0000000000011502                OSEventMax
                0x0000000000011504                OSEventNameSize
                0x0000000000011506                OSEventSize
                0x0000000000011508                OSEventTblSize
                0x000000000001150a                OSEventMultiEn
                0x000000000001150c                OSFlagEn
                0x000000000001150e                OSFlagGrpSize
                0x0000000000011510                OSFlagNodeSize
                0x0000000000011512                OSFlagWidth
                0x0000000000011514                OSFlagMax
                0x0000000000011516                OSFlagNameSize
                0x0000000000011518                OSLowestPrio
                0x000000000001151a                OSMboxEn
                0x000000000001151c                OSMemEn
                0x000000000001151e                OSMemMax
                0x0000000000011520                OSMemNameSize
                0x0000000000011522                OSMemSize
                0x0000000000011524                OSMemTblSize
                0x0000000000011526                OSMutexEn
                0x0000000000011528                OSPtrSize
                0x000000000001152a                OSQEn
                0x000000000001152c                OSQMax
                0x000000000001152e                OSQSize
                0x0000000000011530                OSRdyTblSize
                0x0000000000011532                OSSemEn
                0x0000000000011534                OSStkWidth
                0x0000000000011536                OSTaskCreateEn
                0x0000000000011538                OSTaskCreateExtEn
                0x000000000001153a                OSTaskDelEn
                0x000000000001153c                OSTaskIdleStkSize
                0x000000000001153e                OSTaskProfileEn
                0x0000000000011540                OSTaskMax
                0x0000000000011542                OSTaskNameSize
                0x0000000000011544                OSTaskStatEn
                0x0000000000011546                OSTaskStatStkSize
                0x0000000000011548                OSTaskStatStkChkEn
                0x000000000001154a                OSTaskSwHookEn
                0x000000000001154c                OSTCBPrioTblMax
                0x000000000001154e                OSTCBSize
                0x0000000000011550                OSTicksPerSec
                0x0000000000011552                OSTimeTickHookEn
                0x0000000000011554                OSVersionNbr
                0x0000000000011556                OSTmrEn
                0x0000000000011558                OSTmrCfgMax
                0x000000000001155a                OSTmrCfgNameSize
                0x000000000001155c                OSTmrCfgWheelSize
                0x000000000001155e                OSTmrCfgTicksPerSec
                0x0000000000011560                OSTmrSize
                0x0000000000011562                OSTmrTblSize
                0x0000000000011564                OSTmrWheelSize
                0x0000000000011566                OSTmrWheelTblSize
                0x0000000000011568                OSDataSize
 *fill*         0x000000000001156a        0x2 
 .sdata         0x000000000001156c        0x4 C:/Users/Artee/Documents/ESAKBS2/nioseclipse_bsp/\libucosii_bsp.a(alt_irq_vars.o)
                0x000000000001156c                alt_priority_mask
 .sdata         0x0000000000011570        0x8 C:/Users/Artee/Documents/ESAKBS2/nioseclipse_bsp/\libucosii_bsp.a(alt_tick.o)
                0x0000000000011570                alt_alarm_list
 *(.sdata2 .sdata2.* .gnu.linkonce.s2.*)
                0x0000000000011578                . = ALIGN (0x4)
                0x0000000000011578                _edata = ABSOLUTE (.)
                [!provide]                        PROVIDE (edata, ABSOLUTE (.))
                0x0000000000011578                PROVIDE (__ram_rwdata_end, ABSOLUTE (.))
                0x0000000000011578                PROVIDE (__flash_rwdata_start, LOADADDR (.rwdata))

.bss            0x0000000000013460     0x73dc
                0x0000000000013460                __bss_start = ABSOLUTE (.)
                [!provide]                        PROVIDE (__sbss_start, ABSOLUTE (.))
                [!provide]                        PROVIDE (___sbss_start, ABSOLUTE (.))
 *(.dynsbss)
 *(.sbss .sbss.* .gnu.linkonce.sb.*)
 .sbss.__malloc_max_total_mem
                0x0000000000013460        0x4 c:/intelfpga_lite/16.1/nios2eds/bin/gnu/h-x86_64-mingw32/bin/../lib/gcc/nios2-elf/5.3.0/../../../../../H-x86_64-mingw32/nios2-elf/lib/mhw-mulx\libc.a(lib_a-mallocr.o)
                0x0000000000013460                __malloc_max_total_mem
 .sbss.__malloc_max_sbrked_mem
                0x0000000000013464        0x4 c:/intelfpga_lite/16.1/nios2eds/bin/gnu/h-x86_64-mingw32/bin/../lib/gcc/nios2-elf/5.3.0/../../../../../H-x86_64-mingw32/nios2-elf/lib/mhw-mulx\libc.a(lib_a-mallocr.o)
                0x0000000000013464                __malloc_max_sbrked_mem
 .sbss.__malloc_top_pad
                0x0000000000013468        0x4 c:/intelfpga_lite/16.1/nios2eds/bin/gnu/h-x86_64-mingw32/bin/../lib/gcc/nios2-elf/5.3.0/../../../../../H-x86_64-mingw32/nios2-elf/lib/mhw-mulx\libc.a(lib_a-mallocr.o)
                0x0000000000013468                __malloc_top_pad
 .sbss          0x000000000001346c        0x4 c:/intelfpga_lite/16.1/nios2eds/bin/gnu/h-x86_64-mingw32/bin/../lib/gcc/nios2-elf/5.3.0/../../../../../H-x86_64-mingw32/nios2-elf/lib/mhw-mulx\libc.a(lib_a-int_errno.o)
                0x000000000001346c                errno
 .sbss          0x0000000000013470        0x4 C:/Users/Artee/Documents/ESAKBS2/nioseclipse_bsp/\libucosii_bsp.a(alt_dev.o)
                0x0000000000013470                alt_fd_list_lock
 .sbss          0x0000000000013474        0xc C:/Users/Artee/Documents/ESAKBS2/nioseclipse_bsp/\libucosii_bsp.a(alt_main.o)
                0x0000000000013474                alt_argc
                0x0000000000013478                alt_argv
                0x000000000001347c                alt_envp
 .sbss          0x0000000000013480        0x8 C:/Users/Artee/Documents/ESAKBS2/nioseclipse_bsp/\libucosii_bsp.a(alt_env_lock.o)
                0x0000000000013484                alt_envsem
 .sbss          0x0000000000013488        0x8 C:/Users/Artee/Documents/ESAKBS2/nioseclipse_bsp/\libucosii_bsp.a(alt_malloc_lock.o)
                0x000000000001348c                alt_heapsem
 .sbss          0x0000000000013490       0x50 C:/Users/Artee/Documents/ESAKBS2/nioseclipse_bsp/\libucosii_bsp.a(os_core.o)
                0x0000000000013490                OSLockNesting
                0x0000000000013491                OSRunning
                0x0000000000013494                OSIdleCtr
                0x0000000000013498                OSPrioHighRdy
                0x0000000000013499                OSPrioCur
                0x000000000001349c                OSTCBList
                0x00000000000134a0                OSTickStepState
                0x00000000000134a4                OSCtxSwCtr
                0x00000000000134a8                OSIdleCtrMax
                0x00000000000134ac                OSTCBFreeList
                0x00000000000134b0                OSCPUUsage
                0x00000000000134b1                OSTaskCtr
                0x00000000000134b4                OSMemFreeList
                0x00000000000134b8                OSTCBHighRdy
                0x00000000000134bc                OSQFreeList
                0x00000000000134c0                OSRdyGrp
                0x00000000000134c1                OSRdyTbl
                0x00000000000134c4                OSEventFreeList
                0x00000000000134c8                OSIntNesting
                0x00000000000134cc                OSTCBCur
                0x00000000000134d0                OSTime
                0x00000000000134d4                OSFlagFreeList
                0x00000000000134d8                OSStatRdy
                0x00000000000134dc                OSIdleCtrRun
 .sbss          0x00000000000134e0        0x4 C:/Users/Artee/Documents/ESAKBS2/nioseclipse_bsp/\libucosii_bsp.a(alt_irq_vars.o)
                0x00000000000134e0                alt_irq_active
 .sbss          0x00000000000134e4        0x8 C:/Users/Artee/Documents/ESAKBS2/nioseclipse_bsp/\libucosii_bsp.a(alt_tick.o)
                0x00000000000134e4                _alt_tick_rate
                0x00000000000134e8                _alt_nticks
 .sbss          0x00000000000134ec        0x4 C:/Users/Artee/Documents/ESAKBS2/nioseclipse_bsp/\libucosii_bsp.a(alt_instruction_exception_entry.o)
                0x00000000000134ec                alt_instruction_exception_handler
 *(.sbss2 .sbss2.* .gnu.linkonce.sb2.*)
 *(.scommon)
                [!provide]                        PROVIDE (__sbss_end, ABSOLUTE (.))
                [!provide]                        PROVIDE (___sbss_end, ABSOLUTE (.))
 *(.dynbss)
 *(.bss .bss.* .gnu.linkonce.b.*)
 .bss           0x00000000000134f0        0x0 C:/Users/Artee/Documents/ESAKBS2/nioseclipse_bsp//obj/HAL/src/crt0.o
 .bss           0x00000000000134f0        0x0 obj/default/hello_ucosii.o
 .bss           0x00000000000134f0        0x0 c:/intelfpga_lite/16.1/nios2eds/bin/gnu/h-x86_64-mingw32/bin/../lib/gcc/nios2-elf/5.3.0/../../../../../H-x86_64-mingw32/nios2-elf/lib/mhw-mulx\libc.a(lib_a-puts.o)
 .bss           0x00000000000134f0        0x0 c:/intelfpga_lite/16.1/nios2eds/bin/gnu/h-x86_64-mingw32/bin/../lib/gcc/nios2-elf/5.3.0/../../../../../H-x86_64-mingw32/nios2-elf/lib/mhw-mulx\libc.a(lib_a-strlen.o)
 .bss           0x00000000000134f0        0x0 c:/intelfpga_lite/16.1/nios2eds/bin/gnu/h-x86_64-mingw32/bin/../lib/gcc/nios2-elf/5.3.0/../../../../../H-x86_64-mingw32/nios2-elf/lib/mhw-mulx\libc.a(lib_a-findfp.o)
 .bss           0x00000000000134f0        0x0 c:/intelfpga_lite/16.1/nios2eds/bin/gnu/h-x86_64-mingw32/bin/../lib/gcc/nios2-elf/5.3.0/../../../../../H-x86_64-mingw32/nios2-elf/lib/mhw-mulx\libc.a(lib_a-fvwrite.o)
 .bss           0x00000000000134f0        0x0 c:/intelfpga_lite/16.1/nios2eds/bin/gnu/h-x86_64-mingw32/bin/../lib/gcc/nios2-elf/5.3.0/../../../../../H-x86_64-mingw32/nios2-elf/lib/mhw-mulx\libc.a(lib_a-fwalk.o)
 .bss           0x00000000000134f0        0x0 c:/intelfpga_lite/16.1/nios2eds/bin/gnu/h-x86_64-mingw32/bin/../lib/gcc/nios2-elf/5.3.0/../../../../../H-x86_64-mingw32/nios2-elf/lib/mhw-mulx\libc.a(lib_a-impure.o)
 .bss           0x00000000000134f0        0x0 c:/intelfpga_lite/16.1/nios2eds/bin/gnu/h-x86_64-mingw32/bin/../lib/gcc/nios2-elf/5.3.0/../../../../../H-x86_64-mingw32/nios2-elf/lib/mhw-mulx\libc.a(lib_a-mallocr.o)
 .bss.__malloc_current_mallinfo
                0x00000000000134f0       0x28 c:/intelfpga_lite/16.1/nios2eds/bin/gnu/h-x86_64-mingw32/bin/../lib/gcc/nios2-elf/5.3.0/../../../../../H-x86_64-mingw32/nios2-elf/lib/mhw-mulx\libc.a(lib_a-mallocr.o)
                0x00000000000134f0                __malloc_current_mallinfo
 .bss           0x0000000000013518        0x0 c:/intelfpga_lite/16.1/nios2eds/bin/gnu/h-x86_64-mingw32/bin/../lib/gcc/nios2-elf/5.3.0/../../../../../H-x86_64-mingw32/nios2-elf/lib/mhw-mulx\libc.a(lib_a-memchr.o)
 .bss           0x0000000000013518        0x0 c:/intelfpga_lite/16.1/nios2eds/bin/gnu/h-x86_64-mingw32/bin/../lib/gcc/nios2-elf/5.3.0/../../../../../H-x86_64-mingw32/nios2-elf/lib/mhw-mulx\libc.a(lib_a-memcpy.o)
 .bss           0x0000000000013518        0x0 c:/intelfpga_lite/16.1/nios2eds/bin/gnu/h-x86_64-mingw32/bin/../lib/gcc/nios2-elf/5.3.0/../../../../../H-x86_64-mingw32/nios2-elf/lib/mhw-mulx\libc.a(lib_a-memmove.o)
 .bss           0x0000000000013518        0x0 c:/intelfpga_lite/16.1/nios2eds/bin/gnu/h-x86_64-mingw32/bin/../lib/gcc/nios2-elf/5.3.0/../../../../../H-x86_64-mingw32/nios2-elf/lib/mhw-mulx\libc.a(lib_a-memset.o)
 .bss           0x0000000000013518        0x0 c:/intelfpga_lite/16.1/nios2eds/bin/gnu/h-x86_64-mingw32/bin/../lib/gcc/nios2-elf/5.3.0/../../../../../H-x86_64-mingw32/nios2-elf/lib/mhw-mulx\libc.a(lib_a-reallocr.o)
 .bss           0x0000000000013518        0x0 c:/intelfpga_lite/16.1/nios2eds/bin/gnu/h-x86_64-mingw32/bin/../lib/gcc/nios2-elf/5.3.0/../../../../../H-x86_64-mingw32/nios2-elf/lib/mhw-mulx\libc.a(lib_a-sbrkr.o)
 .bss           0x0000000000013518        0x0 c:/intelfpga_lite/16.1/nios2eds/bin/gnu/h-x86_64-mingw32/bin/../lib/gcc/nios2-elf/5.3.0/../../../../../H-x86_64-mingw32/nios2-elf/lib/mhw-mulx\libc.a(lib_a-stdio.o)
 .bss           0x0000000000013518        0x0 c:/intelfpga_lite/16.1/nios2eds/bin/gnu/h-x86_64-mingw32/bin/../lib/gcc/nios2-elf/5.3.0/../../../../../H-x86_64-mingw32/nios2-elf/lib/mhw-mulx\libc.a(lib_a-writer.o)
 .bss           0x0000000000013518        0x0 c:/intelfpga_lite/16.1/nios2eds/bin/gnu/h-x86_64-mingw32/bin/../lib/gcc/nios2-elf/5.3.0/../../../../../H-x86_64-mingw32/nios2-elf/lib/mhw-mulx\libc.a(lib_a-wsetup.o)
 .bss           0x0000000000013518        0x0 c:/intelfpga_lite/16.1/nios2eds/bin/gnu/h-x86_64-mingw32/bin/../lib/gcc/nios2-elf/5.3.0/../../../../../H-x86_64-mingw32/nios2-elf/lib/mhw-mulx\libc.a(closer.o)
 .bss           0x0000000000013518        0x0 c:/intelfpga_lite/16.1/nios2eds/bin/gnu/h-x86_64-mingw32/bin/../lib/gcc/nios2-elf/5.3.0/../../../../../H-x86_64-mingw32/nios2-elf/lib/mhw-mulx\libc.a(lib_a-fclose.o)
 .bss           0x0000000000013518        0x0 c:/intelfpga_lite/16.1/nios2eds/bin/gnu/h-x86_64-mingw32/bin/../lib/gcc/nios2-elf/5.3.0/../../../../../H-x86_64-mingw32/nios2-elf/lib/mhw-mulx\libc.a(lib_a-fflush.o)
 .bss           0x0000000000013518        0x0 c:/intelfpga_lite/16.1/nios2eds/bin/gnu/h-x86_64-mingw32/bin/../lib/gcc/nios2-elf/5.3.0/../../../../../H-x86_64-mingw32/nios2-elf/lib/mhw-mulx\libc.a(lib_a-freer.o)
 .bss           0x0000000000013518        0x0 c:/intelfpga_lite/16.1/nios2eds/bin/gnu/h-x86_64-mingw32/bin/../lib/gcc/nios2-elf/5.3.0/../../../../../H-x86_64-mingw32/nios2-elf/lib/mhw-mulx\libc.a(lib_a-int_errno.o)
 .bss           0x0000000000013518        0x0 c:/intelfpga_lite/16.1/nios2eds/bin/gnu/h-x86_64-mingw32/bin/../lib/gcc/nios2-elf/5.3.0/../../../../../H-x86_64-mingw32/nios2-elf/lib/mhw-mulx\libc.a(lib_a-lseekr.o)
 .bss           0x0000000000013518        0x0 c:/intelfpga_lite/16.1/nios2eds/bin/gnu/h-x86_64-mingw32/bin/../lib/gcc/nios2-elf/5.3.0/../../../../../H-x86_64-mingw32/nios2-elf/lib/mhw-mulx\libc.a(lib_a-makebuf.o)
 .bss           0x0000000000013518        0x0 c:/intelfpga_lite/16.1/nios2eds/bin/gnu/h-x86_64-mingw32/bin/../lib/gcc/nios2-elf/5.3.0/../../../../../H-x86_64-mingw32/nios2-elf/lib/mhw-mulx\libc.a(lib_a-readr.o)
 .bss           0x0000000000013518        0x0 c:/intelfpga_lite/16.1/nios2eds/bin/gnu/h-x86_64-mingw32/bin/../lib/gcc/nios2-elf/5.3.0/../../../../../H-x86_64-mingw32/nios2-elf/lib/mhw-mulx\libc.a(lib_a-fstatr.o)
 .bss           0x0000000000013518        0x0 c:/intelfpga_lite/16.1/nios2eds/bin/gnu/h-x86_64-mingw32/bin/../lib/gcc/nios2-elf/5.3.0/../../../../../H-x86_64-mingw32/nios2-elf/lib/mhw-mulx\libc.a(lib_a-isattyr.o)
 .bss           0x0000000000013518        0x0 c:/intelfpga_lite/16.1/nios2eds/bin/gnu/h-x86_64-mingw32/bin/../lib/gcc/nios2-elf/5.3.0/mhw-mulx\libgcc.a(lib2-divmod.o)
 .bss           0x0000000000013518        0x0 C:/Users/Artee/Documents/ESAKBS2/nioseclipse_bsp/\libucosii_bsp.a(alt_close.o)
 .bss           0x0000000000013518        0x0 C:/Users/Artee/Documents/ESAKBS2/nioseclipse_bsp/\libucosii_bsp.a(alt_dev.o)
 .bss           0x0000000000013518        0x0 C:/Users/Artee/Documents/ESAKBS2/nioseclipse_bsp/\libucosii_bsp.a(alt_errno.o)
 .bss           0x0000000000013518        0x0 C:/Users/Artee/Documents/ESAKBS2/nioseclipse_bsp/\libucosii_bsp.a(alt_fstat.o)
 .bss           0x0000000000013518        0x0 C:/Users/Artee/Documents/ESAKBS2/nioseclipse_bsp/\libucosii_bsp.a(alt_isatty.o)
 .bss           0x0000000000013518        0x0 C:/Users/Artee/Documents/ESAKBS2/nioseclipse_bsp/\libucosii_bsp.a(alt_load.o)
 .bss           0x0000000000013518        0x0 C:/Users/Artee/Documents/ESAKBS2/nioseclipse_bsp/\libucosii_bsp.a(alt_lseek.o)
 .bss           0x0000000000013518        0x0 C:/Users/Artee/Documents/ESAKBS2/nioseclipse_bsp/\libucosii_bsp.a(alt_main.o)
 .bss           0x0000000000013518        0x0 C:/Users/Artee/Documents/ESAKBS2/nioseclipse_bsp/\libucosii_bsp.a(alt_read.o)
 .bss           0x0000000000013518        0x0 C:/Users/Artee/Documents/ESAKBS2/nioseclipse_bsp/\libucosii_bsp.a(alt_release_fd.o)
 .bss           0x0000000000013518        0x0 C:/Users/Artee/Documents/ESAKBS2/nioseclipse_bsp/\libucosii_bsp.a(alt_sbrk.o)
 .bss           0x0000000000013518        0x0 C:/Users/Artee/Documents/ESAKBS2/nioseclipse_bsp/\libucosii_bsp.a(alt_write.o)
 .bss           0x0000000000013518        0x0 C:/Users/Artee/Documents/ESAKBS2/nioseclipse_bsp/\libucosii_bsp.a(alt_env_lock.o)
 .bss           0x0000000000013518        0x0 C:/Users/Artee/Documents/ESAKBS2/nioseclipse_bsp/\libucosii_bsp.a(alt_malloc_lock.o)
 .bss           0x0000000000013518        0x0 C:/Users/Artee/Documents/ESAKBS2/nioseclipse_bsp/\libucosii_bsp.a(os_core.o)
 .bss           0x0000000000013518        0x0 C:/Users/Artee/Documents/ESAKBS2/nioseclipse_bsp/\libucosii_bsp.a(os_dbg.o)
 .bss           0x0000000000013518        0x0 C:/Users/Artee/Documents/ESAKBS2/nioseclipse_bsp/\libucosii_bsp.a(os_flag.o)
 .bss           0x0000000000013518        0x0 C:/Users/Artee/Documents/ESAKBS2/nioseclipse_bsp/\libucosii_bsp.a(os_mem.o)
 .bss           0x0000000000013518        0x0 C:/Users/Artee/Documents/ESAKBS2/nioseclipse_bsp/\libucosii_bsp.a(os_q.o)
 .bss           0x0000000000013518        0x0 C:/Users/Artee/Documents/ESAKBS2/nioseclipse_bsp/\libucosii_bsp.a(os_sem.o)
 .bss           0x0000000000013518        0x0 C:/Users/Artee/Documents/ESAKBS2/nioseclipse_bsp/\libucosii_bsp.a(os_task.o)
 .bss           0x0000000000013518        0x0 C:/Users/Artee/Documents/ESAKBS2/nioseclipse_bsp/\libucosii_bsp.a(os_time.o)
 .bss           0x0000000000013518        0x0 C:/Users/Artee/Documents/ESAKBS2/nioseclipse_bsp/\libucosii_bsp.a(alt_sys_init.o)
 .bss           0x0000000000013518        0x0 C:/Users/Artee/Documents/ESAKBS2/nioseclipse_bsp/\libucosii_bsp.a(altera_avalon_jtag_uart_fd.o)
 .bss           0x0000000000013518        0x0 C:/Users/Artee/Documents/ESAKBS2/nioseclipse_bsp/\libucosii_bsp.a(altera_avalon_jtag_uart_init.o)
 .bss           0x0000000000013518        0x0 C:/Users/Artee/Documents/ESAKBS2/nioseclipse_bsp/\libucosii_bsp.a(altera_avalon_jtag_uart_ioctl.o)
 .bss           0x0000000000013518        0x0 C:/Users/Artee/Documents/ESAKBS2/nioseclipse_bsp/\libucosii_bsp.a(altera_avalon_jtag_uart_read.o)
 .bss           0x0000000000013518        0x0 C:/Users/Artee/Documents/ESAKBS2/nioseclipse_bsp/\libucosii_bsp.a(altera_avalon_jtag_uart_write.o)
 .bss           0x0000000000013518        0x0 C:/Users/Artee/Documents/ESAKBS2/nioseclipse_bsp/\libucosii_bsp.a(altera_avalon_timer_sc.o)
 .bss           0x0000000000013518        0x0 C:/Users/Artee/Documents/ESAKBS2/nioseclipse_bsp/\libucosii_bsp.a(altera_up_avalon_character_lcd.o)
 .bss           0x0000000000013518        0x0 C:/Users/Artee/Documents/ESAKBS2/nioseclipse_bsp/\libucosii_bsp.a(altera_up_avalon_irda.o)
 .bss           0x0000000000013518        0x0 C:/Users/Artee/Documents/ESAKBS2/nioseclipse_bsp/\libucosii_bsp.a(altera_up_avalon_ps2.o)
 .bss           0x0000000000013518        0x0 C:/Users/Artee/Documents/ESAKBS2/nioseclipse_bsp/\libucosii_bsp.a(altera_up_avalon_rs232.o)
 .bss           0x0000000000013518        0x0 C:/Users/Artee/Documents/ESAKBS2/nioseclipse_bsp/\libucosii_bsp.a(alt_alarm_start.o)
 .bss           0x0000000000013518        0x0 C:/Users/Artee/Documents/ESAKBS2/nioseclipse_bsp/\libucosii_bsp.a(alt_dcache_flush_all.o)
 .bss           0x0000000000013518        0x0 C:/Users/Artee/Documents/ESAKBS2/nioseclipse_bsp/\libucosii_bsp.a(alt_dev_llist_insert.o)
 .bss           0x0000000000013518        0x0 C:/Users/Artee/Documents/ESAKBS2/nioseclipse_bsp/\libucosii_bsp.a(alt_do_ctors.o)
 .bss           0x0000000000013518        0x0 C:/Users/Artee/Documents/ESAKBS2/nioseclipse_bsp/\libucosii_bsp.a(alt_do_dtors.o)
 .bss           0x0000000000013518        0x0 C:/Users/Artee/Documents/ESAKBS2/nioseclipse_bsp/\libucosii_bsp.a(alt_find_dev.o)
 .bss           0x0000000000013518        0x0 C:/Users/Artee/Documents/ESAKBS2/nioseclipse_bsp/\libucosii_bsp.a(alt_icache_flush_all.o)
 .bss           0x0000000000013518        0x0 C:/Users/Artee/Documents/ESAKBS2/nioseclipse_bsp/\libucosii_bsp.a(alt_io_redirect.o)
 .bss           0x0000000000013518        0x0 C:/Users/Artee/Documents/ESAKBS2/nioseclipse_bsp/\libucosii_bsp.a(alt_irq_register.o)
 .bss           0x0000000000013518        0x0 C:/Users/Artee/Documents/ESAKBS2/nioseclipse_bsp/\libucosii_bsp.a(alt_irq_vars.o)
 .bss           0x0000000000013518        0x0 C:/Users/Artee/Documents/ESAKBS2/nioseclipse_bsp/\libucosii_bsp.a(alt_open.o)
 .bss           0x0000000000013518        0x0 C:/Users/Artee/Documents/ESAKBS2/nioseclipse_bsp/\libucosii_bsp.a(alt_tick.o)
 .bss           0x0000000000013518        0x0 C:/Users/Artee/Documents/ESAKBS2/nioseclipse_bsp/\libucosii_bsp.a(altera_nios2_gen2_irq.o)
 .bss           0x0000000000013518        0x0 C:/Users/Artee/Documents/ESAKBS2/nioseclipse_bsp/\libucosii_bsp.a(os_cpu_a.o)
 .bss           0x0000000000013518        0x0 C:/Users/Artee/Documents/ESAKBS2/nioseclipse_bsp/\libucosii_bsp.a(os_cpu_c.o)
 .bss           0x0000000000013518        0x0 C:/Users/Artee/Documents/ESAKBS2/nioseclipse_bsp/\libucosii_bsp.a(alt_find_file.o)
 .bss           0x0000000000013518        0x0 C:/Users/Artee/Documents/ESAKBS2/nioseclipse_bsp/\libucosii_bsp.a(alt_get_fd.o)
 .bss           0x0000000000013518        0x0 C:/Users/Artee/Documents/ESAKBS2/nioseclipse_bsp/\libucosii_bsp.a(alt_icache_flush.o)
 .bss           0x0000000000013518        0x0 C:/Users/Artee/Documents/ESAKBS2/nioseclipse_bsp/\libucosii_bsp.a(alt_irq_entry.o)
 .bss           0x0000000000013518        0x0 C:/Users/Artee/Documents/ESAKBS2/nioseclipse_bsp/\libucosii_bsp.a(alt_irq_handler.o)
 .bss           0x0000000000013518        0x0 C:/Users/Artee/Documents/ESAKBS2/nioseclipse_bsp/\libucosii_bsp.a(alt_exception_entry.o)
 .bss           0x0000000000013518        0x0 C:/Users/Artee/Documents/ESAKBS2/nioseclipse_bsp/\libucosii_bsp.a(alt_instruction_exception_entry.o)
 .bss           0x0000000000013518        0x0 c:/intelfpga_lite/16.1/nios2eds/bin/gnu/h-x86_64-mingw32/bin/../lib/gcc/nios2-elf/5.3.0/../../../../../H-x86_64-mingw32/nios2-elf/lib/mhw-mulx\libc.a(lib_a-atexit.o)
 .bss           0x0000000000013518        0x0 c:/intelfpga_lite/16.1/nios2eds/bin/gnu/h-x86_64-mingw32/bin/../lib/gcc/nios2-elf/5.3.0/../../../../../H-x86_64-mingw32/nios2-elf/lib/mhw-mulx\libc.a(lib_a-exit.o)
 .bss           0x0000000000013518        0x0 c:/intelfpga_lite/16.1/nios2eds/bin/gnu/h-x86_64-mingw32/bin/../lib/gcc/nios2-elf/5.3.0/../../../../../H-x86_64-mingw32/nios2-elf/lib/mhw-mulx\libc.a(lib_a-memcmp.o)
 .bss           0x0000000000013518        0x0 c:/intelfpga_lite/16.1/nios2eds/bin/gnu/h-x86_64-mingw32/bin/../lib/gcc/nios2-elf/5.3.0/../../../../../H-x86_64-mingw32/nios2-elf/lib/mhw-mulx\libc.a(lib_a-__atexit.o)
 .bss           0x0000000000013518        0x0 c:/intelfpga_lite/16.1/nios2eds/bin/gnu/h-x86_64-mingw32/bin/../lib/gcc/nios2-elf/5.3.0/../../../../../H-x86_64-mingw32/nios2-elf/lib/mhw-mulx\libc.a(lib_a-__call_atexit.o)
 .bss           0x0000000000013518        0x0 C:/Users/Artee/Documents/ESAKBS2/nioseclipse_bsp/\libucosii_bsp.a(alt_exit.o)
 *(COMMON)
 COMMON         0x0000000000013518     0x4000 obj/default/hello_ucosii.o
                0x0000000000013518                task1_stk
                0x0000000000015518                task2_stk
 COMMON         0x0000000000017518     0x3224 C:/Users/Artee/Documents/ESAKBS2/nioseclipse_bsp/\libucosii_bsp.a(os_core.o)
                0x0000000000017518                OSFlagTbl
                0x0000000000017888                OSMemTbl
                0x00000000000184b8                OSTaskStatStk
                0x0000000000018cb8                OSQTbl
                0x0000000000018e98                OSTaskIdleStk
                0x0000000000019698                OSEventTbl
                0x000000000001a1d8                OSTCBTbl
                0x000000000001a6e8                OSTCBPrioTbl