Archive member included to satisfy reference by file (symbol)

c:/users/jasper/desktop/vhdl/quartuslitefiles/nios2eds/bin/gnu/h-x86_64-mingw32/bin/../lib/gcc/nios2-elf/5.3.0/../../../../../H-x86_64-mingw32/nios2-elf/lib\libc.a(lib_a-malloc.o)
                              obj/default/vector.o (malloc)
c:/users/jasper/desktop/vhdl/quartuslitefiles/nios2eds/bin/gnu/h-x86_64-mingw32/bin/../lib/gcc/nios2-elf/5.3.0/../../../../../H-x86_64-mingw32/nios2-elf/lib\libc.a(lib_a-mallocr.o)
                              c:/users/jasper/desktop/vhdl/quartuslitefiles/nios2eds/bin/gnu/h-x86_64-mingw32/bin/../lib/gcc/nios2-elf/5.3.0/../../../../../H-x86_64-mingw32/nios2-elf/lib\libc.a(lib_a-malloc.o) (_malloc_r)
c:/users/jasper/desktop/vhdl/quartuslitefiles/nios2eds/bin/gnu/h-x86_64-mingw32/bin/../lib/gcc/nios2-elf/5.3.0/../../../../../H-x86_64-mingw32/nios2-elf/lib\libc.a(lib_a-memset.o)
                              obj/default/vector.o (memset)
c:/users/jasper/desktop/vhdl/quartuslitefiles/nios2eds/bin/gnu/h-x86_64-mingw32/bin/../lib/gcc/nios2-elf/5.3.0/../../../../../H-x86_64-mingw32/nios2-elf/lib\libc.a(lib_a-printf.o)
                              obj/default/algo_ucos.o (printf)
c:/users/jasper/desktop/vhdl/quartuslitefiles/nios2eds/bin/gnu/h-x86_64-mingw32/bin/../lib/gcc/nios2-elf/5.3.0/../../../../../H-x86_64-mingw32/nios2-elf/lib\libc.a(lib_a-putchar.o)
                              obj/default/vector.o (putchar)
c:/users/jasper/desktop/vhdl/quartuslitefiles/nios2eds/bin/gnu/h-x86_64-mingw32/bin/../lib/gcc/nios2-elf/5.3.0/../../../../../H-x86_64-mingw32/nios2-elf/lib\libc.a(lib_a-puts.o)
                              obj/default/algo_ucos.o (puts)
c:/users/jasper/desktop/vhdl/quartuslitefiles/nios2eds/bin/gnu/h-x86_64-mingw32/bin/../lib/gcc/nios2-elf/5.3.0/../../../../../H-x86_64-mingw32/nios2-elf/lib\libc.a(lib_a-realloc.o)
                              obj/default/vector.o (realloc)
c:/users/jasper/desktop/vhdl/quartuslitefiles/nios2eds/bin/gnu/h-x86_64-mingw32/bin/../lib/gcc/nios2-elf/5.3.0/../../../../../H-x86_64-mingw32/nios2-elf/lib\libc.a(lib_a-reallocr.o)
                              c:/users/jasper/desktop/vhdl/quartuslitefiles/nios2eds/bin/gnu/h-x86_64-mingw32/bin/../lib/gcc/nios2-elf/5.3.0/../../../../../H-x86_64-mingw32/nios2-elf/lib\libc.a(lib_a-realloc.o) (_realloc_r)
c:/users/jasper/desktop/vhdl/quartuslitefiles/nios2eds/bin/gnu/h-x86_64-mingw32/bin/../lib/gcc/nios2-elf/5.3.0/../../../../../H-x86_64-mingw32/nios2-elf/lib\libc.a(lib_a-sbrkr.o)
                              c:/users/jasper/desktop/vhdl/quartuslitefiles/nios2eds/bin/gnu/h-x86_64-mingw32/bin/../lib/gcc/nios2-elf/5.3.0/../../../../../H-x86_64-mingw32/nios2-elf/lib\libc.a(lib_a-mallocr.o) (_sbrk_r)
c:/users/jasper/desktop/vhdl/quartuslitefiles/nios2eds/bin/gnu/h-x86_64-mingw32/bin/../lib/gcc/nios2-elf/5.3.0/../../../../../H-x86_64-mingw32/nios2-elf/lib\libc.a(lib_a-strlen.o)
                              c:/users/jasper/desktop/vhdl/quartuslitefiles/nios2eds/bin/gnu/h-x86_64-mingw32/bin/../lib/gcc/nios2-elf/5.3.0/../../../../../H-x86_64-mingw32/nios2-elf/lib\libc.a(lib_a-puts.o) (strlen)
c:/users/jasper/desktop/vhdl/quartuslitefiles/nios2eds/bin/gnu/h-x86_64-mingw32/bin/../lib/gcc/nios2-elf/5.3.0/../../../../../H-x86_64-mingw32/nios2-elf/lib\libc.a(lib_a-vfprintf.o)
                              c:/users/jasper/desktop/vhdl/quartuslitefiles/nios2eds/bin/gnu/h-x86_64-mingw32/bin/../lib/gcc/nios2-elf/5.3.0/../../../../../H-x86_64-mingw32/nios2-elf/lib\libc.a(lib_a-printf.o) (___vfprintf_internal_r)
c:/users/jasper/desktop/vhdl/quartuslitefiles/nios2eds/bin/gnu/h-x86_64-mingw32/bin/../lib/gcc/nios2-elf/5.3.0/../../../../../H-x86_64-mingw32/nios2-elf/lib\libc.a(lib_a-wsetup.o)
                              c:/users/jasper/desktop/vhdl/quartuslitefiles/nios2eds/bin/gnu/h-x86_64-mingw32/bin/../lib/gcc/nios2-elf/5.3.0/../../../../../H-x86_64-mingw32/nios2-elf/lib\libc.a(lib_a-vfprintf.o) (__swsetup_r)
c:/users/jasper/desktop/vhdl/quartuslitefiles/nios2eds/bin/gnu/h-x86_64-mingw32/bin/../lib/gcc/nios2-elf/5.3.0/../../../../../H-x86_64-mingw32/nios2-elf/lib\libc.a(lib_a-dtoa.o)
                              c:/users/jasper/desktop/vhdl/quartuslitefiles/nios2eds/bin/gnu/h-x86_64-mingw32/bin/../lib/gcc/nios2-elf/5.3.0/../../../../../H-x86_64-mingw32/nios2-elf/lib\libc.a(lib_a-vfprintf.o) (_dtoa_r)
c:/users/jasper/desktop/vhdl/quartuslitefiles/nios2eds/bin/gnu/h-x86_64-mingw32/bin/../lib/gcc/nios2-elf/5.3.0/../../../../../H-x86_64-mingw32/nios2-elf/lib\libc.a(lib_a-fflush.o)
                              c:/users/jasper/desktop/vhdl/quartuslitefiles/nios2eds/bin/gnu/h-x86_64-mingw32/bin/../lib/gcc/nios2-elf/5.3.0/../../../../../H-x86_64-mingw32/nios2-elf/lib\libc.a(lib_a-vfprintf.o) (_fflush_r)
c:/users/jasper/desktop/vhdl/quartuslitefiles/nios2eds/bin/gnu/h-x86_64-mingw32/bin/../lib/gcc/nios2-elf/5.3.0/../../../../../H-x86_64-mingw32/nios2-elf/lib\libc.a(lib_a-findfp.o)
[...]
Memory Configuration

Name             Origin             Length             Attributes
reset            0x0000000000020000 0x0000000000000020
onchip_memory2_0 0x0000000000020020 0x000000000001ffe0
*default*        0x0000000000000000 0xffffffffffffffff

Linker script and memory map

LOAD ../manynicegame_bsp//obj/HAL/src/crt0.o
LOAD obj/default/algo_ucos.o
LOAD obj/default/vector.o
LOAD c:/users/jasper/desktop/vhdl/quartuslitefiles/nios2eds/bin/gnu/h-x86_64-mingw32/bin/../lib/gcc/nios2-elf/5.3.0/../../../../../H-x86_64-mingw32/nios2-elf/lib\libstdc++.a
LOAD c:/users/jasper/desktop/vhdl/quartuslitefiles/nios2eds/bin/gnu/h-x86_64-mingw32/bin/../lib/gcc/nios2-elf/5.3.0/../../../../../H-x86_64-mingw32/nios2-elf/lib\libm.a
LOAD c:/users/jasper/desktop/vhdl/quartuslitefiles/nios2eds/bin/gnu/h-x86_64-mingw32/bin/../lib/gcc/nios2-elf/5.3.0\libgcc.a
START GROUP
LOAD c:/users/jasper/desktop/vhdl/quartuslitefiles/nios2eds/bin/gnu/h-x86_64-mingw32/bin/../lib/gcc/nios2-elf/5.3.0/../../../../../H-x86_64-mingw32/nios2-elf/lib\libc.a
LOAD c:/users/jasper/desktop/vhdl/quartuslitefiles/nios2eds/bin/gnu/h-x86_64-mingw32/bin/../lib/gcc/nios2-elf/5.3.0\libgcc.a
LOAD ../manynicegame_bsp/\libucosii_bsp.a
LOAD c:/users/jasper/desktop/vhdl/quartuslitefiles/nios2eds/bin/gnu/h-x86_64-mingw32/bin/../lib/gcc/nios2-elf/5.3.0/../../../../../H-x86_64-mingw32/nios2-elf/lib\libm.a
END GROUP
LOAD c:/users/jasper/desktop/vhdl/quartuslitefiles/nios2eds/bin/gnu/h-x86_64-mingw32/bin/../lib/gcc/nios2-elf/5.3.0\libgcc.a
                0x0000000000020000                __alt_mem_onchip_memory2_0 = 0x20000

.entry          0x0000000000020000       0x20
 *(.entry)
 .entry         0x0000000000020000       0x20 ../manynicegame_bsp//obj/HAL/src/crt0.o
                0x0000000000020000                __reset

.exceptions     0x0000000000020020      0x224
                0x0000000000020020                PROVIDE (__ram_exceptions_start, ABSOLUTE (.))
                0x0000000000020020                . = ALIGN (0x20)
 *(.irq)
 *(.exceptions.entry.label)
 .exceptions.entry.label
                0x0000000000020020        0x0 ../manynicegame_bsp/\libucosii_bsp.a(alt_irq_entry.o)
                0x0000000000020020                alt_irq_entry
 .exceptions.entry.label
                0x0000000000020020        0x0 ../manynicegame_bsp/\libucosii_bsp.a(alt_exception_entry.o)
                0x0000000000020020                alt_exception
 *(.exceptions.entry.user)
 *(.exceptions.entry.ecc_fatal)
 *(.exceptions.entry)
 .exceptions.entry
                0x0000000000020020       0x54 ../manynicegame_bsp/\libucosii_bsp.a(alt_exception_entry.o)
 *(.exceptions.irqtest.user)
 *(.exceptions.irqtest)
 .exceptions.irqtest
                0x0000000000020074       0x10 ../manynicegame_bsp/\libucosii_bsp.a(alt_irq_entry.o)
 *(.exceptions.irqhandler.user)
 *(.exceptions.irqhandler)
 .exceptions.irqhandler
                0x0000000000020084        0x4 ../manynicegame_bsp/\libucosii_bsp.a(alt_irq_entry.o)
 *(.exceptions.irqreturn.user)
 *(.exceptions.irqreturn)
 .exceptions.irqreturn
                0x0000000000020088        0x4 ../manynicegame_bsp/\libucosii_bsp.a(alt_irq_entry.o)
 *(.exceptions.notirq.label)
 .exceptions.notirq.label
                0x000000000002008c        0x0 ../manynicegame_bsp/\libucosii_bsp.a(alt_irq_entry.o)
 *(.exceptions.notirq.user)
 *(.exceptions.notirq)
 .exceptions.notirq
                0x000000000002008c        0x8 ../manynicegame_bsp/\libucosii_bsp.a(alt_exception_entry.o)
 *(.exceptions.soft.user)
 *(.exceptions.soft)
 *(.exceptions.unknown.user)
 *(.exceptions.unknown)
 .exceptions.unknown
                0x0000000000020094       0x14 ../manynicegame_bsp/\libucosii_bsp.a(alt_exception_entry.o)
 *(.exceptions.exit.label)
 .exceptions.exit.label
                0x00000000000200a8        0x0 ../manynicegame_bsp/\libucosii_bsp.a(alt_irq_entry.o)
 .exceptions.exit.label
                0x00000000000200a8        0x0 ../manynicegame_bsp/\libucosii_bsp.a(alt_exception_entry.o)
 *(.exceptions.exit.user)
 *(.exceptions.exit)
 .exceptions.exit
                0x00000000000200a8       0x54 ../manynicegame_bsp/\libucosii_bsp.a(alt_exception_entry.o)
 *(.exceptions)
 .exceptions    0x00000000000200fc       0xd4 ../manynicegame_bsp/\libucosii_bsp.a(alt_irq_handler.o)
                0x00000000000200fc                alt_irq_handler
 .exceptions    0x00000000000201d0       0x74 ../manynicegame_bsp/\libucosii_bsp.a(alt_instruction_exception_entry.o)
                0x00000000000201d0                alt_instruction_exception_entry
                0x0000000000020244                PROVIDE (__ram_exceptions_end, ABSOLUTE (.))
                0x0000000000020020                PROVIDE (__flash_exceptions_start, LOADADDR (.exceptions))

.text           0x0000000000020244    0x17a0c
                [!provide]                        PROVIDE (stext, ABSOLUTE (.))
 *(.interp)
 *(.hash)
 *(.dynsym)
 *(.dynstr)
 *(.gnu.version)
 *(.gnu.version_d)
 *(.gnu.version_r)
 *(.rel.init)
 *(.rela.init)
 *(.rel.text .rel.text.* .rel.gnu.linkonce.t.*)
 *(.rela.text .rela.text.* .rela.gnu.linkonce.t.*)
 *(.rel.fini)
 *(.rela.fini)
 *(.rel.rodata .rel.rodata.* .rel.gnu.linkonce.r.*)
 *(.rela.rodata .rela.rodata.* .rela.gnu.linkonce.r.*)
 *(.rel.data .rel.data.* .rel.gnu.linkonce.d.*)
 *(.rela.data .rela.data.* .rela.gnu.linkonce.d.*)
 *(.rel.tdata .rel.tdata.* .rel.gnu.linkonce.td.*)
 *(.rela.tdata .rela.tdata.* .rela.gnu.linkonce.td.*)
 *(.rel.tbss .rel.tbss.* .rel.gnu.linkonce.tb.*)
 *(.rela.tbss .rela.tbss.* .rela.gnu.linkonce.tb.*)
 *(.rel.ctors)
 *(.rela.ctors)
 *(.rel.dtors)
 *(.rela.dtors)
 *(.rel.got)
 *(.rela.got)
 *(.rel.sdata .rel.sdata.* .rel.gnu.linkonce.s.*)
 *(.rela.sdata .rela.sdata.* .rela.gnu.linkonce.s.*)
 *(.rel.sbss .rel.sbss.* .rel.gnu.linkonce.sb.*)
 *(.rela.sbss .rela.sbss.* .rela.gnu.linkonce.sb.*)
 *(.rel.sdata2 .rel.sdata2.* .rel.gnu.linkonce.s2.*)
 *(.rela.sdata2 .rela.sdata2.* .rela.gnu.linkonce.s2.*)
 *(.rel.sbss2 .rel.sbss2.* .rel.gnu.linkonce.sb2.*)
 *(.rela.sbss2 .rela.sbss2.* .rela.gnu.linkonce.sb2.*)
 *(.rel.bss .rel.bss.* .rel.gnu.linkonce.b.*)
 *(.rela.bss .rela.bss.* .rela.gnu.linkonce.b.*)
 *(.rel.plt)
 *(.rela.plt)
 *(.rel.dyn)
 *(.init)
 *(.plt)
 *(.text .stub .text.* .gnu.linkonce.t.*)
 .text          0x0000000000020244       0x4c ../manynicegame_bsp//obj/HAL/src/crt0.o
                0x0000000000020244                _start
 .text          0x0000000000020290       0xac obj/default/algo_ucos.o
                0x0000000000020290                task1
                0x00000000000202c8                task2
                0x0000000000020300                main
 .text          0x000000000002033c      0x668 obj/default/vector.o
                0x000000000002033c                vectorInit
                0x0000000000020388                vectorCount
                0x00000000000203b0                vectorAdd
                0x00000000000204d0                vectorSet
                0x0000000000020530                vectorGet
                0x0000000000020588                vectorDelete
                0x00000000000206bc                vectorFree
                0x00000000000206f8                printLocation
                0x0000000000020750                printCapture
                0x000000000002085c                printVector
 .text          0x00000000000209a4        0x0 c:/users/jasper/desktop/vhdl/quartuslitefiles/nios2eds/bin/gnu/h-x86_64-mingw32/bin/../lib/gcc/nios2-elf/5.3.0/../../../../../H-x86_64-mingw32/nios2-elf/lib\libc.a(lib_a-malloc.o)
 .text.malloc   0x00000000000209a4       0x14 c:/users/jasper/desktop/vhdl/quartuslitefiles/nios2eds/bin/gnu/h-x86_64-mingw32/bin/../lib/gcc/nios2-elf/5.3.0/../../../../../H-x86_64-mingw32/nios2-elf/lib\libc.a(lib_a-malloc.o)
                0x00000000000209a4                malloc
 .text.free     0x00000000000209b8       0x14 c:/users/jasper/desktop/vhdl/quartuslitefiles/nios2eds/bin/gnu/h-x86_64-mingw32/bin/../lib/gcc/nios2-elf/5.3.0/../../../../../H-x86_64-mingw32/nios2-elf/lib\libc.a(lib_a-malloc.o)
                0x00000000000209b8                free
 .text          0x00000000000209cc        0x0 c:/users/jasper/desktop/vhdl/quartuslitefiles/nios2eds/bin/gnu/h-x86_64-mingw32/bin/../lib/gcc/nios2-elf/5.3.0/../../../../../H-x86_64-mingw32/nios2-elf/lib\libc.a(lib_a-mallocr.o)
 .text._malloc_r
                0x00000000000209cc      0x80c c:/users/jasper/desktop/vhdl/quartuslitefiles/nios2eds/bin/gnu/h-x86_64-mingw32/bin/../lib/gcc/nios2-elf/5.3.0/../../../../../H-x86_64-mingw32/nios2-elf/lib\libc.a(lib_a-mallocr.o)
                0x00000000000209cc                _malloc_r
 .text          0x00000000000211d8        0x0 c:/users/jasper/desktop/vhdl/quartuslitefiles/nios2eds/bin/gnu/h-x86_64-mingw32/bin/../lib/gcc/nios2-elf/5.3.0/../../../../../H-x86_64-mingw32/nios2-elf/lib\libc.a(lib_a-memset.o)
 .text.memset   0x00000000000211d8      0x128 c:/users/jasper/desktop/vhdl/quartuslitefiles/nios2eds/bin/gnu/h-x86_64-mingw32/bin/../lib/gcc/nios2-elf/5.3.0/../../../../../H-x86_64-mingw32/nios2-elf/lib\libc.a(lib_a-memset.o)
                0x00000000000211d8                memset
 .text          0x0000000000021300        0x0 c:/users/jasper/desktop/vhdl/quartuslitefiles/nios2eds/bin/gnu/h-x86_64-mingw32/bin/../lib/gcc/nios2-elf/5.3.0/../../../../../H-x86_64-mingw32/nios2-elf/lib\libc.a(lib_a-printf.o)
 .text._printf_r
                0x0000000000021300       0x30 c:/users/jasper/desktop/vhdl/quartuslitefiles/nios2eds/bin/gnu/h-x86_64-mingw32/bin/../lib/gcc/nios2-elf/5.3.0/../../../../../H-x86_64-mingw32/nios2-elf/lib\libc.a(lib_a-printf.o)
                0x0000000000021300                _printf_r
 .text.printf   0x0000000000021330       0x3c c:/users/jasper/desktop/vhdl/quartuslitefiles/nios2eds/bin/gnu/h-x86_64-mingw32/bin/../lib/gcc/nios2-elf/5.3.0/../../../../../H-x86_64-mingw32/nios2-elf/lib\libc.a(lib_a-printf.o)
                0x0000000000021330                printf
 .text          0x000000000002136c        0x0 c:/users/jasper/desktop/vhdl/quartuslitefiles/nios2eds/bin/gnu/h-x86_64-mingw32/bin/../lib/gcc/nios2-elf/5.3.0/../../../../../H-x86_64-mingw32/nios2-elf/lib\libc.a(lib_a-putchar.o)
 .text._putchar_r
                0x000000000002136c        0x8 c:/users/jasper/desktop/vhdl/quartuslitefiles/nios2eds/bin/gnu/h-x86_64-mingw32/bin/../lib/gcc/nios2-elf/5.3.0/../../../../../H-x86_64-mingw32/nios2-elf/lib\libc.a(lib_a-putchar.o)
                0x000000000002136c                _putchar_r
 .text.putchar  0x0000000000021374       0x18 c:/users/jasper/desktop/vhdl/quartuslitefiles/nios2eds/bin/gnu/h-x86_64-mingw32/bin/../lib/gcc/nios2-elf/5.3.0/../../../../../H-x86_64-mingw32/nios2-elf/lib\libc.a(lib_a-putchar.o)
                0x0000000000021374                putchar
 .text          0x000000000002138c        0x0 c:/users/jasper/desktop/vhdl/quartuslitefiles/nios2eds/bin/gnu/h-x86_64-mingw32/bin/../lib/gcc/nios2-elf/5.3.0/../../../../../H-x86_64-mingw32/nios2-elf/lib\libc.a(lib_a-puts.o)
 .text._puts_r  0x000000000002138c       0xc0 c:/users/jasper/desktop/vhdl/quartuslitefiles/nios2eds/bin/gnu/h-x86_64-mingw32/bin/../lib/gcc/nios2-elf/5.3.0/../../../../../H-x86_64-mingw32/nios2-elf/lib\libc.a(lib_a-puts.o)
                0x000000000002138c                _puts_r
 .text.puts     0x000000000002144c       0x14 c:/users/jasper/desktop/vhdl/quartuslitefiles/nios2eds/bin/gnu/h-x86_64-mingw32/bin/../lib/gcc/nios2-elf/5.3.0/../../../../../H-x86_64-mingw32/nios2-elf/lib\libc.a(lib_a-puts.o)
                0x000000000002144c                puts
 .text          0x0000000000021460        0x0 c:/users/jasper/desktop/vhdl/quartuslitefiles/nios2eds/bin/gnu/h-x86_64-mingw32/bin/../lib/gcc/nios2-elf/5.3.0/../../../../../H-x86_64-mingw32/nios2-elf/lib\libc.a(lib_a-realloc.o)
 .text.realloc  0x0000000000021460       0x18 c:/users/jasper/desktop/vhdl/quartuslitefiles/nios2eds/bin/gnu/h-x86_64-mingw32/bin/../lib/gcc/nios2-elf/5.3.0/../../../../../H-x86_64-mingw32/nios2-elf/lib\libc.a(lib_a-realloc.o)
                0x0000000000021460                realloc
 .text          0x0000000000021478        0x0 c:/users/jasper/desktop/vhdl/quartuslitefiles/nios2eds/bin/gnu/h-x86_64-mingw32/bin/../lib/gcc/nios2-elf/5.3.0/../../../../../H-x86_64-mingw32/nios2-elf/lib\libc.a(lib_a-reallocr.o)
 .text._realloc_r
                0x0000000000021478      0x564 c:/users/jasper/desktop/vhdl/quartuslitefiles/nios2eds/bin/gnu/h-x86_64-mingw32/bin/../lib/gcc/nios2-elf/5.3.0/../../../../../H-x86_64-mingw32/nios2-elf/lib\libc.a(lib_a-reallocr.o)
                0x0000000000021478                _realloc_r
 .text          0x00000000000219dc        0x0 c:/users/jasper/desktop/vhdl/quartuslitefiles/nios2eds/bin/gnu/h-x86_64-mingw32/bin/../lib/gcc/nios2-elf/5.3.0/../../../../../H-x86_64-mingw32/nios2-elf/lib\libc.a(lib_a-sbrkr.o)
 .text._sbrk_r  0x00000000000219dc       0x54 c:/users/jasper/desktop/vhdl/quartuslitefiles/nios2eds/bin/gnu/h-x86_64-mingw32/bin/../lib/gcc/nios2-elf/5.3.0/../../../../../H-x86_64-mingw32/nios2-elf/lib\libc.a(lib_a-sbrkr.o)
                0x00000000000219dc                _sbrk_r
 .text          0x0000000000021a30        0x0 c:/users/jasper/desktop/vhdl/quartuslitefiles/nios2eds/bin/gnu/h-x86_64-mingw32/bin/../lib/gcc/nios2-elf/5.3.0/../../../../../H-x86_64-mingw32/nios2-elf/lib\libc.a(lib_a-strlen.o)
 .text.strlen   0x0000000000021a30       0x98 c:/users/jasper/desktop/vhdl/quartuslitefiles/nios2eds/bin/gnu/h-x86_64-mingw32/bin/../lib/gcc/nios2-elf/5.3.0/../../../../../H-x86_64-mingw32/nios2-elf/lib\libc.a(lib_a-strlen.o)
                0x0000000000021a30                strlen
 .text          0x0000000000021ac8        0x0 c:/users/jasper/desktop/vhdl/quartuslitefiles/nios2eds/bin/gnu/h-x86_64-mingw32/bin/../lib/gcc/nios2-elf/5.3.0/../../../../../H-x86_64-mingw32/nios2-elf/lib\libc.a(lib_a-vfprintf.o)
 .text.___vfprintf_internal_r
                0x0000000000021ac8     0x21f8 c:/users/jasper/desktop/vhdl/quartuslitefiles/nios2eds/bin/gnu/h-x86_64-mingw32/bin/../lib/gcc/nios2-elf/5.3.0/../../../../../H-x86_64-mingw32/nios2-elf/lib\libc.a(lib_a-vfprintf.o)
                0x0000000000021ac8                ___vfprintf_internal_r
 .text.__vfprintf_internal
                0x0000000000023cc0       0x1c c:/users/jasper/desktop/vhdl/quartuslitefiles/nios2eds/bin/gnu/h-x86_64-mingw32/bin/../lib/gcc/nios2-elf/5.3.0/../../../../../H-x86_64-mingw32/nios2-elf/lib\libc.a(lib_a-vfprintf.o)
                0x0000000000023cc0                __vfprintf_internal
 .text.__sbprintf
                0x0000000000023cdc       0xbc c:/users/jasper/desktop/vhdl/quartuslitefiles/nios2eds/bin/gnu/h-x86_64-mingw32/bin/../lib/gcc/nios2-elf/5.3.0/../../../../../H-x86_64-mingw32/nios2-elf/lib\libc.a(lib_a-vfprintf.o)
 .text          0x0000000000023d98        0x0 c:/users/jasper/desktop/vhdl/quartuslitefiles/nios2eds/bin/gnu/h-x86_64-mingw32/bin/../lib/gcc/nios2-elf/5.3.0/../../../../../H-x86_64-mingw32/nios2-elf/lib\libc.a(lib_a-wsetup.o)
 .text.__swsetup_r
                0x0000000000023d98      0x154 c:/users/jasper/desktop/vhdl/quartuslitefiles/nios2eds/bin/gnu/h-x86_64-mingw32/bin/../lib/gcc/nios2-elf/5.3.0/../../../../../H-x86_64-mingw32/nios2-elf/lib\libc.a(lib_a-wsetup.o)
                0x0000000000023d98                __swsetup_r
 .text          0x0000000000023eec        0x0 c:/users/jasper/desktop/vhdl/quartuslitefiles/nios2eds/bin/gnu/h-x86_64-mingw32/bin/../lib/gcc/nios2-elf/5.3.0/../../../../../H-x86_64-mingw32/nios2-elf/lib\libc.a(lib_a-dtoa.o)
 .text.quorem   0x0000000000023eec      0x200 c:/users/jasper/desktop/vhdl/quartuslitefiles/nios2eds/bin/gnu/h-x86_64-mingw32/bin/../lib/gcc/nios2-elf/5.3.0/../../../../../H-x86_64-mingw32/nios2-elf/lib\libc.a(lib_a-dtoa.o)
 .text._dtoa_r  0x00000000000240ec     0x1688 c:/users/jasper/desktop/vhdl/quartuslitefiles/nios2eds/bin/gnu/h-x86_64-mingw32/bin/../lib/gcc/nios2-elf/5.3.0/../../../../../H-x86_64-mingw32/nios2-elf/lib\libc.a(lib_a-dtoa.o)
                0x00000000000240ec                _dtoa_r
 .text          0x0000000000025774        0x0 c:/users/jasper/desktop/vhdl/quartuslitefiles/nios2eds/bin/gnu/h-x86_64-mingw32/bin/../lib/gcc/nios2-elf/5.3.0/../../../../../H-x86_64-mingw32/nios2-elf/lib\libc.a(lib_a-fflush.o)
 .text.__sflush_r
                0x0000000000025774      0x21c c:/users/jasper/desktop/vhdl/quartuslitefiles/nios2eds/bin/gnu/h-x86_64-mingw32/bin/../lib/gcc/nios2-elf/5.3.0/../../../../../H-x86_64-mingw32/nios2-elf/lib\libc.a(lib_a-fflush.o)
                0x0000000000025774                __sflush_r
 .text._fflush_r
                0x0000000000025990       0x5c c:/users/jasper/desktop/vhdl/quartuslitefiles/nios2eds/bin/gnu/h-x86_64-mingw32/bin/../lib/gcc/nios2-elf/5.3.0/../../../../../H-x86_64-mingw32/nios2-elf/lib\libc.a(lib_a-fflush.o)
                0x0000000000025990                _fflush_r
 .text.fflush   0x00000000000259ec       0x30 c:/users/jasper/desktop/vhdl/quartuslitefiles/nios2eds/bin/gnu/h-x86_64-mingw32/bin/../lib/gcc/nios2-elf/5.3.0/../../../../../H-x86_64-mingw32/nios2-elf/lib\libc.a(lib_a-fflush.o)
                0x00000000000259ec                fflush
 .text          0x0000000000025a1c        0x0 c:/users/jasper/desktop/vhdl/quartuslitefiles/nios2eds/bin/gnu/h-x86_64-mingw32/bin/../lib/gcc/nios2-elf/5.3.0/../../../../../H-x86_64-mingw32/nios2-elf/lib\libc.a(lib_a-findfp.o)
 .text.__fp_unlock
                0x0000000000025a1c        0x8 c:/users/jasper/desktop/vhdl/quartuslitefiles/nios2eds/bin/gnu/h-x86_64-mingw32/bin/../lib/gcc/nios2-elf/5.3.0/../../../../../H-x86_64-mingw32/nios2-elf/lib\libc.a(lib_a-findfp.o)
 .text._cleanup_r
                0x0000000000025a24        0xc c:/users/jasper/desktop/vhdl/quartuslitefiles/nios2eds/bin/gnu/h-x86_64-mingw32/bin/../lib/gcc/nios2-elf/5.3.0/../../../../../H-x86_64-mingw32/nios2-elf/lib\libc.a(lib_a-findfp.o)
                0x0000000000025a24                _cleanup_r
 .text.__sinit.part.1
                0x0000000000025a30      0x19c c:/users/jasper/desktop/vhdl/quartuslitefiles/nios2eds/bin/gnu/h-x86_64-mingw32/bin/../lib/gcc/nios2-elf/5.3.0/../../../../../H-x86_64-mingw32/nios2-elf/lib\libc.a(lib_a-findfp.o)
 .text.__fp_lock
                0x0000000000025bcc        0x8 c:/users/jasper/desktop/vhdl/quartuslitefiles/nios2eds/bin/gnu/h-x86_64-mingw32/bin/../lib/gcc/nios2-elf/5.3.0/../../../../../H-x86_64-mingw32/nios2-elf/lib\libc.a(lib_a-findfp.o)
 .text.__sfmoreglue
                0x0000000000025bd4       0x68 c:/users/jasper/desktop/vhdl/quartuslitefiles/nios2eds/bin/gnu/h-x86_64-mingw32/bin/../lib/gcc/nios2-elf/5.3.0/../../../../../H-x86_64-mingw32/nios2-elf/lib\libc.a(lib_a-findfp.o)
                0x0000000000025bd4                __sfmoreglue
 .text.__sfp    0x0000000000025c3c      0x118 c:/users/jasper/desktop/vhdl/quartuslitefiles/nios2eds/bin/gnu/h-x86_64-mingw32/bin/../lib/gcc/nios2-elf/5.3.0/../../../../../H-x86_64-mingw32/nios2-elf/lib\libc.a(lib_a-findfp.o)
                0x0000000000025c3c                __sfp
 .text._cleanup
                0x0000000000025d54       0x18 c:/users/jasper/desktop/vhdl/quartuslitefiles/nios2eds/bin/gnu/h-x86_64-mingw32/bin/../lib/gcc/nios2-elf/5.3.0/../../../../../H-x86_64-mingw32/nios2-elf/lib\libc.a(lib_a-findfp.o)
                0x0000000000025d54                _cleanup
 .text.__sinit  0x0000000000025d6c       0x10 c:/users/jasper/desktop/vhdl/quartuslitefiles/nios2eds/bin/gnu/h-x86_64-mingw32/bin/../lib/gcc/nios2-elf/5.3.0/../../../../../H-x86_64-mingw32/nios2-elf/lib\libc.a(lib_a-findfp.o)
                0x0000000000025d6c                __sinit
 .text.__sfp_lock_acquire
                0x0000000000025d7c        0x4 c:/users/jasper/desktop/vhdl/quartuslitefiles/nios2eds/bin/gnu/h-x86_64-mingw32/bin/../lib/gcc/nios2-elf/5.3.0/../../../../../H-x86_64-mingw32/nios2-elf/lib\libc.a(lib_a-findfp.o)
                0x0000000000025d7c                __sfp_lock_acquire
 .text.__sfp_lock_release
                0x0000000000025d80        0x4 c:/users/jasper/desktop/vhdl/quartuslitefiles/nios2eds/bin/gnu/h-x86_64-mingw32/bin/../lib/gcc/nios2-elf/5.3.0/../../../../../H-x86_64-mingw32/nios2-elf/lib\libc.a(lib_a-findfp.o)
                0x0000000000025d80                __sfp_lock_release
 .text.__sinit_lock_acquire
                0x0000000000025d84        0x4 c:/users/jasper/desktop/vhdl/quartuslitefiles/nios2eds/bin/gnu/h-x86_64-mingw32/bin/../lib/gcc/nios2-elf/5.3.0/../../../../../H-x86_64-mingw32/nios2-elf/lib\libc.a(lib_a-findfp.o)
                0x0000000000025d84                __sinit_lock_acquire
 .text.__sinit_lock_release
                0x0000000000025d88        0x4 c:/users/jasper/desktop/vhdl/quartuslitefiles/nios2eds/bin/gnu/h-x86_64-mingw32/bin/../lib/gcc/nios2-elf/5.3.0/../../../../../H-x86_64-mingw32/nios2-elf/lib\libc.a(lib_a-findfp.o)
                0x0000000000025d88                __sinit_lock_release
 .text.__fp_lock_all
                0x0000000000025d8c       0x18 c:/users/jasper/desktop/vhdl/quartuslitefiles/nios2eds/bin/gnu/h-x86_64-mingw32/bin/../lib/gcc/nios2-elf/5.3.0/../../../../../H-x86_64-mingw32/nios2-elf/lib\libc.a(lib_a-findfp.o)
                0x0000000000025d8c                __fp_lock_all
 .text.__fp_unlock_all
                0x0000000000025da4       0x18 c:/users/jasper/desktop/vhdl/quartuslitefiles/nios2eds/bin/gnu/h-x86_64-mingw32/bin/../lib/gcc/nios2-elf/5.3.0/../../../../../H-x86_64-mingw32/nios2-elf/lib\libc.a(lib_a-findfp.o)
                0x0000000000025da4                __fp_unlock_all
 .text          0x0000000000025dbc        0x0 c:/users/jasper/desktop/vhdl/quartuslitefiles/nios2eds/bin/gnu/h-x86_64-mingw32/bin/../lib/gcc/nios2-elf/5.3.0/../../../../../H-x86_64-mingw32/nios2-elf/lib\libc.a(lib_a-freer.o)
 .text._malloc_trim_r
                0x0000000000025dbc      0x124 c:/users/jasper/desktop/vhdl/quartuslitefiles/nios2eds/bin/gnu/h-x86_64-mingw32/bin/../lib/gcc/nios2-elf/5.3.0/../../../../../H-x86_64-mingw32/nios2-elf/lib\libc.a(lib_a-freer.o)
                0x0000000000025dbc                _malloc_trim_r
 .text._free_r  0x0000000000025ee0      0x310 c:/users/jasper/desktop/vhdl/quartuslitefiles/nios2eds/bin/gnu/h-x86_64-mingw32/bin/../lib/gcc/nios2-elf/5.3.0/../../../../../H-x86_64-mingw32/nios2-elf/lib\libc.a(lib_a-freer.o)
                0x0000000000025ee0                _free_r
 .text          0x00000000000261f0        0x0 c:/users/jasper/desktop/vhdl/quartuslitefiles/nios2eds/bin/gnu/h-x86_64-mingw32/bin/../lib/gcc/nios2-elf/5.3.0/../../../../../H-x86_64-mingw32/nios2-elf/lib\libc.a(lib_a-fvwrite.o)
 .text.__sfvwrite_r
                0x00000000000261f0      0x4bc c:/users/jasper/desktop/vhdl/quartuslitefiles/nios2eds/bin/gnu/h-x86_64-mingw32/bin/../lib/gcc/nios2-elf/5.3.0/../../../../../H-x86_64-mingw32/nios2-elf/lib\libc.a(lib_a-fvwrite.o)
                0x00000000000261f0                __sfvwrite_r
 .text          0x00000000000266ac        0x0 c:/users/jasper/desktop/vhdl/quartuslitefiles/nios2eds/bin/gnu/h-x86_64-mingw32/bin/../lib/gcc/nios2-elf/5.3.0/../../../../../H-x86_64-mingw32/nios2-elf/lib\libc.a(lib_a-fwalk.o)
 .text._fwalk   0x00000000000266ac       0xc4 c:/users/jasper/desktop/vhdl/quartuslitefiles/nios2eds/bin/gnu/h-x86_64-mingw32/bin/../lib/gcc/nios2-elf/5.3.0/../../../../../H-x86_64-mingw32/nios2-elf/lib\libc.a(lib_a-fwalk.o)
                0x00000000000266ac                _fwalk
 .text._fwalk_reent
                0x0000000000026770       0xc4 c:/users/jasper/desktop/vhdl/quartuslitefiles/nios2eds/bin/gnu/h-x86_64-mingw32/bin/../lib/gcc/nios2-elf/5.3.0/../../../../../H-x86_64-mingw32/nios2-elf/lib\libc.a(lib_a-fwalk.o)
                0x0000000000026770                _fwalk_reent
 .text          0x0000000000026834        0x0 c:/users/jasper/desktop/vhdl/quartuslitefiles/nios2eds/bin/gnu/h-x86_64-mingw32/bin/../lib/gcc/nios2-elf/5.3.0/../../../../../H-x86_64-mingw32/nios2-elf/lib\libc.a(lib_a-impure.o)
 .text          0x0000000000026834        0x0 c:/users/jasper/desktop/vhdl/quartuslitefiles/nios2eds/bin/gnu/h-x86_64-mingw32/bin/../lib/gcc/nios2-elf/5.3.0/../../../../../H-x86_64-mingw32/nios2-elf/lib\libc.a(lib_a-int_errno.o)
 .text          0x0000000000026834        0x0 c:/users/jasper/desktop/vhdl/quartuslitefiles/nios2eds/bin/gnu/h-x86_64-mingw32/bin/../lib/gcc/nios2-elf/5.3.0/../../../../../H-x86_64-mingw32/nios2-elf/lib\libc.a(lib_a-locale.o)
 .text._setlocale_r
                0x0000000000026834       0x7c c:/users/jasper/desktop/vhdl/quartuslitefiles/nios2eds/bin/gnu/h-x86_64-mingw32/bin/../lib/gcc/nios2-elf/5.3.0/../../../../../H-x86_64-mingw32/nios2-elf/lib\libc.a(lib_a-locale.o)
                0x0000000000026834                _setlocale_r
 .text.__locale_charset
                0x00000000000268b0        0xc c:/users/jasper/desktop/vhdl/quartuslitefiles/nios2eds/bin/gnu/h-x86_64-mingw32/bin/../lib/gcc/nios2-elf/5.3.0/../../../../../H-x86_64-mingw32/nios2-elf/lib\libc.a(lib_a-locale.o)
                0x00000000000268b0                __locale_charset
 .text.__locale_mb_cur_max
                0x00000000000268bc       0x10 c:/users/jasper/desktop/vhdl/quartuslitefiles/nios2eds/bin/gnu/h-x86_64-mingw32/bin/../lib/gcc/nios2-elf/5.3.0/../../../../../H-x86_64-mingw32/nios2-elf/lib\libc.a(lib_a-locale.o)
                0x00000000000268bc                __locale_mb_cur_max
 .text.__locale_msgcharset
                0x00000000000268cc        0xc c:/users/jasper/desktop/vhdl/quartuslitefiles/nios2eds/bin/gnu/h-x86_64-mingw32/bin/../lib/gcc/nios2-elf/5.3.0/../../../../../H-x86_64-mingw32/nios2-elf/lib\libc.a(lib_a-locale.o)
                0x00000000000268cc                __locale_msgcharset
 .text.__locale_cjk_lang
                0x00000000000268d8        0x8 c:/users/jasper/desktop/vhdl/quartuslitefiles/nios2eds/bin/gnu/h-x86_64-mingw32/bin/../lib/gcc/nios2-elf/5.3.0/../../../../../H-x86_64-mingw32/nios2-elf/lib\libc.a(lib_a-locale.o)
                0x00000000000268d8                __locale_cjk_lang
 .text._localeconv_r
                0x00000000000268e0        0xc c:/users/jasper/desktop/vhdl/quartuslitefiles/nios2eds/bin/gnu/h-x86_64-mingw32/bin/../lib/gcc/nios2-elf/5.3.0/../../../../../H-x86_64-mingw32/nios2-elf/lib\libc.a(lib_a-locale.o)
                0x00000000000268e0                _localeconv_r
 .text.setlocale
                0x00000000000268ec       0x18 c:/users/jasper/desktop/vhdl/quartuslitefiles/nios2eds/bin/gnu/h-x86_64-mingw32/bin/../lib/gcc/nios2-elf/5.3.0/../../../../../H-x86_64-mingw32/nios2-elf/lib\libc.a(lib_a-locale.o)
                0x00000000000268ec                setlocale
 .text.localeconv
                0x0000000000026904        0xc c:/users/jasper/desktop/vhdl/quartuslitefiles/nios2eds/bin/gnu/h-x86_64-mingw32/bin/../lib/gcc/nios2-elf/5.3.0/../../../../../H-x86_64-mingw32/nios2-elf/lib\libc.a(lib_a-locale.o)
                0x0000000000026904                localeconv
 .text          0x0000000000026910        0x0 c:/users/jasper/desktop/vhdl/quartuslitefiles/nios2eds/bin/gnu/h-x86_64-mingw32/bin/../lib/gcc/nios2-elf/5.3.0/../../../../../H-x86_64-mingw32/nios2-elf/lib\libc.a(lib_a-makebuf.o)
 .text.__smakebuf_r
                0x0000000000026910      0x1bc c:/users/jasper/desktop/vhdl/quartuslitefiles/nios2eds/bin/gnu/h-x86_64-mingw32/bin/../lib/gcc/nios2-elf/5.3.0/../../../../../H-x86_64-mingw32/nios2-elf/lib\libc.a(lib_a-makebuf.o)
                0x0000000000026910                __smakebuf_r
 .text          0x0000000000026acc        0x0 c:/users/jasper/desktop/vhdl/quartuslitefiles/nios2eds/bin/gnu/h-x86_64-mingw32/bin/../lib/gcc/nios2-elf/5.3.0/../../../../../H-x86_64-mingw32/nios2-elf/lib\libc.a(lib_a-memchr.o)
 .text.memchr   0x0000000000026acc       0xe4 c:/users/jasper/desktop/vhdl/quartuslitefiles/nios2eds/bin/gnu/h-x86_64-mingw32/bin/../lib/gcc/nios2-elf/5.3.0/../../../../../H-x86_64-mingw32/nios2-elf/lib\libc.a(lib_a-memchr.o)
                0x0000000000026acc                memchr
 .text          0x0000000000026bb0        0x0 c:/users/jasper/desktop/vhdl/quartuslitefiles/nios2eds/bin/gnu/h-x86_64-mingw32/bin/../lib/gcc/nios2-elf/5.3.0/../../../../../H-x86_64-mingw32/nios2-elf/lib\libc.a(lib_a-memcpy.o)
 .text.memcpy   0x0000000000026bb0      0x148 c:/users/jasper/desktop/vhdl/quartuslitefiles/nios2eds/bin/gnu/h-x86_64-mingw32/bin/../lib/gcc/nios2-elf/5.3.0/../../../../../H-x86_64-mingw32/nios2-elf/lib\libc.a(lib_a-memcpy.o)
                0x0000000000026bb0                memcpy
 .text          0x0000000000026cf8        0x0 c:/users/jasper/desktop/vhdl/quartuslitefiles/nios2eds/bin/gnu/h-x86_64-mingw32/bin/../lib/gcc/nios2-elf/5.3.0/../../../../../H-x86_64-mingw32/nios2-elf/lib\libc.a(lib_a-memmove.o)
 .text.memmove  0x0000000000026cf8      0x15c c:/users/jasper/desktop/vhdl/quartuslitefiles/nios2eds/bin/gnu/h-x86_64-mingw32/bin/../lib/gcc/nios2-elf/5.3.0/../../../../../H-x86_64-mingw32/nios2-elf/lib\libc.a(lib_a-memmove.o)
                0x0000000000026cf8                memmove
 .text          0x0000000000026e54        0x0 c:/users/jasper/desktop/vhdl/quartuslitefiles/nios2eds/bin/gnu/h-x86_64-mingw32/bin/../lib/gcc/nios2-elf/5.3.0/../../../../../H-x86_64-mingw32/nios2-elf/lib\libc.a(lib_a-mprec.o)
 .text._Balloc  0x0000000000026e54       0xa8 c:/users/jasper/desktop/vhdl/quartuslitefiles/nios2eds/bin/gnu/h-x86_64-mingw32/bin/../lib/gcc/nios2-elf/5.3.0/../../../../../H-x86_64-mingw32/nios2-elf/lib\libc.a(lib_a-mprec.o)
                0x0000000000026e54                _Balloc
 .text._Bfree   0x0000000000026efc       0x28 c:/users/jasper/desktop/vhdl/quartuslitefiles/nios2eds/bin/gnu/h-x86_64-mingw32/bin/../lib/gcc/nios2-elf/5.3.0/../../../../../H-x86_64-mingw32/nios2-elf/lib\libc.a(lib_a-mprec.o)
                0x0000000000026efc                _Bfree
 .text.__multadd
                0x0000000000026f24      0x120 c:/users/jasper/desktop/vhdl/quartuslitefiles/nios2eds/bin/gnu/h-x86_64-mingw32/bin/../lib/gcc/nios2-elf/5.3.0/../../../../../H-x86_64-mingw32/nios2-elf/lib\libc.a(lib_a-mprec.o)
                0x0000000000026f24                __multadd
 .text.__s2b    0x0000000000027044      0x104 c:/users/jasper/desktop/vhdl/quartuslitefiles/nios2eds/bin/gnu/h-x86_64-mingw32/bin/../lib/gcc/nios2-elf/5.3.0/../../../../../H-x86_64-mingw32/nios2-elf/lib\libc.a(lib_a-mprec.o)
                0x0000000000027044                __s2b
 .text.__hi0bits
                0x0000000000027148       0x68 c:/users/jasper/desktop/vhdl/quartuslitefiles/nios2eds/bin/gnu/h-x86_64-mingw32/bin/../lib/gcc/nios2-elf/5.3.0/../../../../../H-x86_64-mingw32/nios2-elf/lib\libc.a(lib_a-mprec.o)
                0x0000000000027148                __hi0bits
 .text.__lo0bits
                0x00000000000271b0       0xb0 c:/users/jasper/desktop/vhdl/quartuslitefiles/nios2eds/bin/gnu/h-x86_64-mingw32/bin/../lib/gcc/nios2-elf/5.3.0/../../../../../H-x86_64-mingw32/nios2-elf/lib\libc.a(lib_a-mprec.o)
                0x00000000000271b0                __lo0bits
 .text.__i2b    0x0000000000027260       0x3c c:/users/jasper/desktop/vhdl/quartuslitefiles/nios2eds/bin/gnu/h-x86_64-mingw32/bin/../lib/gcc/nios2-elf/5.3.0/../../../../../H-x86_64-mingw32/nios2-elf/lib\libc.a(lib_a-mprec.o)
                0x0000000000027260                __i2b
 .text.__multiply
                0x000000000002729c      0x1f8 c:/users/jasper/desktop/vhdl/quartuslitefiles/nios2eds/bin/gnu/h-x86_64-mingw32/bin/../lib/gcc/nios2-elf/5.3.0/../../../../../H-x86_64-mingw32/nios2-elf/lib\libc.a(lib_a-mprec.o)
                0x000000000002729c                __multiply
 .text.__pow5mult
                0x0000000000027494      0x140 c:/users/jasper/desktop/vhdl/quartuslitefiles/nios2eds/bin/gnu/h-x86_64-mingw32/bin/../lib/gcc/nios2-elf/5.3.0/../../../../../H-x86_64-mingw32/nios2-elf/lib\libc.a(lib_a-mprec.o)
                0x0000000000027494                __pow5mult
 .text.__lshift
                0x00000000000275d4      0x148 c:/users/jasper/desktop/vhdl/quartuslitefiles/nios2eds/bin/gnu/h-x86_64-mingw32/bin/../lib/gcc/nios2-elf/5.3.0/../../../../../H-x86_64-mingw32/nios2-elf/lib\libc.a(lib_a-mprec.o)
                0x00000000000275d4                __lshift
 .text.__mcmp   0x000000000002771c       0x60 c:/users/jasper/desktop/vhdl/quartuslitefiles/nios2eds/bin/gnu/h-x86_64-mingw32/bin/../lib/gcc/nios2-elf/5.3.0/../../../../../H-x86_64-mingw32/nios2-elf/lib\libc.a(lib_a-mprec.o)
                0x000000000002771c                __mcmp
 .text.__mdiff  0x000000000002777c      0x1fc c:/users/jasper/desktop/vhdl/quartuslitefiles/nios2eds/bin/gnu/h-x86_64-mingw32/bin/../lib/gcc/nios2-elf/5.3.0/../../../../../H-x86_64-mingw32/nios2-elf/lib\libc.a(lib_a-mprec.o)
                0x000000000002777c                __mdiff
 .text.__ulp    0x0000000000027978       0x64 c:/users/jasper/desktop/vhdl/quartuslitefiles/nios2eds/bin/gnu/h-x86_64-mingw32/bin/../lib/gcc/nios2-elf/5.3.0/../../../../../H-x86_64-mingw32/nios2-elf/lib\libc.a(lib_a-mprec.o)
                0x0000000000027978                __ulp
 .text.__b2d    0x00000000000279dc      0x10c c:/users/jasper/desktop/vhdl/quartuslitefiles/nios2eds/bin/gnu/h-x86_64-mingw32/bin/../lib/gcc/nios2-elf/5.3.0/../../../../../H-x86_64-mingw32/nios2-elf/lib\libc.a(lib_a-mprec.o)
                0x00000000000279dc                __b2d
 .text.__d2b    0x0000000000027ae8      0x14c c:/users/jasper/desktop/vhdl/quartuslitefiles/nios2eds/bin/gnu/h-x86_64-mingw32/bin/../lib/gcc/nios2-elf/5.3.0/../../../../../H-x86_64-mingw32/nios2-elf/lib\libc.a(lib_a-mprec.o)
                0x0000000000027ae8                __d2b
 .text.__ratio  0x0000000000027c34       0xa4 c:/users/jasper/desktop/vhdl/quartuslitefiles/nios2eds/bin/gnu/h-x86_64-mingw32/bin/../lib/gcc/nios2-elf/5.3.0/../../../../../H-x86_64-mingw32/nios2-elf/lib\libc.a(lib_a-mprec.o)
                0x0000000000027c34                __ratio
 .text._mprec_log10
                0x0000000000027cd8       0x74 c:/users/jasper/desktop/vhdl/quartuslitefiles/nios2eds/bin/gnu/h-x86_64-mingw32/bin/../lib/gcc/nios2-elf/5.3.0/../../../../../H-x86_64-mingw32/nios2-elf/lib\libc.a(lib_a-mprec.o)
                0x0000000000027cd8                _mprec_log10
 .text.__copybits
                0x0000000000027d4c       0x78 c:/users/jasper/desktop/vhdl/quartuslitefiles/nios2eds/bin/gnu/h-x86_64-mingw32/bin/../lib/gcc/nios2-elf/5.3.0/../../../../../H-x86_64-mingw32/nios2-elf/lib\libc.a(lib_a-mprec.o)
                0x0000000000027d4c                __copybits
 .text.__any_on
                0x0000000000027dc4       0x8c c:/users/jasper/desktop/vhdl/quartuslitefiles/nios2eds/bin/gnu/h-x86_64-mingw32/bin/../lib/gcc/nios2-elf/5.3.0/../../../../../H-x86_64-mingw32/nios2-elf/lib\libc.a(lib_a-mprec.o)
                0x0000000000027dc4                __any_on
 .text          0x0000000000027e50        0x0 c:/users/jasper/desktop/vhdl/quartuslitefiles/nios2eds/bin/gnu/h-x86_64-mingw32/bin/../lib/gcc/nios2-elf/5.3.0/../../../../../H-x86_64-mingw32/nios2-elf/lib\libc.a(lib_a-putc.o)
 .text._putc_r  0x0000000000027e50       0xa0 c:/users/jasper/desktop/vhdl/quartuslitefiles/nios2eds/bin/gnu/h-x86_64-mingw32/bin/../lib/gcc/nios2-elf/5.3.0/../../../../../H-x86_64-mingw32/nios2-elf/lib\libc.a(lib_a-putc.o)
                0x0000000000027e50                _putc_r
 .text.putc     0x0000000000027ef0       0xc8 c:/users/jasper/desktop/vhdl/quartuslitefiles/nios2eds/bin/gnu/h-x86_64-mingw32/bin/../lib/gcc/nios2-elf/5.3.0/../../../../../H-x86_64-mingw32/nios2-elf/lib\libc.a(lib_a-putc.o)
                0x0000000000027ef0                putc
 .text          0x0000000000027fb8        0x0 c:/users/jasper/desktop/vhdl/quartuslitefiles/nios2eds/bin/gnu/h-x86_64-mingw32/bin/../lib/gcc/nios2-elf/5.3.0/../../../../../H-x86_64-mingw32/nios2-elf/lib\libc.a(lib_a-s_fpclassify.o)
 .text.__fpclassifyd
                0x0000000000027fb8       0x74 c:/users/jasper/desktop/vhdl/quartuslitefiles/nios2eds/bin/gnu/h-x86_64-mingw32/bin/../lib/gcc/nios2-elf/5.3.0/../../../../../H-x86_64-mingw32/nios2-elf/lib\libc.a(lib_a-s_fpclassify.o)
                0x0000000000027fb8                __fpclassifyd
 .text          0x000000000002802c        0x0 c:/users/jasper/desktop/vhdl/quartuslitefiles/nios2eds/bin/gnu/h-x86_64-mingw32/bin/../lib/gcc/nios2-elf/5.3.0/../../../../../H-x86_64-mingw32/nios2-elf/lib\libc.a(lib_a-stdio.o)
 .text.__sread  0x000000000002802c       0x54 c:/users/jasper/desktop/vhdl/quartuslitefiles/nios2eds/bin/gnu/h-x86_64-mingw32/bin/../lib/gcc/nios2-elf/5.3.0/../../../../../H-x86_64-mingw32/nios2-elf/lib\libc.a(lib_a-stdio.o)
                0x000000000002802c                __sread
 .text.__seofread
                0x0000000000028080        0x8 c:/users/jasper/desktop/vhdl/quartuslitefiles/nios2eds/bin/gnu/h-x86_64-mingw32/bin/../lib/gcc/nios2-elf/5.3.0/../../../../../H-x86_64-mingw32/nios2-elf/lib\libc.a(lib_a-stdio.o)
                0x0000000000028080                __seofread
 .text.__swrite
                0x0000000000028088       0x7c c:/users/jasper/desktop/vhdl/quartuslitefiles/nios2eds/bin/gnu/h-x86_64-mingw32/bin/../lib/gcc/nios2-elf/5.3.0/../../../../../H-x86_64-mingw32/nios2-elf/lib\libc.a(lib_a-stdio.o)
                0x0000000000028088                __swrite
 .text.__sseek  0x0000000000028104       0x5c c:/users/jasper/desktop/vhdl/quartuslitefiles/nios2eds/bin/gnu/h-x86_64-mingw32/bin/../lib/gcc/nios2-elf/5.3.0/../../../../../H-x86_64-mingw32/nios2-elf/lib\libc.a(lib_a-stdio.o)
                0x0000000000028104                __sseek
 .text.__sclose
                0x0000000000028160        0x8 c:/users/jasper/desktop/vhdl/quartuslitefiles/nios2eds/bin/gnu/h-x86_64-mingw32/bin/../lib/gcc/nios2-elf/5.3.0/../../../../../H-x86_64-mingw32/nios2-elf/lib\libc.a(lib_a-stdio.o)
                0x0000000000028160                __sclose
 .text          0x0000000000028168        0x0 c:/users/jasper/desktop/vhdl/quartuslitefiles/nios2eds/bin/gnu/h-x86_64-mingw32/bin/../lib/gcc/nios2-elf/5.3.0/../../../../../H-x86_64-mingw32/nios2-elf/lib\libc.a(lib_a-strcmp.o)
 .text.strcmp   0x0000000000028168       0xdc c:/users/jasper/desktop/vhdl/quartuslitefiles/nios2eds/bin/gnu/h-x86_64-mingw32/bin/../lib/gcc/nios2-elf/5.3.0/../../../../../H-x86_64-mingw32/nios2-elf/lib\libc.a(lib_a-strcmp.o)
                0x0000000000028168                strcmp
 .text          0x0000000000028244        0x0 c:/users/jasper/desktop/vhdl/quartuslitefiles/nios2eds/bin/gnu/h-x86_64-mingw32/bin/../lib/gcc/nios2-elf/5.3.0/../../../../../H-x86_64-mingw32/nios2-elf/lib\libc.a(lib_a-vfiprintf.o)
 .text.__sprint_r.part.0
                0x0000000000028244       0xfc c:/users/jasper/desktop/vhdl/quartuslitefiles/nios2eds/bin/gnu/h-x86_64-mingw32/bin/../lib/gcc/nios2-elf/5.3.0/../../../../../H-x86_64-mingw32/nios2-elf/lib\libc.a(lib_a-vfiprintf.o)
 .text.__sprint_r
                0x0000000000028340       0x18 c:/users/jasper/desktop/vhdl/quartuslitefiles/nios2eds/bin/gnu/h-x86_64-mingw32/bin/../lib/gcc/nios2-elf/5.3.0/../../../../../H-x86_64-mingw32/nios2-elf/lib\libc.a(lib_a-vfiprintf.o)
                0x0000000000028340                __sprint_r
 .text.___vfiprintf_internal_r
                0x0000000000028358     0x145c c:/users/jasper/desktop/vhdl/quartuslitefiles/nios2eds/bin/gnu/h-x86_64-mingw32/bin/../lib/gcc/nios2-elf/5.3.0/../../../../../H-x86_64-mingw32/nios2-elf/lib\libc.a(lib_a-vfiprintf.o)
                0x0000000000028358                ___vfiprintf_internal_r
 .text.__vfiprintf_internal
                0x00000000000297b4       0x1c c:/users/jasper/desktop/vhdl/quartuslitefiles/nios2eds/bin/gnu/h-x86_64-mingw32/bin/../lib/gcc/nios2-elf/5.3.0/../../../../../H-x86_64-mingw32/nios2-elf/lib\libc.a(lib_a-vfiprintf.o)
                0x00000000000297b4                __vfiprintf_internal
 .text.__sbprintf
                0x00000000000297d0       0xbc c:/users/jasper/desktop/vhdl/quartuslitefiles/nios2eds/bin/gnu/h-x86_64-mingw32/bin/../lib/gcc/nios2-elf/5.3.0/../../../../../H-x86_64-mingw32/nios2-elf/lib\libc.a(lib_a-vfiprintf.o)
 .text          0x000000000002988c        0x0 c:/users/jasper/desktop/vhdl/quartuslitefiles/nios2eds/bin/gnu/h-x86_64-mingw32/bin/../lib/gcc/nios2-elf/5.3.0/../../../../../H-x86_64-mingw32/nios2-elf/lib\libc.a(lib_a-wbuf.o)
 .text.__swbuf_r
                0x000000000002988c      0x140 c:/users/jasper/desktop/vhdl/quartuslitefiles/nios2eds/bin/gnu/h-x86_64-mingw32/bin/../lib/gcc/nios2-elf/5.3.0/../../../../../H-x86_64-mingw32/nios2-elf/lib\libc.a(lib_a-wbuf.o)
                0x000000000002988c                __swbuf_r
 .text.__swbuf  0x00000000000299cc       0x18 c:/users/jasper/desktop/vhdl/quartuslitefiles/nios2eds/bin/gnu/h-x86_64-mingw32/bin/../lib/gcc/nios2-elf/5.3.0/../../../../../H-x86_64-mingw32/nios2-elf/lib\libc.a(lib_a-wbuf.o)
                0x00000000000299cc                __swbuf
 .text          0x00000000000299e4        0x0 c:/users/jasper/desktop/vhdl/quartuslitefiles/nios2eds/bin/gnu/h-x86_64-mingw32/bin/../lib/gcc/nios2-elf/5.3.0/../../../../../H-x86_64-mingw32/nios2-elf/lib\libc.a(lib_a-writer.o)
 .text._write_r
                0x00000000000299e4       0x60 c:/users/jasper/desktop/vhdl/quartuslitefiles/nios2eds/bin/gnu/h-x86_64-mingw32/bin/../lib/gcc/nios2-elf/5.3.0/../../../../../H-x86_64-mingw32/nios2-elf/lib\libc.a(lib_a-writer.o)
                0x00000000000299e4                _write_r
 .text          0x0000000000029a44        0x0 c:/users/jasper/desktop/vhdl/quartuslitefiles/nios2eds/bin/gnu/h-x86_64-mingw32/bin/../lib/gcc/nios2-elf/5.3.0/../../../../../H-x86_64-mingw32/nios2-elf/lib\libc.a(closer.o)
 .text._close_r
                0x0000000000029a44       0x54 c:/users/jasper/desktop/vhdl/quartuslitefiles/nios2eds/bin/gnu/h-x86_64-mingw32/bin/../lib/gcc/nios2-elf/5.3.0/../../../../../H-x86_64-mingw32/nios2-elf/lib\libc.a(closer.o)
                0x0000000000029a44                _close_r
 .text          0x0000000000029a98        0x0 c:/users/jasper/desktop/vhdl/quartuslitefiles/nios2eds/bin/gnu/h-x86_64-mingw32/bin/../lib/gcc/nios2-elf/5.3.0/../../../../../H-x86_64-mingw32/nios2-elf/lib\libc.a(lib_a-callocr.o)
 .text._calloc_r
                0x0000000000029a98       0xc4 c:/users/jasper/desktop/vhdl/quartuslitefiles/nios2eds/bin/gnu/h-x86_64-mingw32/bin/../lib/gcc/nios2-elf/5.3.0/../../../../../H-x86_64-mingw32/nios2-elf/lib\libc.a(lib_a-callocr.o)
                0x0000000000029a98                _calloc_r
 .text          0x0000000000029b5c        0x0 c:/users/jasper/desktop/vhdl/quartuslitefiles/nios2eds/bin/gnu/h-x86_64-mingw32/bin/../lib/gcc/nios2-elf/5.3.0/../../../../../H-x86_64-mingw32/nios2-elf/lib\libc.a(lib_a-fclose.o)
 .text._fclose_r
                0x0000000000029b5c       0xf0 c:/users/jasper/desktop/vhdl/quartuslitefiles/nios2eds/bin/gnu/h-x86_64-mingw32/bin/../lib/gcc/nios2-elf/5.3.0/../../../../../H-x86_64-mingw32/nios2-elf/lib\libc.a(lib_a-fclose.o)
                0x0000000000029b5c                _fclose_r
 .text.fclose   0x0000000000029c4c       0x14 c:/users/jasper/desktop/vhdl/quartuslitefiles/nios2eds/bin/gnu/h-x86_64-mingw32/bin/../lib/gcc/nios2-elf/5.3.0/../../../../../H-x86_64-mingw32/nios2-elf/lib\libc.a(lib_a-fclose.o)
                0x0000000000029c4c                fclose
 .text          0x0000000000029c60        0x0 c:/users/jasper/desktop/vhdl/quartuslitefiles/nios2eds/bin/gnu/h-x86_64-mingw32/bin/../lib/gcc/nios2-elf/5.3.0/../../../../../H-x86_64-mingw32/nios2-elf/lib\libc.a(lib_a-fputwc.o)
 .text.__fputwc
                0x0000000000029c60      0x164 c:/users/jasper/desktop/vhdl/quartuslitefiles/nios2eds/bin/gnu/h-x86_64-mingw32/bin/../lib/gcc/nios2-elf/5.3.0/../../../../../H-x86_64-mingw32/nios2-elf/lib\libc.a(lib_a-fputwc.o)
                0x0000000000029c60                __fputwc
 .text._fputwc_r
                0x0000000000029dc4       0x24 c:/users/jasper/desktop/vhdl/quartuslitefiles/nios2eds/bin/gnu/h-x86_64-mingw32/bin/../lib/gcc/nios2-elf/5.3.0/../../../../../H-x86_64-mingw32/nios2-elf/lib\libc.a(lib_a-fputwc.o)
                0x0000000000029dc4                _fputwc_r
 .text.fputwc   0x0000000000029de8       0x80 c:/users/jasper/desktop/vhdl/quartuslitefiles/nios2eds/bin/gnu/h-x86_64-mingw32/bin/../lib/gcc/nios2-elf/5.3.0/../../../../../H-x86_64-mingw32/nios2-elf/lib\libc.a(lib_a-fputwc.o)
                0x0000000000029de8                fputwc
 .text          0x0000000000029e68        0x0 c:/users/jasper/desktop/vhdl/quartuslitefiles/nios2eds/bin/gnu/h-x86_64-mingw32/bin/../lib/gcc/nios2-elf/5.3.0/../../../../../H-x86_64-mingw32/nios2-elf/lib\libc.a(lib_a-fstatr.o)
 .text._fstat_r
                0x0000000000029e68       0x5c c:/users/jasper/desktop/vhdl/quartuslitefiles/nios2eds/bin/gnu/h-x86_64-mingw32/bin/../lib/gcc/nios2-elf/5.3.0/../../../../../H-x86_64-mingw32/nios2-elf/lib\libc.a(lib_a-fstatr.o)
                0x0000000000029e68                _fstat_r
 .text          0x0000000000029ec4        0x0 c:/users/jasper/desktop/vhdl/quartuslitefiles/nios2eds/bin/gnu/h-x86_64-mingw32/bin/../lib/gcc/nios2-elf/5.3.0/../../../../../H-x86_64-mingw32/nios2-elf/lib\libc.a(lib_a-isattyr.o)
 .text._isatty_r
                0x0000000000029ec4       0x54 c:/users/jasper/desktop/vhdl/quartuslitefiles/nios2eds/bin/gnu/h-x86_64-mingw32/bin/../lib/gcc/nios2-elf/5.3.0/../../../../../H-x86_64-mingw32/nios2-elf/lib\libc.a(lib_a-isattyr.o)
                0x0000000000029ec4                _isatty_r
 .text          0x0000000000029f18        0x0 c:/users/jasper/desktop/vhdl/quartuslitefiles/nios2eds/bin/gnu/h-x86_64-mingw32/bin/../lib/gcc/nios2-elf/5.3.0/../../../../../H-x86_64-mingw32/nios2-elf/lib\libc.a(lib_a-lseekr.o)
 .text._lseek_r
                0x0000000000029f18       0x60 c:/users/jasper/desktop/vhdl/quartuslitefiles/nios2eds/bin/gnu/h-x86_64-mingw32/bin/../lib/gcc/nios2-elf/5.3.0/../../../../../H-x86_64-mingw32/nios2-elf/lib\libc.a(lib_a-lseekr.o)
                0x0000000000029f18                _lseek_r
 .text          0x0000000000029f78        0x0 c:/users/jasper/desktop/vhdl/quartuslitefiles/nios2eds/bin/gnu/h-x86_64-mingw32/bin/../lib/gcc/nios2-elf/5.3.0/../../../../../H-x86_64-mingw32/nios2-elf/lib\libc.a(lib_a-readr.o)
 .text._read_r  0x0000000000029f78       0x60 c:/users/jasper/desktop/vhdl/quartuslitefiles/nios2eds/bin/gnu/h-x86_64-mingw32/bin/../lib/gcc/nios2-elf/5.3.0/../../../../../H-x86_64-mingw32/nios2-elf/lib\libc.a(lib_a-readr.o)
                0x0000000000029f78                _read_r
 .text          0x0000000000029fd8        0x0 c:/users/jasper/desktop/vhdl/quartuslitefiles/nios2eds/bin/gnu/h-x86_64-mingw32/bin/../lib/gcc/nios2-elf/5.3.0/../../../../../H-x86_64-mingw32/nios2-elf/lib\libc.a(lib_a-wcrtomb.o)
 .text._wcrtomb_r
                0x0000000000029fd8       0x9c c:/users/jasper/desktop/vhdl/quartuslitefiles/nios2eds/bin/gnu/h-x86_64-mingw32/bin/../lib/gcc/nios2-elf/5.3.0/../../../../../H-x86_64-mingw32/nios2-elf/lib\libc.a(lib_a-wcrtomb.o)
                0x0000000000029fd8                _wcrtomb_r
 .text.wcrtomb  0x000000000002a074       0xc0 c:/users/jasper/desktop/vhdl/quartuslitefiles/nios2eds/bin/gnu/h-x86_64-mingw32/bin/../lib/gcc/nios2-elf/5.3.0/../../../../../H-x86_64-mingw32/nios2-elf/lib\libc.a(lib_a-wcrtomb.o)
                0x000000000002a074                wcrtomb
 .text          0x000000000002a134        0x0 c:/users/jasper/desktop/vhdl/quartuslitefiles/nios2eds/bin/gnu/h-x86_64-mingw32/bin/../lib/gcc/nios2-elf/5.3.0/../../../../../H-x86_64-mingw32/nios2-elf/lib\libc.a(lib_a-wctomb_r.o)
 .text.__ascii_wctomb
                0x000000000002a134       0x30 c:/users/jasper/desktop/vhdl/quartuslitefiles/nios2eds/bin/gnu/h-x86_64-mingw32/bin/../lib/gcc/nios2-elf/5.3.0/../../../../../H-x86_64-mingw32/nios2-elf/lib\libc.a(lib_a-wctomb_r.o)
                0x000000000002a134                __ascii_wctomb
 .text._wctomb_r
                0x000000000002a164       0x5c c:/users/jasper/desktop/vhdl/quartuslitefiles/nios2eds/bin/gnu/h-x86_64-mingw32/bin/../lib/gcc/nios2-elf/5.3.0/../../../../../H-x86_64-mingw32/nios2-elf/lib\libc.a(lib_a-wctomb_r.o)
                0x000000000002a164                _wctomb_r
 .text          0x000000000002a1c0      0x578 c:/users/jasper/desktop/vhdl/quartuslitefiles/nios2eds/bin/gnu/h-x86_64-mingw32/bin/../lib/gcc/nios2-elf/5.3.0\libgcc.a(_udivdi3.o)
                0x000000000002a1c0                __udivdi3
 .text          0x000000000002a738      0x538 c:/users/jasper/desktop/vhdl/quartuslitefiles/nios2eds/bin/gnu/h-x86_64-mingw32/bin/../lib/gcc/nios2-elf/5.3.0\libgcc.a(_umoddi3.o)
                0x000000000002a738                __umoddi3
 .text          0x000000000002ac70      0x1b4 c:/users/jasper/desktop/vhdl/quartuslitefiles/nios2eds/bin/gnu/h-x86_64-mingw32/bin/../lib/gcc/nios2-elf/5.3.0\libgcc.a(lib2-divmod.o)
                0x000000000002ac70                __divsi3
                0x000000000002acf4                __modsi3
                0x000000000002ad68                __udivsi3
                0x000000000002adcc                __umodsi3
 .text          0x000000000002ae24      0x8ac c:/users/jasper/desktop/vhdl/quartuslitefiles/nios2eds/bin/gnu/h-x86_64-mingw32/bin/../lib/gcc/nios2-elf/5.3.0\libgcc.a(adddf3.o)
                0x000000000002ae24                __adddf3
 .text          0x000000000002b6d0      0x8e8 c:/users/jasper/desktop/vhdl/quartuslitefiles/nios2eds/bin/gnu/h-x86_64-mingw32/bin/../lib/gcc/nios2-elf/5.3.0\libgcc.a(divdf3.o)
                0x000000000002b6d0                __divdf3
 .text          0x000000000002bfb8       0x88 c:/users/jasper/desktop/vhdl/quartuslitefiles/nios2eds/bin/gnu/h-x86_64-mingw32/bin/../lib/gcc/nios2-elf/5.3.0\libgcc.a(eqdf2.o)
                0x000000000002bfb8                __nedf2
                0x000000000002bfb8                __eqdf2
 .text          0x000000000002c040       0xdc c:/users/jasper/desktop/vhdl/quartuslitefiles/nios2eds/bin/gnu/h-x86_64-mingw32/bin/../lib/gcc/nios2-elf/5.3.0\libgcc.a(gedf2.o)
                0x000000000002c040                __gedf2
                0x000000000002c040                __gtdf2
 .text          0x000000000002c11c       0xf4 c:/users/jasper/desktop/vhdl/quartuslitefiles/nios2eds/bin/gnu/h-x86_64-mingw32/bin/../lib/gcc/nios2-elf/5.3.0\libgcc.a(ledf2.o)
                0x000000000002c11c                __ledf2
                0x000000000002c11c                __ltdf2
 .text          0x000000000002c210      0x718 c:/users/jasper/desktop/vhdl/quartuslitefiles/nios2eds/bin/gnu/h-x86_64-mingw32/bin/../lib/gcc/nios2-elf/5.3.0\libgcc.a(muldf3.o)
                0x000000000002c210                __muldf3
 .text          0x000000000002c928      0x8fc c:/users/jasper/desktop/vhdl/quartuslitefiles/nios2eds/bin/gnu/h-x86_64-mingw32/bin/../lib/gcc/nios2-elf/5.3.0\libgcc.a(subdf3.o)
                0x000000000002c928                __subdf3
 .text          0x000000000002d224       0x80 c:/users/jasper/desktop/vhdl/quartuslitefiles/nios2eds/bin/gnu/h-x86_64-mingw32/bin/../lib/gcc/nios2-elf/5.3.0\libgcc.a(fixdfsi.o)
                0x000000000002d224                __fixdfsi
 .text          0x000000000002d2a4       0xdc c:/users/jasper/desktop/vhdl/quartuslitefiles/nios2eds/bin/gnu/h-x86_64-mingw32/bin/../lib/gcc/nios2-elf/5.3.0\libgcc.a(floatsidf.o)
                0x000000000002d2a4                __floatsidf
 .text          0x000000000002d380       0xa8 c:/users/jasper/desktop/vhdl/quartuslitefiles/nios2eds/bin/gnu/h-x86_64-mingw32/bin/../lib/gcc/nios2-elf/5.3.0\libgcc.a(floatunsidf.o)
                0x000000000002d380                __floatunsidf
 .text          0x000000000002d428        0x0 c:/users/jasper/desktop/vhdl/quartuslitefiles/nios2eds/bin/gnu/h-x86_64-mingw32/bin/../lib/gcc/nios2-elf/5.3.0\libgcc.a(_clz.o)
 .text          0x000000000002d428       0x64 c:/users/jasper/desktop/vhdl/quartuslitefiles/nios2eds/bin/gnu/h-x86_64-mingw32/bin/../lib/gcc/nios2-elf/5.3.0\libgcc.a(_clzsi2.o)
                0x000000000002d428                __clzsi2
 .text          0x000000000002d48c      0x10c ../manynicegame_bsp/\libucosii_bsp.a(alt_close.o)
                0x000000000002d4c8                close
 .text          0x000000000002d598       0x2c ../manynicegame_bsp/\libucosii_bsp.a(alt_dev.o)
 .text          0x000000000002d5c4        0x0 ../manynicegame_bsp/\libucosii_bsp.a(alt_errno.o)
 .text          0x000000000002d5c4       0xec ../manynicegame_bsp/\libucosii_bsp.a(alt_fstat.o)
                0x000000000002d600                fstat
 .text          0x000000000002d6b0       0xe0 ../manynicegame_bsp/\libucosii_bsp.a(alt_isatty.o)
                0x000000000002d6ec                isatty
 .text          0x000000000002d790       0xec ../manynicegame_bsp/\libucosii_bsp.a(alt_load.o)
                0x000000000002d7f8                alt_load
 .text          0x000000000002d87c      0x110 ../manynicegame_bsp/\libucosii_bsp.a(alt_lseek.o)
                0x000000000002d8b8                lseek
 .text          0x000000000002d98c       0xbc ../manynicegame_bsp/\libucosii_bsp.a(alt_main.o)
                0x000000000002d98c                alt_main
 .text          0x000000000002da48      0x138 ../manynicegame_bsp/\libucosii_bsp.a(alt_read.o)
                0x000000000002da84                read
 .text          0x000000000002db80       0x64 ../manynicegame_bsp/\libucosii_bsp.a(alt_release_fd.o)
                0x000000000002db80                alt_release_fd
 .text          0x000000000002dbe4       0xb0 ../manynicegame_bsp/\libucosii_bsp.a(alt_sbrk.o)
                0x000000000002dbe4                sbrk
 .text          0x000000000002dc94      0x134 ../manynicegame_bsp/\libucosii_bsp.a(alt_write.o)
                0x000000000002dcd0                write
 .text          0x000000000002ddc8      0x124 ../manynicegame_bsp/\libucosii_bsp.a(alt_env_lock.o)
                0x000000000002ddc8                __env_lock
                0x000000000002de8c                __env_unlock
 .text          0x000000000002deec      0x1ec ../manynicegame_bsp/\libucosii_bsp.a(alt_malloc_lock.o)
                0x000000000002deec                __malloc_lock
                0x000000000002e00c                __malloc_unlock
 .text          0x000000000002e0d8     0x2014 ../manynicegame_bsp/\libucosii_bsp.a(os_core.o)
                0x000000000002e0d8                OSEventNameGet
                0x000000000002e1f8                OSEventNameSet
                0x000000000002e338                OSEventPendMulti
                0x000000000002e948                OSInit
                0x000000000002e9a0                OSIntEnter
                0x000000000002e9ec                OSIntExit
                0x000000000002eae4                OSSchedLock
                0x000000000002eb70                OSSchedUnlock
                0x000000000002ec4c                OSStart
                0x000000000002ecbc                OSStatInit
                0x000000000002ed6c                OSTimeTick
                0x000000000002ef8c                OSVersion
                0x000000000002efac                OS_Dummy
                0x000000000002efcc                OS_EventTaskRdy
                0x000000000002f164                OS_EventTaskWait
                0x000000000002f274                OS_EventTaskWaitMulti
                0x000000000002f3c4                OS_EventTaskRemove
                0x000000000002f47c                OS_EventTaskRemoveMulti
                0x000000000002f57c                OS_EventWaitListInit
                0x000000000002f95c                OS_MemClr
                0x000000000002f9b0                OS_MemCopy
                0x000000000002fa18                OS_Sched
                0x000000000002fb5c                OS_StrCopy
                0x000000000002fbd0                OS_StrLen
                0x000000000002fc24                OS_TaskIdle
                0x000000000002fc80                OS_TaskStat
                0x000000000002fd4c                OS_TaskStatStkChk
                0x000000000002fe18                OS_TCBInit
 .text          0x00000000000300ec      0x190 ../manynicegame_bsp/\libucosii_bsp.a(os_dbg.o)
                0x00000000000300ec                OSDebugInit
 .text          0x000000000003027c     0x1714 ../manynicegame_bsp/\libucosii_bsp.a(os_flag.o)
                0x000000000003027c                OSFlagAccept
                0x0000000000030584                OSFlagCreate
                0x000000000003068c                OSFlagDel
                0x00000000000308d4                OSFlagNameGet
                0x00000000000309fc                OSFlagNameSet
                0x0000000000030b48                OSFlagPend
                0x0000000000031100                OSFlagPendGetFlagsRdy
                0x0000000000031160                OSFlagPost
                0x00000000000314f4                OSFlagQuery
                0x0000000000031718                OS_FlagInit
                0x00000000000318ec                OS_FlagUnlink
 .text          0x0000000000031990      0x754 ../manynicegame_bsp/\libucosii_bsp.a(os_mem.o)
                0x0000000000031990                OSMemCreate
                0x0000000000031b64                OSMemGet
                0x0000000000031c54                OSMemNameGet
                0x0000000000031d44                OSMemNameSet
                0x0000000000031e58                OSMemPut
                0x0000000000031f30                OSMemQuery
                0x0000000000032018                OS_MemInit
 .text          0x00000000000320e4     0x1104 ../manynicegame_bsp/\libucosii_bsp.a(os_q.o)
                0x00000000000320e4                OSQAccept
                0x0000000000032224                OSQCreate
                0x00000000000323d0                OSQDel
                0x0000000000032650                OSQFlush
                0x0000000000032708                OSQPend
                0x0000000000032994                OSQPendAbort
                0x0000000000032b00                OSQPost
                0x0000000000032c68                OSQPostFront
                0x0000000000032dd8                OSQPostOpt
                0x0000000000032fe4                OSQQuery
                0x0000000000033140                OS_QInit
 .text          0x00000000000331e8      0xa60 ../manynicegame_bsp/\libucosii_bsp.a(os_sem.o)
                0x00000000000331e8                OSSemAccept
                0x0000000000033298                OSSemCreate
                0x0000000000033370                OSSemDel
                0x00000000000335b0                OSSemPend
                0x00000000000337bc                OSSemPendAbort
                0x0000000000033928                OSSemPost
                0x0000000000033a38                OSSemQuery
                0x0000000000033b48                OSSemSet
 .text          0x0000000000033c48     0x176c ../manynicegame_bsp/\libucosii_bsp.a(os_task.o)
                0x0000000000033c48                OSTaskChangePrio
                0x0000000000034138                OSTaskCreate
                0x00000000000342e4                OSTaskCreateExt
                0x00000000000344c8                OSTaskDel
                0x000000000003480c                OSTaskDelReq
                0x000000000003495c                OSTaskNameGet
                0x0000000000034af4                OSTaskNameSet
                0x0000000000034ca8                OSTaskResume
                0x0000000000034e7c                OSTaskStkChk
                0x000000000003503c                OSTaskSuspend
                0x0000000000035220                OSTaskQuery
                0x0000000000035344                OS_TaskStkClr
 .text          0x00000000000353b4      0x4ec ../manynicegame_bsp/\libucosii_bsp.a(os_time.o)
                0x00000000000353b4                OSTimeDly
                0x00000000000354b8                OSTimeDlyHMSM
                0x0000000000035610                OSTimeDlyResume
                0x00000000000357e4                OSTimeGet
                0x0000000000035840                OSTimeSet
 .text          0x00000000000358a0       0xb4 ../manynicegame_bsp/\libucosii_bsp.a(alt_sys_init.o)
                0x00000000000358d4                alt_irq_init
                0x000000000003590c                alt_sys_init
 .text          0x0000000000035954      0x164 ../manynicegame_bsp/\libucosii_bsp.a(altera_avalon_jtag_uart_fd.o)
                0x0000000000035954                altera_avalon_jtag_uart_read_fd
                0x00000000000359b4                altera_avalon_jtag_uart_write_fd
                0x0000000000035a14                altera_avalon_jtag_uart_close_fd
                0x0000000000035a64                altera_avalon_jtag_uart_ioctl_fd
 .text          0x0000000000035ab8      0x558 ../manynicegame_bsp/\libucosii_bsp.a(altera_avalon_jtag_uart_init.o)
                0x0000000000035ab8                altera_avalon_jtag_uart_init
                0x0000000000035fa8                altera_avalon_jtag_uart_close
 .text          0x0000000000036010       0xf0 ../manynicegame_bsp/\libucosii_bsp.a(altera_avalon_jtag_uart_ioctl.o)
                0x0000000000036010                altera_avalon_jtag_uart_ioctl
 .text          0x0000000000036100      0x2bc ../manynicegame_bsp/\libucosii_bsp.a(altera_avalon_jtag_uart_read.o)
                0x0000000000036100                altera_avalon_jtag_uart_read
 .text          0x00000000000363bc      0x2c4 ../manynicegame_bsp/\libucosii_bsp.a(altera_avalon_jtag_uart_write.o)
                0x00000000000363bc                altera_avalon_jtag_uart_write
 .text          0x0000000000036680      0x12c ../manynicegame_bsp/\libucosii_bsp.a(alt_alarm_start.o)
                0x0000000000036680                alt_alarm_start
 .text          0x00000000000367ac       0x48 ../manynicegame_bsp/\libucosii_bsp.a(alt_dcache_flush_all.o)
                0x00000000000367ac                alt_dcache_flush_all
 .text          0x00000000000367f4       0xe0 ../manynicegame_bsp/\libucosii_bsp.a(alt_dev_llist_insert.o)
                0x0000000000036830                alt_dev_llist_insert
 .text          0x00000000000368d4       0x60 ../manynicegame_bsp/\libucosii_bsp.a(alt_do_ctors.o)
                0x00000000000368d4                _do_ctors
 .text          0x0000000000036934       0x60 ../manynicegame_bsp/\libucosii_bsp.a(alt_do_dtors.o)
                0x0000000000036934                _do_dtors
 .text          0x0000000000036994       0x34 ../manynicegame_bsp/\libucosii_bsp.a(alt_icache_flush_all.o)
                0x0000000000036994                alt_icache_flush_all
 .text          0x00000000000369c8      0x1b0 ../manynicegame_bsp/\libucosii_bsp.a(alt_iic.o)
                0x00000000000369c8                alt_ic_isr_register
                0x0000000000036a18                alt_ic_irq_enable
                0x0000000000036aa0                alt_ic_irq_disable
                0x0000000000036b2c                alt_ic_irq_enabled
 .text          0x0000000000036b78       0xf0 ../manynicegame_bsp/\libucosii_bsp.a(alt_iic_isr_register.o)
                0x0000000000036b78                alt_iic_isr_register
 .text          0x0000000000036c68      0x140 ../manynicegame_bsp/\libucosii_bsp.a(alt_io_redirect.o)
                0x0000000000036d2c                alt_io_redirect
 .text          0x0000000000036da8        0x0 ../manynicegame_bsp/\libucosii_bsp.a(alt_irq_entry.o)
 .text          0x0000000000036da8        0x0 ../manynicegame_bsp/\libucosii_bsp.a(alt_irq_handler.o)
 .text          0x0000000000036da8        0x0 ../manynicegame_bsp/\libucosii_bsp.a(alt_irq_vars.o)
 .text          0x0000000000036da8      0x254 ../manynicegame_bsp/\libucosii_bsp.a(alt_open.o)
                0x0000000000036ea8                open
 .text          0x0000000000036ffc      0x1a4 ../manynicegame_bsp/\libucosii_bsp.a(alt_tick.o)
                0x0000000000036ffc                alt_alarm_stop
                0x0000000000037098                alt_tick
 .text          0x00000000000371a0       0x24 ../manynicegame_bsp/\libucosii_bsp.a(altera_nios2_gen2_irq.o)
                0x00000000000371a0                altera_nios2_gen2_irq_init
 .text          0x00000000000371c4       0xd0 ../manynicegame_bsp/\libucosii_bsp.a(os_cpu_a.o)
                0x00000000000371c4                OSCtxSw
                0x00000000000371c4                OSIntCtxSw
                0x0000000000037250                OSStartHighRdy
                0x0000000000037270                OSStartTsk
 .text          0x0000000000037294      0x288 ../manynicegame_bsp/\libucosii_bsp.a(os_cpu_c.o)
                0x0000000000037294                OSTaskStkInit
                0x00000000000373f0                OSTaskCreateHook
                0x0000000000037414                OSTaskDelHook
                0x0000000000037438                OSTaskSwHook
                0x0000000000037458                OSTaskStatHook
                0x0000000000037478                OSTimeTickHook
                0x0000000000037498                OSInitHookBegin
                0x00000000000374b8                OSInitHookEnd
                0x00000000000374d8                OSTaskIdleHook
                0x00000000000374f8                OSTCBInitHook
 .text          0x000000000003751c        0x0 ../manynicegame_bsp/\libucosii_bsp.a(alt_exception_entry.o)
 .text          0x000000000003751c       0x90 ../manynicegame_bsp/\libucosii_bsp.a(alt_find_dev.o)
                0x000000000003751c                alt_find_dev
 .text          0x00000000000375ac      0x108 ../manynicegame_bsp/\libucosii_bsp.a(alt_find_file.o)
                0x00000000000375ac                alt_find_file
 .text          0x00000000000376b4       0xdc ../manynicegame_bsp/\libucosii_bsp.a(alt_get_fd.o)
                0x00000000000376b4                alt_get_fd
 .text          0x0000000000037790       0x90 ../manynicegame_bsp/\libucosii_bsp.a(alt_icache_flush.o)
                0x0000000000037790                alt_icache_flush
 .text          0x0000000000037820       0x9c ../manynicegame_bsp/\libucosii_bsp.a(alt_instruction_exception_entry.o)
                0x0000000000037820                alt_exception_cause_generated_bad_addr
 .text          0x00000000000378bc        0x0 c:/users/jasper/desktop/vhdl/quartuslitefiles/nios2eds/bin/gnu/h-x86_64-mingw32/bin/../lib/gcc/nios2-elf/5.3.0/../../../../../H-x86_64-mingw32/nios2-elf/lib\libc.a(lib_a-atexit.o)
 .text.atexit   0x00000000000378bc       0x14 c:/users/jasper/desktop/vhdl/quartuslitefiles/nios2eds/bin/gnu/h-x86_64-mingw32/bin/../lib/gcc/nios2-elf/5.3.0/../../../../../H-x86_64-mingw32/nios2-elf/lib\libc.a(lib_a-atexit.o)
                0x00000000000378bc                atexit
 .text          0x00000000000378d0        0x0 c:/users/jasper/desktop/vhdl/quartuslitefiles/nios2eds/bin/gnu/h-x86_64-mingw32/bin/../lib/gcc/nios2-elf/5.3.0/../../../../../H-x86_64-mingw32/nios2-elf/lib\libc.a(lib_a-exit.o)
 .text.exit     0x00000000000378d0       0x38 c:/users/jasper/desktop/vhdl/quartuslitefiles/nios2eds/bin/gnu/h-x86_64-mingw32/bin/../lib/gcc/nios2-elf/5.3.0/../../../../../H-x86_64-mingw32/nios2-elf/lib\libc.a(lib_a-exit.o)
                0x00000000000378d0                exit
 .text          0x0000000000037908        0x0 c:/users/jasper/desktop/vhdl/quartuslitefiles/nios2eds/bin/gnu/h-x86_64-mingw32/bin/../lib/gcc/nios2-elf/5.3.0/../../../../../H-x86_64-mingw32/nios2-elf/lib\libc.a(lib_a-memcmp.o)
 .text.memcmp   0x0000000000037908       0x7c c:/users/jasper/desktop/vhdl/quartuslitefiles/nios2eds/bin/gnu/h-x86_64-mingw32/bin/../lib/gcc/nios2-elf/5.3.0/../../../../../H-x86_64-mingw32/nios2-elf/lib\libc.a(lib_a-memcmp.o)
                0x0000000000037908                memcmp
 .text          0x0000000000037984        0x0 c:/users/jasper/desktop/vhdl/quartuslitefiles/nios2eds/bin/gnu/h-x86_64-mingw32/bin/../lib/gcc/nios2-elf/5.3.0/../../../../../H-x86_64-mingw32/nios2-elf/lib\libc.a(lib_a-__atexit.o)
 .text.__register_exitproc
                0x0000000000037984      0x118 c:/users/jasper/desktop/vhdl/quartuslitefiles/nios2eds/bin/gnu/h-x86_64-mingw32/bin/../lib/gcc/nios2-elf/5.3.0/../../../../../H-x86_64-mingw32/nios2-elf/lib\libc.a(lib_a-__atexit.o)
                0x0000000000037984                __register_exitproc
 .text          0x0000000000037a9c        0x0 c:/users/jasper/desktop/vhdl/quartuslitefiles/nios2eds/bin/gnu/h-x86_64-mingw32/bin/../lib/gcc/nios2-elf/5.3.0/../../../../../H-x86_64-mingw32/nios2-elf/lib\libc.a(lib_a-__call_atexit.o)
 .text.__call_exitprocs
                0x0000000000037a9c      0x180 c:/users/jasper/desktop/vhdl/quartuslitefiles/nios2eds/bin/gnu/h-x86_64-mingw32/bin/../lib/gcc/nios2-elf/5.3.0/../../../../../H-x86_64-mingw32/nios2-elf/lib\libc.a(lib_a-__call_atexit.o)
                0x0000000000037a9c                __call_exitprocs
 .text          0x0000000000037c1c       0x34 ../manynicegame_bsp/\libucosii_bsp.a(alt_exit.o)
                0x0000000000037c1c                _exit
 *(.gnu.warning.*)
 *(.fini)
                [!provide]                        PROVIDE (__etext, ABSOLUTE (.))
                [!provide]                        PROVIDE (_etext, ABSOLUTE (.))
                [!provide]                        PROVIDE (etext, ABSOLUTE (.))
 *(.eh_frame_hdr)
                0x0000000000037c50                . = ALIGN (0x4)
                [!provide]                        PROVIDE (__preinit_array_start, ABSOLUTE (.))
 *(.preinit_array)
                [!provide]                        PROVIDE (__preinit_array_end, ABSOLUTE (.))
                [!provide]                        PROVIDE (__init_array_start, ABSOLUTE (.))
 *(.init_array)
                [!provide]                        PROVIDE (__init_array_end, ABSOLUTE (.))
                [!provide]                        PROVIDE (__fini_array_start, ABSOLUTE (.))
 *(.fini_array)
                [!provide]                        PROVIDE (__fini_array_end, ABSOLUTE (.))
 *(.eh_frame)
 *(.gcc_except_table .gcc_except_table.*)
 *(.dynamic)
                0x0000000000037c50                PROVIDE (__CTOR_LIST__, ABSOLUTE (.))
 *(.ctors)
 *(SORT(.ctors.*))
                0x0000000000037c50                PROVIDE (__CTOR_END__, ABSOLUTE (.))
                0x0000000000037c50                PROVIDE (__DTOR_LIST__, ABSOLUTE (.))
 *(.dtors)
 *(SORT(.dtors.*))
                0x0000000000037c50                PROVIDE (__DTOR_END__, ABSOLUTE (.))
 *(.jcr)
                0x0000000000037c50                . = ALIGN (0x4)

.rodata         0x0000000000037c50      0x4e4
                0x0000000000037c50                PROVIDE (__ram_rodata_start, ABSOLUTE (.))
                0x0000000000037c50                . = ALIGN (0x4)
 *(.rodata .rodata.* .gnu.linkonce.r.*)
 .rodata        0x0000000000037c50       0x36 obj/default/algo_ucos.o
 *fill*         0x0000000000037c86        0x2 
 .rodata        0x0000000000037c88       0x86 obj/default/vector.o
 *fill*         0x0000000000037d0e        0x2 
 .rodata.str1.4
                0x0000000000037d10        0x2 c:/users/jasper/desktop/vhdl/quartuslitefiles/nios2eds/bin/gnu/h-x86_64-mingw32/bin/../lib/gcc/nios2-elf/5.3.0/../../../../../H-x86_64-mingw32/nios2-elf/lib\libc.a(lib_a-puts.o)
 *fill*         0x0000000000037d12        0x2 
 .rodata.str1.4
                0x0000000000037d14       0x42 c:/users/jasper/desktop/vhdl/quartuslitefiles/nios2eds/bin/gnu/h-x86_64-mingw32/bin/../lib/gcc/nios2-elf/5.3.0/../../../../../H-x86_64-mingw32/nios2-elf/lib\libc.a(lib_a-vfprintf.o)
 .rodata.zeroes.4404
                0x0000000000037d56       0x10 c:/users/jasper/desktop/vhdl/quartuslitefiles/nios2eds/bin/gnu/h-x86_64-mingw32/bin/../lib/gcc/nios2-elf/5.3.0/../../../../../H-x86_64-mingw32/nios2-elf/lib\libc.a(lib_a-vfprintf.o)
 .rodata.blanks.4403
                0x0000000000037d66       0x10 c:/users/jasper/desktop/vhdl/quartuslitefiles/nios2eds/bin/gnu/h-x86_64-mingw32/bin/../lib/gcc/nios2-elf/5.3.0/../../../../../H-x86_64-mingw32/nios2-elf/lib\libc.a(lib_a-vfprintf.o)
 *fill*         0x0000000000037d76        0x2 
 .rodata.str1.4
                0x0000000000037d78       0x10 c:/users/jasper/desktop/vhdl/quartuslitefiles/nios2eds/bin/gnu/h-x86_64-mingw32/bin/../lib/gcc/nios2-elf/5.3.0/../../../../../H-x86_64-mingw32/nios2-elf/lib\libc.a(lib_a-dtoa.o)
                                         0x12 (size before relaxing)
 .rodata.str1.4
                0x0000000000037d88        0x2 c:/users/jasper/desktop/vhdl/quartuslitefiles/nios2eds/bin/gnu/h-x86_64-mingw32/bin/../lib/gcc/nios2-elf/5.3.0/../../../../../H-x86_64-mingw32/nios2-elf/lib\libc.a(lib_a-impure.o)
 *fill*         0x0000000000037d8a        0x2 
 .rodata.str1.4
                0x0000000000037d8c        0xc c:/users/jasper/desktop/vhdl/quartuslitefiles/nios2eds/bin/gnu/h-x86_64-mingw32/bin/../lib/gcc/nios2-elf/5.3.0/../../../../../H-x86_64-mingw32/nios2-elf/lib\libc.a(lib_a-locale.o)
                                         0x12 (size before relaxing)
 .rodata.p05.2768
                0x0000000000037d98        0xc c:/users/jasper/desktop/vhdl/quartuslitefiles/nios2eds/bin/gnu/h-x86_64-mingw32/bin/../lib/gcc/nios2-elf/5.3.0/../../../../../H-x86_64-mingw32/nios2-elf/lib\libc.a(lib_a-mprec.o)
 .rodata.__mprec_tinytens
                0x0000000000037da4       0x28 c:/users/jasper/desktop/vhdl/quartuslitefiles/nios2eds/bin/gnu/h-x86_64-mingw32/bin/../lib/gcc/nios2-elf/5.3.0/../../../../../H-x86_64-mingw32/nios2-elf/lib\libc.a(lib_a-mprec.o)
                0x0000000000037da4                __mprec_tinytens
 .rodata.__mprec_bigtens
                0x0000000000037dcc       0x28 c:/users/jasper/desktop/vhdl/quartuslitefiles/nios2eds/bin/gnu/h-x86_64-mingw32/bin/../lib/gcc/nios2-elf/5.3.0/../../../../../H-x86_64-mingw32/nios2-elf/lib\libc.a(lib_a-mprec.o)
                0x0000000000037dcc                __mprec_bigtens
 .rodata.__mprec_tens
                0x0000000000037df4       0xc8 c:/users/jasper/desktop/vhdl/quartuslitefiles/nios2eds/bin/gnu/h-x86_64-mingw32/bin/../lib/gcc/nios2-elf/5.3.0/../../../../../H-x86_64-mingw32/nios2-elf/lib\libc.a(lib_a-mprec.o)
                0x0000000000037df4                __mprec_tens
 .rodata.str1.4
                0x0000000000037ebc       0x2f c:/users/jasper/desktop/vhdl/quartuslitefiles/nios2eds/bin/gnu/h-x86_64-mingw32/bin/../lib/gcc/nios2-elf/5.3.0/../../../../../H-x86_64-mingw32/nios2-elf/lib\libc.a(lib_a-vfiprintf.o)
 .rodata.zeroes.4349
                0x0000000000037ebc       0x10 c:/users/jasper/desktop/vhdl/quartuslitefiles/nios2eds/bin/gnu/h-x86_64-mingw32/bin/../lib/gcc/nios2-elf/5.3.0/../../../../../H-x86_64-mingw32/nios2-elf/lib\libc.a(lib_a-vfiprintf.o)
 .rodata.blanks.4348
                0x0000000000037ecc       0x10 c:/users/jasper/desktop/vhdl/quartuslitefiles/nios2eds/bin/gnu/h-x86_64-mingw32/bin/../lib/gcc/nios2-elf/5.3.0/../../../../../H-x86_64-mingw32/nios2-elf/lib\libc.a(lib_a-vfiprintf.o)
 .rodata        0x0000000000037edc      0x100 c:/users/jasper/desktop/vhdl/quartuslitefiles/nios2eds/bin/gnu/h-x86_64-mingw32/bin/../lib/gcc/nios2-elf/5.3.0\libgcc.a(_clz.o)
                0x0000000000037edc                __clz_tab
 .rodata        0x0000000000037fdc        0xa ../manynicegame_bsp/\libucosii_bsp.a(alt_dev.o)
 *fill*         0x0000000000037fe6        0x2 
 .rodata        0x0000000000037fe8       0x11 ../manynicegame_bsp/\libucosii_bsp.a(alt_main.o)
 *fill*         0x0000000000037ff9        0x3 
 .rodata        0x0000000000037ffc      0x11e ../manynicegame_bsp/\libucosii_bsp.a(os_core.o)
                0x0000000000037ffc                OSUnMapTbl
 *fill*         0x000000000003811a        0x2 
 .rodata        0x000000000003811c       0x11 ../manynicegame_bsp/\libucosii_bsp.a(alt_sys_init.o)
 *fill*         0x000000000003812d        0x3 
 .rodata        0x0000000000038130        0x2 ../manynicegame_bsp/\libucosii_bsp.a(os_cpu_c.o)
 *(.rodata1)
                0x0000000000038134                . = ALIGN (0x4)
 *fill*         0x0000000000038132        0x2 
                0x0000000000038134                PROVIDE (__ram_rodata_end, ABSOLUTE (.))
                0x0000000000037c50                PROVIDE (__flash_rodata_start, LOADADDR (.rodata))

.rwdata         0x0000000000038134     0x1b74 load address 0x0000000000039ca8
                0x0000000000038134                PROVIDE (__ram_rwdata_start, ABSOLUTE (.))
                0x0000000000038134                . = ALIGN (0x4)
 *(.got.plt)
 *(.got)
 *(.data1)
 *(.data .data.* .gnu.linkonce.d.*)
 .data          0x0000000000038134        0x0 ../manynicegame_bsp//obj/HAL/src/crt0.o
 .data          0x0000000000038134        0x0 obj/default/algo_ucos.o
 .data          0x0000000000038134        0x0 obj/default/vector.o
 .data          0x0000000000038134        0x0 c:/users/jasper/desktop/vhdl/quartuslitefiles/nios2eds/bin/gnu/h-x86_64-mingw32/bin/../lib/gcc/nios2-elf/5.3.0/../../../../../H-x86_64-mingw32/nios2-elf/lib\libc.a(lib_a-malloc.o)
 .data          0x0000000000038134        0x0 c:/users/jasper/desktop/vhdl/quartuslitefiles/nios2eds/bin/gnu/h-x86_64-mingw32/bin/../lib/gcc/nios2-elf/5.3.0/../../../../../H-x86_64-mingw32/nios2-elf/lib\libc.a(lib_a-mallocr.o)
 .data.__malloc_av_
                0x0000000000038134      0x408 c:/users/jasper/desktop/vhdl/quartuslitefiles/nios2eds/bin/gnu/h-x86_64-mingw32/bin/../lib/gcc/nios2-elf/5.3.0/../../../../../H-x86_64-mingw32/nios2-elf/lib\libc.a(lib_a-mallocr.o)
                0x0000000000038134                __malloc_av_
 .data          0x000000000003853c        0x0 c:/users/jasper/desktop/vhdl/quartuslitefiles/nios2eds/bin/gnu/h-x86_64-mingw32/bin/../lib/gcc/nios2-elf/5.3.0/../../../../../H-x86_64-mingw32/nios2-elf/lib\libc.a(lib_a-memset.o)
 .data          0x000000000003853c        0x0 c:/users/jasper/desktop/vhdl/quartuslitefiles/nios2eds/bin/gnu/h-x86_64-mingw32/bin/../lib/gcc/nios2-elf/5.3.0/../../../../../H-x86_64-mingw32/nios2-elf/lib\libc.a(lib_a-printf.o)
 .data          0x000000000003853c        0x0 c:/users/jasper/desktop/vhdl/quartuslitefiles/nios2eds/bin/gnu/h-x86_64-mingw32/bin/../lib/gcc/nios2-elf/5.3.0/../../../../../H-x86_64-mingw32/nios2-elf/lib\libc.a(lib_a-putchar.o)
 .data          0x000000000003853c        0x0 c:/users/jasper/desktop/vhdl/quartuslitefiles/nios2eds/bin/gnu/h-x86_64-mingw32/bin/../lib/gcc/nios2-elf/5.3.0/../../../../../H-x86_64-mingw32/nios2-elf/lib\libc.a(lib_a-puts.o)
 .data          0x000000000003853c        0x0 c:/users/jasper/desktop/vhdl/quartuslitefiles/nios2eds/bin/gnu/h-x86_64-mingw32/bin/../lib/gcc/nios2-elf/5.3.0/../../../../../H-x86_64-mingw32/nios2-elf/lib\libc.a(lib_a-realloc.o)
 .data          0x000000000003853c        0x0 c:/users/jasper/desktop/vhdl/quartuslitefiles/nios2eds/bin/gnu/h-x86_64-mingw32/bin/../lib/gcc/nios2-elf/5.3.0/../../../../../H-x86_64-mingw32/nios2-elf/lib\libc.a(lib_a-reallocr.o)
 .data          0x000000000003853c        0x0 c:/users/jasper/desktop/vhdl/quartuslitefiles/nios2eds/bin/gnu/h-x86_64-mingw32/bin/../lib/gcc/nios2-elf/5.3.0/../../../../../H-x86_64-mingw32/nios2-elf/lib\libc.a(lib_a-sbrkr.o)
 .data          0x000000000003853c        0x0 c:/users/jasper/desktop/vhdl/quartuslitefiles/nios2eds/bin/gnu/h-x86_64-mingw32/bin/../lib/gcc/nios2-elf/5.3.0/../../../../../H-x86_64-mingw32/nios2-elf/lib\libc.a(lib_a-strlen.o)
 .data          0x000000000003853c        0x0 c:/users/jasper/desktop/vhdl/quartuslitefiles/nios2eds/bin/gnu/h-x86_64-mingw32/bin/../lib/gcc/nios2-elf/5.3.0/../../../../../H-x86_64-mingw32/nios2-elf/lib\libc.a(lib_a-vfprintf.o)
 .data          0x000000000003853c        0x0 c:/users/jasper/desktop/vhdl/quartuslitefiles/nios2eds/bin/gnu/h-x86_64-mingw32/bin/../lib/gcc/nios2-elf/5.3.0/../../../../../H-x86_64-mingw32/nios2-elf/lib\libc.a(lib_a-wsetup.o)
 .data          0x000000000003853c        0x0 c:/users/jasper/desktop/vhdl/quartuslitefiles/nios2eds/bin/gnu/h-x86_64-mingw32/bin/../lib/gcc/nios2-elf/5.3.0/../../../../../H-x86_64-mingw32/nios2-elf/lib\libc.a(lib_a-dtoa.o)
 .data          0x000000000003853c        0x0 c:/users/jasper/desktop/vhdl/quartuslitefiles/nios2eds/bin/gnu/h-x86_64-mingw32/bin/../lib/gcc/nios2-elf/5.3.0/../../../../../H-x86_64-mingw32/nios2-elf/lib\libc.a(lib_a-fflush.o)
 .data          0x000000000003853c        0x0 c:/users/jasper/desktop/vhdl/quartuslitefiles/nios2eds/bin/gnu/h-x86_64-mingw32/bin/../lib/gcc/nios2-elf/5.3.0/../../../../../H-x86_64-mingw32/nios2-elf/lib\libc.a(lib_a-findfp.o)
 .data          0x000000000003853c        0x0 c:/users/jasper/desktop/vhdl/quartuslitefiles/nios2eds/bin/gnu/h-x86_64-mingw32/bin/../lib/gcc/nios2-elf/5.3.0/../../../../../H-x86_64-mingw32/nios2-elf/lib\libc.a(lib_a-freer.o)
 .data          0x000000000003853c        0x0 c:/users/jasper/desktop/vhdl/quartuslitefiles/nios2eds/bin/gnu/h-x86_64-mingw32/bin/../lib/gcc/nios2-elf/5.3.0/../../../../../H-x86_64-mingw32/nios2-elf/lib\libc.a(lib_a-fvwrite.o)
 .data          0x000000000003853c        0x0 c:/users/jasper/desktop/vhdl/quartuslitefiles/nios2eds/bin/gnu/h-x86_64-mingw32/bin/../lib/gcc/nios2-elf/5.3.0/../../../../../H-x86_64-mingw32/nios2-elf/lib\libc.a(lib_a-fwalk.o)
 .data          0x000000000003853c        0x0 c:/users/jasper/desktop/vhdl/quartuslitefiles/nios2eds/bin/gnu/h-x86_64-mingw32/bin/../lib/gcc/nios2-elf/5.3.0/../../../../../H-x86_64-mingw32/nios2-elf/lib\libc.a(lib_a-impure.o)
 .data.impure_data
                0x000000000003853c      0x424 c:/users/jasper/desktop/vhdl/quartuslitefiles/nios2eds/bin/gnu/h-x86_64-mingw32/bin/../lib/gcc/nios2-elf/5.3.0/../../../../../H-x86_64-mingw32/nios2-elf/lib\libc.a(lib_a-impure.o)
 .data          0x0000000000038960        0x0 c:/users/jasper/desktop/vhdl/quartuslitefiles/nios2eds/bin/gnu/h-x86_64-mingw32/bin/../lib/gcc/nios2-elf/5.3.0/../../../../../H-x86_64-mingw32/nios2-elf/lib\libc.a(lib_a-int_errno.o)
 .data          0x0000000000038960        0x0 c:/users/jasper/desktop/vhdl/quartuslitefiles/nios2eds/bin/gnu/h-x86_64-mingw32/bin/../lib/gcc/nios2-elf/5.3.0/../../../../../H-x86_64-mingw32/nios2-elf/lib\libc.a(lib_a-locale.o)
 .data.lc_message_charset
                0x0000000000038960       0x20 c:/users/jasper/desktop/vhdl/quartuslitefiles/nios2eds/bin/gnu/h-x86_64-mingw32/bin/../lib/gcc/nios2-elf/5.3.0/../../../../../H-x86_64-mingw32/nios2-elf/lib\libc.a(lib_a-locale.o)
 .data.lc_ctype_charset
                0x0000000000038980       0x20 c:/users/jasper/desktop/vhdl/quartuslitefiles/nios2eds/bin/gnu/h-x86_64-mingw32/bin/../lib/gcc/nios2-elf/5.3.0/../../../../../H-x86_64-mingw32/nios2-elf/lib\libc.a(lib_a-locale.o)
 .data.lconv    0x00000000000389a0       0x38 c:/users/jasper/desktop/vhdl/quartuslitefiles/nios2eds/bin/gnu/h-x86_64-mingw32/bin/../lib/gcc/nios2-elf/5.3.0/../../../../../H-x86_64-mingw32/nios2-elf/lib\libc.a(lib_a-locale.o)
 .data          0x00000000000389d8        0x0 c:/users/jasper/desktop/vhdl/quartuslitefiles/nios2eds/bin/gnu/h-x86_64-mingw32/bin/../lib/gcc/nios2-elf/5.3.0/../../../../../H-x86_64-mingw32/nios2-elf/lib\libc.a(lib_a-makebuf.o)
 .data          0x00000000000389d8        0x0 c:/users/jasper/desktop/vhdl/quartuslitefiles/nios2eds/bin/gnu/h-x86_64-mingw32/bin/../lib/gcc/nios2-elf/5.3.0/../../../../../H-x86_64-mingw32/nios2-elf/lib\libc.a(lib_a-memchr.o)
 .data          0x00000000000389d8        0x0 c:/users/jasper/desktop/vhdl/quartuslitefiles/nios2eds/bin/gnu/h-x86_64-mingw32/bin/../lib/gcc/nios2-elf/5.3.0/../../../../../H-x86_64-mingw32/nios2-elf/lib\libc.a(lib_a-memcpy.o)
 .data          0x00000000000389d8        0x0 c:/users/jasper/desktop/vhdl/quartuslitefiles/nios2eds/bin/gnu/h-x86_64-mingw32/bin/../lib/gcc/nios2-elf/5.3.0/../../../../../H-x86_64-mingw32/nios2-elf/lib\libc.a(lib_a-memmove.o)
 .data          0x00000000000389d8        0x0 c:/users/jasper/desktop/vhdl/quartuslitefiles/nios2eds/bin/gnu/h-x86_64-mingw32/bin/../lib/gcc/nios2-elf/5.3.0/../../../../../H-x86_64-mingw32/nios2-elf/lib\libc.a(lib_a-mprec.o)
 .data          0x00000000000389d8        0x0 c:/users/jasper/desktop/vhdl/quartuslitefiles/nios2eds/bin/gnu/h-x86_64-mingw32/bin/../lib/gcc/nios2-elf/5.3.0/../../../../../H-x86_64-mingw32/nios2-elf/lib\libc.a(lib_a-putc.o)
 .data          0x00000000000389d8        0x0 c:/users/jasper/desktop/vhdl/quartuslitefiles/nios2eds/bin/gnu/h-x86_64-mingw32/bin/../lib/gcc/nios2-elf/5.3.0/../../../../../H-x86_64-mingw32/nios2-elf/lib\libc.a(lib_a-s_fpclassify.o)
 .data          0x00000000000389d8        0x0 c:/users/jasper/desktop/vhdl/quartuslitefiles/nios2eds/bin/gnu/h-x86_64-mingw32/bin/../lib/gcc/nios2-elf/5.3.0/../../../../../H-x86_64-mingw32/nios2-elf/lib\libc.a(lib_a-stdio.o)
 .data          0x00000000000389d8        0x0 c:/users/jasper/desktop/vhdl/quartuslitefiles/nios2eds/bin/gnu/h-x86_64-mingw32/bin/../lib/gcc/nios2-elf/5.3.0/../../../../../H-x86_64-mingw32/nios2-elf/lib\libc.a(lib_a-strcmp.o)
 .data          0x00000000000389d8        0x0 c:/users/jasper/desktop/vhdl/quartuslitefiles/nios2eds/bin/gnu/h-x86_64-mingw32/bin/../lib/gcc/nios2-elf/5.3.0/../../../../../H-x86_64-mingw32/nios2-elf/lib\libc.a(lib_a-vfiprintf.o)
 .data          0x00000000000389d8        0x0 c:/users/jasper/desktop/vhdl/quartuslitefiles/nios2eds/bin/gnu/h-x86_64-mingw32/bin/../lib/gcc/nios2-elf/5.3.0/../../../../../H-x86_64-mingw32/nios2-elf/lib\libc.a(lib_a-wbuf.o)
 .data          0x00000000000389d8        0x0 c:/users/jasper/desktop/vhdl/quartuslitefiles/nios2eds/bin/gnu/h-x86_64-mingw32/bin/../lib/gcc/nios2-elf/5.3.0/../../../../../H-x86_64-mingw32/nios2-elf/lib\libc.a(lib_a-writer.o)
 .data          0x00000000000389d8        0x0 c:/users/jasper/desktop/vhdl/quartuslitefiles/nios2eds/bin/gnu/h-x86_64-mingw32/bin/../lib/gcc/nios2-elf/5.3.0/../../../../../H-x86_64-mingw32/nios2-elf/lib\libc.a(closer.o)
 .data          0x00000000000389d8        0x0 c:/users/jasper/desktop/vhdl/quartuslitefiles/nios2eds/bin/gnu/h-x86_64-mingw32/bin/../lib/gcc/nios2-elf/5.3.0/../../../../../H-x86_64-mingw32/nios2-elf/lib\libc.a(lib_a-callocr.o)
 .data          0x00000000000389d8        0x0 c:/users/jasper/desktop/vhdl/quartuslitefiles/nios2eds/bin/gnu/h-x86_64-mingw32/bin/../lib/gcc/nios2-elf/5.3.0/../../../../../H-x86_64-mingw32/nios2-elf/lib\libc.a(lib_a-fclose.o)
 .data          0x00000000000389d8        0x0 c:/users/jasper/desktop/vhdl/quartuslitefiles/nios2eds/bin/gnu/h-x86_64-mingw32/bin/../lib/gcc/nios2-elf/5.3.0/../../../../../H-x86_64-mingw32/nios2-elf/lib\libc.a(lib_a-fputwc.o)
 .data          0x00000000000389d8        0x0 c:/users/jasper/desktop/vhdl/quartuslitefiles/nios2eds/bin/gnu/h-x86_64-mingw32/bin/../lib/gcc/nios2-elf/5.3.0/../../../../../H-x86_64-mingw32/nios2-elf/lib\libc.a(lib_a-fstatr.o)
 .data          0x00000000000389d8        0x0 c:/users/jasper/desktop/vhdl/quartuslitefiles/nios2eds/bin/gnu/h-x86_64-mingw32/bin/../lib/gcc/nios2-elf/5.3.0/../../../../../H-x86_64-mingw32/nios2-elf/lib\libc.a(lib_a-isattyr.o)
 .data          0x00000000000389d8        0x0 c:/users/jasper/desktop/vhdl/quartuslitefiles/nios2eds/bin/gnu/h-x86_64-mingw32/bin/../lib/gcc/nios2-elf/5.3.0/../../../../../H-x86_64-mingw32/nios2-elf/lib\libc.a(lib_a-lseekr.o)
 .data          0x00000000000389d8        0x0 c:/users/jasper/desktop/vhdl/quartuslitefiles/nios2eds/bin/gnu/h-x86_64-mingw32/bin/../lib/gcc/nios2-elf/5.3.0/../../../../../H-x86_64-mingw32/nios2-elf/lib\libc.a(lib_a-readr.o)
 .data          0x00000000000389d8        0x0 c:/users/jasper/desktop/vhdl/quartuslitefiles/nios2eds/bin/gnu/h-x86_64-mingw32/bin/../lib/gcc/nios2-elf/5.3.0/../../../../../H-x86_64-mingw32/nios2-elf/lib\libc.a(lib_a-wcrtomb.o)
 .data          0x00000000000389d8        0x0 c:/users/jasper/desktop/vhdl/quartuslitefiles/nios2eds/bin/gnu/h-x86_64-mingw32/bin/../lib/gcc/nios2-elf/5.3.0/../../../../../H-x86_64-mingw32/nios2-elf/lib\libc.a(lib_a-wctomb_r.o)
 .data          0x00000000000389d8        0x0 c:/users/jasper/desktop/vhdl/quartuslitefiles/nios2eds/bin/gnu/h-x86_64-mingw32/bin/../lib/gcc/nios2-elf/5.3.0\libgcc.a(_udivdi3.o)
 .data          0x00000000000389d8        0x0 c:/users/jasper/desktop/vhdl/quartuslitefiles/nios2eds/bin/gnu/h-x86_64-mingw32/bin/../lib/gcc/nios2-elf/5.3.0\libgcc.a(_umoddi3.o)
 .data          0x00000000000389d8        0x0 c:/users/jasper/desktop/vhdl/quartuslitefiles/nios2eds/bin/gnu/h-x86_64-mingw32/bin/../lib/gcc/nios2-elf/5.3.0\libgcc.a(lib2-divmod.o)
 .data          0x00000000000389d8        0x0 c:/users/jasper/desktop/vhdl/quartuslitefiles/nios2eds/bin/gnu/h-x86_64-mingw32/bin/../lib/gcc/nios2-elf/5.3.0\libgcc.a(adddf3.o)
 .data          0x00000000000389d8        0x0 c:/users/jasper/desktop/vhdl/quartuslitefiles/nios2eds/bin/gnu/h-x86_64-mingw32/bin/../lib/gcc/nios2-elf/5.3.0\libgcc.a(divdf3.o)
 .data          0x00000000000389d8        0x0 c:/users/jasper/desktop/vhdl/quartuslitefiles/nios2eds/bin/gnu/h-x86_64-mingw32/bin/../lib/gcc/nios2-elf/5.3.0\libgcc.a(eqdf2.o)
 .data          0x00000000000389d8        0x0 c:/users/jasper/desktop/vhdl/quartuslitefiles/nios2eds/bin/gnu/h-x86_64-mingw32/bin/../lib/gcc/nios2-elf/5.3.0\libgcc.a(gedf2.o)
 .data          0x00000000000389d8        0x0 c:/users/jasper/desktop/vhdl/quartuslitefiles/nios2eds/bin/gnu/h-x86_64-mingw32/bin/../lib/gcc/nios2-elf/5.3.0\libgcc.a(ledf2.o)
 .data          0x00000000000389d8        0x0 c:/users/jasper/desktop/vhdl/quartuslitefiles/nios2eds/bin/gnu/h-x86_64-mingw32/bin/../lib/gcc/nios2-elf/5.3.0\libgcc.a(muldf3.o)
 .data          0x00000000000389d8        0x0 c:/users/jasper/desktop/vhdl/quartuslitefiles/nios2eds/bin/gnu/h-x86_64-mingw32/bin/../lib/gcc/nios2-elf/5.3.0\libgcc.a(subdf3.o)
 .data          0x00000000000389d8        0x0 c:/users/jasper/desktop/vhdl/quartuslitefiles/nios2eds/bin/gnu/h-x86_64-mingw32/bin/../lib/gcc/nios2-elf/5.3.0\libgcc.a(fixdfsi.o)
 .data          0x00000000000389d8        0x0 c:/users/jasper/desktop/vhdl/quartuslitefiles/nios2eds/bin/gnu/h-x86_64-mingw32/bin/../lib/gcc/nios2-elf/5.3.0\libgcc.a(floatsidf.o)
 .data          0x00000000000389d8        0x0 c:/users/jasper/desktop/vhdl/quartuslitefiles/nios2eds/bin/gnu/h-x86_64-mingw32/bin/../lib/gcc/nios2-elf/5.3.0\libgcc.a(floatunsidf.o)
 .data          0x00000000000389d8        0x0 c:/users/jasper/desktop/vhdl/quartuslitefiles/nios2eds/bin/gnu/h-x86_64-mingw32/bin/../lib/gcc/nios2-elf/5.3.0\libgcc.a(_clz.o)
 .data          0x00000000000389d8        0x0 c:/users/jasper/desktop/vhdl/quartuslitefiles/nios2eds/bin/gnu/h-x86_64-mingw32/bin/../lib/gcc/nios2-elf/5.3.0\libgcc.a(_clzsi2.o)
 .data          0x00000000000389d8        0x0 ../manynicegame_bsp/\libucosii_bsp.a(alt_close.o)
 .data          0x00000000000389d8      0x1a8 ../manynicegame_bsp/\libucosii_bsp.a(alt_dev.o)
                0x00000000000389d8                alt_dev_null
                0x0000000000038a00                alt_fd_list
 .data          0x0000000000038b80        0x0 ../manynicegame_bsp/\libucosii_bsp.a(alt_errno.o)
 .data          0x0000000000038b80        0x0 ../manynicegame_bsp/\libucosii_bsp.a(alt_fstat.o)
 .data          0x0000000000038b80        0x0 ../manynicegame_bsp/\libucosii_bsp.a(alt_isatty.o)
 .data          0x0000000000038b80        0x0 ../manynicegame_bsp/\libucosii_bsp.a(alt_load.o)
 .data          0x0000000000038b80        0x0 ../manynicegame_bsp/\libucosii_bsp.a(alt_lseek.o)
 .data          0x0000000000038b80        0x0 ../manynicegame_bsp/\libucosii_bsp.a(alt_main.o)
 .data          0x0000000000038b80        0x0 ../manynicegame_bsp/\libucosii_bsp.a(alt_read.o)
 .data          0x0000000000038b80        0x0 ../manynicegame_bsp/\libucosii_bsp.a(alt_release_fd.o)
 .data          0x0000000000038b80        0x0 ../manynicegame_bsp/\libucosii_bsp.a(alt_sbrk.o)
 .data          0x0000000000038b80        0x0 ../manynicegame_bsp/\libucosii_bsp.a(alt_write.o)
 .data          0x0000000000038b80        0x0 ../manynicegame_bsp/\libucosii_bsp.a(alt_env_lock.o)
 .data          0x0000000000038b80        0x0 ../manynicegame_bsp/\libucosii_bsp.a(alt_malloc_lock.o)
 .data          0x0000000000038b80        0x0 ../manynicegame_bsp/\libucosii_bsp.a(os_core.o)
 .data          0x0000000000038b80        0x0 ../manynicegame_bsp/\libucosii_bsp.a(os_dbg.o)
 .data          0x0000000000038b80        0x0 ../manynicegame_bsp/\libucosii_bsp.a(os_flag.o)
 .data          0x0000000000038b80        0x0 ../manynicegame_bsp/\libucosii_bsp.a(os_mem.o)
 .data          0x0000000000038b80        0x0 ../manynicegame_bsp/\libucosii_bsp.a(os_q.o)
 .data          0x0000000000038b80        0x0 ../manynicegame_bsp/\libucosii_bsp.a(os_sem.o)
 .data          0x0000000000038b80        0x0 ../manynicegame_bsp/\libucosii_bsp.a(os_task.o)
 .data          0x0000000000038b80        0x0 ../manynicegame_bsp/\libucosii_bsp.a(os_time.o)
 .data          0x0000000000038b80     0x106c ../manynicegame_bsp/\libucosii_bsp.a(alt_sys_init.o)
 .data          0x0000000000039bec        0x0 ../manynicegame_bsp/\libucosii_bsp.a(altera_avalon_jtag_uart_fd.o)
 .data          0x0000000000039bec        0x0 ../manynicegame_bsp/\libucosii_bsp.a(altera_avalon_jtag_uart_init.o)
 .data          0x0000000000039bec        0x0 ../manynicegame_bsp/\libucosii_bsp.a(altera_avalon_jtag_uart_ioctl.o)
 .data          0x0000000000039bec        0x0 ../manynicegame_bsp/\libucosii_bsp.a(altera_avalon_jtag_uart_read.o)
 .data          0x0000000000039bec        0x0 ../manynicegame_bsp/\libucosii_bsp.a(altera_avalon_jtag_uart_write.o)
 .data          0x0000000000039bec        0x0 ../manynicegame_bsp/\libucosii_bsp.a(alt_alarm_start.o)
 .data          0x0000000000039bec        0x0 ../manynicegame_bsp/\libucosii_bsp.a(alt_dcache_flush_all.o)
 .data          0x0000000000039bec        0x0 ../manynicegame_bsp/\libucosii_bsp.a(alt_dev_llist_insert.o)
 .data          0x0000000000039bec        0x0 ../manynicegame_bsp/\libucosii_bsp.a(alt_do_ctors.o)
 .data          0x0000000000039bec        0x0 ../manynicegame_bsp/\libucosii_bsp.a(alt_do_dtors.o)
 .data          0x0000000000039bec        0x0 ../manynicegame_bsp/\libucosii_bsp.a(alt_icache_flush_all.o)
 .data          0x0000000000039bec        0x0 ../manynicegame_bsp/\libucosii_bsp.a(alt_iic.o)
 .data          0x0000000000039bec        0x0 ../manynicegame_bsp/\libucosii_bsp.a(alt_iic_isr_register.o)
 .data          0x0000000000039bec        0x0 ../manynicegame_bsp/\libucosii_bsp.a(alt_io_redirect.o)
 .data          0x0000000000039bec        0x0 ../manynicegame_bsp/\libucosii_bsp.a(alt_irq_entry.o)
 .data          0x0000000000039bec        0x0 ../manynicegame_bsp/\libucosii_bsp.a(alt_irq_handler.o)
 .data          0x0000000000039bec        0x0 ../manynicegame_bsp/\libucosii_bsp.a(alt_irq_vars.o)
 .data          0x0000000000039bec        0x0 ../manynicegame_bsp/\libucosii_bsp.a(alt_open.o)
 .data          0x0000000000039bec        0x0 ../manynicegame_bsp/\libucosii_bsp.a(alt_tick.o)
 .data          0x0000000000039bec        0x0 ../manynicegame_bsp/\libucosii_bsp.a(altera_nios2_gen2_irq.o)
 .data          0x0000000000039bec        0x0 ../manynicegame_bsp/\libucosii_bsp.a(os_cpu_a.o)
 .data          0x0000000000039bec        0x0 ../manynicegame_bsp/\libucosii_bsp.a(os_cpu_c.o)